Java HotSpot(TM) Client VM (25.181-b13) for windows-x86 JRE (1.8.0_181-b13), built on Jul  7 2018 03:18:20 by "java_re" with MS VC++ 10.0 (VS2010)
Memory: 4k page, physical 33400252k(17143936k free), swap 40478140k(11694960k free)
CommandLine flags: -XX:CMSInitiatingOccupancyFraction=50 -XX:CMSMaxAbortablePrecleanTime=6000 -XX:+CMSParallelRemarkEnabled -XX:+CMSScavengeBeforeRemark -XX:ConcGCThreads=4 -XX:GCLogFileSize=20971520 -XX:InitialHeapSize=536870912 -XX:MaxHeapSize=536870912 -XX:MaxTenuringThreshold=8 -XX:NewRatio=3 -XX:NumberOfGCLogFiles=9 -XX:OldPLABSize=16 -XX:-OmitStackTraceInFastThrow -XX:ParallelGCThreads=4 -XX:+ParallelRefProcEnabled -XX:PretenureSizeThreshold=67108864 -XX:+PrintGC -XX:+PrintGCApplicationStoppedTime -XX:+PrintGCDateStamps -XX:+PrintGCDetails -XX:+PrintGCTimeStamps -XX:+PrintHeapAtGC -XX:+PrintTenuringDistribution -XX:SurvivorRatio=4 -XX:TargetSurvivorRatio=90 -XX:ThreadStackSize=256 -XX:+UseCMSInitiatingOccupancyOnly -XX:+UseConcMarkSweepGC -XX:+UseGCLogFileRotation -XX:-UseLargePagesIndividualAllocation -XX:+UseParNewGC 
2019-04-10T14:56:45.098-0600: 0.434: Total time for which application threads were stopped: 0.0001005 seconds, Stopping threads took: 0.0000201 seconds
2019-04-10T14:56:45.157-0600: 0.493: Total time for which application threads were stopped: 0.0000642 seconds, Stopping threads took: 0.0000176 seconds
2019-04-10T14:56:45.711-0600: 1.047: Total time for which application threads were stopped: 0.0001671 seconds, Stopping threads took: 0.0000205 seconds
2019-04-10T14:56:45.717-0600: 1.054: Total time for which application threads were stopped: 0.0000712 seconds, Stopping threads took: 0.0000152 seconds
2019-04-10T14:56:45.786-0600: 1.123: Total time for which application threads were stopped: 0.0000924 seconds, Stopping threads took: 0.0000173 seconds
{Heap before GC invocations=0 (full 0):
 par new generation   total 109248K, used 87424K [0x07600000, 0x0f600000, 0x0f600000)
  eden space 87424K, 100% used [0x07600000, 0x0cb60000, 0x0cb60000)
  from space 21824K,   0% used [0x0cb60000, 0x0cb60000, 0x0e0b0000)
  to   space 21824K,   0% used [0x0e0b0000, 0x0e0b0000, 0x0f600000)
 concurrent mark-sweep generation total 393216K, used 0K [0x0f600000, 0x27600000, 0x27600000)
 Metaspace       used 10901K, capacity 11204K, committed 11264K, reserved 11648K
2019-04-10T14:56:46.282-0600: 1.618: [GC (Allocation Failure) 2019-04-10T14:56:46.282-0600: 1.618: [ParNew
Desired survivor size 20112996 bytes, new threshold 8 (max 8)
- age   1:   11223200 bytes,   11223200 total
: 87424K->11017K(109248K), 0.0087738 secs] 87424K->11017K(502464K), 0.0089258 secs] [Times: user=0.03 sys=0.03, real=0.01 secs] 
Heap after GC invocations=1 (full 0):
 par new generation   total 109248K, used 11017K [0x07600000, 0x0f600000, 0x0f600000)
  eden space 87424K,   0% used [0x07600000, 0x07600000, 0x0cb60000)
  from space 21824K,  50% used [0x0e0b0000, 0x0eb724b8, 0x0f600000)
  to   space 21824K,   0% used [0x0cb60000, 0x0cb60000, 0x0e0b0000)
 concurrent mark-sweep generation total 393216K, used 0K [0x0f600000, 0x27600000, 0x27600000)
 Metaspace       used 10901K, capacity 11204K, committed 11264K, reserved 11648K
}
2019-04-10T14:56:46.291-0600: 1.627: Total time for which application threads were stopped: 0.0091359 seconds, Stopping threads took: 0.0000176 seconds
2019-04-10T14:56:46.296-0600: 1.633: Total time for which application threads were stopped: 0.0001178 seconds, Stopping threads took: 0.0000201 seconds
2019-04-10T14:56:46.430-0600: 1.766: Total time for which application threads were stopped: 0.0000638 seconds, Stopping threads took: 0.0000173 seconds
2019-04-10T14:56:46.459-0600: 1.795: Total time for which application threads were stopped: 0.0000723 seconds, Stopping threads took: 0.0000183 seconds
2019-04-10T14:56:46.461-0600: 1.797: Total time for which application threads were stopped: 0.0000966 seconds, Stopping threads took: 0.0000130 seconds
2019-04-10T14:56:46.468-0600: 1.804: Total time for which application threads were stopped: 0.0000740 seconds, Stopping threads took: 0.0000222 seconds
2019-04-10T14:56:46.497-0600: 1.834: Total time for which application threads were stopped: 0.0000762 seconds, Stopping threads took: 0.0000176 seconds
2019-04-10T14:56:46.536-0600: 1.873: Total time for which application threads were stopped: 0.0001128 seconds, Stopping threads took: 0.0000356 seconds
2019-04-10T14:56:46.570-0600: 1.907: Total time for which application threads were stopped: 0.0000663 seconds, Stopping threads took: 0.0000173 seconds
2019-04-10T14:56:47.571-0600: 2.907: Total time for which application threads were stopped: 0.0001520 seconds, Stopping threads took: 0.0000638 seconds
2019-04-10T14:56:48.291-0600: 3.627: [GC (CMS Initial Mark) [1 CMS-initial-mark: 0K(393216K)] 57327K(502464K), 0.0076282 secs] [Times: user=0.00 sys=0.00, real=0.01 secs] 
2019-04-10T14:56:48.298-0600: 3.635: Total time for which application threads were stopped: 0.0078782 seconds, Stopping threads took: 0.0000797 seconds
2019-04-10T14:56:48.298-0600: 3.635: [CMS-concurrent-mark-start]
2019-04-10T14:56:48.299-0600: 3.635: [CMS-concurrent-mark: 0.000/0.000 secs] [Times: user=0.00 sys=0.00, real=0.00 secs] 
2019-04-10T14:56:48.299-0600: 3.635: [CMS-concurrent-preclean-start]
2019-04-10T14:56:48.299-0600: 3.636: [CMS-concurrent-preclean: 0.001/0.001 secs] [Times: user=0.00 sys=0.00, real=0.00 secs] 
2019-04-10T14:56:48.299-0600: 3.636: [CMS-concurrent-abortable-preclean-start]
2019-04-10T14:56:48.611-0600: 3.948: Total time for which application threads were stopped: 0.0001626 seconds, Stopping threads took: 0.0000367 seconds
2019-04-10T14:56:48.617-0600: 3.954: Total time for which application threads were stopped: 0.0001174 seconds, Stopping threads took: 0.0000180 seconds
2019-04-10T14:56:48.652-0600: 3.989: Total time for which application threads were stopped: 0.0000585 seconds, Stopping threads took: 0.0000173 seconds
2019-04-10T14:56:48.683-0600: 4.020: Total time for which application threads were stopped: 0.0001449 seconds, Stopping threads took: 0.0000931 seconds
2019-04-10T14:56:48.721-0600: 4.058: Total time for which application threads were stopped: 0.0000765 seconds, Stopping threads took: 0.0000353 seconds
2019-04-10T14:56:48.747-0600: 4.084: Total time for which application threads were stopped: 0.0000691 seconds, Stopping threads took: 0.0000152 seconds
2019-04-10T14:56:48.750-0600: 4.086: Total time for which application threads were stopped: 0.0002024 seconds, Stopping threads took: 0.0000740 seconds
2019-04-10T14:56:48.758-0600: 4.095: Total time for which application threads were stopped: 0.0000726 seconds, Stopping threads took: 0.0000187 seconds
2019-04-10T14:56:48.775-0600: 4.112: Total time for which application threads were stopped: 0.0000578 seconds, Stopping threads took: 0.0000187 seconds
2019-04-10T14:56:48.879-0600: 4.215: Total time for which application threads were stopped: 0.0001474 seconds, Stopping threads took: 0.0000254 seconds
2019-04-10T14:56:48.914-0600: 4.250: Total time for which application threads were stopped: 0.0000818 seconds, Stopping threads took: 0.0000201 seconds
2019-04-10T14:56:48.954-0600: 4.291: Total time for which application threads were stopped: 0.0000815 seconds, Stopping threads took: 0.0000194 seconds
2019-04-10T14:56:48.998-0600: 4.334: Total time for which application threads were stopped: 0.0000748 seconds, Stopping threads took: 0.0000205 seconds
2019-04-10T14:56:49.006-0600: 4.343: Total time for which application threads were stopped: 0.0000878 seconds, Stopping threads took: 0.0000222 seconds
{Heap before GC invocations=1 (full 1):
 par new generation   total 109248K, used 98441K [0x07600000, 0x0f600000, 0x0f600000)
  eden space 87424K, 100% used [0x07600000, 0x0cb60000, 0x0cb60000)
  from space 21824K,  50% used [0x0e0b0000, 0x0eb724b8, 0x0f600000)
  to   space 21824K,   0% used [0x0cb60000, 0x0cb60000, 0x0e0b0000)
 concurrent mark-sweep generation total 393216K, used 0K [0x0f600000, 0x27600000, 0x27600000)
 Metaspace       used 15543K, capacity 15913K, committed 16000K, reserved 16768K
2019-04-10T14:56:49.020-0600: 4.356: [GC (Allocation Failure) 2019-04-10T14:56:49.020-0600: 4.356: [ParNew
Desired survivor size 20112996 bytes, new threshold 8 (max 8)
- age   1:    6490528 bytes,    6490528 total
- age   2:    4965656 bytes,   11456184 total
: 98441K->13929K(109248K), 0.0096152 secs] 98441K->13929K(502464K), 0.0097104 secs] [Times: user=0.06 sys=0.00, real=0.01 secs] 
Heap after GC invocations=2 (full 1):
 par new generation   total 109248K, used 13929K [0x07600000, 0x0f600000, 0x0f600000)
  eden space 87424K,   0% used [0x07600000, 0x07600000, 0x0cb60000)
  from space 21824K,  63% used [0x0cb60000, 0x0d8fa4a8, 0x0e0b0000)
  to   space 21824K,   0% used [0x0e0b0000, 0x0e0b0000, 0x0f600000)
 concurrent mark-sweep generation total 393216K, used 0K [0x0f600000, 0x27600000, 0x27600000)
 Metaspace       used 15543K, capacity 15913K, committed 16000K, reserved 16768K
}
2019-04-10T14:56:49.029-0600: 4.366: Total time for which application threads were stopped: 0.0099106 seconds, Stopping threads took: 0.0000349 seconds
2019-04-10T14:56:49.030-0600: 4.366: Total time for which application threads were stopped: 0.0001047 seconds, Stopping threads took: 0.0000377 seconds
2019-04-10T14:56:49.030-0600: 4.366: Total time for which application threads were stopped: 0.0000874 seconds, Stopping threads took: 0.0000395 seconds
2019-04-10T14:56:49.030-0600: 4.367: Total time for which application threads were stopped: 0.0000892 seconds, Stopping threads took: 0.0000511 seconds
2019-04-10T14:56:49.031-0600: 4.367: Total time for which application threads were stopped: 0.0001121 seconds, Stopping threads took: 0.0000832 seconds
2019-04-10T14:56:49.031-0600: 4.368: Total time for which application threads were stopped: 0.0003547 seconds, Stopping threads took: 0.0003290 seconds
2019-04-10T14:56:49.031-0600: 4.368: Total time for which application threads were stopped: 0.0001160 seconds, Stopping threads took: 0.0000860 seconds
2019-04-10T14:56:49.031-0600: 4.368: Total time for which application threads were stopped: 0.0001340 seconds, Stopping threads took: 0.0000959 seconds
2019-04-10T14:56:49.032-0600: 4.368: Total time for which application threads were stopped: 0.0001185 seconds, Stopping threads took: 0.0000818 seconds
2019-04-10T14:56:49.059-0600: 4.396: Total time for which application threads were stopped: 0.0000804 seconds, Stopping threads took: 0.0000250 seconds
2019-04-10T14:56:49.074-0600: 4.411: Total time for which application threads were stopped: 0.0000797 seconds, Stopping threads took: 0.0000219 seconds
2019-04-10T14:56:49.099-0600: 4.436: Total time for which application threads were stopped: 0.0000652 seconds, Stopping threads took: 0.0000190 seconds
2019-04-10T14:56:49.100-0600: 4.436: Total time for which application threads were stopped: 0.0000437 seconds, Stopping threads took: 0.0000127 seconds
2019-04-10T14:56:49.100-0600: 4.437: Total time for which application threads were stopped: 0.0000353 seconds, Stopping threads took: 0.0000095 seconds
2019-04-10T14:56:49.100-0600: 4.437: Total time for which application threads were stopped: 0.0000342 seconds, Stopping threads took: 0.0000095 seconds
2019-04-10T14:56:49.100-0600: 4.437: Total time for which application threads were stopped: 0.0000395 seconds, Stopping threads took: 0.0000095 seconds
2019-04-10T14:56:49.100-0600: 4.437: Total time for which application threads were stopped: 0.0000335 seconds, Stopping threads took: 0.0000092 seconds
2019-04-10T14:56:49.100-0600: 4.437: Total time for which application threads were stopped: 0.0000335 seconds, Stopping threads took: 0.0000092 seconds
2019-04-10T14:56:49.100-0600: 4.437: Total time for which application threads were stopped: 0.0000335 seconds, Stopping threads took: 0.0000092 seconds
2019-04-10T14:56:49.100-0600: 4.437: Total time for which application threads were stopped: 0.0000335 seconds, Stopping threads took: 0.0000092 seconds
2019-04-10T14:56:49.100-0600: 4.437: Total time for which application threads were stopped: 0.0000328 seconds, Stopping threads took: 0.0000088 seconds
2019-04-10T14:56:49.100-0600: 4.437: Total time for which application threads were stopped: 0.0000335 seconds, Stopping threads took: 0.0000092 seconds
2019-04-10T14:56:49.100-0600: 4.437: Total time for which application threads were stopped: 0.0000353 seconds, Stopping threads took: 0.0000113 seconds
2019-04-10T14:56:49.101-0600: 4.437: Total time for which application threads were stopped: 0.0000610 seconds, Stopping threads took: 0.0000261 seconds
2019-04-10T14:56:49.101-0600: 4.437: Total time for which application threads were stopped: 0.0000342 seconds, Stopping threads took: 0.0000095 seconds
2019-04-10T14:56:49.101-0600: 4.437: Total time for which application threads were stopped: 0.0000342 seconds, Stopping threads took: 0.0000099 seconds
2019-04-10T14:56:49.119-0600: 4.456: Total time for which application threads were stopped: 0.0000617 seconds, Stopping threads took: 0.0000254 seconds
2019-04-10T14:56:49.127-0600: 4.464: Total time for which application threads were stopped: 0.0004852 seconds, Stopping threads took: 0.0004450 seconds
2019-04-10T14:56:49.127-0600: 4.464: Total time for which application threads were stopped: 0.0000716 seconds, Stopping threads took: 0.0000296 seconds
2019-04-10T14:56:49.147-0600: 4.483: Total time for which application threads were stopped: 0.0000614 seconds, Stopping threads took: 0.0000194 seconds
2019-04-10T14:56:49.177-0600: 4.514: Total time for which application threads were stopped: 0.0000959 seconds, Stopping threads took: 0.0000268 seconds
2019-04-10T14:56:49.183-0600: 4.519: Total time for which application threads were stopped: 0.0000723 seconds, Stopping threads took: 0.0000226 seconds
2019-04-10T14:56:49.188-0600: 4.524: Total time for which application threads were stopped: 0.0000494 seconds, Stopping threads took: 0.0000159 seconds
2019-04-10T14:56:49.617-0600: 4.954: Total time for which application threads were stopped: 0.0001368 seconds, Stopping threads took: 0.0000465 seconds
2019-04-10T14:56:49.619-0600: 4.956: Total time for which application threads were stopped: 0.0000550 seconds, Stopping threads took: 0.0000145 seconds
2019-04-10T14:56:49.634-0600: 4.970: Total time for which application threads were stopped: 0.0000652 seconds, Stopping threads took: 0.0000173 seconds
2019-04-10T14:56:49.636-0600: 4.973: Total time for which application threads were stopped: 0.0000585 seconds, Stopping threads took: 0.0000205 seconds
2019-04-10T14:56:49.636-0600: 4.973: Total time for which application threads were stopped: 0.0000363 seconds, Stopping threads took: 0.0000106 seconds
2019-04-10T14:56:49.637-0600: 4.974: Total time for which application threads were stopped: 0.0000705 seconds, Stopping threads took: 0.0000134 seconds
2019-04-10T14:56:49.637-0600: 4.974: Total time for which application threads were stopped: 0.0000592 seconds, Stopping threads took: 0.0000120 seconds
2019-04-10T14:56:49.638-0600: 4.974: Total time for which application threads were stopped: 0.0000473 seconds, Stopping threads took: 0.0000116 seconds
2019-04-10T14:56:49.638-0600: 4.975: Total time for which application threads were stopped: 0.0002941 seconds, Stopping threads took: 0.0002567 seconds
2019-04-10T14:56:49.641-0600: 4.978: Total time for which application threads were stopped: 0.0001425 seconds, Stopping threads took: 0.0000307 seconds
2019-04-10T14:56:49.642-0600: 4.978: Total time for which application threads were stopped: 0.0000614 seconds, Stopping threads took: 0.0000116 seconds
2019-04-10T14:56:49.648-0600: 4.985: Total time for which application threads were stopped: 0.0000843 seconds, Stopping threads took: 0.0000286 seconds
2019-04-10T14:56:49.648-0600: 4.985: Total time for which application threads were stopped: 0.0000381 seconds, Stopping threads took: 0.0000116 seconds
2019-04-10T14:56:49.650-0600: 4.986: Total time for which application threads were stopped: 0.0000532 seconds, Stopping threads took: 0.0000120 seconds
2019-04-10T14:56:49.652-0600: 4.988: Total time for which application threads were stopped: 0.0000480 seconds, Stopping threads took: 0.0000166 seconds
2019-04-10T14:56:49.652-0600: 4.988: Total time for which application threads were stopped: 0.0000434 seconds, Stopping threads took: 0.0000197 seconds
2019-04-10T14:56:49.654-0600: 4.990: Total time for which application threads were stopped: 0.0000628 seconds, Stopping threads took: 0.0000279 seconds
2019-04-10T14:56:49.660-0600: 4.996: Total time for which application threads were stopped: 0.0000691 seconds, Stopping threads took: 0.0000190 seconds
2019-04-10T14:56:49.665-0600: 5.001: Total time for which application threads were stopped: 0.0000659 seconds, Stopping threads took: 0.0000349 seconds
2019-04-10T14:56:49.665-0600: 5.001: [CMS-concurrent-abortable-preclean: 0.514/1.366 secs] [Times: user=1.44 sys=0.11, real=1.37 secs] 
2019-04-10T14:56:49.665-0600: 5.001: [GC (CMS Final Remark) [YG occupancy: 58563 K (109248 K)]{Heap before GC invocations=2 (full 1):
 par new generation   total 109248K, used 58563K [0x07600000, 0x0f600000, 0x0f600000)
  eden space 87424K,  51% used [0x07600000, 0x0a1968c0, 0x0cb60000)
  from space 21824K,  63% used [0x0cb60000, 0x0d8fa4a8, 0x0e0b0000)
  to   space 21824K,   0% used [0x0e0b0000, 0x0e0b0000, 0x0f600000)
 concurrent mark-sweep generation total 393216K, used 0K [0x0f600000, 0x27600000, 0x27600000)
 Metaspace       used 16736K, capacity 17127K, committed 17280K, reserved 17792K
2019-04-10T14:56:49.665-0600: 5.002: [GC (CMS Final Remark) 2019-04-10T14:56:49.665-0600: 5.002: [ParNew
Desired survivor size 20112996 bytes, new threshold 8 (max 8)
- age   1:    3277016 bytes,    3277016 total
- age   2:    2878008 bytes,    6155024 total
- age   3:    4962592 bytes,   11117616 total
: 58563K->16401K(109248K), 0.0067851 secs] 58563K->16401K(502464K), 0.0068341 secs] [Times: user=0.00 sys=0.00, real=0.01 secs] 
Heap after GC invocations=3 (full 1):
 par new generation   total 109248K, used 16401K [0x07600000, 0x0f600000, 0x0f600000)
  eden space 87424K,   0% used [0x07600000, 0x07600000, 0x0cb60000)
  from space 21824K,  75% used [0x0e0b0000, 0x0f0b4550, 0x0f600000)
  to   space 21824K,   0% used [0x0cb60000, 0x0cb60000, 0x0e0b0000)
 concurrent mark-sweep generation total 393216K, used 0K [0x0f600000, 0x27600000, 0x27600000)
 Metaspace       used 16736K, capacity 17127K, committed 17280K, reserved 17792K
}
2019-04-10T14:56:49.672-0600: 5.008: [Rescan (parallel) , 0.0025621 secs]2019-04-10T14:56:49.674-0600: 5.011: [weak refs processing, 0.0006605 secs]2019-04-10T14:56:49.675-0600: 5.012: [class unloading, 0.0018273 secs]2019-04-10T14:56:49.677-0600: 5.014: [scrub symbol table, 0.0021400 secs]2019-04-10T14:56:49.679-0600: 5.016: [scrub string table, 0.0001703 secs][1 CMS-remark: 0K(393216K)] 16401K(502464K), 0.0148797 secs] [Times: user=0.00 sys=0.00, real=0.02 secs] 
2019-04-10T14:56:49.680-0600: 5.016: Total time for which application threads were stopped: 0.0149802 seconds, Stopping threads took: 0.0000134 seconds
2019-04-10T14:56:49.680-0600: 5.017: Total time for which application threads were stopped: 0.0000656 seconds, Stopping threads took: 0.0000145 seconds
2019-04-10T14:56:49.680-0600: 5.017: [CMS-concurrent-sweep-start]
2019-04-10T14:56:49.680-0600: 5.017: [CMS-concurrent-sweep: 0.000/0.000 secs] [Times: user=0.00 sys=0.00, real=0.00 secs] 
2019-04-10T14:56:49.680-0600: 5.017: [CMS-concurrent-reset-start]
2019-04-10T14:56:49.681-0600: 5.017: Total time for which application threads were stopped: 0.0000836 seconds, Stopping threads took: 0.0000406 seconds
2019-04-10T14:56:49.681-0600: 5.018: Total time for which application threads were stopped: 0.0000977 seconds, Stopping threads took: 0.0000497 seconds
2019-04-10T14:56:49.682-0600: 5.019: Total time for which application threads were stopped: 0.0001181 seconds, Stopping threads took: 0.0000790 seconds
2019-04-10T14:56:49.683-0600: 5.019: Total time for which application threads were stopped: 0.0001975 seconds, Stopping threads took: 0.0001400 seconds
2019-04-10T14:56:49.683-0600: 5.020: Total time for which application threads were stopped: 0.0000748 seconds, Stopping threads took: 0.0000250 seconds
2019-04-10T14:56:49.686-0600: 5.023: [CMS-concurrent-reset: 0.005/0.006 secs] [Times: user=0.00 sys=0.00, real=0.01 secs] 
2019-04-10T14:56:49.690-0600: 5.027: Total time for which application threads were stopped: 0.0000603 seconds, Stopping threads took: 0.0000180 seconds
2019-04-10T14:56:49.691-0600: 5.028: Total time for which application threads were stopped: 0.0000413 seconds, Stopping threads took: 0.0000152 seconds
2019-04-10T14:56:49.692-0600: 5.028: Total time for which application threads were stopped: 0.0000578 seconds, Stopping threads took: 0.0000194 seconds
2019-04-10T14:56:49.692-0600: 5.029: Total time for which application threads were stopped: 0.0000462 seconds, Stopping threads took: 0.0000148 seconds
2019-04-10T14:56:49.693-0600: 5.030: Total time for which application threads were stopped: 0.0000614 seconds, Stopping threads took: 0.0000176 seconds
2019-04-10T14:56:49.694-0600: 5.031: Total time for which application threads were stopped: 0.0000430 seconds, Stopping threads took: 0.0000159 seconds
2019-04-10T14:56:49.695-0600: 5.032: Total time for which application threads were stopped: 0.0000554 seconds, Stopping threads took: 0.0000219 seconds
2019-04-10T14:56:49.702-0600: 5.038: Total time for which application threads were stopped: 0.0000959 seconds, Stopping threads took: 0.0000391 seconds
2019-04-10T14:56:49.704-0600: 5.041: Total time for which application threads were stopped: 0.0000585 seconds, Stopping threads took: 0.0000300 seconds
2019-04-10T14:56:49.704-0600: 5.041: Total time for which application threads were stopped: 0.0000518 seconds, Stopping threads took: 0.0000261 seconds
2019-04-10T14:56:49.708-0600: 5.044: Total time for which application threads were stopped: 0.0002204 seconds, Stopping threads took: 0.0000776 seconds
2019-04-10T14:56:49.738-0600: 5.075: Total time for which application threads were stopped: 0.0000673 seconds, Stopping threads took: 0.0000212 seconds
2019-04-10T14:56:49.739-0600: 5.075: Total time for which application threads were stopped: 0.0000712 seconds, Stopping threads took: 0.0000141 seconds
2019-04-10T14:56:49.741-0600: 5.077: Total time for which application threads were stopped: 0.0000688 seconds, Stopping threads took: 0.0000261 seconds
2019-04-10T14:56:49.747-0600: 5.083: Total time for which application threads were stopped: 0.0000525 seconds, Stopping threads took: 0.0000194 seconds
2019-04-10T14:56:49.751-0600: 5.088: Total time for which application threads were stopped: 0.0000561 seconds, Stopping threads took: 0.0000162 seconds
2019-04-10T14:56:49.773-0600: 5.109: Total time for which application threads were stopped: 0.0001446 seconds, Stopping threads took: 0.0000243 seconds
2019-04-10T14:56:49.773-0600: 5.110: Total time for which application threads were stopped: 0.0002197 seconds, Stopping threads took: 0.0001777 seconds
2019-04-10T14:56:49.774-0600: 5.110: Total time for which application threads were stopped: 0.0000624 seconds, Stopping threads took: 0.0000233 seconds
2019-04-10T14:56:49.774-0600: 5.111: Total time for which application threads were stopped: 0.0000497 seconds, Stopping threads took: 0.0000173 seconds
2019-04-10T14:56:49.775-0600: 5.111: Total time for which application threads were stopped: 0.0000360 seconds, Stopping threads took: 0.0000123 seconds
2019-04-10T14:56:49.816-0600: 5.152: Total time for which application threads were stopped: 0.0001375 seconds, Stopping threads took: 0.0000233 seconds
2019-04-10T14:56:49.871-0600: 5.208: Total time for which application threads were stopped: 0.0001421 seconds, Stopping threads took: 0.0000205 seconds
2019-04-10T14:56:49.883-0600: 5.219: Total time for which application threads were stopped: 0.0000631 seconds, Stopping threads took: 0.0000236 seconds
2019-04-10T14:56:49.883-0600: 5.220: Total time for which application threads were stopped: 0.0000508 seconds, Stopping threads took: 0.0000145 seconds
2019-04-10T14:56:49.888-0600: 5.225: Total time for which application threads were stopped: 0.0000578 seconds, Stopping threads took: 0.0000201 seconds
2019-04-10T14:56:49.889-0600: 5.226: Total time for which application threads were stopped: 0.0000691 seconds, Stopping threads took: 0.0000353 seconds
2019-04-10T14:56:49.889-0600: 5.226: Total time for which application threads were stopped: 0.0000585 seconds, Stopping threads took: 0.0000307 seconds
2019-04-10T14:56:49.889-0600: 5.226: Total time for which application threads were stopped: 0.0000441 seconds, Stopping threads took: 0.0000205 seconds
2019-04-10T14:56:49.951-0600: 5.288: Total time for which application threads were stopped: 0.0000751 seconds, Stopping threads took: 0.0000208 seconds
2019-04-10T14:56:49.952-0600: 5.288: Total time for which application threads were stopped: 0.0000532 seconds, Stopping threads took: 0.0000176 seconds
2019-04-10T14:56:49.952-0600: 5.288: Total time for which application threads were stopped: 0.0000370 seconds, Stopping threads took: 0.0000120 seconds
2019-04-10T14:56:49.952-0600: 5.289: Total time for which application threads were stopped: 0.0000444 seconds, Stopping threads took: 0.0000138 seconds
2019-04-10T14:56:49.952-0600: 5.289: Total time for which application threads were stopped: 0.0000807 seconds, Stopping threads took: 0.0000113 seconds
2019-04-10T14:56:50.014-0600: 5.351: Total time for which application threads were stopped: 0.0000896 seconds, Stopping threads took: 0.0000201 seconds
2019-04-10T14:56:50.015-0600: 5.351: Total time for which application threads were stopped: 0.0000815 seconds, Stopping threads took: 0.0000483 seconds
2019-04-10T14:56:50.015-0600: 5.352: Total time for which application threads were stopped: 0.0000800 seconds, Stopping threads took: 0.0000395 seconds
2019-04-10T14:56:50.016-0600: 5.352: Total time for which application threads were stopped: 0.0000917 seconds, Stopping threads took: 0.0000349 seconds
2019-04-10T14:56:50.021-0600: 5.358: Total time for which application threads were stopped: 0.0001351 seconds, Stopping threads took: 0.0000691 seconds
2019-04-10T14:56:50.022-0600: 5.359: Total time for which application threads were stopped: 0.0000740 seconds, Stopping threads took: 0.0000208 seconds
2019-04-10T14:56:50.023-0600: 5.359: Total time for which application threads were stopped: 0.0001319 seconds, Stopping threads took: 0.0000913 seconds
2019-04-10T14:56:50.024-0600: 5.360: Total time for which application threads were stopped: 0.0000666 seconds, Stopping threads took: 0.0000349 seconds
2019-04-10T14:56:50.024-0600: 5.361: Total time for which application threads were stopped: 0.0001495 seconds, Stopping threads took: 0.0000910 seconds
2019-04-10T14:56:50.026-0600: 5.362: Total time for which application threads were stopped: 0.0001065 seconds, Stopping threads took: 0.0000328 seconds
2019-04-10T14:56:50.029-0600: 5.365: Total time for which application threads were stopped: 0.0001164 seconds, Stopping threads took: 0.0000451 seconds
2019-04-10T14:56:50.063-0600: 5.400: Total time for which application threads were stopped: 0.0002077 seconds, Stopping threads took: 0.0000977 seconds
2019-04-10T14:56:50.064-0600: 5.400: Total time for which application threads were stopped: 0.0001492 seconds, Stopping threads took: 0.0000335 seconds
2019-04-10T14:56:50.065-0600: 5.401: Total time for which application threads were stopped: 0.0001421 seconds, Stopping threads took: 0.0000730 seconds
2019-04-10T14:56:50.065-0600: 5.402: Total time for which application threads were stopped: 0.0000776 seconds, Stopping threads took: 0.0000339 seconds
2019-04-10T14:56:50.068-0600: 5.404: Total time for which application threads were stopped: 0.0000695 seconds, Stopping threads took: 0.0000197 seconds
2019-04-10T14:56:50.080-0600: 5.416: Total time for which application threads were stopped: 0.0001312 seconds, Stopping threads took: 0.0000272 seconds
2019-04-10T14:56:50.080-0600: 5.416: Total time for which application threads were stopped: 0.0000571 seconds, Stopping threads took: 0.0000173 seconds
2019-04-10T14:56:50.080-0600: 5.417: Total time for which application threads were stopped: 0.0000786 seconds, Stopping threads took: 0.0000162 seconds
2019-04-10T14:56:50.081-0600: 5.417: Total time for which application threads were stopped: 0.0000469 seconds, Stopping threads took: 0.0000134 seconds
2019-04-10T14:56:50.087-0600: 5.423: Total time for which application threads were stopped: 0.0000758 seconds, Stopping threads took: 0.0000208 seconds
2019-04-10T14:56:50.090-0600: 5.426: Total time for which application threads were stopped: 0.0000688 seconds, Stopping threads took: 0.0000194 seconds
2019-04-10T14:56:50.091-0600: 5.427: Total time for which application threads were stopped: 0.0000494 seconds, Stopping threads took: 0.0000138 seconds
2019-04-10T14:56:50.091-0600: 5.427: Total time for which application threads were stopped: 0.0000508 seconds, Stopping threads took: 0.0000123 seconds
2019-04-10T14:56:50.094-0600: 5.430: Total time for which application threads were stopped: 0.0001608 seconds, Stopping threads took: 0.0000215 seconds
2019-04-10T14:56:50.099-0600: 5.435: Total time for which application threads were stopped: 0.0000723 seconds, Stopping threads took: 0.0000226 seconds
2019-04-10T14:56:50.101-0600: 5.437: Total time for which application threads were stopped: 0.0000751 seconds, Stopping threads took: 0.0000328 seconds
2019-04-10T14:56:50.101-0600: 5.437: Total time for which application threads were stopped: 0.0000465 seconds, Stopping threads took: 0.0000155 seconds
2019-04-10T14:56:50.101-0600: 5.437: Total time for which application threads were stopped: 0.0000448 seconds, Stopping threads took: 0.0000134 seconds
2019-04-10T14:56:50.101-0600: 5.437: Total time for which application threads were stopped: 0.0000391 seconds, Stopping threads took: 0.0000130 seconds
2019-04-10T14:56:50.101-0600: 5.437: Total time for which application threads were stopped: 0.0000434 seconds, Stopping threads took: 0.0000169 seconds
2019-04-10T14:56:50.101-0600: 5.437: Total time for which application threads were stopped: 0.0000536 seconds, Stopping threads took: 0.0000215 seconds
2019-04-10T14:56:50.101-0600: 5.438: Total time for which application threads were stopped: 0.0000532 seconds, Stopping threads took: 0.0000176 seconds
2019-04-10T14:56:50.101-0600: 5.438: Total time for which application threads were stopped: 0.0000423 seconds, Stopping threads took: 0.0000130 seconds
2019-04-10T14:56:50.101-0600: 5.438: Total time for which application threads were stopped: 0.0000599 seconds, Stopping threads took: 0.0000275 seconds
2019-04-10T14:56:50.101-0600: 5.438: Total time for which application threads were stopped: 0.0000395 seconds, Stopping threads took: 0.0000123 seconds
2019-04-10T14:56:50.102-0600: 5.438: Total time for which application threads were stopped: 0.0000409 seconds, Stopping threads took: 0.0000130 seconds
2019-04-10T14:56:50.102-0600: 5.438: Total time for which application threads were stopped: 0.0000413 seconds, Stopping threads took: 0.0000123 seconds
2019-04-10T14:56:50.102-0600: 5.438: Total time for which application threads were stopped: 0.0000398 seconds, Stopping threads took: 0.0000120 seconds
2019-04-10T14:56:50.102-0600: 5.438: Total time for which application threads were stopped: 0.0000462 seconds, Stopping threads took: 0.0000120 seconds
2019-04-10T14:56:50.102-0600: 5.438: Total time for which application threads were stopped: 0.0000451 seconds, Stopping threads took: 0.0000127 seconds
2019-04-10T14:56:50.102-0600: 5.438: Total time for which application threads were stopped: 0.0000688 seconds, Stopping threads took: 0.0000317 seconds
2019-04-10T14:56:50.102-0600: 5.439: Total time for which application threads were stopped: 0.0001001 seconds, Stopping threads took: 0.0000162 seconds
2019-04-10T14:56:50.102-0600: 5.439: Total time for which application threads were stopped: 0.0000487 seconds, Stopping threads took: 0.0000123 seconds
2019-04-10T14:56:50.103-0600: 5.439: Total time for which application threads were stopped: 0.0000970 seconds, Stopping threads took: 0.0000127 seconds
2019-04-10T14:56:50.103-0600: 5.439: Total time for which application threads were stopped: 0.0000628 seconds, Stopping threads took: 0.0000236 seconds
2019-04-10T14:56:50.129-0600: 5.465: Total time for which application threads were stopped: 0.0001446 seconds, Stopping threads took: 0.0000395 seconds
2019-04-10T14:56:50.131-0600: 5.468: Total time for which application threads were stopped: 0.0000670 seconds, Stopping threads took: 0.0000215 seconds
2019-04-10T14:56:50.136-0600: 5.472: Total time for which application threads were stopped: 0.0000991 seconds, Stopping threads took: 0.0000388 seconds
2019-04-10T14:56:50.174-0600: 5.511: Total time for which application threads were stopped: 0.0000892 seconds, Stopping threads took: 0.0000356 seconds
2019-04-10T14:56:50.182-0600: 5.519: Total time for which application threads were stopped: 0.0001343 seconds, Stopping threads took: 0.0000448 seconds
2019-04-10T14:56:50.210-0600: 5.546: Total time for which application threads were stopped: 0.0000846 seconds, Stopping threads took: 0.0000360 seconds
2019-04-10T14:56:50.210-0600: 5.547: Total time for which application threads were stopped: 0.0000592 seconds, Stopping threads took: 0.0000261 seconds
{Heap before GC invocations=3 (full 1):
 par new generation   total 109248K, used 103825K [0x07600000, 0x0f600000, 0x0f600000)
  eden space 87424K, 100% used [0x07600000, 0x0cb60000, 0x0cb60000)
  from space 21824K,  75% used [0x0e0b0000, 0x0f0b4550, 0x0f600000)
  to   space 21824K,   0% used [0x0cb60000, 0x0cb60000, 0x0e0b0000)
 concurrent mark-sweep generation total 393216K, used 0K [0x0f600000, 0x27600000, 0x27600000)
 Metaspace       used 19305K, capacity 19922K, committed 19968K, reserved 20864K
2019-04-10T14:56:50.211-0600: 5.548: [GC (Allocation Failure) 2019-04-10T14:56:50.211-0600: 5.548: [ParNew
Desired survivor size 20112996 bytes, new threshold 8 (max 8)
- age   1:    6990016 bytes,    6990016 total
- age   2:    1726608 bytes,    8716624 total
- age   3:    2855480 bytes,   11572104 total
- age   4:    4942368 bytes,   16514472 total
: 103825K->18036K(109248K), 0.0096582 secs] 103825K->18036K(502464K), 0.0097019 secs] [Times: user=0.00 sys=0.00, real=0.01 secs] 
Heap after GC invocations=4 (full 1):
 par new generation   total 109248K, used 18036K [0x07600000, 0x0f600000, 0x0f600000)
  eden space 87424K,   0% used [0x07600000, 0x07600000, 0x0cb60000)
  from space 21824K,  82% used [0x0cb60000, 0x0dcfd2b0, 0x0e0b0000)
  to   space 21824K,   0% used [0x0e0b0000, 0x0e0b0000, 0x0f600000)
 concurrent mark-sweep generation total 393216K, used 0K [0x0f600000, 0x27600000, 0x27600000)
 Metaspace       used 19305K, capacity 19922K, committed 19968K, reserved 20864K
}
2019-04-10T14:56:50.221-0600: 5.557: Total time for which application threads were stopped: 0.0098503 seconds, Stopping threads took: 0.0000138 seconds
2019-04-10T14:56:50.221-0600: 5.558: Total time for which application threads were stopped: 0.0000733 seconds, Stopping threads took: 0.0000317 seconds
2019-04-10T14:56:50.223-0600: 5.559: Total time for which application threads were stopped: 0.0000695 seconds, Stopping threads took: 0.0000289 seconds
2019-04-10T14:56:50.224-0600: 5.561: Total time for which application threads were stopped: 0.0000836 seconds, Stopping threads took: 0.0000261 seconds
2019-04-10T14:56:50.224-0600: 5.561: Total time for which application threads were stopped: 0.0000702 seconds, Stopping threads took: 0.0000169 seconds
2019-04-10T14:56:50.229-0600: 5.565: Total time for which application threads were stopped: 0.0000949 seconds, Stopping threads took: 0.0000356 seconds
2019-04-10T14:56:50.287-0600: 5.623: Total time for which application threads were stopped: 0.0001678 seconds, Stopping threads took: 0.0000208 seconds
2019-04-10T14:56:50.300-0600: 5.636: Total time for which application threads were stopped: 0.0002327 seconds, Stopping threads took: 0.0000684 seconds
{Heap before GC invocations=4 (full 1):
 par new generation   total 109248K, used 105460K [0x07600000, 0x0f600000, 0x0f600000)
  eden space 87424K, 100% used [0x07600000, 0x0cb60000, 0x0cb60000)
  from space 21824K,  82% used [0x0cb60000, 0x0dcfd2b0, 0x0e0b0000)
  to   space 21824K,   0% used [0x0e0b0000, 0x0e0b0000, 0x0f600000)
 concurrent mark-sweep generation total 393216K, used 0K [0x0f600000, 0x27600000, 0x27600000)
 Metaspace       used 19870K, capacity 20525K, committed 20608K, reserved 20864K
2019-04-10T14:56:50.387-0600: 5.724: [GC (Allocation Failure) 2019-04-10T14:56:50.387-0600: 5.724: [ParNew
Desired survivor size 20112996 bytes, new threshold 8 (max 8)
- age   1:    2827976 bytes,    2827976 total
- age   2:    2515224 bytes,    5343200 total
- age   3:    1723904 bytes,    7067104 total
- age   4:    2854616 bytes,    9921720 total
- age   5:    4942136 bytes,   14863856 total
: 105460K->21824K(109248K), 0.0097238 secs] 105460K->21824K(502464K), 0.0098451 secs] [Times: user=0.06 sys=0.01, real=0.01 secs] 
Heap after GC invocations=5 (full 1):
 par new generation   total 109248K, used 21824K [0x07600000, 0x0f600000, 0x0f600000)
  eden space 87424K,   0% used [0x07600000, 0x07600000, 0x0cb60000)
  from space 21824K, 100% used [0x0e0b0000, 0x0f600000, 0x0f600000)
  to   space 21824K,   0% used [0x0cb60000, 0x0cb60000, 0x0e0b0000)
 concurrent mark-sweep generation total 393216K, used 0K [0x0f600000, 0x27600000, 0x27600000)
 Metaspace       used 19870K, capacity 20525K, committed 20608K, reserved 20864K
}
2019-04-10T14:56:50.397-0600: 5.734: Total time for which application threads were stopped: 0.0101159 seconds, Stopping threads took: 0.0000723 seconds
2019-04-10T14:56:50.398-0600: 5.734: Total time for which application threads were stopped: 0.0001643 seconds, Stopping threads took: 0.0000896 seconds
{Heap before GC invocations=5 (full 1):
 par new generation   total 109248K, used 109248K [0x07600000, 0x0f600000, 0x0f600000)
  eden space 87424K, 100% used [0x07600000, 0x0cb60000, 0x0cb60000)
  from space 21824K, 100% used [0x0e0b0000, 0x0f600000, 0x0f600000)
  to   space 21824K,   0% used [0x0cb60000, 0x0cb60000, 0x0e0b0000)
 concurrent mark-sweep generation total 393216K, used 0K [0x0f600000, 0x27600000, 0x27600000)
 Metaspace       used 20059K, capacity 20693K, committed 20736K, reserved 20864K
2019-04-10T14:56:50.481-0600: 5.818: [GC (Allocation Failure) 2019-04-10T14:56:50.481-0600: 5.818: [ParNew
Desired survivor size 20112996 bytes, new threshold 8 (max 8)
- age   1:     513784 bytes,     513784 total
- age   2:    1848176 bytes,    2361960 total
- age   3:    2504136 bytes,    4866096 total
- age   4:    1723712 bytes,    6589808 total
- age   5:    2854512 bytes,    9444320 total
- age   6:    4942136 bytes,   14386456 total
: 109248K->17264K(109248K), 0.0076366 secs] 109248K->17264K(502464K), 0.0076983 secs] [Times: user=0.00 sys=0.00, real=0.01 secs] 
Heap after GC invocations=6 (full 1):
 par new generation   total 109248K, used 17264K [0x07600000, 0x0f600000, 0x0f600000)
  eden space 87424K,   0% used [0x07600000, 0x07600000, 0x0cb60000)
  from space 21824K,  79% used [0x0cb60000, 0x0dc3c0e0, 0x0e0b0000)
  to   space 21824K,   0% used [0x0e0b0000, 0x0e0b0000, 0x0f600000)
 concurrent mark-sweep generation total 393216K, used 0K [0x0f600000, 0x27600000, 0x27600000)
 Metaspace       used 20059K, capacity 20693K, committed 20736K, reserved 20864K
}
2019-04-10T14:56:50.489-0600: 5.825: Total time for which application threads were stopped: 0.0078757 seconds, Stopping threads took: 0.0000250 seconds
2019-04-10T14:56:50.531-0600: 5.868: Total time for which application threads were stopped: 0.0000906 seconds, Stopping threads took: 0.0000215 seconds
2019-04-10T14:56:50.531-0600: 5.868: Total time for which application threads were stopped: 0.0000628 seconds, Stopping threads took: 0.0000152 seconds
2019-04-10T14:56:50.531-0600: 5.868: Total time for which application threads were stopped: 0.0000624 seconds, Stopping threads took: 0.0000176 seconds
2019-04-10T14:56:50.531-0600: 5.868: Total time for which application threads were stopped: 0.0000501 seconds, Stopping threads took: 0.0000109 seconds
2019-04-10T14:56:50.532-0600: 5.868: Total time for which application threads were stopped: 0.0000815 seconds, Stopping threads took: 0.0000257 seconds
2019-04-10T14:56:50.532-0600: 5.868: Total time for which application threads were stopped: 0.0000716 seconds, Stopping threads took: 0.0000152 seconds
2019-04-10T14:56:50.532-0600: 5.868: Total time for which application threads were stopped: 0.0000532 seconds, Stopping threads took: 0.0000130 seconds
2019-04-10T14:56:50.532-0600: 5.869: Total time for which application threads were stopped: 0.0000624 seconds, Stopping threads took: 0.0000222 seconds
2019-04-10T14:56:50.533-0600: 5.869: Total time for which application threads were stopped: 0.0000540 seconds, Stopping threads took: 0.0000130 seconds
2019-04-10T14:56:50.557-0600: 5.894: Total time for which application threads were stopped: 0.0001072 seconds, Stopping threads took: 0.0000391 seconds
2019-04-10T14:56:50.558-0600: 5.895: Total time for which application threads were stopped: 0.0001647 seconds, Stopping threads took: 0.0000941 seconds
2019-04-10T14:56:50.560-0600: 5.896: Total time for which application threads were stopped: 0.0000941 seconds, Stopping threads took: 0.0000409 seconds
2019-04-10T14:56:50.561-0600: 5.897: Total time for which application threads were stopped: 0.0000899 seconds, Stopping threads took: 0.0000451 seconds
{Heap before GC invocations=6 (full 1):
 par new generation   total 109248K, used 104688K [0x07600000, 0x0f600000, 0x0f600000)
  eden space 87424K, 100% used [0x07600000, 0x0cb60000, 0x0cb60000)
  from space 21824K,  79% used [0x0cb60000, 0x0dc3c0e0, 0x0e0b0000)
  to   space 21824K,   0% used [0x0e0b0000, 0x0e0b0000, 0x0f600000)
 concurrent mark-sweep generation total 393216K, used 0K [0x0f600000, 0x27600000, 0x27600000)
 Metaspace       used 20643K, capacity 21301K, committed 21376K, reserved 21888K
2019-04-10T14:56:50.582-0600: 5.918: [GC (Allocation Failure) 2019-04-10T14:56:50.582-0600: 5.918: [ParNew
Desired survivor size 20112996 bytes, new threshold 8 (max 8)
- age   1:    1878224 bytes,    1878224 total
- age   2:     131800 bytes,    2010024 total
- age   3:    1847800 bytes,    3857824 total
- age   4:    2497632 bytes,    6355456 total
- age   5:    1723584 bytes,    8079040 total
- age   6:    2853336 bytes,   10932376 total
- age   7:    4867920 bytes,   15800296 total
: 104688K->21460K(109248K), 0.0087840 secs] 104688K->21460K(502464K), 0.0088785 secs] [Times: user=0.06 sys=0.00, real=0.01 secs] 
Heap after GC invocations=7 (full 1):
 par new generation   total 109248K, used 21460K [0x07600000, 0x0f600000, 0x0f600000)
  eden space 87424K,   0% used [0x07600000, 0x07600000, 0x0cb60000)
  from space 21824K,  98% used [0x0e0b0000, 0x0f5a5330, 0x0f600000)
  to   space 21824K,   0% used [0x0cb60000, 0x0cb60000, 0x0e0b0000)
 concurrent mark-sweep generation total 393216K, used 0K [0x0f600000, 0x27600000, 0x27600000)
 Metaspace       used 20643K, capacity 21301K, committed 21376K, reserved 21888K
}
2019-04-10T14:56:50.591-0600: 5.927: Total time for which application threads were stopped: 0.0090471 seconds, Stopping threads took: 0.0000384 seconds
{Heap before GC invocations=7 (full 1):
 par new generation   total 109248K, used 108884K [0x07600000, 0x0f600000, 0x0f600000)
  eden space 87424K, 100% used [0x07600000, 0x0cb60000, 0x0cb60000)
  from space 21824K,  98% used [0x0e0b0000, 0x0f5a5330, 0x0f600000)
  to   space 21824K,   0% used [0x0cb60000, 0x0cb60000, 0x0e0b0000)
 concurrent mark-sweep generation total 393216K, used 0K [0x0f600000, 0x27600000, 0x27600000)
 Metaspace       used 20682K, capacity 21333K, committed 21376K, reserved 21888K
2019-04-10T14:56:50.651-0600: 5.988: [GC (Allocation Failure) 2019-04-10T14:56:50.651-0600: 5.988: [ParNew
Desired survivor size 20112996 bytes, new threshold 8 (max 8)
- age   1:     832696 bytes,     832696 total
- age   2:     405456 bytes,    1238152 total
- age   3:     131432 bytes,    1369584 total
- age   4:    1847800 bytes,    3217384 total
- age   5:    2497128 bytes,    5714512 total
- age   6:    1723584 bytes,    7438096 total
- age   7:    2853312 bytes,   10291408 total
- age   8:    4868136 bytes,   15159544 total
: 108884K->17704K(109248K), 0.0076885 secs] 108884K->17704K(502464K), 0.0077890 secs] [Times: user=0.00 sys=0.00, real=0.01 secs] 
Heap after GC invocations=8 (full 1):
 par new generation   total 109248K, used 17704K [0x07600000, 0x0f600000, 0x0f600000)
  eden space 87424K,   0% used [0x07600000, 0x07600000, 0x0cb60000)
  from space 21824K,  81% used [0x0cb60000, 0x0dcaa080, 0x0e0b0000)
  to   space 21824K,   0% used [0x0e0b0000, 0x0e0b0000, 0x0f600000)
 concurrent mark-sweep generation total 393216K, used 0K [0x0f600000, 0x27600000, 0x27600000)
 Metaspace       used 20682K, capacity 21333K, committed 21376K, reserved 21888K
}
2019-04-10T14:56:50.659-0600: 5.995: Total time for which application threads were stopped: 0.0080418 seconds, Stopping threads took: 0.0000374 seconds
2019-04-10T14:56:50.730-0600: 6.066: Total time for which application threads were stopped: 0.0000991 seconds, Stopping threads took: 0.0000406 seconds
2019-04-10T14:56:50.730-0600: 6.067: Total time for which application threads were stopped: 0.0001118 seconds, Stopping threads took: 0.0000578 seconds
2019-04-10T14:56:50.777-0600: 6.114: Total time for which application threads were stopped: 0.0002412 seconds, Stopping threads took: 0.0000229 seconds
2019-04-10T14:56:50.784-0600: 6.121: Total time for which application threads were stopped: 0.0000786 seconds, Stopping threads took: 0.0000363 seconds
{Heap before GC invocations=8 (full 1):
 par new generation   total 109248K, used 105128K [0x07600000, 0x0f600000, 0x0f600000)
  eden space 87424K, 100% used [0x07600000, 0x0cb60000, 0x0cb60000)
  from space 21824K,  81% used [0x0cb60000, 0x0dcaa080, 0x0e0b0000)
  to   space 21824K,   0% used [0x0e0b0000, 0x0e0b0000, 0x0f600000)
 concurrent mark-sweep generation total 393216K, used 0K [0x0f600000, 0x27600000, 0x27600000)
 Metaspace       used 21319K, capacity 21986K, committed 22016K, reserved 22912K
2019-04-10T14:56:50.805-0600: 6.141: [GC (Allocation Failure) 2019-04-10T14:56:50.805-0600: 6.141: [ParNew
Desired survivor size 20112996 bytes, new threshold 8 (max 8)
- age   1:    1205928 bytes,    1205928 total
- age   2:      86336 bytes,    1292264 total
- age   3:     398136 bytes,    1690400 total
- age   4:     130392 bytes,    1820792 total
- age   5:    1846968 bytes,    3667760 total
- age   6:    2495560 bytes,    6163320 total
- age   7:    1723560 bytes,    7886880 total
- age   8:    2853352 bytes,   10740232 total
: 105128K->16644K(109248K), 0.0191608 secs] 105128K->21646K(502464K), 0.0192187 secs] [Times: user=0.06 sys=0.00, real=0.02 secs] 
Heap after GC invocations=9 (full 1):
 par new generation   total 109248K, used 16644K [0x07600000, 0x0f600000, 0x0f600000)
  eden space 87424K,   0% used [0x07600000, 0x07600000, 0x0cb60000)
  from space 21824K,  76% used [0x0e0b0000, 0x0f0f1338, 0x0f600000)
  to   space 21824K,   0% used [0x0cb60000, 0x0cb60000, 0x0e0b0000)
 concurrent mark-sweep generation total 393216K, used 5001K [0x0f600000, 0x27600000, 0x27600000)
 Metaspace       used 21319K, capacity 21986K, committed 22016K, reserved 22912K
}
2019-04-10T14:56:50.824-0600: 6.161: Total time for which application threads were stopped: 0.0194218 seconds, Stopping threads took: 0.0000409 seconds
2019-04-10T14:56:51.000-0600: 6.336: Total time for which application threads were stopped: 0.0001414 seconds, Stopping threads took: 0.0000257 seconds
2019-04-10T14:56:51.000-0600: 6.337: Total time for which application threads were stopped: 0.0000818 seconds, Stopping threads took: 0.0000381 seconds
2019-04-10T14:56:51.001-0600: 6.338: Total time for which application threads were stopped: 0.0000652 seconds, Stopping threads took: 0.0000272 seconds
2019-04-10T14:56:51.003-0600: 6.340: Total time for which application threads were stopped: 0.0000811 seconds, Stopping threads took: 0.0000339 seconds
2019-04-10T14:56:51.008-0600: 6.344: Total time for which application threads were stopped: 0.0000892 seconds, Stopping threads took: 0.0000286 seconds
2019-04-10T14:56:52.008-0600: 7.345: Total time for which application threads were stopped: 0.0001918 seconds, Stopping threads took: 0.0000331 seconds
2019-04-10T14:56:52.093-0600: 7.429: Total time for which application threads were stopped: 0.0001386 seconds, Stopping threads took: 0.0000571 seconds
2019-04-10T14:56:52.101-0600: 7.437: Total time for which application threads were stopped: 0.0000709 seconds, Stopping threads took: 0.0000243 seconds
2019-04-10T14:56:52.196-0600: 7.533: Total time for which application threads were stopped: 0.0000755 seconds, Stopping threads took: 0.0000219 seconds
2019-04-10T14:56:52.196-0600: 7.533: Total time for which application threads were stopped: 0.0000494 seconds, Stopping threads took: 0.0000159 seconds
2019-04-10T14:56:52.196-0600: 7.533: Total time for which application threads were stopped: 0.0000568 seconds, Stopping threads took: 0.0000219 seconds
2019-04-10T14:56:52.197-0600: 7.533: Total time for which application threads were stopped: 0.0001160 seconds, Stopping threads took: 0.0000807 seconds
2019-04-10T14:56:52.197-0600: 7.533: Total time for which application threads were stopped: 0.0001340 seconds, Stopping threads took: 0.0000970 seconds
2019-04-10T14:56:52.881-0600: 8.218: Total time for which application threads were stopped: 0.0003163 seconds, Stopping threads took: 0.0001351 seconds
2019-04-10T14:56:52.881-0600: 8.218: Total time for which application threads were stopped: 0.0000769 seconds, Stopping threads took: 0.0000406 seconds
2019-04-10T14:56:52.881-0600: 8.218: Total time for which application threads were stopped: 0.0000719 seconds, Stopping threads took: 0.0000398 seconds
2019-04-10T14:56:52.882-0600: 8.218: Total time for which application threads were stopped: 0.0000444 seconds, Stopping threads took: 0.0000145 seconds
2019-04-10T14:56:52.882-0600: 8.218: Total time for which application threads were stopped: 0.0000624 seconds, Stopping threads took: 0.0000286 seconds
2019-04-10T14:56:52.883-0600: 8.219: Total time for which application threads were stopped: 0.0000430 seconds, Stopping threads took: 0.0000123 seconds
2019-04-10T14:56:52.883-0600: 8.219: Total time for which application threads were stopped: 0.0000406 seconds, Stopping threads took: 0.0000120 seconds
2019-04-10T14:56:52.883-0600: 8.220: Total time for which application threads were stopped: 0.0000409 seconds, Stopping threads took: 0.0000120 seconds
2019-04-10T14:56:52.883-0600: 8.220: Total time for which application threads were stopped: 0.0000406 seconds, Stopping threads took: 0.0000116 seconds
2019-04-10T14:56:52.883-0600: 8.220: Total time for which application threads were stopped: 0.0000409 seconds, Stopping threads took: 0.0000123 seconds
2019-04-10T14:56:52.884-0600: 8.220: Total time for which application threads were stopped: 0.0000423 seconds, Stopping threads took: 0.0000123 seconds
2019-04-10T14:56:52.884-0600: 8.221: Total time for which application threads were stopped: 0.0000409 seconds, Stopping threads took: 0.0000120 seconds
2019-04-10T14:56:52.884-0600: 8.221: Total time for which application threads were stopped: 0.0000406 seconds, Stopping threads took: 0.0000120 seconds
2019-04-10T14:56:52.884-0600: 8.221: Total time for which application threads were stopped: 0.0000409 seconds, Stopping threads took: 0.0000123 seconds
2019-04-10T14:56:52.885-0600: 8.221: Total time for which application threads were stopped: 0.0000406 seconds, Stopping threads took: 0.0000116 seconds
2019-04-10T14:56:52.885-0600: 8.221: Total time for which application threads were stopped: 0.0000409 seconds, Stopping threads took: 0.0000123 seconds
2019-04-10T14:56:52.885-0600: 8.221: Total time for which application threads were stopped: 0.0000409 seconds, Stopping threads took: 0.0000120 seconds
2019-04-10T14:56:52.885-0600: 8.222: Total time for which application threads were stopped: 0.0000853 seconds, Stopping threads took: 0.0000145 seconds
2019-04-10T14:56:53.885-0600: 9.222: Total time for which application threads were stopped: 0.0002024 seconds, Stopping threads took: 0.0000296 seconds
2019-04-10T14:56:58.887-0600: 14.223: Total time for which application threads were stopped: 0.0001989 seconds, Stopping threads took: 0.0000303 seconds
2019-04-10T14:56:59.572-0600: 14.909: Total time for which application threads were stopped: 0.0001858 seconds, Stopping threads took: 0.0000356 seconds
2019-04-10T14:56:59.572-0600: 14.909: Total time for which application threads were stopped: 0.0000758 seconds, Stopping threads took: 0.0000275 seconds
2019-04-10T14:57:01.573-0600: 16.909: Total time for which application threads were stopped: 0.0001636 seconds, Stopping threads took: 0.0000339 seconds
2019-04-10T14:57:05.271-0600: 20.607: Total time for which application threads were stopped: 0.0001837 seconds, Stopping threads took: 0.0000303 seconds
2019-04-10T14:57:05.271-0600: 20.607: Total time for which application threads were stopped: 0.0000843 seconds, Stopping threads took: 0.0000226 seconds
2019-04-10T14:57:05.276-0600: 20.612: Total time for which application threads were stopped: 0.0001499 seconds, Stopping threads took: 0.0000353 seconds
2019-04-10T14:57:05.276-0600: 20.613: Total time for which application threads were stopped: 0.0001058 seconds, Stopping threads took: 0.0000455 seconds
2019-04-10T14:57:05.277-0600: 20.613: Total time for which application threads were stopped: 0.0000885 seconds, Stopping threads took: 0.0000226 seconds
2019-04-10T14:57:05.278-0600: 20.614: Total time for which application threads were stopped: 0.0001199 seconds, Stopping threads took: 0.0000515 seconds
2019-04-10T14:57:05.278-0600: 20.615: Total time for which application threads were stopped: 0.0002020 seconds, Stopping threads took: 0.0001213 seconds
2019-04-10T14:57:05.280-0600: 20.616: Total time for which application threads were stopped: 0.0000772 seconds, Stopping threads took: 0.0000296 seconds
2019-04-10T14:57:05.286-0600: 20.622: Total time for which application threads were stopped: 0.0001534 seconds, Stopping threads took: 0.0000261 seconds
2019-04-10T14:57:05.343-0600: 20.679: Total time for which application threads were stopped: 0.0003269 seconds, Stopping threads took: 0.0002726 seconds
2019-04-10T14:57:05.367-0600: 20.703: Total time for which application threads were stopped: 0.0000963 seconds, Stopping threads took: 0.0000353 seconds
2019-04-10T14:57:05.367-0600: 20.703: Total time for which application threads were stopped: 0.0000525 seconds, Stopping threads took: 0.0000145 seconds
{Heap before GC invocations=9 (full 1):
 par new generation   total 109248K, used 104068K [0x07600000, 0x0f600000, 0x0f600000)
  eden space 87424K, 100% used [0x07600000, 0x0cb60000, 0x0cb60000)
  from space 21824K,  76% used [0x0e0b0000, 0x0f0f1338, 0x0f600000)
  to   space 21824K,   0% used [0x0cb60000, 0x0cb60000, 0x0e0b0000)
 concurrent mark-sweep generation total 393216K, used 5001K [0x0f600000, 0x27600000, 0x27600000)
 Metaspace       used 23194K, capacity 23962K, committed 24064K, reserved 24960K
2019-04-10T14:57:05.382-0600: 20.718: [GC (Allocation Failure) 2019-04-10T14:57:05.382-0600: 20.718: [ParNew
Desired survivor size 20112996 bytes, new threshold 8 (max 8)
- age   1:    3359096 bytes,    3359096 total
- age   2:     118144 bytes,    3477240 total
- age   3:      19136 bytes,    3496376 total
- age   4:     349960 bytes,    3846336 total
- age   5:      74992 bytes,    3921328 total
- age   6:     167248 bytes,    4088576 total
- age   7:    1507664 bytes,    5596240 total
- age   8:    1704544 bytes,    7300784 total
: 104068K->8926K(109248K), 0.0096737 secs] 109070K->16778K(502464K), 0.0097202 secs] [Times: user=0.00 sys=0.00, real=0.01 secs] 
Heap after GC invocations=10 (full 1):
 par new generation   total 109248K, used 8926K [0x07600000, 0x0f600000, 0x0f600000)
  eden space 87424K,   0% used [0x07600000, 0x07600000, 0x0cb60000)
  from space 21824K,  40% used [0x0cb60000, 0x0d417a60, 0x0e0b0000)
  to   space 21824K,   0% used [0x0e0b0000, 0x0e0b0000, 0x0f600000)
 concurrent mark-sweep generation total 393216K, used 7851K [0x0f600000, 0x27600000, 0x27600000)
 Metaspace       used 23194K, capacity 23962K, committed 24064K, reserved 24960K
}
2019-04-10T14:57:05.392-0600: 20.728: Total time for which application threads were stopped: 0.0099332 seconds, Stopping threads took: 0.0000226 seconds
2019-04-10T14:57:05.411-0600: 20.747: Total time for which application threads were stopped: 0.0000853 seconds, Stopping threads took: 0.0000229 seconds
2019-04-10T14:57:05.411-0600: 20.747: Total time for which application threads were stopped: 0.0000892 seconds, Stopping threads took: 0.0000212 seconds
2019-04-10T14:57:05.413-0600: 20.749: Total time for which application threads were stopped: 0.0001100 seconds, Stopping threads took: 0.0000335 seconds
2019-04-10T14:57:05.477-0600: 20.813: Total time for which application threads were stopped: 0.0000906 seconds, Stopping threads took: 0.0000374 seconds
2019-04-10T14:57:05.477-0600: 20.813: Total time for which application threads were stopped: 0.0000465 seconds, Stopping threads took: 0.0000123 seconds
2019-04-10T14:57:05.477-0600: 20.813: Total time for which application threads were stopped: 0.0000536 seconds, Stopping threads took: 0.0000109 seconds
2019-04-10T14:57:05.477-0600: 20.813: Total time for which application threads were stopped: 0.0000529 seconds, Stopping threads took: 0.0000109 seconds
2019-04-10T14:57:06.042-0600: 21.378: Total time for which application threads were stopped: 0.0001904 seconds, Stopping threads took: 0.0000243 seconds
2019-04-10T14:57:06.043-0600: 21.379: Total time for which application threads were stopped: 0.0001446 seconds, Stopping threads took: 0.0000236 seconds
2019-04-10T14:57:06.063-0600: 21.399: Total time for which application threads were stopped: 0.0004207 seconds, Stopping threads took: 0.0000564 seconds
{Heap before GC invocations=10 (full 1):
 par new generation   total 109248K, used 96350K [0x07600000, 0x0f600000, 0x0f600000)
  eden space 87424K, 100% used [0x07600000, 0x0cb60000, 0x0cb60000)
  from space 21824K,  40% used [0x0cb60000, 0x0d417a60, 0x0e0b0000)
  to   space 21824K,   0% used [0x0e0b0000, 0x0e0b0000, 0x0f600000)
 concurrent mark-sweep generation total 393216K, used 7851K [0x0f600000, 0x27600000, 0x27600000)
 Metaspace       used 23326K, capacity 24113K, committed 24192K, reserved 24960K
2019-04-10T14:57:06.124-0600: 21.460: [GC (Allocation Failure) 2019-04-10T14:57:06.124-0600: 21.460: [ParNew
Desired survivor size 20112996 bytes, new threshold 8 (max 8)
- age   1:    3178376 bytes,    3178376 total
- age   2:    1063816 bytes,    4242192 total
- age   3:     118088 bytes,    4360280 total
- age   4:      19136 bytes,    4379416 total
- age   5:     349960 bytes,    4729376 total
- age   6:      74960 bytes,    4804336 total
- age   7:     161688 bytes,    4966024 total
- age   8:    1505968 bytes,    6471992 total
: 96350K->10252K(109248K), 0.0068129 secs] 104202K->19771K(502464K), 0.0068937 secs] [Times: user=0.00 sys=0.00, real=0.01 secs] 
Heap after GC invocations=11 (full 1):
 par new generation   total 109248K, used 10252K [0x07600000, 0x0f600000, 0x0f600000)
  eden space 87424K,   0% used [0x07600000, 0x07600000, 0x0cb60000)
  from space 21824K,  46% used [0x0e0b0000, 0x0eab3170, 0x0f600000)
  to   space 21824K,   0% used [0x0cb60000, 0x0cb60000, 0x0e0b0000)
 concurrent mark-sweep generation total 393216K, used 9518K [0x0f600000, 0x27600000, 0x27600000)
 Metaspace       used 23326K, capacity 24113K, committed 24192K, reserved 24960K
}
2019-04-10T14:57:06.131-0600: 21.467: Total time for which application threads were stopped: 0.0071846 seconds, Stopping threads took: 0.0000815 seconds
2019-04-10T14:57:06.131-0600: 21.467: Total time for which application threads were stopped: 0.0001562 seconds, Stopping threads took: 0.0000554 seconds
2019-04-10T14:57:06.131-0600: 21.467: Total time for which application threads were stopped: 0.0001435 seconds, Stopping threads took: 0.0000652 seconds
{Heap before GC invocations=11 (full 1):
 par new generation   total 109248K, used 97676K [0x07600000, 0x0f600000, 0x0f600000)
  eden space 87424K, 100% used [0x07600000, 0x0cb60000, 0x0cb60000)
  from space 21824K,  46% used [0x0e0b0000, 0x0eab3170, 0x0f600000)
  to   space 21824K,   0% used [0x0cb60000, 0x0cb60000, 0x0e0b0000)
 concurrent mark-sweep generation total 393216K, used 9518K [0x0f600000, 0x27600000, 0x27600000)
 Metaspace       used 23334K, capacity 24123K, committed 24192K, reserved 24960K
2019-04-10T14:57:06.188-0600: 21.524: [GC (Allocation Failure) 2019-04-10T14:57:06.188-0600: 21.524: [ParNew
Desired survivor size 20112996 bytes, new threshold 8 (max 8)
- age   1:    1206320 bytes,    1206320 total
- age   2:    2584216 bytes,    3790536 total
- age   3:    1063896 bytes,    4854432 total
- age   4:     118088 bytes,    4972520 total
- age   5:      19136 bytes,    4991656 total
- age   6:     349960 bytes,    5341616 total
- age   7:      74576 bytes,    5416192 total
- age   8:     161704 bytes,    5577896 total
: 97676K->7399K(109248K), 0.0068760 secs] 107195K->18401K(502464K), 0.0069571 secs] [Times: user=0.06 sys=0.00, real=0.01 secs] 
Heap after GC invocations=12 (full 1):
 par new generation   total 109248K, used 7399K [0x07600000, 0x0f600000, 0x0f600000)
  eden space 87424K,   0% used [0x07600000, 0x07600000, 0x0cb60000)
  from space 21824K,  33% used [0x0cb60000, 0x0d299f50, 0x0e0b0000)
  to   space 21824K,   0% used [0x0e0b0000, 0x0e0b0000, 0x0f600000)
 concurrent mark-sweep generation total 393216K, used 11001K [0x0f600000, 0x27600000, 0x27600000)
 Metaspace       used 23334K, capacity 24123K, committed 24192K, reserved 24960K
}
2019-04-10T14:57:06.195-0600: 21.531: Total time for which application threads were stopped: 0.0072752 seconds, Stopping threads took: 0.0000807 seconds
{Heap before GC invocations=12 (full 1):
 par new generation   total 109248K, used 94806K [0x07600000, 0x0f600000, 0x0f600000)
  eden space 87424K,  99% used [0x07600000, 0x0cb5ba78, 0x0cb60000)
  from space 21824K,  33% used [0x0cb60000, 0x0d299f50, 0x0e0b0000)
  to   space 21824K,   0% used [0x0e0b0000, 0x0e0b0000, 0x0f600000)
 concurrent mark-sweep generation total 393216K, used 11001K [0x0f600000, 0x27600000, 0x27600000)
 Metaspace       used 23336K, capacity 24126K, committed 24192K, reserved 24960K
2019-04-10T14:57:06.262-0600: 21.598: [GC (Allocation Failure) 2019-04-10T14:57:06.262-0600: 21.598: [ParNew
Desired survivor size 20112996 bytes, new threshold 8 (max 8)
- age   1:     307208 bytes,     307208 total
- age   2:     644312 bytes,     951520 total
- age   3:    2574672 bytes,    3526192 total
- age   4:    1063832 bytes,    4590024 total
- age   5:     118088 bytes,    4708112 total
- age   6:      19136 bytes,    4727248 total
- age   7:     349864 bytes,    5077112 total
- age   8:      74576 bytes,    5151688 total
: 94806K->6445K(109248K), 0.0048245 secs] 105807K->17610K(502464K), 0.0048929 secs] [Times: user=0.00 sys=0.00, real=0.00 secs] 
Heap after GC invocations=13 (full 1):
 par new generation   total 109248K, used 6445K [0x07600000, 0x0f600000, 0x0f600000)
  eden space 87424K,   0% used [0x07600000, 0x07600000, 0x0cb60000)
  from space 21824K,  29% used [0x0e0b0000, 0x0e6fb798, 0x0f600000)
  to   space 21824K,   0% used [0x0cb60000, 0x0cb60000, 0x0e0b0000)
 concurrent mark-sweep generation total 393216K, used 11164K [0x0f600000, 0x27600000, 0x27600000)
 Metaspace       used 23336K, capacity 24126K, committed 24192K, reserved 24960K
}
2019-04-10T14:57:06.267-0600: 21.603: Total time for which application threads were stopped: 0.0051563 seconds, Stopping threads took: 0.0000748 seconds
{Heap before GC invocations=13 (full 1):
 par new generation   total 109248K, used 93869K [0x07600000, 0x0f600000, 0x0f600000)
  eden space 87424K, 100% used [0x07600000, 0x0cb60000, 0x0cb60000)
  from space 21824K,  29% used [0x0e0b0000, 0x0e6fb798, 0x0f600000)
  to   space 21824K,   0% used [0x0cb60000, 0x0cb60000, 0x0e0b0000)
 concurrent mark-sweep generation total 393216K, used 11164K [0x0f600000, 0x27600000, 0x27600000)
 Metaspace       used 23338K, capacity 24128K, committed 24192K, reserved 24960K
2019-04-10T14:57:06.354-0600: 21.690: [GC (Allocation Failure) 2019-04-10T14:57:06.354-0600: 21.690: [ParNew
Desired survivor size 20112996 bytes, new threshold 8 (max 8)
- age   1:     275408 bytes,     275408 total
- age   2:      64912 bytes,     340320 total
- age   3:     644040 bytes,     984360 total
- age   4:    2574480 bytes,    3558840 total
- age   5:    1063792 bytes,    4622632 total
- age   6:     118088 bytes,    4740720 total
- age   7:      19040 bytes,    4759760 total
- age   8:     349864 bytes,    5109624 total
: 93869K->6734K(109248K), 0.0048019 secs] 105034K->17975K(502464K), 0.0048827 secs] [Times: user=0.00 sys=0.00, real=0.00 secs] 
Heap after GC invocations=14 (full 1):
 par new generation   total 109248K, used 6734K [0x07600000, 0x0f600000, 0x0f600000)
  eden space 87424K,   0% used [0x07600000, 0x07600000, 0x0cb60000)
  from space 21824K,  30% used [0x0cb60000, 0x0d1f3840, 0x0e0b0000)
  to   space 21824K,   0% used [0x0e0b0000, 0x0e0b0000, 0x0f600000)
 concurrent mark-sweep generation total 393216K, used 11241K [0x0f600000, 0x27600000, 0x27600000)
 Metaspace       used 23338K, capacity 24128K, committed 24192K, reserved 24960K
}
2019-04-10T14:57:06.359-0600: 21.695: Total time for which application threads were stopped: 0.0051986 seconds, Stopping threads took: 0.0000878 seconds
2019-04-10T14:57:06.415-0600: 21.751: Total time for which application threads were stopped: 0.0001883 seconds, Stopping threads took: 0.0000797 seconds
2019-04-10T14:57:06.415-0600: 21.751: Total time for which application threads were stopped: 0.0001248 seconds, Stopping threads took: 0.0000631 seconds
2019-04-10T14:57:06.519-0600: 21.855: Total time for which application threads were stopped: 0.0001354 seconds, Stopping threads took: 0.0000455 seconds
2019-04-10T14:57:06.519-0600: 21.855: Total time for which application threads were stopped: 0.0000568 seconds, Stopping threads took: 0.0000180 seconds
2019-04-10T14:57:06.519-0600: 21.855: Total time for which application threads were stopped: 0.0001051 seconds, Stopping threads took: 0.0000638 seconds
2019-04-10T14:57:06.519-0600: 21.855: Total time for which application threads were stopped: 0.0001040 seconds, Stopping threads took: 0.0000314 seconds
2019-04-10T14:57:06.519-0600: 21.855: Total time for which application threads were stopped: 0.0000832 seconds, Stopping threads took: 0.0000346 seconds
2019-04-10T14:57:06.519-0600: 21.855: Total time for which application threads were stopped: 0.0000945 seconds, Stopping threads took: 0.0000243 seconds
2019-04-10T14:57:06.534-0600: 21.870: Total time for which application threads were stopped: 0.0003935 seconds, Stopping threads took: 0.0000321 seconds
2019-04-10T14:57:06.551-0600: 21.888: Total time for which application threads were stopped: 0.0001809 seconds, Stopping threads took: 0.0000360 seconds
2019-04-10T14:57:06.552-0600: 21.888: Total time for which application threads were stopped: 0.0000631 seconds, Stopping threads took: 0.0000183 seconds
2019-04-10T14:57:06.553-0600: 21.889: Total time for which application threads were stopped: 0.0000906 seconds, Stopping threads took: 0.0000518 seconds
2019-04-10T14:57:06.553-0600: 21.889: Total time for which application threads were stopped: 0.0000829 seconds, Stopping threads took: 0.0000268 seconds
2019-04-10T14:57:06.553-0600: 21.889: Total time for which application threads were stopped: 0.0000783 seconds, Stopping threads took: 0.0000264 seconds
2019-04-10T14:57:06.556-0600: 21.892: Total time for which application threads were stopped: 0.0001834 seconds, Stopping threads took: 0.0000427 seconds
2019-04-10T14:57:06.557-0600: 21.893: Total time for which application threads were stopped: 0.0000941 seconds, Stopping threads took: 0.0000331 seconds
{Heap before GC invocations=14 (full 1):
 par new generation   total 109248K, used 94158K [0x07600000, 0x0f600000, 0x0f600000)
  eden space 87424K, 100% used [0x07600000, 0x0cb60000, 0x0cb60000)
  from space 21824K,  30% used [0x0cb60000, 0x0d1f3840, 0x0e0b0000)
  to   space 21824K,   0% used [0x0e0b0000, 0x0e0b0000, 0x0f600000)
 concurrent mark-sweep generation total 393216K, used 11241K [0x0f600000, 0x27600000, 0x27600000)
 Metaspace       used 23976K, capacity 24801K, committed 24832K, reserved 24960K
2019-04-10T14:57:06.629-0600: 21.965: [GC (Allocation Failure) 2019-04-10T14:57:06.629-0600: 21.965: [ParNew
Desired survivor size 20112996 bytes, new threshold 8 (max 8)
- age   1:    2147304 bytes,    2147304 total
- age   2:      70584 bytes,    2217888 total
- age   3:      63928 bytes,    2281816 total
- age   4:      80904 bytes,    2362720 total
- age   5:    1603104 bytes,    3965824 total
- age   6:    1061872 bytes,    5027696 total
- age   7:     117200 bytes,    5144896 total
- age   8:      18896 bytes,    5163792 total
: 94158K->6735K(109248K), 0.0052956 secs] 105399K->18322K(502464K), 0.0053658 secs] [Times: user=0.06 sys=0.00, real=0.01 secs] 
Heap after GC invocations=15 (full 1):
 par new generation   total 109248K, used 6735K [0x07600000, 0x0f600000, 0x0f600000)
  eden space 87424K,   0% used [0x07600000, 0x07600000, 0x0cb60000)
  from space 21824K,  30% used [0x0e0b0000, 0x0e743dc8, 0x0f600000)
  to   space 21824K,   0% used [0x0cb60000, 0x0cb60000, 0x0e0b0000)
 concurrent mark-sweep generation total 393216K, used 11587K [0x0f600000, 0x27600000, 0x27600000)
 Metaspace       used 23976K, capacity 24801K, committed 24832K, reserved 24960K
}
2019-04-10T14:57:06.634-0600: 21.971: Total time for which application threads were stopped: 0.0055579 seconds, Stopping threads took: 0.0000240 seconds
2019-04-10T14:57:06.754-0600: 22.090: Total time for which application threads were stopped: 0.0001439 seconds, Stopping threads took: 0.0000321 seconds
2019-04-10T14:57:06.757-0600: 22.093: Total time for which application threads were stopped: 0.0001164 seconds, Stopping threads took: 0.0000310 seconds
2019-04-10T14:57:06.757-0600: 22.093: Total time for which application threads were stopped: 0.0001104 seconds, Stopping threads took: 0.0000342 seconds
2019-04-10T14:57:06.772-0600: 22.108: Total time for which application threads were stopped: 0.0002493 seconds, Stopping threads took: 0.0000829 seconds
2019-04-10T14:57:06.772-0600: 22.108: Total time for which application threads were stopped: 0.0001534 seconds, Stopping threads took: 0.0000296 seconds
2019-04-10T14:57:06.781-0600: 22.117: Total time for which application threads were stopped: 0.0001245 seconds, Stopping threads took: 0.0000339 seconds
2019-04-10T14:57:06.787-0600: 22.123: Total time for which application threads were stopped: 0.0001407 seconds, Stopping threads took: 0.0000413 seconds
2019-04-10T14:57:06.798-0600: 22.134: Total time for which application threads were stopped: 0.0001492 seconds, Stopping threads took: 0.0000289 seconds
2019-04-10T14:57:06.798-0600: 22.135: Total time for which application threads were stopped: 0.0000917 seconds, Stopping threads took: 0.0000279 seconds
{Heap before GC invocations=15 (full 1):
 par new generation   total 109248K, used 94159K [0x07600000, 0x0f600000, 0x0f600000)
  eden space 87424K, 100% used [0x07600000, 0x0cb60000, 0x0cb60000)
  from space 21824K,  30% used [0x0e0b0000, 0x0e743dc8, 0x0f600000)
  to   space 21824K,   0% used [0x0cb60000, 0x0cb60000, 0x0e0b0000)
 concurrent mark-sweep generation total 393216K, used 11587K [0x0f600000, 0x27600000, 0x27600000)
 Metaspace       used 24741K, capacity 25602K, committed 25728K, reserved 25984K
2019-04-10T14:57:06.901-0600: 22.237: [GC (Allocation Failure) 2019-04-10T14:57:06.901-0600: 22.237: [ParNew
Desired survivor size 20112996 bytes, new threshold 8 (max 8)
- age   1:    2385392 bytes,    2385392 total
- age   2:    1278288 bytes,    3663680 total
- age   3:      70584 bytes,    3734264 total
- age   4:      63880 bytes,    3798144 total
- age   5:      80904 bytes,    3879048 total
- age   6:    1601408 bytes,    5480456 total
- age   7:    1061744 bytes,    6542200 total
- age   8:     117224 bytes,    6659424 total
: 94159K->7917K(109248K), 0.0061433 secs] 105746K->19523K(502464K), 0.0062166 secs] [Times: user=0.00 sys=0.00, real=0.01 secs] 
Heap after GC invocations=16 (full 1):
 par new generation   total 109248K, used 7917K [0x07600000, 0x0f600000, 0x0f600000)
  eden space 87424K,   0% used [0x07600000, 0x07600000, 0x0cb60000)
  from space 21824K,  36% used [0x0cb60000, 0x0d31b7c0, 0x0e0b0000)
  to   space 21824K,   0% used [0x0e0b0000, 0x0e0b0000, 0x0f600000)
 concurrent mark-sweep generation total 393216K, used 11605K [0x0f600000, 0x27600000, 0x27600000)
 Metaspace       used 24741K, capacity 25602K, committed 25728K, reserved 25984K
}
2019-04-10T14:57:06.908-0600: 22.244: Total time for which application threads were stopped: 0.0065044 seconds, Stopping threads took: 0.0000402 seconds
2019-04-10T14:57:07.105-0600: 22.441: Total time for which application threads were stopped: 0.0002119 seconds, Stopping threads took: 0.0000444 seconds
2019-04-10T14:57:07.105-0600: 22.441: Total time for which application threads were stopped: 0.0001083 seconds, Stopping threads took: 0.0000328 seconds
2019-04-10T14:57:07.119-0600: 22.455: Total time for which application threads were stopped: 0.0003970 seconds, Stopping threads took: 0.0000282 seconds
2019-04-10T14:57:07.164-0600: 22.500: Total time for which application threads were stopped: 0.0003434 seconds, Stopping threads took: 0.0002606 seconds
{Heap before GC invocations=16 (full 1):
 par new generation   total 109248K, used 95341K [0x07600000, 0x0f600000, 0x0f600000)
  eden space 87424K, 100% used [0x07600000, 0x0cb60000, 0x0cb60000)
  from space 21824K,  36% used [0x0cb60000, 0x0d31b7c0, 0x0e0b0000)
  to   space 21824K,   0% used [0x0e0b0000, 0x0e0b0000, 0x0f600000)
 concurrent mark-sweep generation total 393216K, used 11605K [0x0f600000, 0x27600000, 0x27600000)
 Metaspace       used 26607K, capacity 27556K, committed 27648K, reserved 28032K
2019-04-10T14:57:07.232-0600: 22.568: [GC (Allocation Failure) 2019-04-10T14:57:07.232-0600: 22.568: [ParNew
Desired survivor size 20112996 bytes, new threshold 7 (max 8)
- age   1:   16816072 bytes,   16816072 total
- age   2:     753744 bytes,   17569816 total
- age   3:    1276576 bytes,   18846392 total
- age   4:      70584 bytes,   18916976 total
- age   5:      63880 bytes,   18980856 total
- age   6:      80904 bytes,   19061760 total
- age   7:    1601408 bytes,   20663168 total
- age   8:    1057192 bytes,   21720360 total
: 95341K->21824K(109248K), 0.0161971 secs] 106947K->33670K(502464K), 0.0162602 secs] [Times: user=0.06 sys=0.00, real=0.02 secs] 
Heap after GC invocations=17 (full 1):
 par new generation   total 109248K, used 21824K [0x07600000, 0x0f600000, 0x0f600000)
  eden space 87424K,   0% used [0x07600000, 0x07600000, 0x0cb60000)
  from space 21824K, 100% used [0x0e0b0000, 0x0f600000, 0x0f600000)
  to   space 21824K,   0% used [0x0cb60000, 0x0cb60000, 0x0e0b0000)
 concurrent mark-sweep generation total 393216K, used 11846K [0x0f600000, 0x27600000, 0x27600000)
 Metaspace       used 26607K, capacity 27556K, committed 27648K, reserved 28032K
}
2019-04-10T14:57:07.248-0600: 22.584: Total time for which application threads were stopped: 0.0164841 seconds, Stopping threads took: 0.0000215 seconds
2019-04-10T14:57:07.287-0600: 22.623: Total time for which application threads were stopped: 0.0001238 seconds, Stopping threads took: 0.0000328 seconds
2019-04-10T14:57:07.335-0600: 22.671: Total time for which application threads were stopped: 0.0001273 seconds, Stopping threads took: 0.0000465 seconds
2019-04-10T14:57:07.371-0600: 22.707: Total time for which application threads were stopped: 0.0001259 seconds, Stopping threads took: 0.0000328 seconds
2019-04-10T14:57:07.372-0600: 22.708: Total time for which application threads were stopped: 0.0001848 seconds, Stopping threads took: 0.0001068 seconds
2019-04-10T14:57:07.373-0600: 22.709: Total time for which application threads were stopped: 0.0002355 seconds, Stopping threads took: 0.0001675 seconds
2019-04-10T14:57:07.373-0600: 22.710: Total time for which application threads were stopped: 0.0001446 seconds, Stopping threads took: 0.0000807 seconds
2019-04-10T14:57:07.376-0600: 22.712: Total time for which application threads were stopped: 0.0001689 seconds, Stopping threads took: 0.0000688 seconds
2019-04-10T14:57:07.378-0600: 22.714: Total time for which application threads were stopped: 0.0001100 seconds, Stopping threads took: 0.0000384 seconds
2019-04-10T14:57:07.394-0600: 22.730: Total time for which application threads were stopped: 0.0001259 seconds, Stopping threads took: 0.0000430 seconds
2019-04-10T14:57:07.394-0600: 22.730: Total time for which application threads were stopped: 0.0001016 seconds, Stopping threads took: 0.0000451 seconds
2019-04-10T14:57:07.406-0600: 22.742: Total time for which application threads were stopped: 0.0002722 seconds, Stopping threads took: 0.0001731 seconds
2019-04-10T14:57:07.412-0600: 22.748: Total time for which application threads were stopped: 0.0000991 seconds, Stopping threads took: 0.0000279 seconds
2019-04-10T14:57:07.412-0600: 22.748: Total time for which application threads were stopped: 0.0001037 seconds, Stopping threads took: 0.0000324 seconds
2019-04-10T14:57:07.414-0600: 22.750: Total time for which application threads were stopped: 0.0001446 seconds, Stopping threads took: 0.0000480 seconds
2019-04-10T14:57:07.414-0600: 22.750: Total time for which application threads were stopped: 0.0001061 seconds, Stopping threads took: 0.0000536 seconds
2019-04-10T14:57:07.423-0600: 22.759: Total time for which application threads were stopped: 0.0001834 seconds, Stopping threads took: 0.0000568 seconds
2019-04-10T14:57:07.423-0600: 22.759: Total time for which application threads were stopped: 0.0000846 seconds, Stopping threads took: 0.0000243 seconds
2019-04-10T14:57:07.424-0600: 22.760: Total time for which application threads were stopped: 0.0001157 seconds, Stopping threads took: 0.0000409 seconds
2019-04-10T14:57:07.424-0600: 22.760: Total time for which application threads were stopped: 0.0000977 seconds, Stopping threads took: 0.0000324 seconds
2019-04-10T14:57:07.424-0600: 22.760: Total time for which application threads were stopped: 0.0001061 seconds, Stopping threads took: 0.0000547 seconds
2019-04-10T14:57:07.424-0600: 22.760: Total time for which application threads were stopped: 0.0000723 seconds, Stopping threads took: 0.0000307 seconds
2019-04-10T14:57:07.429-0600: 22.765: Total time for which application threads were stopped: 0.0002274 seconds, Stopping threads took: 0.0001358 seconds
2019-04-10T14:57:07.430-0600: 22.765: Total time for which application threads were stopped: 0.0001209 seconds, Stopping threads took: 0.0000568 seconds
2019-04-10T14:57:07.430-0600: 22.766: Total time for which application threads were stopped: 0.0000723 seconds, Stopping threads took: 0.0000162 seconds
2019-04-10T14:57:07.430-0600: 22.766: Total time for which application threads were stopped: 0.0000882 seconds, Stopping threads took: 0.0000226 seconds
2019-04-10T14:57:07.435-0600: 22.771: Total time for which application threads were stopped: 0.0001513 seconds, Stopping threads took: 0.0000829 seconds
2019-04-10T14:57:07.435-0600: 22.771: Total time for which application threads were stopped: 0.0000663 seconds, Stopping threads took: 0.0000240 seconds
2019-04-10T14:57:07.435-0600: 22.771: Total time for which application threads were stopped: 0.0001037 seconds, Stopping threads took: 0.0000564 seconds
2019-04-10T14:57:07.435-0600: 22.771: Total time for which application threads were stopped: 0.0000811 seconds, Stopping threads took: 0.0000437 seconds
2019-04-10T14:57:07.437-0600: 22.773: Total time for which application threads were stopped: 0.0002204 seconds, Stopping threads took: 0.0001619 seconds
2019-04-10T14:57:07.437-0600: 22.773: Total time for which application threads were stopped: 0.0001802 seconds, Stopping threads took: 0.0001428 seconds
2019-04-10T14:57:07.439-0600: 22.775: Total time for which application threads were stopped: 0.0002225 seconds, Stopping threads took: 0.0001157 seconds
2019-04-10T14:57:07.439-0600: 22.775: Total time for which application threads were stopped: 0.0001953 seconds, Stopping threads took: 0.0000469 seconds
2019-04-10T14:57:07.439-0600: 22.775: Total time for which application threads were stopped: 0.0001114 seconds, Stopping threads took: 0.0000430 seconds
2019-04-10T14:57:07.440-0600: 22.776: Total time for which application threads were stopped: 0.0001548 seconds, Stopping threads took: 0.0000712 seconds
2019-04-10T14:57:07.440-0600: 22.776: Total time for which application threads were stopped: 0.0002313 seconds, Stopping threads took: 0.0001509 seconds
2019-04-10T14:57:07.440-0600: 22.776: Total time for which application threads were stopped: 0.0000860 seconds, Stopping threads took: 0.0000402 seconds
2019-04-10T14:57:07.440-0600: 22.776: Total time for which application threads were stopped: 0.0001097 seconds, Stopping threads took: 0.0000645 seconds
2019-04-10T14:57:07.440-0600: 22.776: Total time for which application threads were stopped: 0.0000843 seconds, Stopping threads took: 0.0000448 seconds
2019-04-10T14:57:07.444-0600: 22.780: Total time for which application threads were stopped: 0.0001174 seconds, Stopping threads took: 0.0000317 seconds
2019-04-10T14:57:07.444-0600: 22.780: Total time for which application threads were stopped: 0.0000614 seconds, Stopping threads took: 0.0000183 seconds
2019-04-10T14:57:07.447-0600: 22.783: Total time for which application threads were stopped: 0.0003854 seconds, Stopping threads took: 0.0002951 seconds
2019-04-10T14:57:07.451-0600: 22.787: Total time for which application threads were stopped: 0.0002768 seconds, Stopping threads took: 0.0002179 seconds
2019-04-10T14:57:07.451-0600: 22.787: Total time for which application threads were stopped: 0.0002243 seconds, Stopping threads took: 0.0001805 seconds
2019-04-10T14:57:07.451-0600: 22.787: Total time for which application threads were stopped: 0.0000917 seconds, Stopping threads took: 0.0000314 seconds
2019-04-10T14:57:07.451-0600: 22.787: Total time for which application threads were stopped: 0.0000702 seconds, Stopping threads took: 0.0000197 seconds
2019-04-10T14:57:07.453-0600: 22.789: Total time for which application threads were stopped: 0.0002881 seconds, Stopping threads took: 0.0002250 seconds
2019-04-10T14:57:07.453-0600: 22.789: Total time for which application threads were stopped: 0.0002634 seconds, Stopping threads took: 0.0002204 seconds
2019-04-10T14:57:07.469-0600: 22.805: Total time for which application threads were stopped: 0.0001174 seconds, Stopping threads took: 0.0000257 seconds
2019-04-10T14:57:07.481-0600: 22.817: Total time for which application threads were stopped: 0.0001396 seconds, Stopping threads took: 0.0000321 seconds
2019-04-10T14:57:07.481-0600: 22.817: Total time for which application threads were stopped: 0.0000758 seconds, Stopping threads took: 0.0000268 seconds
2019-04-10T14:57:07.481-0600: 22.817: Total time for which application threads were stopped: 0.0000659 seconds, Stopping threads took: 0.0000250 seconds
2019-04-10T14:57:07.481-0600: 22.817: Total time for which application threads were stopped: 0.0000599 seconds, Stopping threads took: 0.0000222 seconds
2019-04-10T14:57:07.481-0600: 22.817: Total time for which application threads were stopped: 0.0000684 seconds, Stopping threads took: 0.0000229 seconds
2019-04-10T14:57:07.484-0600: 22.820: Total time for which application threads were stopped: 0.0000765 seconds, Stopping threads took: 0.0000215 seconds
2019-04-10T14:57:07.484-0600: 22.820: Total time for which application threads were stopped: 0.0000465 seconds, Stopping threads took: 0.0000120 seconds
2019-04-10T14:57:07.484-0600: 22.820: Total time for which application threads were stopped: 0.0000420 seconds, Stopping threads took: 0.0000113 seconds
2019-04-10T14:57:07.500-0600: 22.836: Total time for which application threads were stopped: 0.0000987 seconds, Stopping threads took: 0.0000212 seconds
2019-04-10T14:57:07.500-0600: 22.836: Total time for which application threads were stopped: 0.0000621 seconds, Stopping threads took: 0.0000123 seconds
2019-04-10T14:57:07.502-0600: 22.838: Total time for which application threads were stopped: 0.0000913 seconds, Stopping threads took: 0.0000342 seconds
2019-04-10T14:57:07.502-0600: 22.838: Total time for which application threads were stopped: 0.0000857 seconds, Stopping threads took: 0.0000173 seconds
2019-04-10T14:57:07.502-0600: 22.838: Total time for which application threads were stopped: 0.0000751 seconds, Stopping threads took: 0.0000286 seconds
2019-04-10T14:57:07.502-0600: 22.838: Total time for which application threads were stopped: 0.0000663 seconds, Stopping threads took: 0.0000240 seconds
2019-04-10T14:57:07.502-0600: 22.838: Total time for which application threads were stopped: 0.0000628 seconds, Stopping threads took: 0.0000226 seconds
2019-04-10T14:57:07.506-0600: 22.842: Total time for which application threads were stopped: 0.0000832 seconds, Stopping threads took: 0.0000219 seconds
2019-04-10T14:57:07.507-0600: 22.843: Total time for which application threads were stopped: 0.0000607 seconds, Stopping threads took: 0.0000141 seconds
2019-04-10T14:57:07.507-0600: 22.843: Total time for which application threads were stopped: 0.0000469 seconds, Stopping threads took: 0.0000120 seconds
2019-04-10T14:57:07.507-0600: 22.843: Total time for which application threads were stopped: 0.0000437 seconds, Stopping threads took: 0.0000109 seconds
2019-04-10T14:57:07.507-0600: 22.843: Total time for which application threads were stopped: 0.0000529 seconds, Stopping threads took: 0.0000141 seconds
2019-04-10T14:57:07.507-0600: 22.843: Total time for which application threads were stopped: 0.0000504 seconds, Stopping threads took: 0.0000141 seconds
2019-04-10T14:57:07.507-0600: 22.843: Total time for which application threads were stopped: 0.0000451 seconds, Stopping threads took: 0.0000113 seconds
2019-04-10T14:57:07.509-0600: 22.846: Total time for which application threads were stopped: 0.0000705 seconds, Stopping threads took: 0.0000194 seconds
2019-04-10T14:57:07.510-0600: 22.846: Total time for which application threads were stopped: 0.0000554 seconds, Stopping threads took: 0.0000166 seconds
2019-04-10T14:57:07.512-0600: 22.848: Total time for which application threads were stopped: 0.0000677 seconds, Stopping threads took: 0.0000148 seconds
2019-04-10T14:57:07.512-0600: 22.848: Total time for which application threads were stopped: 0.0000571 seconds, Stopping threads took: 0.0000138 seconds
2019-04-10T14:57:07.512-0600: 22.849: Total time for which application threads were stopped: 0.0000561 seconds, Stopping threads took: 0.0000169 seconds
2019-04-10T14:57:07.513-0600: 22.849: Total time for which application threads were stopped: 0.0000522 seconds, Stopping threads took: 0.0000138 seconds
2019-04-10T14:57:07.513-0600: 22.849: Total time for which application threads were stopped: 0.0000462 seconds, Stopping threads took: 0.0000123 seconds
2019-04-10T14:57:07.513-0600: 22.849: Total time for which application threads were stopped: 0.0000885 seconds, Stopping threads took: 0.0000476 seconds
2019-04-10T14:57:07.513-0600: 22.849: Total time for which application threads were stopped: 0.0000465 seconds, Stopping threads took: 0.0000120 seconds
2019-04-10T14:57:07.513-0600: 22.849: Total time for which application threads were stopped: 0.0000455 seconds, Stopping threads took: 0.0000120 seconds
2019-04-10T14:57:07.513-0600: 22.849: Total time for which application threads were stopped: 0.0000483 seconds, Stopping threads took: 0.0000127 seconds
2019-04-10T14:57:07.513-0600: 22.849: Total time for which application threads were stopped: 0.0001499 seconds, Stopping threads took: 0.0000127 seconds
2019-04-10T14:57:07.513-0600: 22.850: Total time for which application threads were stopped: 0.0000681 seconds, Stopping threads took: 0.0000293 seconds
2019-04-10T14:57:07.518-0600: 22.854: Total time for which application threads were stopped: 0.0000779 seconds, Stopping threads took: 0.0000222 seconds
2019-04-10T14:57:07.518-0600: 22.855: Total time for which application threads were stopped: 0.0000575 seconds, Stopping threads took: 0.0000134 seconds
2019-04-10T14:57:07.526-0600: 22.863: Total time for which application threads were stopped: 0.0000878 seconds, Stopping threads took: 0.0000261 seconds
2019-04-10T14:57:07.527-0600: 22.863: Total time for which application threads were stopped: 0.0000815 seconds, Stopping threads took: 0.0000264 seconds
2019-04-10T14:57:07.639-0600: 22.975: Total time for which application threads were stopped: 0.0002162 seconds, Stopping threads took: 0.0000296 seconds
2019-04-10T14:57:07.639-0600: 22.975: Total time for which application threads were stopped: 0.0001061 seconds, Stopping threads took: 0.0000187 seconds
2019-04-10T14:57:07.647-0600: 22.983: Total time for which application threads were stopped: 0.0000740 seconds, Stopping threads took: 0.0000205 seconds
2019-04-10T14:57:07.752-0600: 23.089: Total time for which application threads were stopped: 0.0001118 seconds, Stopping threads took: 0.0000279 seconds
2019-04-10T14:57:07.753-0600: 23.089: Total time for which application threads were stopped: 0.0000889 seconds, Stopping threads took: 0.0000240 seconds
2019-04-10T14:57:07.755-0600: 23.091: Total time for which application threads were stopped: 0.0001788 seconds, Stopping threads took: 0.0000800 seconds
2019-04-10T14:57:08.417-0600: 23.754: Total time for which application threads were stopped: 0.0002341 seconds, Stopping threads took: 0.0000596 seconds
2019-04-10T14:57:08.418-0600: 23.754: Total time for which application threads were stopped: 0.0001421 seconds, Stopping threads took: 0.0000236 seconds
2019-04-10T14:57:08.422-0600: 23.759: Total time for which application threads were stopped: 0.0003233 seconds, Stopping threads took: 0.0000335 seconds
2019-04-10T14:57:08.447-0600: 23.784: Total time for which application threads were stopped: 0.0002902 seconds, Stopping threads took: 0.0001224 seconds
2019-04-10T14:57:08.455-0600: 23.791: Total time for which application threads were stopped: 0.0000867 seconds, Stopping threads took: 0.0000236 seconds
2019-04-10T14:57:08.456-0600: 23.792: Total time for which application threads were stopped: 0.0000695 seconds, Stopping threads took: 0.0000155 seconds
2019-04-10T14:57:08.562-0600: 23.898: Total time for which application threads were stopped: 0.0002793 seconds, Stopping threads took: 0.0000522 seconds
2019-04-10T14:57:08.564-0600: 23.900: Total time for which application threads were stopped: 0.0000839 seconds, Stopping threads took: 0.0000240 seconds
2019-04-10T14:57:09.249-0600: 24.585: [GC (CMS Initial Mark) [1 CMS-initial-mark: 11846K(393216K)] 104433K(502464K), 0.0106825 secs] [Times: user=0.06 sys=0.00, real=0.01 secs] 
2019-04-10T14:57:09.260-0600: 24.596: Total time for which application threads were stopped: 0.0109262 seconds, Stopping threads took: 0.0000264 seconds
2019-04-10T14:57:09.260-0600: 24.596: [CMS-concurrent-mark-start]
2019-04-10T14:57:09.266-0600: 24.602: [CMS-concurrent-mark: 0.006/0.006 secs] [Times: user=0.00 sys=0.00, real=0.01 secs] 
2019-04-10T14:57:09.266-0600: 24.602: [CMS-concurrent-preclean-start]
2019-04-10T14:57:09.268-0600: 24.604: [CMS-concurrent-preclean: 0.002/0.002 secs] [Times: user=0.00 sys=0.00, real=0.00 secs] 
2019-04-10T14:57:09.268-0600: 24.604: [CMS-concurrent-abortable-preclean-start]
2019-04-10T14:57:11.070-0600: 26.406: Total time for which application threads were stopped: 0.0001834 seconds, Stopping threads took: 0.0000226 seconds
2019-04-10T14:57:11.074-0600: 26.410: Total time for which application threads were stopped: 0.0001206 seconds, Stopping threads took: 0.0000374 seconds
2019-04-10T14:57:11.081-0600: 26.417: Total time for which application threads were stopped: 0.0001513 seconds, Stopping threads took: 0.0000427 seconds
2019-04-10T14:57:11.082-0600: 26.418: Total time for which application threads were stopped: 0.0000666 seconds, Stopping threads took: 0.0000162 seconds
2019-04-10T14:57:11.082-0600: 26.418: Total time for which application threads were stopped: 0.0001220 seconds, Stopping threads took: 0.0000793 seconds
2019-04-10T14:57:11.082-0600: 26.418: Total time for which application threads were stopped: 0.0001573 seconds, Stopping threads took: 0.0000966 seconds
2019-04-10T14:57:11.082-0600: 26.418: Total time for which application threads were stopped: 0.0000815 seconds, Stopping threads took: 0.0000339 seconds
2019-04-10T14:57:11.082-0600: 26.418: Total time for which application threads were stopped: 0.0000966 seconds, Stopping threads took: 0.0000487 seconds
2019-04-10T14:57:11.083-0600: 26.419: Total time for which application threads were stopped: 0.0000705 seconds, Stopping threads took: 0.0000219 seconds
2019-04-10T14:57:11.083-0600: 26.419: Total time for which application threads were stopped: 0.0000779 seconds, Stopping threads took: 0.0000176 seconds
2019-04-10T14:57:11.083-0600: 26.419: Total time for which application threads were stopped: 0.0000631 seconds, Stopping threads took: 0.0000279 seconds
2019-04-10T14:57:11.083-0600: 26.419: Total time for which application threads were stopped: 0.0001396 seconds, Stopping threads took: 0.0000413 seconds
2019-04-10T14:57:11.083-0600: 26.419: Total time for which application threads were stopped: 0.0001509 seconds, Stopping threads took: 0.0000903 seconds
2019-04-10T14:57:11.083-0600: 26.419: Total time for which application threads were stopped: 0.0002267 seconds, Stopping threads took: 0.0001492 seconds
2019-04-10T14:57:11.084-0600: 26.420: Total time for which application threads were stopped: 0.0001164 seconds, Stopping threads took: 0.0000790 seconds
2019-04-10T14:57:11.084-0600: 26.420: Total time for which application threads were stopped: 0.0002214 seconds, Stopping threads took: 0.0001315 seconds
2019-04-10T14:57:11.084-0600: 26.420: Total time for which application threads were stopped: 0.0001361 seconds, Stopping threads took: 0.0000807 seconds
2019-04-10T14:57:11.084-0600: 26.420: Total time for which application threads were stopped: 0.0001121 seconds, Stopping threads took: 0.0000321 seconds
2019-04-10T14:57:11.084-0600: 26.420: Total time for which application threads were stopped: 0.0001171 seconds, Stopping threads took: 0.0000370 seconds
2019-04-10T14:57:11.085-0600: 26.421: Total time for which application threads were stopped: 0.0001241 seconds, Stopping threads took: 0.0000751 seconds
2019-04-10T14:57:11.085-0600: 26.421: Total time for which application threads were stopped: 0.0000892 seconds, Stopping threads took: 0.0000377 seconds
2019-04-10T14:57:11.085-0600: 26.421: Total time for which application threads were stopped: 0.0000829 seconds, Stopping threads took: 0.0000321 seconds
2019-04-10T14:57:11.085-0600: 26.421: Total time for which application threads were stopped: 0.0000931 seconds, Stopping threads took: 0.0000289 seconds
2019-04-10T14:57:11.085-0600: 26.421: Total time for which application threads were stopped: 0.0002966 seconds, Stopping threads took: 0.0001086 seconds
 CMS: abort preclean due to time 2019-04-10T14:57:15.292-0600: 30.628: [CMS-concurrent-abortable-preclean: 3.016/6.024 secs] [Times: user=3.02 sys=0.00, real=6.02 secs] 
2019-04-10T14:57:15.292-0600: 30.628: [GC (CMS Final Remark) [YG occupancy: 93981 K (109248 K)]{Heap before GC invocations=17 (full 2):
 par new generation   total 109248K, used 93981K [0x07600000, 0x0f600000, 0x0f600000)
  eden space 87424K,  82% used [0x07600000, 0x0bc777d0, 0x0cb60000)
  from space 21824K, 100% used [0x0e0b0000, 0x0f600000, 0x0f600000)
  to   space 21824K,   0% used [0x0cb60000, 0x0cb60000, 0x0e0b0000)
 concurrent mark-sweep generation total 393216K, used 11846K [0x0f600000, 0x27600000, 0x27600000)
 Metaspace       used 28398K, capacity 29432K, committed 29440K, reserved 30080K
2019-04-10T14:57:15.293-0600: 30.629: [GC (CMS Final Remark) 2019-04-10T14:57:15.293-0600: 30.629: [ParNew
Desired survivor size 20112996 bytes, new threshold 4 (max 8)
- age   1:    6508352 bytes,    6508352 total
- age   2:   11682824 bytes,   18191176 total
- age   3:     751488 bytes,   18942664 total
- age   4:    1273992 bytes,   20216656 total
- age   5:      70560 bytes,   20287216 total
- age   6:      63880 bytes,   20351096 total
- age   7:      80904 bytes,   20432000 total
: 93981K->21824K(109248K), 0.0213559 secs] 105828K->37835K(502464K), 0.0214250 secs] [Times: user=0.06 sys=0.00, real=0.02 secs] 
Heap after GC invocations=18 (full 2):
 par new generation   total 109248K, used 21824K [0x07600000, 0x0f600000, 0x0f600000)
  eden space 87424K,   0% used [0x07600000, 0x07600000, 0x0cb60000)
  from space 21824K, 100% used [0x0cb60000, 0x0e0b0000, 0x0e0b0000)
  to   space 21824K,   0% used [0x0e0b0000, 0x0e0b0000, 0x0f600000)
 concurrent mark-sweep generation total 393216K, used 16011K [0x0f600000, 0x27600000, 0x27600000)
 Metaspace       used 28398K, capacity 29432K, committed 29440K, reserved 30080K
}
2019-04-10T14:57:15.314-0600: 30.650: [Rescan (parallel) , 0.0069765 secs]2019-04-10T14:57:15.321-0600: 30.657: [weak refs processing, 0.0014711 secs]2019-04-10T14:57:15.322-0600: 30.658: [class unloading, 0.0033968 secs]2019-04-10T14:57:15.326-0600: 30.662: [scrub symbol table, 0.0048993 secs]2019-04-10T14:57:15.331-0600: 30.667: [scrub string table, 0.0002472 secs][1 CMS-remark: 16011K(393216K)] 37835K(502464K), 0.0391045 secs] [Times: user=0.13 sys=0.00, real=0.04 secs] 
2019-04-10T14:57:15.332-0600: 30.668: Total time for which application threads were stopped: 0.0393496 seconds, Stopping threads took: 0.0000300 seconds
2019-04-10T14:57:15.332-0600: 30.668: [CMS-concurrent-sweep-start]
2019-04-10T14:57:15.332-0600: 30.668: Total time for which application threads were stopped: 0.0001957 seconds, Stopping threads took: 0.0001329 seconds
2019-04-10T14:57:15.332-0600: 30.668: Total time for which application threads were stopped: 0.0000716 seconds, Stopping threads took: 0.0000166 seconds
2019-04-10T14:57:15.332-0600: 30.668: Total time for which application threads were stopped: 0.0000994 seconds, Stopping threads took: 0.0000215 seconds
2019-04-10T14:57:15.333-0600: 30.669: Total time for which application threads were stopped: 0.0000518 seconds, Stopping threads took: 0.0000130 seconds
2019-04-10T14:57:15.333-0600: 30.669: Total time for which application threads were stopped: 0.0000416 seconds, Stopping threads took: 0.0000092 seconds
2019-04-10T14:57:15.333-0600: 30.669: Total time for which application threads were stopped: 0.0000673 seconds, Stopping threads took: 0.0000152 seconds
2019-04-10T14:57:15.333-0600: 30.669: Total time for which application threads were stopped: 0.0000927 seconds, Stopping threads took: 0.0000155 seconds
2019-04-10T14:57:15.333-0600: 30.669: Total time for which application threads were stopped: 0.0000751 seconds, Stopping threads took: 0.0000102 seconds
2019-04-10T14:57:15.333-0600: 30.669: Total time for which application threads were stopped: 0.0000973 seconds, Stopping threads took: 0.0000138 seconds
2019-04-10T14:57:15.334-0600: 30.670: Total time for which application threads were stopped: 0.0000614 seconds, Stopping threads took: 0.0000130 seconds
2019-04-10T14:57:15.334-0600: 30.670: Total time for which application threads were stopped: 0.0000554 seconds, Stopping threads took: 0.0000092 seconds
2019-04-10T14:57:15.334-0600: 30.670: Total time for which application threads were stopped: 0.0000575 seconds, Stopping threads took: 0.0000106 seconds
2019-04-10T14:57:15.334-0600: 30.670: Total time for which application threads were stopped: 0.0000473 seconds, Stopping threads took: 0.0000123 seconds
2019-04-10T14:57:15.334-0600: 30.670: Total time for which application threads were stopped: 0.0000628 seconds, Stopping threads took: 0.0000134 seconds
2019-04-10T14:57:15.334-0600: 30.670: Total time for which application threads were stopped: 0.0000776 seconds, Stopping threads took: 0.0000102 seconds
2019-04-10T14:57:15.335-0600: 30.671: Total time for which application threads were stopped: 0.0000451 seconds, Stopping threads took: 0.0000123 seconds
2019-04-10T14:57:15.335-0600: 30.671: Total time for which application threads were stopped: 0.0000987 seconds, Stopping threads took: 0.0000123 seconds
2019-04-10T14:57:15.335-0600: 30.671: Total time for which application threads were stopped: 0.0000455 seconds, Stopping threads took: 0.0000106 seconds
2019-04-10T14:57:15.335-0600: 30.671: Total time for which application threads were stopped: 0.0000811 seconds, Stopping threads took: 0.0000127 seconds
2019-04-10T14:57:15.335-0600: 30.671: Total time for which application threads were stopped: 0.0000970 seconds, Stopping threads took: 0.0000120 seconds
2019-04-10T14:57:15.335-0600: 30.671: Total time for which application threads were stopped: 0.0000645 seconds, Stopping threads took: 0.0000106 seconds
2019-04-10T14:57:15.336-0600: 30.672: Total time for which application threads were stopped: 0.0000815 seconds, Stopping threads took: 0.0000127 seconds
2019-04-10T14:57:15.336-0600: 30.672: Total time for which application threads were stopped: 0.0000550 seconds, Stopping threads took: 0.0000229 seconds
2019-04-10T14:57:15.336-0600: 30.672: Total time for which application threads were stopped: 0.0000540 seconds, Stopping threads took: 0.0000095 seconds
2019-04-10T14:57:15.336-0600: 30.672: Total time for which application threads were stopped: 0.0000554 seconds, Stopping threads took: 0.0000113 seconds
2019-04-10T14:57:15.336-0600: 30.672: Total time for which application threads were stopped: 0.0000599 seconds, Stopping threads took: 0.0000155 seconds
2019-04-10T14:57:15.336-0600: 30.672: Total time for which application threads were stopped: 0.0000557 seconds, Stopping threads took: 0.0000102 seconds
2019-04-10T14:57:15.336-0600: 30.672: Total time for which application threads were stopped: 0.0000610 seconds, Stopping threads took: 0.0000145 seconds
2019-04-10T14:57:15.336-0600: 30.673: Total time for which application threads were stopped: 0.0000564 seconds, Stopping threads took: 0.0000106 seconds
2019-04-10T14:57:15.337-0600: 30.673: Total time for which application threads were stopped: 0.0000603 seconds, Stopping threads took: 0.0000127 seconds
2019-04-10T14:57:15.337-0600: 30.673: Total time for which application threads were stopped: 0.0000614 seconds, Stopping threads took: 0.0000162 seconds
2019-04-10T14:57:15.337-0600: 30.673: Total time for which application threads were stopped: 0.0002225 seconds, Stopping threads took: 0.0000113 seconds
2019-04-10T14:57:15.337-0600: 30.673: Total time for which application threads were stopped: 0.0000748 seconds, Stopping threads took: 0.0000102 seconds
2019-04-10T14:57:15.337-0600: 30.673: Total time for which application threads were stopped: 0.0000561 seconds, Stopping threads took: 0.0000113 seconds
2019-04-10T14:57:15.337-0600: 30.673: Total time for which application threads were stopped: 0.0000529 seconds, Stopping threads took: 0.0000088 seconds
2019-04-10T14:57:15.337-0600: 30.673: Total time for which application threads were stopped: 0.0000543 seconds, Stopping threads took: 0.0000109 seconds
2019-04-10T14:57:15.337-0600: 30.674: Total time for which application threads were stopped: 0.0000663 seconds, Stopping threads took: 0.0000088 seconds
2019-04-10T14:57:15.338-0600: 30.674: Total time for which application threads were stopped: 0.0000977 seconds, Stopping threads took: 0.0000155 seconds
2019-04-10T14:57:15.338-0600: 30.674: Total time for which application threads were stopped: 0.0000663 seconds, Stopping threads took: 0.0000176 seconds
2019-04-10T14:57:15.338-0600: 30.674: Total time for which application threads were stopped: 0.0000455 seconds, Stopping threads took: 0.0000120 seconds
2019-04-10T14:57:15.338-0600: 30.674: Total time for which application threads were stopped: 0.0001319 seconds, Stopping threads took: 0.0000092 seconds
2019-04-10T14:57:15.338-0600: 30.674: Total time for which application threads were stopped: 0.0000557 seconds, Stopping threads took: 0.0000113 seconds
2019-04-10T14:57:15.338-0600: 30.675: Total time for which application threads were stopped: 0.0000564 seconds, Stopping threads took: 0.0000130 seconds
2019-04-10T14:57:15.339-0600: 30.675: Total time for which application threads were stopped: 0.0000568 seconds, Stopping threads took: 0.0000173 seconds
2019-04-10T14:57:15.339-0600: 30.675: Total time for which application threads were stopped: 0.0000441 seconds, Stopping threads took: 0.0000113 seconds
2019-04-10T14:57:15.339-0600: 30.675: Total time for which application threads were stopped: 0.0001209 seconds, Stopping threads took: 0.0000141 seconds
2019-04-10T14:57:15.342-0600: 30.678: [CMS-concurrent-sweep: 0.006/0.011 secs] [Times: user=0.03 sys=0.00, real=0.01 secs] 
2019-04-10T14:57:15.342-0600: 30.678: [CMS-concurrent-reset-start]
2019-04-10T14:57:15.343-0600: 30.679: [CMS-concurrent-reset: 0.001/0.001 secs] [Times: user=0.00 sys=0.00, real=0.00 secs] 
2019-04-10T14:57:16.339-0600: 31.675: Total time for which application threads were stopped: 0.0002680 seconds, Stopping threads took: 0.0000346 seconds
2019-04-10T14:57:17.340-0600: 32.676: Total time for which application threads were stopped: 0.0003643 seconds, Stopping threads took: 0.0000681 seconds
2019-04-10T14:57:29.343-0600: 44.679: Total time for which application threads were stopped: 0.0002588 seconds, Stopping threads took: 0.0000402 seconds
2019-04-10T14:57:39.346-0600: 54.681: Total time for which application threads were stopped: 0.0002331 seconds, Stopping threads took: 0.0000377 seconds
2019-04-10T14:57:49.974-0600: 65.309: Total time for which application threads were stopped: 0.0002151 seconds, Stopping threads took: 0.0000279 seconds
2019-04-10T14:57:50.016-0600: 65.351: Total time for which application threads were stopped: 0.0000811 seconds, Stopping threads took: 0.0000240 seconds
2019-04-10T14:57:51.016-0600: 66.351: Total time for which application threads were stopped: 0.0001841 seconds, Stopping threads took: 0.0000268 seconds
2019-04-10T14:58:10.020-0600: 85.355: Total time for which application threads were stopped: 0.0001742 seconds, Stopping threads took: 0.0000279 seconds
2019-04-10T14:58:29.076-0600: 104.410: Total time for which application threads were stopped: 0.0001904 seconds, Stopping threads took: 0.0000243 seconds
2019-04-10T14:58:51.084-0600: 126.417: Total time for which application threads were stopped: 0.0002750 seconds, Stopping threads took: 0.0000628 seconds
2019-04-10T14:59:05.488-0600: 140.820: Total time for which application threads were stopped: 0.0002539 seconds, Stopping threads took: 0.0000913 seconds
2019-04-10T14:59:05.494-0600: 140.827: Total time for which application threads were stopped: 0.0001044 seconds, Stopping threads took: 0.0000444 seconds
2019-04-10T14:59:05.515-0600: 140.848: Total time for which application threads were stopped: 0.0001287 seconds, Stopping threads took: 0.0000360 seconds
2019-04-10T14:59:05.568-0600: 140.901: Total time for which application threads were stopped: 0.0000987 seconds, Stopping threads took: 0.0000363 seconds
2019-04-10T14:59:05.616-0600: 140.950: Total time for which application threads were stopped: 0.0000903 seconds, Stopping threads took: 0.0000250 seconds
2019-04-10T14:59:05.634-0600: 140.967: Total time for which application threads were stopped: 0.0001075 seconds, Stopping threads took: 0.0000212 seconds
2019-04-10T14:59:17.637-0600: 152.970: Total time for which application threads were stopped: 0.0001767 seconds, Stopping threads took: 0.0000395 seconds
2019-04-10T14:59:50.652-0600: 185.984: Total time for which application threads were stopped: 0.0002500 seconds, Stopping threads took: 0.0000430 seconds
2019-04-10T14:59:51.653-0600: 186.985: Total time for which application threads were stopped: 0.0001908 seconds, Stopping threads took: 0.0000264 seconds
2019-04-10T15:00:13.666-0600: 208.997: Total time for which application threads were stopped: 0.0002772 seconds, Stopping threads took: 0.0000571 seconds
2019-04-10T15:00:51.687-0600: 247.018: Total time for which application threads were stopped: 0.0002504 seconds, Stopping threads took: 0.0000346 seconds
2019-04-10T15:01:07.693-0600: 263.023: Total time for which application threads were stopped: 0.0001834 seconds, Stopping threads took: 0.0000293 seconds
2019-04-10T15:01:51.713-0600: 307.043: Total time for which application threads were stopped: 0.0002444 seconds, Stopping threads took: 0.0000300 seconds
2019-04-10T15:02:05.719-0600: 321.049: Total time for which application threads were stopped: 0.0002380 seconds, Stopping threads took: 0.0000458 seconds
2019-04-10T15:02:23.728-0600: 339.058: Total time for which application threads were stopped: 0.0002260 seconds, Stopping threads took: 0.0000420 seconds
2019-04-10T15:02:27.730-0600: 343.060: Total time for which application threads were stopped: 0.0002214 seconds, Stopping threads took: 0.0000272 seconds
2019-04-10T15:02:29.731-0600: 345.061: Total time for which application threads were stopped: 0.0002137 seconds, Stopping threads took: 0.0000293 seconds
2019-04-10T15:02:51.740-0600: 367.070: Total time for which application threads were stopped: 0.0003861 seconds, Stopping threads took: 0.0000458 seconds
2019-04-10T15:03:51.768-0600: 427.097: Total time for which application threads were stopped: 0.0003121 seconds, Stopping threads took: 0.0000335 seconds
2019-04-10T15:03:52.769-0600: 428.098: Total time for which application threads were stopped: 0.0004136 seconds, Stopping threads took: 0.0000733 seconds
2019-04-10T15:03:53.769-0600: 429.099: Total time for which application threads were stopped: 0.0002514 seconds, Stopping threads took: 0.0000300 seconds
2019-04-10T15:03:55.770-0600: 431.100: Total time for which application threads were stopped: 0.0001904 seconds, Stopping threads took: 0.0000264 seconds
2019-04-10T15:03:57.771-0600: 433.100: Total time for which application threads were stopped: 0.0002024 seconds, Stopping threads took: 0.0000250 seconds
2019-04-10T15:03:59.772-0600: 435.101: Total time for which application threads were stopped: 0.0002377 seconds, Stopping threads took: 0.0000370 seconds
2019-04-10T15:04:00.772-0600: 436.101: Total time for which application threads were stopped: 0.0002514 seconds, Stopping threads took: 0.0000353 seconds
2019-04-10T15:04:01.773-0600: 437.102: Total time for which application threads were stopped: 0.0002017 seconds, Stopping threads took: 0.0000250 seconds
2019-04-10T15:04:02.774-0600: 438.103: Total time for which application threads were stopped: 0.0002740 seconds, Stopping threads took: 0.0000346 seconds
2019-04-10T15:04:03.774-0600: 439.104: Total time for which application threads were stopped: 0.0002006 seconds, Stopping threads took: 0.0000264 seconds
2019-04-10T15:04:04.775-0600: 440.104: Total time for which application threads were stopped: 0.0002285 seconds, Stopping threads took: 0.0000300 seconds
2019-04-10T15:04:07.775-0600: 443.104: Total time for which application threads were stopped: 0.0001911 seconds, Stopping threads took: 0.0000250 seconds
2019-04-10T15:04:11.777-0600: 447.106: Total time for which application threads were stopped: 0.0002056 seconds, Stopping threads took: 0.0000388 seconds
2019-04-10T15:04:12.778-0600: 448.107: Total time for which application threads were stopped: 0.0002197 seconds, Stopping threads took: 0.0000360 seconds
2019-04-10T15:04:17.781-0600: 453.111: Total time for which application threads were stopped: 0.0006961 seconds, Stopping threads took: 0.0001583 seconds
2019-04-10T15:04:19.782-0600: 455.111: Total time for which application threads were stopped: 0.0001936 seconds, Stopping threads took: 0.0000250 seconds
2019-04-10T15:04:20.782-0600: 456.112: Total time for which application threads were stopped: 0.0003191 seconds, Stopping threads took: 0.0000589 seconds
2019-04-10T15:04:23.783-0600: 459.112: Total time for which application threads were stopped: 0.0002003 seconds, Stopping threads took: 0.0000430 seconds
2019-04-10T15:04:35.791-0600: 471.120: Total time for which application threads were stopped: 0.0001957 seconds, Stopping threads took: 0.0000254 seconds
2019-04-10T15:04:37.791-0600: 473.120: Total time for which application threads were stopped: 0.0002264 seconds, Stopping threads took: 0.0000610 seconds
2019-04-10T15:04:46.796-0600: 482.125: Total time for which application threads were stopped: 0.0001654 seconds, Stopping threads took: 0.0000254 seconds
2019-04-10T15:04:52.798-0600: 488.126: Total time for which application threads were stopped: 0.0002539 seconds, Stopping threads took: 0.0000381 seconds
2019-04-10T15:04:53.798-0600: 489.127: Total time for which application threads were stopped: 0.0002087 seconds, Stopping threads took: 0.0000335 seconds
2019-04-10T15:04:59.799-0600: 495.128: Total time for which application threads were stopped: 0.0003607 seconds, Stopping threads took: 0.0000811 seconds
2019-04-10T15:05:05.800-0600: 501.129: Total time for which application threads were stopped: 0.0001985 seconds, Stopping threads took: 0.0000279 seconds
2019-04-10T15:05:13.802-0600: 509.131: Total time for which application threads were stopped: 0.0003628 seconds, Stopping threads took: 0.0000310 seconds
2019-04-10T15:05:14.177-0600: 509.506: Total time for which application threads were stopped: 0.0002391 seconds, Stopping threads took: 0.0000677 seconds
2019-04-10T15:05:14.178-0600: 509.506: Total time for which application threads were stopped: 0.0000719 seconds, Stopping threads took: 0.0000212 seconds
2019-04-10T15:05:14.178-0600: 509.507: Total time for which application threads were stopped: 0.0000483 seconds, Stopping threads took: 0.0000109 seconds
2019-04-10T15:05:14.178-0600: 509.507: Total time for which application threads were stopped: 0.0000473 seconds, Stopping threads took: 0.0000106 seconds
2019-04-10T15:05:14.178-0600: 509.507: Total time for which application threads were stopped: 0.0000465 seconds, Stopping threads took: 0.0000102 seconds
2019-04-10T15:05:14.179-0600: 509.508: Total time for which application threads were stopped: 0.0000716 seconds, Stopping threads took: 0.0000236 seconds
2019-04-10T15:05:14.179-0600: 509.508: Total time for which application threads were stopped: 0.0001291 seconds, Stopping threads took: 0.0000113 seconds
2019-04-10T15:05:15.179-0600: 510.508: Total time for which application threads were stopped: 0.0002881 seconds, Stopping threads took: 0.0000455 seconds
2019-04-10T15:05:16.179-0600: 511.508: Total time for which application threads were stopped: 0.0002377 seconds, Stopping threads took: 0.0000367 seconds
2019-04-10T15:05:18.038-0600: 513.366: Total time for which application threads were stopped: 0.0003145 seconds, Stopping threads took: 0.0000363 seconds
2019-04-10T15:05:18.038-0600: 513.367: Total time for which application threads were stopped: 0.0001329 seconds, Stopping threads took: 0.0000416 seconds
2019-04-10T15:05:18.038-0600: 513.367: Total time for which application threads were stopped: 0.0001269 seconds, Stopping threads took: 0.0000374 seconds
2019-04-10T15:05:18.038-0600: 513.367: Total time for which application threads were stopped: 0.0001065 seconds, Stopping threads took: 0.0000356 seconds
2019-04-10T15:05:18.039-0600: 513.367: Total time for which application threads were stopped: 0.0001033 seconds, Stopping threads took: 0.0000314 seconds
2019-04-10T15:05:18.039-0600: 513.367: Total time for which application threads were stopped: 0.0001199 seconds, Stopping threads took: 0.0000331 seconds
2019-04-10T15:05:18.039-0600: 513.368: Total time for which application threads were stopped: 0.0001276 seconds, Stopping threads took: 0.0000377 seconds
2019-04-10T15:05:19.039-0600: 514.368: Total time for which application threads were stopped: 0.0002380 seconds, Stopping threads took: 0.0000275 seconds
2019-04-10T15:05:30.800-0600: 526.129: Total time for which application threads were stopped: 0.0002556 seconds, Stopping threads took: 0.0000420 seconds
2019-04-10T15:05:30.807-0600: 526.136: Total time for which application threads were stopped: 0.0001425 seconds, Stopping threads took: 0.0000314 seconds
2019-04-10T15:05:30.808-0600: 526.136: Total time for which application threads were stopped: 0.0001231 seconds, Stopping threads took: 0.0000275 seconds
2019-04-10T15:05:30.820-0600: 526.148: Total time for which application threads were stopped: 0.0002190 seconds, Stopping threads took: 0.0000367 seconds
2019-04-10T15:05:30.823-0600: 526.151: Total time for which application threads were stopped: 0.0000966 seconds, Stopping threads took: 0.0000339 seconds
2019-04-10T15:05:30.823-0600: 526.152: Total time for which application threads were stopped: 0.0000860 seconds, Stopping threads took: 0.0000356 seconds
2019-04-10T15:05:30.827-0600: 526.156: Total time for which application threads were stopped: 0.0000878 seconds, Stopping threads took: 0.0000250 seconds
2019-04-10T15:05:31.827-0600: 527.156: Total time for which application threads were stopped: 0.0002564 seconds, Stopping threads took: 0.0000342 seconds
2019-04-10T15:05:33.828-0600: 529.156: Total time for which application threads were stopped: 0.0001943 seconds, Stopping threads took: 0.0000272 seconds
2019-04-10T15:05:41.744-0600: 537.072: Total time for which application threads were stopped: 0.0002387 seconds, Stopping threads took: 0.0000243 seconds
2019-04-10T15:05:41.751-0600: 537.079: Total time for which application threads were stopped: 0.0001294 seconds, Stopping threads took: 0.0000286 seconds
2019-04-10T15:05:42.081-0600: 537.410: Total time for which application threads were stopped: 0.0001601 seconds, Stopping threads took: 0.0000324 seconds
2019-04-10T15:05:42.081-0600: 537.410: Total time for which application threads were stopped: 0.0001012 seconds, Stopping threads took: 0.0000384 seconds
2019-04-10T15:05:42.085-0600: 537.413: Total time for which application threads were stopped: 0.0001061 seconds, Stopping threads took: 0.0000254 seconds
2019-04-10T15:05:42.089-0600: 537.417: Total time for which application threads were stopped: 0.0001812 seconds, Stopping threads took: 0.0000920 seconds
2019-04-10T15:05:43.145-0600: 538.474: Total time for which application threads were stopped: 0.0003378 seconds, Stopping threads took: 0.0000522 seconds
{Heap before GC invocations=18 (full 2):
 par new generation   total 109248K, used 109248K [0x07600000, 0x0f600000, 0x0f600000)
  eden space 87424K, 100% used [0x07600000, 0x0cb60000, 0x0cb60000)
  from space 21824K, 100% used [0x0cb60000, 0x0e0b0000, 0x0e0b0000)
  to   space 21824K,   0% used [0x0e0b0000, 0x0e0b0000, 0x0f600000)
 concurrent mark-sweep generation total 393216K, used 15591K [0x0f600000, 0x27600000, 0x27600000)
 Metaspace       used 29370K, capacity 30597K, committed 30720K, reserved 31104K
2019-04-10T15:05:43.175-0600: 538.503: [GC (Allocation Failure) 2019-04-10T15:05:43.175-0600: 538.503: [ParNew
Desired survivor size 20112996 bytes, new threshold 3 (max 8)
- age   1:    3343560 bytes,    3343560 total
- age   2:    5500488 bytes,    8844048 total
- age   3:   11682464 bytes,   20526512 total
- age   4:     751184 bytes,   21277696 total
: 109248K->21824K(109248K), 0.0191337 secs] 124839K->38891K(502464K), 0.0192402 secs] [Times: user=0.06 sys=0.00, real=0.02 secs] 
Heap after GC invocations=19 (full 2):
 par new generation   total 109248K, used 21824K [0x07600000, 0x0f600000, 0x0f600000)
  eden space 87424K,   0% used [0x07600000, 0x07600000, 0x0cb60000)
  from space 21824K, 100% used [0x0e0b0000, 0x0f600000, 0x0f600000)
  to   space 21824K,   0% used [0x0cb60000, 0x0cb60000, 0x0e0b0000)
 concurrent mark-sweep generation total 393216K, used 17067K [0x0f600000, 0x27600000, 0x27600000)
 Metaspace       used 29370K, capacity 30597K, committed 30720K, reserved 31104K
}
2019-04-10T15:05:43.194-0600: 538.522: Total time for which application threads were stopped: 0.0194955 seconds, Stopping threads took: 0.0000335 seconds
2019-04-10T15:05:43.194-0600: 538.523: Total time for which application threads were stopped: 0.0002137 seconds, Stopping threads took: 0.0001100 seconds
{Heap before GC invocations=19 (full 2):
 par new generation   total 109248K, used 109248K [0x07600000, 0x0f600000, 0x0f600000)
  eden space 87424K, 100% used [0x07600000, 0x0cb60000, 0x0cb60000)
  from space 21824K, 100% used [0x0e0b0000, 0x0f600000, 0x0f600000)
  to   space 21824K,   0% used [0x0cb60000, 0x0cb60000, 0x0e0b0000)
 concurrent mark-sweep generation total 393216K, used 17067K [0x0f600000, 0x27600000, 0x27600000)
 Metaspace       used 29374K, capacity 30599K, committed 30720K, reserved 31104K
2019-04-10T15:05:43.282-0600: 538.611: [GC (Allocation Failure) 2019-04-10T15:05:43.282-0600: 538.611: [ParNew
Desired survivor size 20112996 bytes, new threshold 8 (max 8)
- age   1:    1315160 bytes,    1315160 total
- age   2:    1863344 bytes,    3178504 total
- age   3:    5475912 bytes,    8654416 total
: 109248K->20406K(109248K), 0.0264967 secs] 126315K->51216K(502464K), 0.0265891 secs] [Times: user=0.06 sys=0.00, real=0.03 secs] 
Heap after GC invocations=20 (full 2):
 par new generation   total 109248K, used 20406K [0x07600000, 0x0f600000, 0x0f600000)
  eden space 87424K,   0% used [0x07600000, 0x07600000, 0x0cb60000)
  from space 21824K,  93% used [0x0cb60000, 0x0df4d8c0, 0x0e0b0000)
  to   space 21824K,   0% used [0x0e0b0000, 0x0e0b0000, 0x0f600000)
 concurrent mark-sweep generation total 393216K, used 30810K [0x0f600000, 0x27600000, 0x27600000)
 Metaspace       used 29374K, capacity 30599K, committed 30720K, reserved 31104K
}
2019-04-10T15:05:43.309-0600: 538.638: Total time for which application threads were stopped: 0.0269466 seconds, Stopping threads took: 0.0000487 seconds
2019-04-10T15:05:43.508-0600: 538.837: Total time for which application threads were stopped: 0.0001633 seconds, Stopping threads took: 0.0000473 seconds
{Heap before GC invocations=20 (full 2):
 par new generation   total 109248K, used 107830K [0x07600000, 0x0f600000, 0x0f600000)
  eden space 87424K, 100% used [0x07600000, 0x0cb60000, 0x0cb60000)
  from space 21824K,  93% used [0x0cb60000, 0x0df4d8c0, 0x0e0b0000)
  to   space 21824K,   0% used [0x0e0b0000, 0x0e0b0000, 0x0f600000)
 concurrent mark-sweep generation total 393216K, used 30810K [0x0f600000, 0x27600000, 0x27600000)
 Metaspace       used 29449K, capacity 30666K, committed 30720K, reserved 31104K
2019-04-10T15:05:43.537-0600: 538.866: [GC (Allocation Failure) 2019-04-10T15:05:43.537-0600: 538.866: [ParNew
Desired survivor size 20112996 bytes, new threshold 8 (max 8)
- age   1:     759952 bytes,     759952 total
- age   2:     115344 bytes,     875296 total
- age   3:    1858144 bytes,    2733440 total
- age   4:    5475944 bytes,    8209384 total
: 107830K->10137K(109248K), 0.0070097 secs] 138640K->40947K(502464K), 0.0070633 secs] [Times: user=0.00 sys=0.02, real=0.01 secs] 
Heap after GC invocations=21 (full 2):
 par new generation   total 109248K, used 10137K [0x07600000, 0x0f600000, 0x0f600000)
  eden space 87424K,   0% used [0x07600000, 0x07600000, 0x0cb60000)
  from space 21824K,  46% used [0x0e0b0000, 0x0ea96650, 0x0f600000)
  to   space 21824K,   0% used [0x0cb60000, 0x0cb60000, 0x0e0b0000)
 concurrent mark-sweep generation total 393216K, used 30810K [0x0f600000, 0x27600000, 0x27600000)
 Metaspace       used 29449K, capacity 30666K, committed 30720K, reserved 31104K
}
2019-04-10T15:05:43.545-0600: 538.873: Total time for which application threads were stopped: 0.0072625 seconds, Stopping threads took: 0.0000303 seconds
2019-04-10T15:05:43.649-0600: 538.978: Total time for which application threads were stopped: 0.0002733 seconds, Stopping threads took: 0.0000353 seconds
2019-04-10T15:05:43.667-0600: 538.995: Total time for which application threads were stopped: 0.0001587 seconds, Stopping threads took: 0.0000487 seconds
2019-04-10T15:05:43.797-0600: 539.125: Total time for which application threads were stopped: 0.0002475 seconds, Stopping threads took: 0.0001717 seconds
2019-04-10T15:05:43.797-0600: 539.126: Total time for which application threads were stopped: 0.0001185 seconds, Stopping threads took: 0.0000324 seconds
2019-04-10T15:05:43.797-0600: 539.126: Total time for which application threads were stopped: 0.0001795 seconds, Stopping threads took: 0.0000755 seconds
2019-04-10T15:05:43.802-0600: 539.131: Total time for which application threads were stopped: 0.0001492 seconds, Stopping threads took: 0.0000441 seconds
2019-04-10T15:05:43.806-0600: 539.135: Total time for which application threads were stopped: 0.0002151 seconds, Stopping threads took: 0.0000240 seconds
2019-04-10T15:05:43.911-0600: 539.239: Total time for which application threads were stopped: 0.0003635 seconds, Stopping threads took: 0.0000564 seconds
2019-04-10T15:05:43.973-0600: 539.302: Total time for which application threads were stopped: 0.0001421 seconds, Stopping threads took: 0.0000550 seconds
2019-04-10T15:05:44.012-0600: 539.341: Total time for which application threads were stopped: 0.0001837 seconds, Stopping threads took: 0.0000508 seconds
2019-04-10T15:05:44.012-0600: 539.341: Total time for which application threads were stopped: 0.0001075 seconds, Stopping threads took: 0.0000331 seconds
2019-04-10T15:05:44.013-0600: 539.341: Total time for which application threads were stopped: 0.0001227 seconds, Stopping threads took: 0.0000240 seconds
2019-04-10T15:05:44.013-0600: 539.341: Total time for which application threads were stopped: 0.0001269 seconds, Stopping threads took: 0.0000324 seconds
2019-04-10T15:05:44.013-0600: 539.342: Total time for which application threads were stopped: 0.0001262 seconds, Stopping threads took: 0.0000374 seconds
2019-04-10T15:05:44.014-0600: 539.343: Total time for which application threads were stopped: 0.0001051 seconds, Stopping threads took: 0.0000370 seconds
2019-04-10T15:05:44.014-0600: 539.343: Total time for which application threads were stopped: 0.0001269 seconds, Stopping threads took: 0.0000487 seconds
2019-04-10T15:05:44.014-0600: 539.343: Total time for which application threads were stopped: 0.0000941 seconds, Stopping threads took: 0.0000331 seconds
2019-04-10T15:05:44.014-0600: 539.343: Total time for which application threads were stopped: 0.0000822 seconds, Stopping threads took: 0.0000289 seconds
2019-04-10T15:05:44.015-0600: 539.343: Total time for which application threads were stopped: 0.0000818 seconds, Stopping threads took: 0.0000293 seconds
2019-04-10T15:05:44.015-0600: 539.343: Total time for which application threads were stopped: 0.0000702 seconds, Stopping threads took: 0.0000240 seconds
2019-04-10T15:05:44.015-0600: 539.343: Total time for which application threads were stopped: 0.0000751 seconds, Stopping threads took: 0.0000264 seconds
2019-04-10T15:05:44.015-0600: 539.343: Total time for which application threads were stopped: 0.0000800 seconds, Stopping threads took: 0.0000317 seconds
2019-04-10T15:05:45.015-0600: 540.344: Total time for which application threads were stopped: 0.0002130 seconds, Stopping threads took: 0.0000303 seconds
2019-04-10T15:05:47.015-0600: 542.344: Total time for which application threads were stopped: 0.0001950 seconds, Stopping threads took: 0.0000275 seconds
2019-04-10T15:05:48.016-0600: 543.344: Total time for which application threads were stopped: 0.0001932 seconds, Stopping threads took: 0.0000286 seconds
2019-04-10T15:05:49.016-0600: 544.345: Total time for which application threads were stopped: 0.0001982 seconds, Stopping threads took: 0.0000300 seconds
2019-04-10T15:05:50.017-0600: 545.345: Total time for which application threads were stopped: 0.0003114 seconds, Stopping threads took: 0.0000878 seconds
2019-04-10T15:05:52.184-0600: 547.513: Total time for which application threads were stopped: 0.0002013 seconds, Stopping threads took: 0.0000374 seconds
2019-04-10T15:05:52.192-0600: 547.521: Total time for which application threads were stopped: 0.0001432 seconds, Stopping threads took: 0.0000328 seconds
2019-04-10T15:05:53.192-0600: 548.521: Total time for which application threads were stopped: 0.0002634 seconds, Stopping threads took: 0.0000384 seconds
2019-04-10T15:05:54.640-0600: 549.969: Total time for which application threads were stopped: 0.0003851 seconds, Stopping threads took: 0.0000395 seconds
2019-04-10T15:05:54.646-0600: 549.975: Total time for which application threads were stopped: 0.0002172 seconds, Stopping threads took: 0.0000585 seconds
2019-04-10T15:05:54.646-0600: 549.975: Total time for which application threads were stopped: 0.0001901 seconds, Stopping threads took: 0.0001326 seconds
2019-04-10T15:05:54.647-0600: 549.976: Total time for which application threads were stopped: 0.0003932 seconds, Stopping threads took: 0.0002204 seconds
2019-04-10T15:05:54.648-0600: 549.976: Total time for which application threads were stopped: 0.0005229 seconds, Stopping threads took: 0.0003353 seconds
2019-04-10T15:05:54.653-0600: 549.982: Total time for which application threads were stopped: 0.0001128 seconds, Stopping threads took: 0.0000254 seconds
2019-04-10T15:05:54.657-0600: 549.985: Total time for which application threads were stopped: 0.0001506 seconds, Stopping threads took: 0.0000289 seconds
2019-04-10T15:05:54.664-0600: 549.993: Total time for which application threads were stopped: 0.0001611 seconds, Stopping threads took: 0.0000310 seconds
2019-04-10T15:05:54.668-0600: 549.996: Total time for which application threads were stopped: 0.0001615 seconds, Stopping threads took: 0.0000473 seconds
2019-04-10T15:05:54.668-0600: 549.997: Total time for which application threads were stopped: 0.0001738 seconds, Stopping threads took: 0.0000455 seconds
2019-04-10T15:05:54.672-0600: 550.000: Total time for which application threads were stopped: 0.0002151 seconds, Stopping threads took: 0.0000864 seconds
2019-04-10T15:05:54.674-0600: 550.002: Total time for which application threads were stopped: 0.0002430 seconds, Stopping threads took: 0.0000934 seconds
2019-04-10T15:05:54.678-0600: 550.006: Total time for which application threads were stopped: 0.0001823 seconds, Stopping threads took: 0.0000480 seconds
2019-04-10T15:05:54.678-0600: 550.007: Total time for which application threads were stopped: 0.0001322 seconds, Stopping threads took: 0.0000321 seconds
2019-04-10T15:05:54.678-0600: 550.007: Total time for which application threads were stopped: 0.0001467 seconds, Stopping threads took: 0.0000187 seconds
2019-04-10T15:05:54.679-0600: 550.007: Total time for which application threads were stopped: 0.0001100 seconds, Stopping threads took: 0.0000180 seconds
2019-04-10T15:05:54.679-0600: 550.007: Total time for which application threads were stopped: 0.0001058 seconds, Stopping threads took: 0.0000145 seconds
2019-04-10T15:05:54.679-0600: 550.007: Total time for which application threads were stopped: 0.0001276 seconds, Stopping threads took: 0.0000187 seconds
2019-04-10T15:05:54.679-0600: 550.008: Total time for which application threads were stopped: 0.0001075 seconds, Stopping threads took: 0.0000162 seconds
2019-04-10T15:05:54.679-0600: 550.008: Total time for which application threads were stopped: 0.0001019 seconds, Stopping threads took: 0.0000166 seconds
2019-04-10T15:05:54.682-0600: 550.010: Total time for which application threads were stopped: 0.0001619 seconds, Stopping threads took: 0.0000413 seconds
2019-04-10T15:05:54.688-0600: 550.016: Total time for which application threads were stopped: 0.0001604 seconds, Stopping threads took: 0.0000289 seconds
2019-04-10T15:05:54.689-0600: 550.017: Total time for which application threads were stopped: 0.0001939 seconds, Stopping threads took: 0.0000793 seconds
2019-04-10T15:05:54.689-0600: 550.017: Total time for which application threads were stopped: 0.0001248 seconds, Stopping threads took: 0.0000197 seconds
2019-04-10T15:05:54.689-0600: 550.018: Total time for which application threads were stopped: 0.0001858 seconds, Stopping threads took: 0.0000850 seconds
2019-04-10T15:05:54.689-0600: 550.018: Total time for which application threads were stopped: 0.0001774 seconds, Stopping threads took: 0.0000843 seconds
2019-04-10T15:05:54.690-0600: 550.018: Total time for which application threads were stopped: 0.0001224 seconds, Stopping threads took: 0.0000335 seconds
2019-04-10T15:05:54.690-0600: 550.019: Total time for which application threads were stopped: 0.0002031 seconds, Stopping threads took: 0.0000829 seconds
2019-04-10T15:05:54.690-0600: 550.019: Total time for which application threads were stopped: 0.0000800 seconds, Stopping threads took: 0.0000268 seconds
2019-04-10T15:05:54.690-0600: 550.019: Total time for which application threads were stopped: 0.0001259 seconds, Stopping threads took: 0.0000296 seconds
2019-04-10T15:05:54.692-0600: 550.021: Total time for which application threads were stopped: 0.0002087 seconds, Stopping threads took: 0.0000328 seconds
2019-04-10T15:05:54.693-0600: 550.021: Total time for which application threads were stopped: 0.0001742 seconds, Stopping threads took: 0.0000363 seconds
2019-04-10T15:05:54.727-0600: 550.056: Total time for which application threads were stopped: 0.0001573 seconds, Stopping threads took: 0.0000374 seconds
2019-04-10T15:05:54.736-0600: 550.064: Total time for which application threads were stopped: 0.0002059 seconds, Stopping threads took: 0.0000793 seconds
2019-04-10T15:05:54.739-0600: 550.067: Total time for which application threads were stopped: 0.0001816 seconds, Stopping threads took: 0.0000504 seconds
2019-04-10T15:05:54.863-0600: 550.192: Total time for which application threads were stopped: 0.0001562 seconds, Stopping threads took: 0.0000420 seconds
2019-04-10T15:05:55.864-0600: 551.193: Total time for which application threads were stopped: 0.0002849 seconds, Stopping threads took: 0.0000494 seconds
2019-04-10T15:05:56.865-0600: 552.193: Total time for which application threads were stopped: 0.0002444 seconds, Stopping threads took: 0.0000423 seconds
2019-04-10T15:06:26.872-0600: 582.200: Total time for which application threads were stopped: 0.0002116 seconds, Stopping threads took: 0.0000314 seconds
2019-04-10T15:06:28.873-0600: 584.201: Total time for which application threads were stopped: 0.0001992 seconds, Stopping threads took: 0.0000353 seconds
2019-04-10T15:06:30.873-0600: 586.201: Total time for which application threads were stopped: 0.0002355 seconds, Stopping threads took: 0.0000356 seconds
2019-04-10T15:06:33.874-0600: 589.202: Total time for which application threads were stopped: 0.0002595 seconds, Stopping threads took: 0.0000349 seconds
2019-04-10T15:06:35.874-0600: 591.202: Total time for which application threads were stopped: 0.0002729 seconds, Stopping threads took: 0.0000402 seconds
2019-04-10T15:06:35.911-0600: 591.239: Total time for which application threads were stopped: 0.0001735 seconds, Stopping threads took: 0.0000462 seconds
2019-04-10T15:06:36.247-0600: 591.575: Total time for which application threads were stopped: 0.0001869 seconds, Stopping threads took: 0.0000966 seconds
2019-04-10T15:06:36.247-0600: 591.575: Total time for which application threads were stopped: 0.0003036 seconds, Stopping threads took: 0.0001777 seconds
2019-04-10T15:06:36.248-0600: 591.576: Total time for which application threads were stopped: 0.0001809 seconds, Stopping threads took: 0.0000518 seconds
2019-04-10T15:06:36.248-0600: 591.576: Total time for which application threads were stopped: 0.0000959 seconds, Stopping threads took: 0.0000398 seconds
2019-04-10T15:06:36.250-0600: 591.578: Total time for which application threads were stopped: 0.0001668 seconds, Stopping threads took: 0.0000420 seconds
2019-04-10T15:06:36.262-0600: 591.590: Total time for which application threads were stopped: 0.0001745 seconds, Stopping threads took: 0.0000307 seconds
2019-04-10T15:06:37.263-0600: 592.590: Total time for which application threads were stopped: 0.0003269 seconds, Stopping threads took: 0.0000487 seconds
2019-04-10T15:06:37.328-0600: 592.656: Total time for which application threads were stopped: 0.0002211 seconds, Stopping threads took: 0.0000367 seconds
{Heap before GC invocations=21 (full 2):
 par new generation   total 109248K, used 97561K [0x07600000, 0x0f600000, 0x0f600000)
  eden space 87424K, 100% used [0x07600000, 0x0cb60000, 0x0cb60000)
  from space 21824K,  46% used [0x0e0b0000, 0x0ea96728, 0x0f600000)
  to   space 21824K,   0% used [0x0cb60000, 0x0cb60000, 0x0e0b0000)
 concurrent mark-sweep generation total 393216K, used 30810K [0x0f600000, 0x27600000, 0x27600000)
 Metaspace       used 29784K, capacity 31084K, committed 31104K, reserved 31104K
2019-04-10T15:06:37.329-0600: 592.656: [GC (GCLocker Initiated GC) 2019-04-10T15:06:37.329-0600: 592.656: [ParNew
Desired survivor size 20112996 bytes, new threshold 8 (max 8)
- age   1:   11909144 bytes,   11909144 total
- age   2:     628376 bytes,   12537520 total
- age   3:     115192 bytes,   12652712 total
- age   4:    1790496 bytes,   14443208 total
- age   5:    5377216 bytes,   19820424 total
: 97561K->21089K(109248K), 0.0141674 secs] 128371K->51899K(502464K), 0.0143085 secs] [Times: user=0.06 sys=0.00, real=0.01 secs] 
Heap after GC invocations=22 (full 2):
 par new generation   total 109248K, used 21089K [0x07600000, 0x0f600000, 0x0f600000)
  eden space 87424K,   0% used [0x07600000, 0x07600000, 0x0cb60000)
  from space 21824K,  96% used [0x0cb60000, 0x0dff8490, 0x0e0b0000)
  to   space 21824K,   0% used [0x0e0b0000, 0x0e0b0000, 0x0f600000)
 concurrent mark-sweep generation total 393216K, used 30810K [0x0f600000, 0x27600000, 0x27600000)
 Metaspace       used 29784K, capacity 31084K, committed 31104K, reserved 31104K
}
2019-04-10T15:06:37.343-0600: 592.671: Total time for which application threads were stopped: 0.0145952 seconds, Stopping threads took: 0.0000317 seconds
2019-04-10T15:06:37.343-0600: 592.671: Total time for which application threads were stopped: 0.0002190 seconds, Stopping threads took: 0.0000529 seconds
2019-04-10T15:06:37.344-0600: 592.672: Total time for which application threads were stopped: 0.0001798 seconds, Stopping threads took: 0.0000652 seconds
2019-04-10T15:06:37.344-0600: 592.672: Total time for which application threads were stopped: 0.0001410 seconds, Stopping threads took: 0.0000409 seconds
{Heap before GC invocations=22 (full 2):
 par new generation   total 109248K, used 108513K [0x07600000, 0x0f600000, 0x0f600000)
  eden space 87424K, 100% used [0x07600000, 0x0cb60000, 0x0cb60000)
  from space 21824K,  96% used [0x0cb60000, 0x0dff8490, 0x0e0b0000)
  to   space 21824K,   0% used [0x0e0b0000, 0x0e0b0000, 0x0f600000)
 concurrent mark-sweep generation total 393216K, used 30810K [0x0f600000, 0x27600000, 0x27600000)
 Metaspace       used 29784K, capacity 31084K, committed 31104K, reserved 31104K
2019-04-10T15:06:37.417-0600: 592.746: [GC (Allocation Failure) 2019-04-10T15:06:37.418-0600: 592.746: [ParNew
Desired survivor size 20112996 bytes, new threshold 8 (max 8)
- age   1:    1882432 bytes,    1882432 total
- age   2:   10128416 bytes,   12010848 total
- age   3:     628376 bytes,   12639224 total
- age   4:     115192 bytes,   12754416 total
- age   5:    1718944 bytes,   14473360 total
- age   6:    5377216 bytes,   19850576 total
: 108513K->21824K(109248K), 0.0143928 secs] 139323K->53180K(502464K), 0.0144756 secs] [Times: user=0.06 sys=0.00, real=0.01 secs] 
Heap after GC invocations=23 (full 2):
 par new generation   total 109248K, used 21824K [0x07600000, 0x0f600000, 0x0f600000)
  eden space 87424K,   0% used [0x07600000, 0x07600000, 0x0cb60000)
  from space 21824K, 100% used [0x0e0b0000, 0x0f600000, 0x0f600000)
  to   space 21824K,   0% used [0x0cb60000, 0x0cb60000, 0x0e0b0000)
 concurrent mark-sweep generation total 393216K, used 31356K [0x0f600000, 0x27600000, 0x27600000)
 Metaspace       used 29784K, capacity 31084K, committed 31104K, reserved 31104K
}
2019-04-10T15:06:37.432-0600: 592.760: Total time for which application threads were stopped: 0.0148751 seconds, Stopping threads took: 0.0001040 seconds
2019-04-10T15:06:37.432-0600: 592.760: Total time for which application threads were stopped: 0.0002133 seconds, Stopping threads took: 0.0000776 seconds
2019-04-10T15:06:37.433-0600: 592.761: Total time for which application threads were stopped: 0.0001943 seconds, Stopping threads took: 0.0000617 seconds
{Heap before GC invocations=23 (full 2):
 par new generation   total 109248K, used 109248K [0x07600000, 0x0f600000, 0x0f600000)
  eden space 87424K, 100% used [0x07600000, 0x0cb60000, 0x0cb60000)
  from space 21824K, 100% used [0x0e0b0000, 0x0f600000, 0x0f600000)
  to   space 21824K,   0% used [0x0cb60000, 0x0cb60000, 0x0e0b0000)
 concurrent mark-sweep generation total 393216K, used 31356K [0x0f600000, 0x27600000, 0x27600000)
 Metaspace       used 29788K, capacity 31089K, committed 31104K, reserved 31104K
2019-04-10T15:06:37.486-0600: 592.814: [GC (Allocation Failure) 2019-04-10T15:06:37.486-0600: 592.814: [ParNew
Desired survivor size 20112996 bytes, new threshold 8 (max 8)
- age   1:     156584 bytes,     156584 total
- age   2:    1629248 bytes,    1785832 total
- age   3:    9655880 bytes,   11441712 total
- age   4:     628376 bytes,   12070088 total
- age   5:     115192 bytes,   12185280 total
- age   6:    1719088 bytes,   13904368 total
- age   7:    5377240 bytes,   19281608 total
: 109248K->21824K(109248K), 0.0136925 secs] 140604K->53642K(502464K), 0.0137753 secs] [Times: user=0.06 sys=0.00, real=0.01 secs] 
Heap after GC invocations=24 (full 2):
 par new generation   total 109248K, used 21824K [0x07600000, 0x0f600000, 0x0f600000)
  eden space 87424K,   0% used [0x07600000, 0x07600000, 0x0cb60000)
  from space 21824K, 100% used [0x0cb60000, 0x0e0b0000, 0x0e0b0000)
  to   space 21824K,   0% used [0x0e0b0000, 0x0e0b0000, 0x0f600000)
 concurrent mark-sweep generation total 393216K, used 31818K [0x0f600000, 0x27600000, 0x27600000)
 Metaspace       used 29788K, capacity 31089K, committed 31104K, reserved 31104K
}
2019-04-10T15:06:37.500-0600: 592.828: Total time for which application threads were stopped: 0.0140789 seconds, Stopping threads took: 0.0000360 seconds
{Heap before GC invocations=24 (full 2):
 par new generation   total 109248K, used 109241K [0x07600000, 0x0f600000, 0x0f600000)
  eden space 87424K,  99% used [0x07600000, 0x0cb5e7c8, 0x0cb60000)
  from space 21824K, 100% used [0x0cb60000, 0x0e0b0000, 0x0e0b0000)
  to   space 21824K,   0% used [0x0e0b0000, 0x0e0b0000, 0x0f600000)
 concurrent mark-sweep generation total 393216K, used 31818K [0x0f600000, 0x27600000, 0x27600000)
 Metaspace       used 29788K, capacity 31089K, committed 31104K, reserved 31104K
2019-04-10T15:06:37.583-0600: 592.911: [GC (Allocation Failure) 2019-04-10T15:06:37.583-0600: 592.911: [ParNew
Desired survivor size 20112996 bytes, new threshold 8 (max 8)
- age   1:     563504 bytes,     563504 total
- age   2:      79720 bytes,     643224 total
- age   3:    1629248 bytes,    2272472 total
- age   4:    9288552 bytes,   11561024 total
- age   5:     628376 bytes,   12189400 total
- age   6:     115192 bytes,   12304592 total
- age   7:    1719032 bytes,   14023624 total
- age   8:    5377232 bytes,   19400856 total
: 109241K->21824K(109248K), 0.0132993 secs] 141060K->54000K(502464K), 0.0133695 secs] [Times: user=0.06 sys=0.00, real=0.01 secs] 
Heap after GC invocations=25 (full 2):
 par new generation   total 109248K, used 21824K [0x07600000, 0x0f600000, 0x0f600000)
  eden space 87424K,   0% used [0x07600000, 0x07600000, 0x0cb60000)
  from space 21824K, 100% used [0x0e0b0000, 0x0f600000, 0x0f600000)
  to   space 21824K,   0% used [0x0cb60000, 0x0cb60000, 0x0e0b0000)
 concurrent mark-sweep generation total 393216K, used 32176K [0x0f600000, 0x27600000, 0x27600000)
 Metaspace       used 29788K, capacity 31089K, committed 31104K, reserved 31104K
}
2019-04-10T15:06:37.597-0600: 592.925: Total time for which application threads were stopped: 0.0136230 seconds, Stopping threads took: 0.0000363 seconds
{Heap before GC invocations=25 (full 2):
 par new generation   total 109248K, used 109248K [0x07600000, 0x0f600000, 0x0f600000)
  eden space 87424K, 100% used [0x07600000, 0x0cb60000, 0x0cb60000)
  from space 21824K, 100% used [0x0e0b0000, 0x0f600000, 0x0f600000)
  to   space 21824K,   0% used [0x0cb60000, 0x0cb60000, 0x0e0b0000)
 concurrent mark-sweep generation total 393216K, used 32176K [0x0f600000, 0x27600000, 0x27600000)
 Metaspace       used 29808K, capacity 31114K, committed 31232K, reserved 32128K
2019-04-10T15:06:37.712-0600: 593.040: [GC (Allocation Failure) 2019-04-10T15:06:37.712-0600: 593.040: [ParNew
Desired survivor size 20112996 bytes, new threshold 8 (max 8)
- age   1:     464992 bytes,     464992 total
- age   2:      68024 bytes,     533016 total
- age   3:      78712 bytes,     611728 total
- age   4:    1628192 bytes,    2239920 total
- age   5:    9288528 bytes,   11528448 total
- age   6:     628376 bytes,   12156824 total
- age   7:     115192 bytes,   12272016 total
- age   8:    1718944 bytes,   13990960 total
: 109248K->18864K(109248K), 0.0149792 secs] 141424K->56302K(502464K), 0.0150493 secs] [Times: user=0.06 sys=0.00, real=0.02 secs] 
Heap after GC invocations=26 (full 2):
 par new generation   total 109248K, used 18864K [0x07600000, 0x0f600000, 0x0f600000)
  eden space 87424K,   0% used [0x07600000, 0x07600000, 0x0cb60000)
  from space 21824K,  86% used [0x0cb60000, 0x0ddcc2c0, 0x0e0b0000)
  to   space 21824K,   0% used [0x0e0b0000, 0x0e0b0000, 0x0f600000)
 concurrent mark-sweep generation total 393216K, used 37437K [0x0f600000, 0x27600000, 0x27600000)
 Metaspace       used 29808K, capacity 31114K, committed 31232K, reserved 32128K
}
2019-04-10T15:06:37.727-0600: 593.055: Total time for which application threads were stopped: 0.0153582 seconds, Stopping threads took: 0.0000554 seconds
2019-04-10T15:06:37.813-0600: 593.140: Total time for which application threads were stopped: 0.0003868 seconds, Stopping threads took: 0.0000843 seconds
2019-04-10T15:06:37.838-0600: 593.166: Total time for which application threads were stopped: 0.0002659 seconds, Stopping threads took: 0.0000846 seconds
2019-04-10T15:06:37.913-0600: 593.240: Total time for which application threads were stopped: 0.0002426 seconds, Stopping threads took: 0.0000603 seconds
2019-04-10T15:06:37.924-0600: 593.252: Total time for which application threads were stopped: 0.0001883 seconds, Stopping threads took: 0.0000296 seconds
2019-04-10T15:06:37.929-0600: 593.257: Total time for which application threads were stopped: 0.0002116 seconds, Stopping threads took: 0.0000490 seconds
2019-04-10T15:06:37.949-0600: 593.277: Total time for which application threads were stopped: 0.0001234 seconds, Stopping threads took: 0.0000257 seconds
2019-04-10T15:06:37.950-0600: 593.278: Total time for which application threads were stopped: 0.0001689 seconds, Stopping threads took: 0.0000427 seconds
2019-04-10T15:06:37.951-0600: 593.279: Total time for which application threads were stopped: 0.0001477 seconds, Stopping threads took: 0.0000406 seconds
2019-04-10T15:06:38.412-0600: 593.740: Total time for which application threads were stopped: 0.0002927 seconds, Stopping threads took: 0.0000391 seconds
2019-04-10T15:06:38.413-0600: 593.740: Total time for which application threads were stopped: 0.0001213 seconds, Stopping threads took: 0.0000222 seconds
2019-04-10T15:06:38.452-0600: 593.780: Total time for which application threads were stopped: 0.0001650 seconds, Stopping threads took: 0.0000346 seconds
2019-04-10T15:06:38.452-0600: 593.780: Total time for which application threads were stopped: 0.0000846 seconds, Stopping threads took: 0.0000166 seconds
2019-04-10T15:06:38.953-0600: 594.280: Total time for which application threads were stopped: 0.0003269 seconds, Stopping threads took: 0.0000434 seconds
2019-04-10T15:06:38.965-0600: 594.293: Total time for which application threads were stopped: 0.0001365 seconds, Stopping threads took: 0.0000434 seconds
2019-04-10T15:06:39.096-0600: 594.424: Total time for which application threads were stopped: 0.0001181 seconds, Stopping threads took: 0.0000247 seconds
2019-04-10T15:06:39.096-0600: 594.424: Total time for which application threads were stopped: 0.0000628 seconds, Stopping threads took: 0.0000138 seconds
2019-04-10T15:06:39.096-0600: 594.424: Total time for which application threads were stopped: 0.0000582 seconds, Stopping threads took: 0.0000127 seconds
2019-04-10T15:06:39.096-0600: 594.424: Total time for which application threads were stopped: 0.0000582 seconds, Stopping threads took: 0.0000127 seconds
2019-04-10T15:06:39.097-0600: 594.425: Total time for which application threads were stopped: 0.0000582 seconds, Stopping threads took: 0.0000127 seconds
2019-04-10T15:06:39.097-0600: 594.425: Total time for which application threads were stopped: 0.0000575 seconds, Stopping threads took: 0.0000123 seconds
2019-04-10T15:06:39.097-0600: 594.425: Total time for which application threads were stopped: 0.0000536 seconds, Stopping threads took: 0.0000113 seconds
2019-04-10T15:06:39.097-0600: 594.425: Total time for which application threads were stopped: 0.0000589 seconds, Stopping threads took: 0.0000130 seconds
2019-04-10T15:06:39.097-0600: 594.425: Total time for which application threads were stopped: 0.0000529 seconds, Stopping threads took: 0.0000109 seconds
2019-04-10T15:06:39.097-0600: 594.425: Total time for which application threads were stopped: 0.0000659 seconds, Stopping threads took: 0.0000240 seconds
2019-04-10T15:06:39.098-0600: 594.426: Total time for which application threads were stopped: 0.0000811 seconds, Stopping threads took: 0.0000109 seconds
2019-04-10T15:06:39.098-0600: 594.426: Total time for which application threads were stopped: 0.0000536 seconds, Stopping threads took: 0.0000106 seconds
2019-04-10T15:06:39.098-0600: 594.426: Total time for which application threads were stopped: 0.0000663 seconds, Stopping threads took: 0.0000106 seconds
2019-04-10T15:06:39.098-0600: 594.426: Total time for which application threads were stopped: 0.0000659 seconds, Stopping threads took: 0.0000240 seconds
2019-04-10T15:06:39.099-0600: 594.426: Total time for which application threads were stopped: 0.0000522 seconds, Stopping threads took: 0.0000106 seconds
2019-04-10T15:06:39.099-0600: 594.426: Total time for which application threads were stopped: 0.0000652 seconds, Stopping threads took: 0.0000236 seconds
2019-04-10T15:06:39.099-0600: 594.426: Total time for which application threads were stopped: 0.0000652 seconds, Stopping threads took: 0.0000236 seconds
2019-04-10T15:06:39.099-0600: 594.427: Total time for which application threads were stopped: 0.0000522 seconds, Stopping threads took: 0.0000106 seconds
2019-04-10T15:06:39.099-0600: 594.427: Total time for which application threads were stopped: 0.0000885 seconds, Stopping threads took: 0.0000130 seconds
2019-04-10T15:06:39.099-0600: 594.427: Total time for which application threads were stopped: 0.0000547 seconds, Stopping threads took: 0.0000109 seconds
2019-04-10T15:06:39.099-0600: 594.427: Total time for which application threads were stopped: 0.0001608 seconds, Stopping threads took: 0.0000106 seconds
2019-04-10T15:06:39.099-0600: 594.427: Total time for which application threads were stopped: 0.0000557 seconds, Stopping threads took: 0.0000109 seconds
2019-04-10T15:06:39.106-0600: 594.433: Total time for which application threads were stopped: 0.0002288 seconds, Stopping threads took: 0.0001329 seconds
2019-04-10T15:06:39.106-0600: 594.433: Total time for which application threads were stopped: 0.0001890 seconds, Stopping threads took: 0.0001114 seconds
2019-04-10T15:06:39.106-0600: 594.434: Total time for which application threads were stopped: 0.0001195 seconds, Stopping threads took: 0.0000483 seconds
2019-04-10T15:06:39.108-0600: 594.435: Total time for which application threads were stopped: 0.0002860 seconds, Stopping threads took: 0.0001820 seconds
{Heap before GC invocations=26 (full 2):
 par new generation   total 109248K, used 106288K [0x07600000, 0x0f600000, 0x0f600000)
  eden space 87424K, 100% used [0x07600000, 0x0cb60000, 0x0cb60000)
  from space 21824K,  86% used [0x0cb60000, 0x0ddcc2c0, 0x0e0b0000)
  to   space 21824K,   0% used [0x0e0b0000, 0x0e0b0000, 0x0f600000)
 concurrent mark-sweep generation total 393216K, used 37437K [0x0f600000, 0x27600000, 0x27600000)
 Metaspace       used 29877K, capacity 31191K, committed 31232K, reserved 32128K
2019-04-10T15:06:39.160-0600: 594.488: [GC (Allocation Failure) 2019-04-10T15:06:39.160-0600: 594.488: [ParNew
Desired survivor size 20112996 bytes, new threshold 6 (max 8)
- age   1:   14243336 bytes,   14243336 total
- age   2:     137648 bytes,   14380984 total
- age   3:      68024 bytes,   14449008 total
- age   4:      78712 bytes,   14527720 total
- age   5:     206112 bytes,   14733832 total
- age   6:    7507816 bytes,   22241648 total
- age   7:      82968 bytes,   22324616 total
- age   8:      11832 bytes,   22336448 total
: 106288K->21824K(109248K), 0.0308667 secs] 143726K->67241K(502464K), 0.0309915 secs] [Times: user=0.13 sys=0.00, real=0.03 secs] 
Heap after GC invocations=27 (full 2):
 par new generation   total 109248K, used 21824K [0x07600000, 0x0f600000, 0x0f600000)
  eden space 87424K,   0% used [0x07600000, 0x07600000, 0x0cb60000)
  from space 21824K, 100% used [0x0e0b0000, 0x0f600000, 0x0f600000)
  to   space 21824K,   0% used [0x0cb60000, 0x0cb60000, 0x0e0b0000)
 concurrent mark-sweep generation total 393216K, used 45417K [0x0f600000, 0x27600000, 0x27600000)
 Metaspace       used 29877K, capacity 31191K, committed 31232K, reserved 32128K
}
2019-04-10T15:06:39.191-0600: 594.519: Total time for which application threads were stopped: 0.0314203 seconds, Stopping threads took: 0.0000698 seconds
2019-04-10T15:06:39.191-0600: 594.519: Total time for which application threads were stopped: 0.0001626 seconds, Stopping threads took: 0.0000458 seconds
2019-04-10T15:06:39.208-0600: 594.536: Total time for which application threads were stopped: 0.0002578 seconds, Stopping threads took: 0.0000751 seconds
2019-04-10T15:06:39.208-0600: 594.536: Total time for which application threads were stopped: 0.0001724 seconds, Stopping threads took: 0.0000529 seconds
2019-04-10T15:06:39.209-0600: 594.537: Total time for which application threads were stopped: 0.0001943 seconds, Stopping threads took: 0.0000807 seconds
2019-04-10T15:06:39.209-0600: 594.537: Total time for which application threads were stopped: 0.0001449 seconds, Stopping threads took: 0.0000652 seconds
2019-04-10T15:06:39.212-0600: 594.540: Total time for which application threads were stopped: 0.0002398 seconds, Stopping threads took: 0.0000772 seconds
2019-04-10T15:06:39.215-0600: 594.542: Total time for which application threads were stopped: 0.0001989 seconds, Stopping threads took: 0.0000585 seconds
{Heap before GC invocations=27 (full 2):
 par new generation   total 109248K, used 109248K [0x07600000, 0x0f600000, 0x0f600000)
  eden space 87424K, 100% used [0x07600000, 0x0cb60000, 0x0cb60000)
  from space 21824K, 100% used [0x0e0b0000, 0x0f600000, 0x0f600000)
  to   space 21824K,   0% used [0x0cb60000, 0x0cb60000, 0x0e0b0000)
 concurrent mark-sweep generation total 393216K, used 45417K [0x0f600000, 0x27600000, 0x27600000)
 Metaspace       used 29879K, capacity 31196K, committed 31232K, reserved 32128K
2019-04-10T15:06:39.292-0600: 594.620: [GC (Allocation Failure) 2019-04-10T15:06:39.292-0600: 594.620: [ParNew
Desired survivor size 20112996 bytes, new threshold 8 (max 8)
- age   1:    2012240 bytes,    2012240 total
- age   2:   13980152 bytes,   15992392 total
- age   3:     137648 bytes,   16130040 total
- age   4:      68024 bytes,   16198064 total
- age   5:      78712 bytes,   16276776 total
- age   6:     206136 bytes,   16482912 total
: 109248K->21824K(109248K), 0.0228129 secs] 154665K->74800K(502464K), 0.0228845 secs] [Times: user=0.11 sys=0.02, real=0.02 secs] 
Heap after GC invocations=28 (full 2):
 par new generation   total 109248K, used 21824K [0x07600000, 0x0f600000, 0x0f600000)
  eden space 87424K,   0% used [0x07600000, 0x07600000, 0x0cb60000)
  from space 21824K, 100% used [0x0cb60000, 0x0e0b0000, 0x0e0b0000)
  to   space 21824K,   0% used [0x0e0b0000, 0x0e0b0000, 0x0f600000)
 concurrent mark-sweep generation total 393216K, used 52976K [0x0f600000, 0x27600000, 0x27600000)
 Metaspace       used 29879K, capacity 31196K, committed 31232K, reserved 32128K
}
2019-04-10T15:06:39.315-0600: 594.643: Total time for which application threads were stopped: 0.0232382 seconds, Stopping threads took: 0.0000659 seconds
2019-04-10T15:06:39.315-0600: 594.643: Total time for which application threads were stopped: 0.0002133 seconds, Stopping threads took: 0.0000906 seconds
2019-04-10T15:06:39.316-0600: 594.644: Total time for which application threads were stopped: 0.0002849 seconds, Stopping threads took: 0.0000585 seconds
2019-04-10T15:06:39.317-0600: 594.644: Total time for which application threads were stopped: 0.0001636 seconds, Stopping threads took: 0.0000617 seconds
2019-04-10T15:06:39.317-0600: 594.645: Total time for which application threads were stopped: 0.0003357 seconds, Stopping threads took: 0.0002133 seconds
2019-04-10T15:06:39.318-0600: 594.646: Total time for which application threads were stopped: 0.0003590 seconds, Stopping threads took: 0.0002352 seconds
2019-04-10T15:06:39.319-0600: 594.646: Total time for which application threads were stopped: 0.0002867 seconds, Stopping threads took: 0.0001629 seconds
2019-04-10T15:06:39.319-0600: 594.647: Total time for which application threads were stopped: 0.0001407 seconds, Stopping threads took: 0.0000395 seconds
2019-04-10T15:06:39.319-0600: 594.647: Total time for which application threads were stopped: 0.0001968 seconds, Stopping threads took: 0.0000815 seconds
2019-04-10T15:06:39.320-0600: 594.647: Total time for which application threads were stopped: 0.0001848 seconds, Stopping threads took: 0.0000807 seconds
2019-04-10T15:06:39.320-0600: 594.648: Total time for which application threads were stopped: 0.0002694 seconds, Stopping threads took: 0.0000645 seconds
{Heap before GC invocations=28 (full 2):
 par new generation   total 109248K, used 109248K [0x07600000, 0x0f600000, 0x0f600000)
  eden space 87424K, 100% used [0x07600000, 0x0cb60000, 0x0cb60000)
  from space 21824K, 100% used [0x0cb60000, 0x0e0b0000, 0x0e0b0000)
  to   space 21824K,   0% used [0x0e0b0000, 0x0e0b0000, 0x0f600000)
 concurrent mark-sweep generation total 393216K, used 52976K [0x0f600000, 0x27600000, 0x27600000)
 Metaspace       used 29895K, capacity 31216K, committed 31232K, reserved 32128K
2019-04-10T15:06:39.369-0600: 594.697: [GC (Allocation Failure) 2019-04-10T15:06:39.369-0600: 594.697: [ParNew
Desired survivor size 20112996 bytes, new threshold 8 (max 8)
- age   1:    1421008 bytes,    1421008 total
- age   2:    1593744 bytes,    3014752 total
- age   3:   13979504 bytes,   16994256 total
- age   4:     137648 bytes,   17131904 total
- age   5:      68024 bytes,   17199928 total
- age   6:      78712 bytes,   17278640 total
- age   7:     206112 bytes,   17484752 total
: 109248K->21482K(109248K), 0.0132224 secs] 162224K->74458K(502464K), 0.0133028 secs] [Times: user=0.06 sys=0.00, real=0.01 secs] 
Heap after GC invocations=29 (full 2):
 par new generation   total 109248K, used 21482K [0x07600000, 0x0f600000, 0x0f600000)
  eden space 87424K,   0% used [0x07600000, 0x07600000, 0x0cb60000)
  from space 21824K,  98% used [0x0e0b0000, 0x0f5aa900, 0x0f600000)
  to   space 21824K,   0% used [0x0cb60000, 0x0cb60000, 0x0e0b0000)
 concurrent mark-sweep generation total 393216K, used 52976K [0x0f600000, 0x27600000, 0x27600000)
 Metaspace       used 29895K, capacity 31216K, committed 31232K, reserved 32128K
}
2019-04-10T15:06:39.382-0600: 594.710: Total time for which application threads were stopped: 0.0135729 seconds, Stopping threads took: 0.0000279 seconds
2019-04-10T15:06:39.423-0600: 594.751: Total time for which application threads were stopped: 0.0003970 seconds, Stopping threads took: 0.0002574 seconds
2019-04-10T15:06:39.423-0600: 594.751: Total time for which application threads were stopped: 0.0002006 seconds, Stopping threads took: 0.0000705 seconds
2019-04-10T15:06:39.424-0600: 594.752: Total time for which application threads were stopped: 0.0001548 seconds, Stopping threads took: 0.0000561 seconds
2019-04-10T15:06:39.431-0600: 594.759: Total time for which application threads were stopped: 0.0005286 seconds, Stopping threads took: 0.0003769 seconds
2019-04-10T15:06:39.431-0600: 594.759: Total time for which application threads were stopped: 0.0002006 seconds, Stopping threads took: 0.0000843 seconds
{Heap before GC invocations=29 (full 2):
 par new generation   total 109248K, used 108906K [0x07600000, 0x0f600000, 0x0f600000)
  eden space 87424K, 100% used [0x07600000, 0x0cb60000, 0x0cb60000)
  from space 21824K,  98% used [0x0e0b0000, 0x0f5aa900, 0x0f600000)
  to   space 21824K,   0% used [0x0cb60000, 0x0cb60000, 0x0e0b0000)
 concurrent mark-sweep generation total 393216K, used 52976K [0x0f600000, 0x27600000, 0x27600000)
 Metaspace       used 29903K, capacity 31226K, committed 31232K, reserved 32128K
2019-04-10T15:06:39.445-0600: 594.773: [GC (Allocation Failure) 2019-04-10T15:06:39.445-0600: 594.773: [ParNew
Desired survivor size 20112996 bytes, new threshold 8 (max 8)
- age   1:     730968 bytes,     730968 total
- age   2:     837608 bytes,    1568576 total
- age   3:    1592584 bytes,    3161160 total
- age   4:   13608880 bytes,   16770040 total
- age   5:     137648 bytes,   16907688 total
- age   6:      68024 bytes,   16975712 total
- age   7:      78712 bytes,   17054424 total
- age   8:     206112 bytes,   17260536 total
: 108906K->21824K(109248K), 0.0124135 secs] 161882K->75162K(502464K), 0.0124893 secs] [Times: user=0.06 sys=0.00, real=0.01 secs] 
Heap after GC invocations=30 (full 2):
 par new generation   total 109248K, used 21824K [0x07600000, 0x0f600000, 0x0f600000)
  eden space 87424K,   0% used [0x07600000, 0x07600000, 0x0cb60000)
  from space 21824K, 100% used [0x0cb60000, 0x0e0b0000, 0x0e0b0000)
  to   space 21824K,   0% used [0x0e0b0000, 0x0e0b0000, 0x0f600000)
 concurrent mark-sweep generation total 393216K, used 53338K [0x0f600000, 0x27600000, 0x27600000)
 Metaspace       used 29903K, capacity 31226K, committed 31232K, reserved 32128K
}
2019-04-10T15:06:39.458-0600: 594.786: Total time for which application threads were stopped: 0.0128021 seconds, Stopping threads took: 0.0000811 seconds
2019-04-10T15:06:39.528-0600: 594.855: Total time for which application threads were stopped: 0.0003650 seconds, Stopping threads took: 0.0000772 seconds
2019-04-10T15:06:39.530-0600: 594.857: Total time for which application threads were stopped: 0.0003244 seconds, Stopping threads took: 0.0001834 seconds
2019-04-10T15:06:39.531-0600: 594.858: Total time for which application threads were stopped: 0.0002613 seconds, Stopping threads took: 0.0001340 seconds
2019-04-10T15:06:39.532-0600: 594.860: Total time for which application threads were stopped: 0.0002186 seconds, Stopping threads took: 0.0001160 seconds
2019-04-10T15:06:39.533-0600: 594.860: Total time for which application threads were stopped: 0.0001724 seconds, Stopping threads took: 0.0000483 seconds
2019-04-10T15:06:39.535-0600: 594.863: Total time for which application threads were stopped: 0.0001749 seconds, Stopping threads took: 0.0000836 seconds
{Heap before GC invocations=30 (full 2):
 par new generation   total 109248K, used 109248K [0x07600000, 0x0f600000, 0x0f600000)
  eden space 87424K, 100% used [0x07600000, 0x0cb60000, 0x0cb60000)
  from space 21824K, 100% used [0x0cb60000, 0x0e0b0000, 0x0e0b0000)
  to   space 21824K,   0% used [0x0e0b0000, 0x0e0b0000, 0x0f600000)
 concurrent mark-sweep generation total 393216K, used 53338K [0x0f600000, 0x27600000, 0x27600000)
 Metaspace       used 29903K, capacity 31226K, committed 31232K, reserved 32128K
2019-04-10T15:06:39.551-0600: 594.878: [GC (Allocation Failure) 2019-04-10T15:06:39.551-0600: 594.878: [ParNew
Desired survivor size 20112996 bytes, new threshold 8 (max 8)
- age   1:     517080 bytes,     517080 total
- age   2:      82744 bytes,     599824 total
- age   3:     835992 bytes,    1435816 total
- age   4:    1591752 bytes,    3027568 total
- age   5:   13608880 bytes,   16636448 total
- age   6:     137648 bytes,   16774096 total
- age   7:      68024 bytes,   16842120 total
- age   8:      78712 bytes,   16920832 total
: 109248K->20387K(109248K), 0.0137739 secs] 162586K->73929K(502464K), 0.0138592 secs] [Times: user=0.06 sys=0.00, real=0.01 secs] 
Heap after GC invocations=31 (full 2):
 par new generation   total 109248K, used 20387K [0x07600000, 0x0f600000, 0x0f600000)
  eden space 87424K,   0% used [0x07600000, 0x07600000, 0x0cb60000)
  from space 21824K,  93% used [0x0e0b0000, 0x0f498ec0, 0x0f600000)
  to   space 21824K,   0% used [0x0cb60000, 0x0cb60000, 0x0e0b0000)
 concurrent mark-sweep generation total 393216K, used 53541K [0x0f600000, 0x27600000, 0x27600000)
 Metaspace       used 29903K, capacity 31226K, committed 31232K, reserved 32128K
}
2019-04-10T15:06:39.565-0600: 594.892: Total time for which application threads were stopped: 0.0142224 seconds, Stopping threads took: 0.0000776 seconds
2019-04-10T15:06:39.634-0600: 594.962: Total time for which application threads were stopped: 0.0004200 seconds, Stopping threads took: 0.0002147 seconds
2019-04-10T15:06:39.635-0600: 594.963: Total time for which application threads were stopped: 0.0001513 seconds, Stopping threads took: 0.0000353 seconds
2019-04-10T15:06:39.639-0600: 594.967: Total time for which application threads were stopped: 0.0004267 seconds, Stopping threads took: 0.0001774 seconds
2019-04-10T15:06:39.646-0600: 594.975: Total time for which application threads were stopped: 0.0001855 seconds, Stopping threads took: 0.0000300 seconds
2019-04-10T15:06:39.647-0600: 594.975: Total time for which application threads were stopped: 0.0001054 seconds, Stopping threads took: 0.0000303 seconds
2019-04-10T15:06:39.651-0600: 594.979: Total time for which application threads were stopped: 0.0001700 seconds, Stopping threads took: 0.0000480 seconds
2019-04-10T15:06:39.651-0600: 594.979: Total time for which application threads were stopped: 0.0002098 seconds, Stopping threads took: 0.0000698 seconds
2019-04-10T15:06:39.657-0600: 594.985: Total time for which application threads were stopped: 0.0001675 seconds, Stopping threads took: 0.0000645 seconds
2019-04-10T15:06:39.686-0600: 595.014: Total time for which application threads were stopped: 0.0002288 seconds, Stopping threads took: 0.0000793 seconds
2019-04-10T15:06:39.686-0600: 595.014: Total time for which application threads were stopped: 0.0001167 seconds, Stopping threads took: 0.0000469 seconds
2019-04-10T15:06:39.690-0600: 595.017: Total time for which application threads were stopped: 0.0001946 seconds, Stopping threads took: 0.0000920 seconds
2019-04-10T15:06:39.690-0600: 595.018: Total time for which application threads were stopped: 0.0001382 seconds, Stopping threads took: 0.0000585 seconds
2019-04-10T15:06:39.694-0600: 595.022: Total time for which application threads were stopped: 0.0002937 seconds, Stopping threads took: 0.0001414 seconds
2019-04-10T15:06:39.740-0600: 595.067: Total time for which application threads were stopped: 0.0001541 seconds, Stopping threads took: 0.0000307 seconds
2019-04-10T15:06:39.743-0600: 595.071: Total time for which application threads were stopped: 0.0004009 seconds, Stopping threads took: 0.0002020 seconds
2019-04-10T15:06:39.745-0600: 595.073: Total time for which application threads were stopped: 0.0001710 seconds, Stopping threads took: 0.0000331 seconds
2019-04-10T15:06:39.745-0600: 595.073: Total time for which application threads were stopped: 0.0000913 seconds, Stopping threads took: 0.0000201 seconds
2019-04-10T15:06:39.746-0600: 595.073: Total time for which application threads were stopped: 0.0001174 seconds, Stopping threads took: 0.0000197 seconds
2019-04-10T15:06:39.746-0600: 595.073: Total time for which application threads were stopped: 0.0001202 seconds, Stopping threads took: 0.0000314 seconds
2019-04-10T15:06:39.746-0600: 595.074: Total time for which application threads were stopped: 0.0000832 seconds, Stopping threads took: 0.0000254 seconds
2019-04-10T15:06:39.746-0600: 595.074: Total time for which application threads were stopped: 0.0001174 seconds, Stopping threads took: 0.0000314 seconds
2019-04-10T15:06:39.746-0600: 595.074: Total time for which application threads were stopped: 0.0001781 seconds, Stopping threads took: 0.0000554 seconds
2019-04-10T15:06:39.750-0600: 595.078: Total time for which application threads were stopped: 0.0001897 seconds, Stopping threads took: 0.0000377 seconds
2019-04-10T15:06:39.751-0600: 595.078: Total time for which application threads were stopped: 0.0001425 seconds, Stopping threads took: 0.0000240 seconds
2019-04-10T15:06:39.752-0600: 595.079: Total time for which application threads were stopped: 0.0010921 seconds, Stopping threads took: 0.0009496 seconds
2019-04-10T15:06:39.752-0600: 595.080: Total time for which application threads were stopped: 0.0001834 seconds, Stopping threads took: 0.0000797 seconds
2019-04-10T15:06:39.752-0600: 595.080: Total time for which application threads were stopped: 0.0000956 seconds, Stopping threads took: 0.0000201 seconds
2019-04-10T15:06:39.752-0600: 595.080: Total time for which application threads were stopped: 0.0001171 seconds, Stopping threads took: 0.0000303 seconds
2019-04-10T15:06:39.752-0600: 595.080: Total time for which application threads were stopped: 0.0001217 seconds, Stopping threads took: 0.0000370 seconds
2019-04-10T15:06:39.752-0600: 595.080: Total time for which application threads were stopped: 0.0001185 seconds, Stopping threads took: 0.0000317 seconds
2019-04-10T15:06:39.753-0600: 595.080: Total time for which application threads were stopped: 0.0001446 seconds, Stopping threads took: 0.0000575 seconds
2019-04-10T15:06:39.753-0600: 595.081: Total time for which application threads were stopped: 0.0001534 seconds, Stopping threads took: 0.0000328 seconds
2019-04-10T15:06:39.753-0600: 595.081: Total time for which application threads were stopped: 0.0000793 seconds, Stopping threads took: 0.0000229 seconds
2019-04-10T15:06:39.753-0600: 595.081: Total time for which application threads were stopped: 0.0000762 seconds, Stopping threads took: 0.0000226 seconds
2019-04-10T15:06:39.753-0600: 595.081: Total time for which application threads were stopped: 0.0001640 seconds, Stopping threads took: 0.0000219 seconds
2019-04-10T15:06:39.753-0600: 595.081: Total time for which application threads were stopped: 0.0000751 seconds, Stopping threads took: 0.0000215 seconds
2019-04-10T15:06:39.753-0600: 595.081: Total time for which application threads were stopped: 0.0000751 seconds, Stopping threads took: 0.0000215 seconds
2019-04-10T15:06:39.753-0600: 595.081: Total time for which application threads were stopped: 0.0000755 seconds, Stopping threads took: 0.0000226 seconds
2019-04-10T15:06:39.754-0600: 595.081: Total time for which application threads were stopped: 0.0000765 seconds, Stopping threads took: 0.0000233 seconds
2019-04-10T15:06:39.754-0600: 595.081: Total time for which application threads were stopped: 0.0000748 seconds, Stopping threads took: 0.0000219 seconds
2019-04-10T15:06:39.754-0600: 595.082: Total time for which application threads were stopped: 0.0000755 seconds, Stopping threads took: 0.0000222 seconds
2019-04-10T15:06:39.754-0600: 595.082: Total time for which application threads were stopped: 0.0002772 seconds, Stopping threads took: 0.0000226 seconds
2019-04-10T15:06:39.756-0600: 595.084: Total time for which application threads were stopped: 0.0002193 seconds, Stopping threads took: 0.0000776 seconds
2019-04-10T15:06:39.757-0600: 595.084: Total time for which application threads were stopped: 0.0001245 seconds, Stopping threads took: 0.0000469 seconds
2019-04-10T15:06:39.759-0600: 595.087: Total time for which application threads were stopped: 0.0001343 seconds, Stopping threads took: 0.0000416 seconds
2019-04-10T15:06:39.776-0600: 595.104: Total time for which application threads were stopped: 0.0001199 seconds, Stopping threads took: 0.0000236 seconds
2019-04-10T15:06:39.776-0600: 595.104: Total time for which application threads were stopped: 0.0000804 seconds, Stopping threads took: 0.0000162 seconds
2019-04-10T15:06:39.776-0600: 595.104: Total time for which application threads were stopped: 0.0000733 seconds, Stopping threads took: 0.0000123 seconds
2019-04-10T15:06:39.776-0600: 595.104: Total time for which application threads were stopped: 0.0001086 seconds, Stopping threads took: 0.0000176 seconds
2019-04-10T15:06:39.776-0600: 595.104: Total time for which application threads were stopped: 0.0000882 seconds, Stopping threads took: 0.0000155 seconds
2019-04-10T15:06:39.776-0600: 595.104: Total time for which application threads were stopped: 0.0001100 seconds, Stopping threads took: 0.0000162 seconds
2019-04-10T15:06:39.777-0600: 595.104: Total time for which application threads were stopped: 0.0000681 seconds, Stopping threads took: 0.0000095 seconds
2019-04-10T15:06:39.782-0600: 595.110: Total time for which application threads were stopped: 0.0002281 seconds, Stopping threads took: 0.0000497 seconds
2019-04-10T15:06:39.782-0600: 595.110: Total time for which application threads were stopped: 0.0001566 seconds, Stopping threads took: 0.0000268 seconds
2019-04-10T15:06:39.784-0600: 595.112: Total time for which application threads were stopped: 0.0001527 seconds, Stopping threads took: 0.0000314 seconds
2019-04-10T15:06:40.785-0600: 596.112: Total time for which application threads were stopped: 0.0002080 seconds, Stopping threads took: 0.0000328 seconds
2019-04-10T15:06:42.785-0600: 598.113: Total time for which application threads were stopped: 0.0002140 seconds, Stopping threads took: 0.0000289 seconds
2019-04-10T15:06:45.786-0600: 601.113: Total time for which application threads were stopped: 0.0002130 seconds, Stopping threads took: 0.0000307 seconds
2019-04-10T15:06:47.786-0600: 603.114: Total time for which application threads were stopped: 0.0002186 seconds, Stopping threads took: 0.0000321 seconds
2019-04-10T15:06:52.469-0600: 607.796: Total time for which application threads were stopped: 0.0002095 seconds, Stopping threads took: 0.0000247 seconds
2019-04-10T15:06:53.469-0600: 608.797: Total time for which application threads were stopped: 0.0002253 seconds, Stopping threads took: 0.0000356 seconds
2019-04-10T15:07:19.476-0600: 634.803: Total time for which application threads were stopped: 0.0002772 seconds, Stopping threads took: 0.0000374 seconds
2019-04-10T15:07:34.481-0600: 649.808: Total time for which application threads were stopped: 0.0002666 seconds, Stopping threads took: 0.0000434 seconds
2019-04-10T15:07:53.487-0600: 668.814: Total time for which application threads were stopped: 0.0003286 seconds, Stopping threads took: 0.0000430 seconds
{Heap before GC invocations=31 (full 2):
 par new generation   total 109248K, used 107811K [0x07600000, 0x0f600000, 0x0f600000)
  eden space 87424K, 100% used [0x07600000, 0x0cb60000, 0x0cb60000)
  from space 21824K,  93% used [0x0e0b0000, 0x0f498ec0, 0x0f600000)
  to   space 21824K,   0% used [0x0cb60000, 0x0cb60000, 0x0e0b0000)
 concurrent mark-sweep generation total 393216K, used 53541K [0x0f600000, 0x27600000, 0x27600000)
 Metaspace       used 29940K, capacity 31273K, committed 31360K, reserved 32128K
2019-04-10T15:08:15.968-0600: 691.294: [GC (Allocation Failure) 2019-04-10T15:08:15.968-0600: 691.294: [ParNew
Desired survivor size 20112996 bytes, new threshold 8 (max 8)
- age   1:    6848496 bytes,    6848496 total
- age   2:      98920 bytes,    6947416 total
- age   3:      81584 bytes,    7029000 total
- age   4:     129368 bytes,    7158368 total
- age   5:     701672 bytes,    7860040 total
- age   6:    9686048 bytes,   17546088 total
- age   7:     137648 bytes,   17683736 total
- age   8:      68024 bytes,   17751760 total
: 107811K->21824K(109248K), 0.0154245 secs] 161353K->75739K(502464K), 0.0155007 secs] [Times: user=0.02 sys=0.00, real=0.02 secs] 
Heap after GC invocations=32 (full 2):
 par new generation   total 109248K, used 21824K [0x07600000, 0x0f600000, 0x0f600000)
  eden space 87424K,   0% used [0x07600000, 0x07600000, 0x0cb60000)
  from space 21824K, 100% used [0x0cb60000, 0x0e0b0000, 0x0e0b0000)
  to   space 21824K,   0% used [0x0e0b0000, 0x0e0b0000, 0x0f600000)
 concurrent mark-sweep generation total 393216K, used 53915K [0x0f600000, 0x27600000, 0x27600000)
 Metaspace       used 29940K, capacity 31273K, committed 31360K, reserved 32128K
}
2019-04-10T15:08:15.983-0600: 691.310: Total time for which application threads were stopped: 0.0159016 seconds, Stopping threads took: 0.0000836 seconds
2019-04-10T15:08:37.990-0600: 713.316: Total time for which application threads were stopped: 0.0003121 seconds, Stopping threads took: 0.0000395 seconds
2019-04-10T15:08:47.992-0600: 723.318: Total time for which application threads were stopped: 0.0003177 seconds, Stopping threads took: 0.0000282 seconds
2019-04-10T15:08:52.994-0600: 728.320: Total time for which application threads were stopped: 0.0002944 seconds, Stopping threads took: 0.0000529 seconds
2019-04-10T15:08:53.994-0600: 729.320: Total time for which application threads were stopped: 0.0003650 seconds, Stopping threads took: 0.0000356 seconds
2019-04-10T15:09:04.997-0600: 740.323: Total time for which application threads were stopped: 0.0002218 seconds, Stopping threads took: 0.0000286 seconds
2019-04-10T15:09:05.997-0600: 741.323: Total time for which application threads were stopped: 0.0002271 seconds, Stopping threads took: 0.0000416 seconds
2019-04-10T15:09:06.998-0600: 742.324: Total time for which application threads were stopped: 0.0002063 seconds, Stopping threads took: 0.0000268 seconds
2019-04-10T15:09:15.000-0600: 750.325: Total time for which application threads were stopped: 0.0002800 seconds, Stopping threads took: 0.0000511 seconds
2019-04-10T15:09:29.004-0600: 764.330: Total time for which application threads were stopped: 0.0004683 seconds, Stopping threads took: 0.0000762 seconds
2019-04-10T15:09:54.011-0600: 789.336: Total time for which application threads were stopped: 0.0003424 seconds, Stopping threads took: 0.0000377 seconds
2019-04-10T15:10:52.026-0600: 847.350: Total time for which application threads were stopped: 0.0001936 seconds, Stopping threads took: 0.0000279 seconds
2019-04-10T15:10:53.026-0600: 848.350: Total time for which application threads were stopped: 0.0002098 seconds, Stopping threads took: 0.0000289 seconds
2019-04-10T15:10:54.026-0600: 849.351: Total time for which application threads were stopped: 0.0002179 seconds, Stopping threads took: 0.0000282 seconds
2019-04-10T15:11:13.031-0600: 868.356: Total time for which application threads were stopped: 0.0002705 seconds, Stopping threads took: 0.0000504 seconds
2019-04-10T15:11:54.042-0600: 909.366: Total time for which application threads were stopped: 0.0003946 seconds, Stopping threads took: 0.0000374 seconds
2019-04-10T15:11:57.043-0600: 912.366: Total time for which application threads were stopped: 0.0002169 seconds, Stopping threads took: 0.0000444 seconds
2019-04-10T15:12:54.060-0600: 969.383: Total time for which application threads were stopped: 0.0004912 seconds, Stopping threads took: 0.0000476 seconds
2019-04-10T15:12:55.061-0600: 970.384: Total time for which application threads were stopped: 0.0002281 seconds, Stopping threads took: 0.0000268 seconds
2019-04-10T15:13:27.069-0600: 1002.392: Total time for which application threads were stopped: 0.0003498 seconds, Stopping threads took: 0.0000353 seconds
2019-04-10T15:13:28.070-0600: 1003.392: Total time for which application threads were stopped: 0.0004020 seconds, Stopping threads took: 0.0000370 seconds
2019-04-10T15:13:51.076-0600: 1026.399: Total time for which application threads were stopped: 0.0003219 seconds, Stopping threads took: 0.0000324 seconds
2019-04-10T15:13:52.077-0600: 1027.400: Total time for which application threads were stopped: 0.0003170 seconds, Stopping threads took: 0.0000339 seconds
2019-04-10T15:13:54.078-0600: 1029.400: Total time for which application threads were stopped: 0.0003244 seconds, Stopping threads took: 0.0000540 seconds
2019-04-10T15:13:55.078-0600: 1030.400: Total time for which application threads were stopped: 0.0002387 seconds, Stopping threads took: 0.0000331 seconds
2019-04-10T15:14:38.090-0600: 1073.412: Total time for which application threads were stopped: 0.0002528 seconds, Stopping threads took: 0.0000307 seconds
2019-04-10T15:14:43.092-0600: 1078.413: Total time for which application threads were stopped: 0.0002229 seconds, Stopping threads took: 0.0000328 seconds
2019-04-10T15:14:45.092-0600: 1080.414: Total time for which application threads were stopped: 0.0003618 seconds, Stopping threads took: 0.0000430 seconds
2019-04-10T15:14:46.093-0600: 1081.414: Total time for which application threads were stopped: 0.0002528 seconds, Stopping threads took: 0.0000282 seconds
2019-04-10T15:14:53.094-0600: 1088.415: Total time for which application threads were stopped: 0.0003477 seconds, Stopping threads took: 0.0000430 seconds
2019-04-10T15:14:55.095-0600: 1090.416: Total time for which application threads were stopped: 0.0005571 seconds, Stopping threads took: 0.0000825 seconds
2019-04-10T15:14:56.095-0600: 1091.417: Total time for which application threads were stopped: 0.0003131 seconds, Stopping threads took: 0.0000504 seconds
2019-04-10T15:14:57.096-0600: 1092.417: Total time for which application threads were stopped: 0.0004112 seconds, Stopping threads took: 0.0000367 seconds
2019-04-10T15:15:14.102-0600: 1109.423: Total time for which application threads were stopped: 0.0003170 seconds, Stopping threads took: 0.0000473 seconds
2019-04-10T15:15:20.104-0600: 1115.425: Total time for which application threads were stopped: 0.0002422 seconds, Stopping threads took: 0.0000437 seconds
2019-04-10T15:15:46.110-0600: 1141.431: Total time for which application threads were stopped: 0.0002359 seconds, Stopping threads took: 0.0000420 seconds
2019-04-10T15:15:47.111-0600: 1142.431: Total time for which application threads were stopped: 0.0002158 seconds, Stopping threads took: 0.0000430 seconds
2019-04-10T15:15:53.113-0600: 1148.434: Total time for which application threads were stopped: 0.0002549 seconds, Stopping threads took: 0.0000370 seconds
2019-04-10T15:15:55.113-0600: 1150.434: Total time for which application threads were stopped: 0.0002207 seconds, Stopping threads took: 0.0000268 seconds
2019-04-10T15:15:56.114-0600: 1151.434: Total time for which application threads were stopped: 0.0002084 seconds, Stopping threads took: 0.0000279 seconds
2019-04-10T15:16:04.116-0600: 1159.436: Total time for which application threads were stopped: 0.0002271 seconds, Stopping threads took: 0.0000328 seconds
2019-04-10T15:16:13.118-0600: 1168.439: Total time for which application threads were stopped: 0.0002662 seconds, Stopping threads took: 0.0000494 seconds
2019-04-10T15:16:14.119-0600: 1169.439: Total time for which application threads were stopped: 0.0002253 seconds, Stopping threads took: 0.0000272 seconds
2019-04-10T15:16:15.119-0600: 1170.439: Total time for which application threads were stopped: 0.0002119 seconds, Stopping threads took: 0.0000413 seconds
2019-04-10T15:16:26.123-0600: 1181.443: Total time for which application threads were stopped: 0.0002422 seconds, Stopping threads took: 0.0000451 seconds
2019-04-10T15:16:27.123-0600: 1182.443: Total time for which application threads were stopped: 0.0002017 seconds, Stopping threads took: 0.0000272 seconds
2019-04-10T15:16:28.123-0600: 1183.443: Total time for which application threads were stopped: 0.0002243 seconds, Stopping threads took: 0.0000409 seconds
2019-04-10T15:16:34.125-0600: 1189.445: Total time for which application threads were stopped: 0.0002980 seconds, Stopping threads took: 0.0000264 seconds
2019-04-10T15:16:45.129-0600: 1200.449: Total time for which application threads were stopped: 0.0003660 seconds, Stopping threads took: 0.0000458 seconds
2019-04-10T15:16:47.130-0600: 1202.449: Total time for which application threads were stopped: 0.0002278 seconds, Stopping threads took: 0.0000272 seconds
2019-04-10T15:16:49.099-0600: 1204.419: Total time for which application threads were stopped: 0.0002479 seconds, Stopping threads took: 0.0000257 seconds
2019-04-10T15:16:49.099-0600: 1204.419: Total time for which application threads were stopped: 0.0001164 seconds, Stopping threads took: 0.0000293 seconds
2019-04-10T15:16:50.100-0600: 1205.420: Total time for which application threads were stopped: 0.0004108 seconds, Stopping threads took: 0.0000765 seconds
2019-04-10T15:16:55.101-0600: 1210.421: Total time for which application threads were stopped: 0.0002186 seconds, Stopping threads took: 0.0000279 seconds
2019-04-10T15:17:14.107-0600: 1229.427: Total time for which application threads were stopped: 0.0003346 seconds, Stopping threads took: 0.0000511 seconds
2019-04-10T15:17:15.108-0600: 1230.427: Total time for which application threads were stopped: 0.0003142 seconds, Stopping threads took: 0.0000356 seconds
2019-04-10T15:17:17.108-0600: 1232.427: Total time for which application threads were stopped: 0.0002197 seconds, Stopping threads took: 0.0000272 seconds
2019-04-10T15:17:19.108-0600: 1234.428: Total time for which application threads were stopped: 0.0002327 seconds, Stopping threads took: 0.0000395 seconds
2019-04-10T15:17:39.115-0600: 1254.434: Total time for which application threads were stopped: 0.0003223 seconds, Stopping threads took: 0.0000857 seconds
2019-04-10T15:17:40.115-0600: 1255.434: Total time for which application threads were stopped: 0.0003449 seconds, Stopping threads took: 0.0000465 seconds
2019-04-10T15:17:45.116-0600: 1260.436: Total time for which application threads were stopped: 0.0004150 seconds, Stopping threads took: 0.0000564 seconds
2019-04-10T15:17:55.120-0600: 1270.439: Total time for which application threads were stopped: 0.0002733 seconds, Stopping threads took: 0.0000377 seconds
2019-04-10T15:17:56.120-0600: 1271.439: Total time for which application threads were stopped: 0.0003657 seconds, Stopping threads took: 0.0000370 seconds
2019-04-10T15:18:03.122-0600: 1278.441: Total time for which application threads were stopped: 0.0003889 seconds, Stopping threads took: 0.0000758 seconds
2019-04-10T15:18:09.123-0600: 1284.442: Total time for which application threads were stopped: 0.0002475 seconds, Stopping threads took: 0.0000282 seconds
2019-04-10T15:18:28.130-0600: 1303.449: Total time for which application threads were stopped: 0.0003858 seconds, Stopping threads took: 0.0000483 seconds
2019-04-10T15:18:46.135-0600: 1321.453: Total time for which application threads were stopped: 0.0003470 seconds, Stopping threads took: 0.0000328 seconds
2019-04-10T15:18:47.135-0600: 1322.453: Total time for which application threads were stopped: 0.0003011 seconds, Stopping threads took: 0.0000511 seconds
2019-04-10T15:18:56.138-0600: 1331.456: Total time for which application threads were stopped: 0.0002507 seconds, Stopping threads took: 0.0000261 seconds
2019-04-10T15:19:31.146-0600: 1366.464: Total time for which application threads were stopped: 0.0002987 seconds, Stopping threads took: 0.0000321 seconds
2019-04-10T15:19:32.146-0600: 1367.464: Total time for which application threads were stopped: 0.0002518 seconds, Stopping threads took: 0.0000346 seconds
2019-04-10T15:19:33.146-0600: 1368.464: Total time for which application threads were stopped: 0.0002370 seconds, Stopping threads took: 0.0000268 seconds
2019-04-10T15:19:34.147-0600: 1369.464: Total time for which application threads were stopped: 0.0002958 seconds, Stopping threads took: 0.0000342 seconds
2019-04-10T15:19:50.151-0600: 1385.469: Total time for which application threads were stopped: 0.0002860 seconds, Stopping threads took: 0.0000515 seconds
2019-04-10T15:19:51.151-0600: 1386.469: Total time for which application threads were stopped: 0.0003339 seconds, Stopping threads took: 0.0000275 seconds
2019-04-10T15:19:55.152-0600: 1390.469: Total time for which application threads were stopped: 0.0003092 seconds, Stopping threads took: 0.0000286 seconds
2019-04-10T15:19:56.152-0600: 1391.470: Total time for which application threads were stopped: 0.0003960 seconds, Stopping threads took: 0.0000596 seconds
2019-04-10T15:20:23.160-0600: 1418.477: Total time for which application threads were stopped: 0.0002260 seconds, Stopping threads took: 0.0000469 seconds
2019-04-10T15:20:31.163-0600: 1426.480: Total time for which application threads were stopped: 0.0002482 seconds, Stopping threads took: 0.0000275 seconds
2019-04-10T15:20:56.170-0600: 1451.486: Total time for which application threads were stopped: 0.0003311 seconds, Stopping threads took: 0.0000518 seconds
2019-04-10T15:20:58.171-0600: 1453.487: Total time for which application threads were stopped: 0.0002437 seconds, Stopping threads took: 0.0000398 seconds
2019-04-10T15:21:13.176-0600: 1468.493: Total time for which application threads were stopped: 0.0003043 seconds, Stopping threads took: 0.0000275 seconds
2019-04-10T15:21:17.178-0600: 1472.495: Total time for which application threads were stopped: 0.0002638 seconds, Stopping threads took: 0.0000272 seconds
2019-04-10T15:21:47.188-0600: 1502.504: Total time for which application threads were stopped: 0.0003033 seconds, Stopping threads took: 0.0000624 seconds
2019-04-10T15:21:49.106-0600: 1504.422: Total time for which application threads were stopped: 0.0003071 seconds, Stopping threads took: 0.0000395 seconds
2019-04-10T15:21:49.106-0600: 1504.422: Total time for which application threads were stopped: 0.0001227 seconds, Stopping threads took: 0.0000342 seconds
2019-04-10T15:21:51.107-0600: 1506.423: Total time for which application threads were stopped: 0.0002571 seconds, Stopping threads took: 0.0000807 seconds
2019-04-10T15:21:56.005-0600: 1511.321: Total time for which application threads were stopped: 0.0004552 seconds, Stopping threads took: 0.0001150 seconds
2019-04-10T15:21:57.005-0600: 1512.321: Total time for which application threads were stopped: 0.0002084 seconds, Stopping threads took: 0.0000286 seconds
2019-04-10T15:22:34.029-0600: 1549.345: Total time for which application threads were stopped: 0.0002031 seconds, Stopping threads took: 0.0000317 seconds
2019-04-10T15:22:57.035-0600: 1572.350: Total time for which application threads were stopped: 0.0008396 seconds, Stopping threads took: 0.0001781 seconds
2019-04-10T15:23:19.044-0600: 1594.359: Total time for which application threads were stopped: 0.0003431 seconds, Stopping threads took: 0.0000363 seconds
2019-04-10T15:23:20.044-0600: 1595.359: Total time for which application threads were stopped: 0.0002317 seconds, Stopping threads took: 0.0000275 seconds
2019-04-10T15:23:21.044-0600: 1596.359: Total time for which application threads were stopped: 0.0003040 seconds, Stopping threads took: 0.0000275 seconds
2019-04-10T15:23:22.045-0600: 1597.360: Total time for which application threads were stopped: 0.0002715 seconds, Stopping threads took: 0.0000480 seconds
2019-04-10T15:23:28.047-0600: 1603.361: Total time for which application threads were stopped: 0.0002761 seconds, Stopping threads took: 0.0000321 seconds
2019-04-10T15:23:47.052-0600: 1622.366: Total time for which application threads were stopped: 0.0002701 seconds, Stopping threads took: 0.0000286 seconds
2019-04-10T15:23:48.052-0600: 1623.367: Total time for which application threads were stopped: 0.0002355 seconds, Stopping threads took: 0.0000289 seconds
2019-04-10T15:23:49.053-0600: 1624.367: Total time for which application threads were stopped: 0.0003339 seconds, Stopping threads took: 0.0000416 seconds
2019-04-10T15:23:57.056-0600: 1632.370: Total time for which application threads were stopped: 0.0002786 seconds, Stopping threads took: 0.0000374 seconds
2019-04-10T15:23:58.056-0600: 1633.370: Total time for which application threads were stopped: 0.0002253 seconds, Stopping threads took: 0.0000272 seconds
2019-04-10T15:23:59.056-0600: 1634.370: Total time for which application threads were stopped: 0.0002454 seconds, Stopping threads took: 0.0000339 seconds
2019-04-10T15:24:00.056-0600: 1635.371: Total time for which application threads were stopped: 0.0002987 seconds, Stopping threads took: 0.0000286 seconds
2019-04-10T15:24:01.057-0600: 1636.371: Total time for which application threads were stopped: 0.0002740 seconds, Stopping threads took: 0.0000282 seconds
2019-04-10T15:24:10.059-0600: 1645.374: Total time for which application threads were stopped: 0.0003759 seconds, Stopping threads took: 0.0000420 seconds
2019-04-10T15:24:18.062-0600: 1653.376: Total time for which application threads were stopped: 0.0002250 seconds, Stopping threads took: 0.0000264 seconds
2019-04-10T15:24:25.064-0600: 1660.377: Total time for which application threads were stopped: 0.0002712 seconds, Stopping threads took: 0.0000370 seconds
2019-04-10T15:24:26.064-0600: 1661.378: Total time for which application threads were stopped: 0.0003424 seconds, Stopping threads took: 0.0000451 seconds
2019-04-10T15:24:27.064-0600: 1662.378: Total time for which application threads were stopped: 0.0002592 seconds, Stopping threads took: 0.0000398 seconds
2019-04-10T15:24:28.064-0600: 1663.378: Total time for which application threads were stopped: 0.0003142 seconds, Stopping threads took: 0.0000374 seconds
2019-04-10T15:24:30.064-0600: 1665.378: Total time for which application threads were stopped: 0.0003614 seconds, Stopping threads took: 0.0000374 seconds
2019-04-10T15:24:31.065-0600: 1666.378: Total time for which application threads were stopped: 0.0003198 seconds, Stopping threads took: 0.0000406 seconds
2019-04-10T15:24:34.065-0600: 1669.379: Total time for which application threads were stopped: 0.0002934 seconds, Stopping threads took: 0.0000465 seconds
2019-04-10T15:24:35.065-0600: 1670.379: Total time for which application threads were stopped: 0.0003061 seconds, Stopping threads took: 0.0000423 seconds
2019-04-10T15:24:36.066-0600: 1671.379: Total time for which application threads were stopped: 0.0002832 seconds, Stopping threads took: 0.0000413 seconds
2019-04-10T15:24:37.066-0600: 1672.380: Total time for which application threads were stopped: 0.0003671 seconds, Stopping threads took: 0.0000504 seconds
2019-04-10T15:24:43.067-0600: 1678.381: Total time for which application threads were stopped: 0.0003516 seconds, Stopping threads took: 0.0000423 seconds
2019-04-10T15:24:50.068-0600: 1685.382: Total time for which application threads were stopped: 0.0002260 seconds, Stopping threads took: 0.0000279 seconds
2019-04-10T15:24:51.069-0600: 1686.382: Total time for which application threads were stopped: 0.0002345 seconds, Stopping threads took: 0.0000363 seconds
2019-04-10T15:24:52.069-0600: 1687.383: Total time for which application threads were stopped: 0.0002038 seconds, Stopping threads took: 0.0000275 seconds
2019-04-10T15:24:57.071-0600: 1692.385: Total time for which application threads were stopped: 0.0002923 seconds, Stopping threads took: 0.0000480 seconds
2019-04-10T15:24:58.071-0600: 1693.385: Total time for which application threads were stopped: 0.0002493 seconds, Stopping threads took: 0.0000264 seconds
2019-04-10T15:25:00.072-0600: 1695.385: Total time for which application threads were stopped: 0.0002045 seconds, Stopping threads took: 0.0000324 seconds
2019-04-10T15:25:01.072-0600: 1696.385: Total time for which application threads were stopped: 0.0002239 seconds, Stopping threads took: 0.0000275 seconds
2019-04-10T15:25:03.072-0600: 1698.386: Total time for which application threads were stopped: 0.0003149 seconds, Stopping threads took: 0.0000363 seconds
2019-04-10T15:25:21.076-0600: 1716.389: Total time for which application threads were stopped: 0.0002422 seconds, Stopping threads took: 0.0000353 seconds
2019-04-10T15:25:22.076-0600: 1717.389: Total time for which application threads were stopped: 0.0002934 seconds, Stopping threads took: 0.0000339 seconds
2019-04-10T15:25:28.078-0600: 1723.391: Total time for which application threads were stopped: 0.0002267 seconds, Stopping threads took: 0.0000268 seconds
2019-04-10T15:25:29.078-0600: 1724.391: Total time for which application threads were stopped: 0.0002398 seconds, Stopping threads took: 0.0000490 seconds
2019-04-10T15:25:30.078-0600: 1725.391: Total time for which application threads were stopped: 0.0003121 seconds, Stopping threads took: 0.0000631 seconds
2019-04-10T15:25:31.078-0600: 1726.391: Total time for which application threads were stopped: 0.0002504 seconds, Stopping threads took: 0.0000307 seconds
2019-04-10T15:25:37.080-0600: 1732.393: Total time for which application threads were stopped: 0.0003226 seconds, Stopping threads took: 0.0000296 seconds
2019-04-10T15:25:52.084-0600: 1747.396: Total time for which application threads were stopped: 0.0002292 seconds, Stopping threads took: 0.0000374 seconds
2019-04-10T15:25:53.084-0600: 1748.397: Total time for which application threads were stopped: 0.0001915 seconds, Stopping threads took: 0.0000275 seconds
2019-04-10T15:25:55.085-0600: 1750.397: Total time for which application threads were stopped: 0.0002683 seconds, Stopping threads took: 0.0000324 seconds
2019-04-10T15:25:57.086-0600: 1752.398: Total time for which application threads were stopped: 0.0003392 seconds, Stopping threads took: 0.0001255 seconds
2019-04-10T15:25:58.086-0600: 1753.398: Total time for which application threads were stopped: 0.0002278 seconds, Stopping threads took: 0.0000349 seconds
2019-04-10T15:26:15.091-0600: 1770.404: Total time for which application threads were stopped: 0.0002158 seconds, Stopping threads took: 0.0000300 seconds
2019-04-10T15:26:16.092-0600: 1771.404: Total time for which application threads were stopped: 0.0002821 seconds, Stopping threads took: 0.0000328 seconds
2019-04-10T15:26:49.112-0600: 1804.424: Total time for which application threads were stopped: 0.0002285 seconds, Stopping threads took: 0.0000272 seconds
2019-04-10T15:26:49.112-0600: 1804.424: Total time for which application threads were stopped: 0.0000885 seconds, Stopping threads took: 0.0000162 seconds
2019-04-10T15:26:51.113-0600: 1806.425: Total time for which application threads were stopped: 0.0002832 seconds, Stopping threads took: 0.0000377 seconds
2019-04-10T15:26:57.114-0600: 1812.427: Total time for which application threads were stopped: 0.0004778 seconds, Stopping threads took: 0.0000564 seconds
2019-04-10T15:26:58.115-0600: 1813.427: Total time for which application threads were stopped: 0.0003057 seconds, Stopping threads took: 0.0000547 seconds
2019-04-10T15:27:02.116-0600: 1817.428: Total time for which application threads were stopped: 0.0002225 seconds, Stopping threads took: 0.0000310 seconds
2019-04-10T15:27:03.116-0600: 1818.428: Total time for which application threads were stopped: 0.0002214 seconds, Stopping threads took: 0.0000275 seconds
2019-04-10T15:27:11.119-0600: 1826.430: Total time for which application threads were stopped: 0.0002257 seconds, Stopping threads took: 0.0000377 seconds
2019-04-10T15:27:15.120-0600: 1830.432: Total time for which application threads were stopped: 0.0002398 seconds, Stopping threads took: 0.0000307 seconds
2019-04-10T15:27:41.193-0600: 1856.505: Total time for which application threads were stopped: 0.0002327 seconds, Stopping threads took: 0.0000282 seconds
2019-04-10T15:27:58.197-0600: 1873.508: Total time for which application threads were stopped: 0.0002641 seconds, Stopping threads took: 0.0000342 seconds
2019-04-10T15:28:10.200-0600: 1885.511: Total time for which application threads were stopped: 0.0002133 seconds, Stopping threads took: 0.0000398 seconds
2019-04-10T15:28:38.207-0600: 1913.518: Total time for which application threads were stopped: 0.0004055 seconds, Stopping threads took: 0.0000353 seconds
2019-04-10T15:28:39.207-0600: 1914.518: Total time for which application threads were stopped: 0.0003142 seconds, Stopping threads took: 0.0000497 seconds
2019-04-10T15:28:47.209-0600: 1922.519: Total time for which application threads were stopped: 0.0002063 seconds, Stopping threads took: 0.0000324 seconds
2019-04-10T15:28:48.209-0600: 1923.520: Total time for which application threads were stopped: 0.0002147 seconds, Stopping threads took: 0.0000286 seconds
2019-04-10T15:28:49.209-0600: 1924.520: Total time for which application threads were stopped: 0.0003597 seconds, Stopping threads took: 0.0000547 seconds
2019-04-10T15:28:58.212-0600: 1933.522: Total time for which application threads were stopped: 0.0003145 seconds, Stopping threads took: 0.0000300 seconds
2019-04-10T15:29:16.217-0600: 1951.527: Total time for which application threads were stopped: 0.0003650 seconds, Stopping threads took: 0.0000511 seconds
2019-04-10T15:29:21.219-0600: 1956.529: Total time for which application threads were stopped: 0.0003695 seconds, Stopping threads took: 0.0000483 seconds
2019-04-10T15:29:58.229-0600: 1993.538: Total time for which application threads were stopped: 0.0003657 seconds, Stopping threads took: 0.0000381 seconds
2019-04-10T15:30:03.230-0600: 1998.539: Total time for which application threads were stopped: 0.0003780 seconds, Stopping threads took: 0.0000391 seconds
2019-04-10T15:30:13.232-0600: 2008.542: Total time for which application threads were stopped: 0.0002408 seconds, Stopping threads took: 0.0000300 seconds
2019-04-10T15:30:33.237-0600: 2028.547: Total time for which application threads were stopped: 0.0004531 seconds, Stopping threads took: 0.0000391 seconds
2019-04-10T15:30:41.240-0600: 2036.550: Total time for which application threads were stopped: 0.0003367 seconds, Stopping threads took: 0.0000599 seconds
2019-04-10T15:30:43.241-0600: 2038.550: Total time for which application threads were stopped: 0.0002253 seconds, Stopping threads took: 0.0000282 seconds
2019-04-10T15:30:44.242-0600: 2039.551: Total time for which application threads were stopped: 0.0002627 seconds, Stopping threads took: 0.0000367 seconds
2019-04-10T15:30:50.243-0600: 2045.552: Total time for which application threads were stopped: 0.0003001 seconds, Stopping threads took: 0.0000444 seconds
2019-04-10T15:30:58.245-0600: 2053.554: Total time for which application threads were stopped: 0.0004115 seconds, Stopping threads took: 0.0000455 seconds
2019-04-10T15:30:59.246-0600: 2054.555: Total time for which application threads were stopped: 0.0004489 seconds, Stopping threads took: 0.0000529 seconds
2019-04-10T15:31:00.246-0600: 2055.555: Total time for which application threads were stopped: 0.0002310 seconds, Stopping threads took: 0.0000409 seconds
2019-04-10T15:31:08.248-0600: 2063.556: Total time for which application threads were stopped: 0.0002398 seconds, Stopping threads took: 0.0000455 seconds
2019-04-10T15:31:21.252-0600: 2076.560: Total time for which application threads were stopped: 0.0002546 seconds, Stopping threads took: 0.0000307 seconds
2019-04-10T15:31:43.261-0600: 2098.569: Total time for which application threads were stopped: 0.0003357 seconds, Stopping threads took: 0.0000406 seconds
2019-04-10T15:31:45.261-0600: 2100.569: Total time for which application threads were stopped: 0.0002966 seconds, Stopping threads took: 0.0000540 seconds
2019-04-10T15:31:49.118-0600: 2104.426: Total time for which application threads were stopped: 0.0002983 seconds, Stopping threads took: 0.0000335 seconds
2019-04-10T15:31:49.118-0600: 2104.427: Total time for which application threads were stopped: 0.0002398 seconds, Stopping threads took: 0.0000402 seconds
2019-04-10T15:31:50.119-0600: 2105.427: Total time for which application threads were stopped: 0.0002881 seconds, Stopping threads took: 0.0000398 seconds
2019-04-10T15:31:55.120-0600: 2110.428: Total time for which application threads were stopped: 0.0003727 seconds, Stopping threads took: 0.0000342 seconds
2019-04-10T15:31:59.122-0600: 2114.430: Total time for which application threads were stopped: 0.0007550 seconds, Stopping threads took: 0.0000871 seconds
2019-04-10T15:32:27.130-0600: 2142.438: Total time for which application threads were stopped: 0.0002690 seconds, Stopping threads took: 0.0000286 seconds
2019-04-10T15:32:59.139-0600: 2174.446: Total time for which application threads were stopped: 0.0002507 seconds, Stopping threads took: 0.0000406 seconds
2019-04-10T15:33:31.149-0600: 2206.456: Total time for which application threads were stopped: 0.0002870 seconds, Stopping threads took: 0.0000356 seconds
2019-04-10T15:33:59.155-0600: 2234.462: Total time for which application threads were stopped: 0.0002285 seconds, Stopping threads took: 0.0000254 seconds
2019-04-10T15:34:05.157-0600: 2240.463: Total time for which application threads were stopped: 0.0002186 seconds, Stopping threads took: 0.0000349 seconds
2019-04-10T15:34:45.168-0600: 2280.474: Total time for which application threads were stopped: 0.0003233 seconds, Stopping threads took: 0.0000536 seconds
2019-04-10T15:34:56.173-0600: 2291.479: Total time for which application threads were stopped: 0.0003949 seconds, Stopping threads took: 0.0000716 seconds
2019-04-10T15:34:57.173-0600: 2292.479: Total time for which application threads were stopped: 0.0003491 seconds, Stopping threads took: 0.0000430 seconds
2019-04-10T15:34:59.173-0600: 2294.479: Total time for which application threads were stopped: 0.0002489 seconds, Stopping threads took: 0.0000455 seconds
2019-04-10T15:35:00.174-0600: 2295.479: Total time for which application threads were stopped: 0.0003565 seconds, Stopping threads took: 0.0000391 seconds
2019-04-10T15:35:03.175-0600: 2298.481: Total time for which application threads were stopped: 0.0002652 seconds, Stopping threads took: 0.0000540 seconds
2019-04-10T15:35:21.181-0600: 2316.486: Total time for which application threads were stopped: 0.0003442 seconds, Stopping threads took: 0.0000282 seconds
2019-04-10T15:35:24.182-0600: 2319.488: Total time for which application threads were stopped: 0.0003089 seconds, Stopping threads took: 0.0000367 seconds
2019-04-10T15:35:25.182-0600: 2320.488: Total time for which application threads were stopped: 0.0004154 seconds, Stopping threads took: 0.0000356 seconds
2019-04-10T15:35:34.185-0600: 2329.490: Total time for which application threads were stopped: 0.0003512 seconds, Stopping threads took: 0.0000430 seconds
2019-04-10T15:35:35.185-0600: 2330.490: Total time for which application threads were stopped: 0.0002535 seconds, Stopping threads took: 0.0000279 seconds
2019-04-10T15:35:49.188-0600: 2344.493: Total time for which application threads were stopped: 0.0002535 seconds, Stopping threads took: 0.0000455 seconds
2019-04-10T15:35:51.188-0600: 2346.493: Total time for which application threads were stopped: 0.0002909 seconds, Stopping threads took: 0.0000645 seconds
2019-04-10T15:35:53.189-0600: 2348.494: Total time for which application threads were stopped: 0.0003477 seconds, Stopping threads took: 0.0000339 seconds
2019-04-10T15:35:59.123-0600: 2354.428: Total time for which application threads were stopped: 0.0006100 seconds, Stopping threads took: 0.0000712 seconds
2019-04-10T15:35:59.124-0600: 2354.429: Total time for which application threads were stopped: 0.0001248 seconds, Stopping threads took: 0.0000247 seconds
2019-04-10T15:36:00.124-0600: 2355.429: Total time for which application threads were stopped: 0.0003195 seconds, Stopping threads took: 0.0000388 seconds
2019-04-10T15:36:04.125-0600: 2359.430: Total time for which application threads were stopped: 0.0003117 seconds, Stopping threads took: 0.0000367 seconds
2019-04-10T15:36:05.125-0600: 2360.430: Total time for which application threads were stopped: 0.0002419 seconds, Stopping threads took: 0.0000437 seconds
2019-04-10T15:37:00.141-0600: 2415.445: Total time for which application threads were stopped: 0.0003138 seconds, Stopping threads took: 0.0000427 seconds
2019-04-10T15:37:17.145-0600: 2432.449: Total time for which application threads were stopped: 0.0003477 seconds, Stopping threads took: 0.0001224 seconds
2019-04-10T15:37:49.152-0600: 2464.455: Total time for which application threads were stopped: 0.0002757 seconds, Stopping threads took: 0.0000272 seconds
2019-04-10T15:38:00.155-0600: 2475.458: Total time for which application threads were stopped: 0.0002507 seconds, Stopping threads took: 0.0000469 seconds
2019-04-10T15:38:03.155-0600: 2478.459: Total time for which application threads were stopped: 0.0003177 seconds, Stopping threads took: 0.0000441 seconds
2019-04-10T15:38:04.156-0600: 2479.459: Total time for which application threads were stopped: 0.0002877 seconds, Stopping threads took: 0.0000487 seconds
2019-04-10T15:38:16.159-0600: 2491.462: Total time for which application threads were stopped: 0.0002176 seconds, Stopping threads took: 0.0000279 seconds
2019-04-10T15:38:17.159-0600: 2492.462: Total time for which application threads were stopped: 0.0002221 seconds, Stopping threads took: 0.0000264 seconds
2019-04-10T15:38:37.164-0600: 2512.467: Total time for which application threads were stopped: 0.0002535 seconds, Stopping threads took: 0.0000339 seconds
2019-04-10T15:39:00.171-0600: 2535.474: Total time for which application threads were stopped: 0.0003942 seconds, Stopping threads took: 0.0000374 seconds
2019-04-10T15:39:01.172-0600: 2536.474: Total time for which application threads were stopped: 0.0002832 seconds, Stopping threads took: 0.0000314 seconds
2019-04-10T15:39:35.182-0600: 2570.484: Total time for which application threads were stopped: 0.0002581 seconds, Stopping threads took: 0.0000469 seconds
2019-04-10T15:39:37.182-0600: 2572.484: Total time for which application threads were stopped: 0.0003036 seconds, Stopping threads took: 0.0000416 seconds
2019-04-10T15:39:42.183-0600: 2577.485: Total time for which application threads were stopped: 0.0002673 seconds, Stopping threads took: 0.0000413 seconds
2019-04-10T15:39:43.183-0600: 2578.485: Total time for which application threads were stopped: 0.0002401 seconds, Stopping threads took: 0.0000300 seconds
2019-04-10T15:39:49.185-0600: 2584.487: Total time for which application threads were stopped: 0.0003434 seconds, Stopping threads took: 0.0000543 seconds
2019-04-10T15:39:51.186-0600: 2586.487: Total time for which application threads were stopped: 0.0003583 seconds, Stopping threads took: 0.0000402 seconds
2019-04-10T15:40:01.188-0600: 2596.490: Total time for which application threads were stopped: 0.0002426 seconds, Stopping threads took: 0.0000300 seconds
2019-04-10T15:40:19.193-0600: 2614.494: Total time for which application threads were stopped: 0.0002683 seconds, Stopping threads took: 0.0000317 seconds
2019-04-10T15:40:57.204-0600: 2652.505: Total time for which application threads were stopped: 0.0004302 seconds, Stopping threads took: 0.0000582 seconds
2019-04-10T15:40:58.204-0600: 2653.505: Total time for which application threads were stopped: 0.0003865 seconds, Stopping threads took: 0.0000444 seconds
2019-04-10T15:40:59.130-0600: 2654.430: Total time for which application threads were stopped: 0.0003784 seconds, Stopping threads took: 0.0000490 seconds
2019-04-10T15:40:59.130-0600: 2654.431: Total time for which application threads were stopped: 0.0000934 seconds, Stopping threads took: 0.0000293 seconds
2019-04-10T15:41:00.130-0600: 2655.431: Total time for which application threads were stopped: 0.0003300 seconds, Stopping threads took: 0.0000455 seconds
2019-04-10T15:41:01.130-0600: 2656.431: Total time for which application threads were stopped: 0.0002888 seconds, Stopping threads took: 0.0000427 seconds
2019-04-10T15:41:39.142-0600: 2694.443: Total time for which application threads were stopped: 0.0002849 seconds, Stopping threads took: 0.0000335 seconds
2019-04-10T15:41:40.143-0600: 2695.443: Total time for which application threads were stopped: 0.0004443 seconds, Stopping threads took: 0.0000575 seconds
2019-04-10T15:42:33.161-0600: 2748.460: Total time for which application threads were stopped: 0.0002757 seconds, Stopping threads took: 0.0000272 seconds
2019-04-10T15:43:01.168-0600: 2776.468: Total time for which application threads were stopped: 0.0002920 seconds, Stopping threads took: 0.0000324 seconds
2019-04-10T15:43:02.169-0600: 2777.468: Total time for which application threads were stopped: 0.0003297 seconds, Stopping threads took: 0.0000331 seconds
2019-04-10T15:43:31.177-0600: 2806.476: Total time for which application threads were stopped: 0.0004757 seconds, Stopping threads took: 0.0000610 seconds
2019-04-10T15:43:41.180-0600: 2816.479: Total time for which application threads were stopped: 0.0002937 seconds, Stopping threads took: 0.0000342 seconds
2019-04-10T15:43:42.180-0600: 2817.479: Total time for which application threads were stopped: 0.0002102 seconds, Stopping threads took: 0.0000272 seconds
2019-04-10T15:43:50.182-0600: 2825.481: Total time for which application threads were stopped: 0.0003226 seconds, Stopping threads took: 0.0000617 seconds
2019-04-10T15:44:02.186-0600: 2837.485: Total time for which application threads were stopped: 0.0003396 seconds, Stopping threads took: 0.0000726 seconds
2019-04-10T15:44:25.193-0600: 2860.491: Total time for which application threads were stopped: 0.0002796 seconds, Stopping threads took: 0.0000363 seconds
2019-04-10T15:45:02.202-0600: 2897.499: Total time for which application threads were stopped: 0.0003054 seconds, Stopping threads took: 0.0000441 seconds
2019-04-10T15:45:04.203-0600: 2899.500: Total time for which application threads were stopped: 0.0002176 seconds, Stopping threads took: 0.0000268 seconds
2019-04-10T15:45:06.203-0600: 2901.500: Total time for which application threads were stopped: 0.0003135 seconds, Stopping threads took: 0.0000501 seconds
2019-04-10T15:45:16.206-0600: 2911.503: Total time for which application threads were stopped: 0.0002779 seconds, Stopping threads took: 0.0000346 seconds
2019-04-10T15:45:18.207-0600: 2913.504: Total time for which application threads were stopped: 0.0003350 seconds, Stopping threads took: 0.0000346 seconds
2019-04-10T15:45:19.208-0600: 2914.504: Total time for which application threads were stopped: 0.0003868 seconds, Stopping threads took: 0.0000437 seconds
2019-04-10T15:45:59.137-0600: 2954.432: Total time for which application threads were stopped: 0.0003100 seconds, Stopping threads took: 0.0000349 seconds
2019-04-10T15:45:59.137-0600: 2954.432: Total time for which application threads were stopped: 0.0000906 seconds, Stopping threads took: 0.0000303 seconds
2019-04-10T15:46:02.139-0600: 2957.434: Total time for which application threads were stopped: 0.0002500 seconds, Stopping threads took: 0.0000416 seconds
2019-04-10T15:46:48.152-0600: 3003.446: Total time for which application threads were stopped: 0.0003223 seconds, Stopping threads took: 0.0000300 seconds
2019-04-10T15:47:02.168-0600: 3017.462: Total time for which application threads were stopped: 0.0002500 seconds, Stopping threads took: 0.0000243 seconds
2019-04-10T15:47:14.171-0600: 3029.465: Total time for which application threads were stopped: 0.0002475 seconds, Stopping threads took: 0.0000289 seconds
2019-04-10T15:47:20.173-0600: 3035.467: Total time for which application threads were stopped: 0.0003375 seconds, Stopping threads took: 0.0000335 seconds
2019-04-10T15:47:48.182-0600: 3063.475: Total time for which application threads were stopped: 0.0003773 seconds, Stopping threads took: 0.0000677 seconds
2019-04-10T15:47:49.183-0600: 3064.475: Total time for which application threads were stopped: 0.0002472 seconds, Stopping threads took: 0.0000409 seconds
2019-04-10T15:48:02.187-0600: 3077.480: Total time for which application threads were stopped: 0.0002733 seconds, Stopping threads took: 0.0000335 seconds
2019-04-10T15:48:24.197-0600: 3099.488: Total time for which application threads were stopped: 0.0002747 seconds, Stopping threads took: 0.0000462 seconds
2019-04-10T15:48:39.203-0600: 3114.494: Total time for which application threads were stopped: 0.0002472 seconds, Stopping threads took: 0.0000279 seconds
2019-04-10T15:49:03.212-0600: 3138.503: Total time for which application threads were stopped: 0.0002288 seconds, Stopping threads took: 0.0000437 seconds
2019-04-10T15:49:07.213-0600: 3142.504: Total time for which application threads were stopped: 0.0002313 seconds, Stopping threads took: 0.0000264 seconds
2019-04-10T15:49:08.214-0600: 3143.504: Total time for which application threads were stopped: 0.0002528 seconds, Stopping threads took: 0.0000384 seconds
2019-04-10T15:49:09.214-0600: 3144.505: Total time for which application threads were stopped: 0.0002186 seconds, Stopping threads took: 0.0000275 seconds
2019-04-10T15:49:10.215-0600: 3145.506: Total time for which application threads were stopped: 0.0004690 seconds, Stopping threads took: 0.0000730 seconds
2019-04-10T15:49:28.221-0600: 3163.512: Total time for which application threads were stopped: 0.0002740 seconds, Stopping threads took: 0.0000465 seconds
2019-04-10T15:49:43.226-0600: 3178.516: Total time for which application threads were stopped: 0.0003015 seconds, Stopping threads took: 0.0000353 seconds
2019-04-10T15:49:44.226-0600: 3179.517: Total time for which application threads were stopped: 0.0003202 seconds, Stopping threads took: 0.0000462 seconds
2019-04-10T15:49:46.227-0600: 3181.517: Total time for which application threads were stopped: 0.0003357 seconds, Stopping threads took: 0.0000497 seconds
2019-04-10T15:49:49.228-0600: 3184.518: Total time for which application threads were stopped: 0.0002366 seconds, Stopping threads took: 0.0000324 seconds
2019-04-10T15:49:56.230-0600: 3191.520: Total time for which application threads were stopped: 0.0003509 seconds, Stopping threads took: 0.0000286 seconds
2019-04-10T15:50:03.231-0600: 3198.521: Total time for which application threads were stopped: 0.0002574 seconds, Stopping threads took: 0.0000331 seconds
2019-04-10T15:50:04.231-0600: 3199.522: Total time for which application threads were stopped: 0.0003509 seconds, Stopping threads took: 0.0000501 seconds
2019-04-10T15:50:05.232-0600: 3200.522: Total time for which application threads were stopped: 0.0003628 seconds, Stopping threads took: 0.0000434 seconds
2019-04-10T15:50:36.242-0600: 3231.532: Total time for which application threads were stopped: 0.0002447 seconds, Stopping threads took: 0.0000406 seconds
2019-04-10T15:50:37.243-0600: 3232.533: Total time for which application threads were stopped: 0.0002144 seconds, Stopping threads took: 0.0000275 seconds
2019-04-10T15:50:38.243-0600: 3233.533: Total time for which application threads were stopped: 0.0001950 seconds, Stopping threads took: 0.0000310 seconds
2019-04-10T15:50:40.244-0600: 3235.533: Total time for which application threads were stopped: 0.0002546 seconds, Stopping threads took: 0.0000423 seconds
2019-04-10T15:50:54.249-0600: 3249.538: Total time for which application threads were stopped: 0.0003660 seconds, Stopping threads took: 0.0000540 seconds
2019-04-10T15:50:55.249-0600: 3250.538: Total time for which application threads were stopped: 0.0004714 seconds, Stopping threads took: 0.0000381 seconds
2019-04-10T15:50:59.147-0600: 3254.436: Total time for which application threads were stopped: 0.0003297 seconds, Stopping threads took: 0.0000564 seconds
2019-04-10T15:50:59.147-0600: 3254.436: Total time for which application threads were stopped: 0.0001065 seconds, Stopping threads took: 0.0000370 seconds
2019-04-10T15:51:03.148-0600: 3258.438: Total time for which application threads were stopped: 0.0002246 seconds, Stopping threads took: 0.0000420 seconds
2019-04-10T15:51:04.149-0600: 3259.438: Total time for which application threads were stopped: 0.0002123 seconds, Stopping threads took: 0.0000264 seconds
2019-04-10T15:51:05.149-0600: 3260.438: Total time for which application threads were stopped: 0.0003353 seconds, Stopping threads took: 0.0000286 seconds
2019-04-10T15:51:06.150-0600: 3261.439: Total time for which application threads were stopped: 0.0003219 seconds, Stopping threads took: 0.0000645 seconds
2019-04-10T15:51:10.150-0600: 3265.440: Total time for which application threads were stopped: 0.0002377 seconds, Stopping threads took: 0.0000293 seconds
2019-04-10T15:51:16.153-0600: 3271.442: Total time for which application threads were stopped: 0.0003297 seconds, Stopping threads took: 0.0000370 seconds
2019-04-10T15:51:17.154-0600: 3272.443: Total time for which application threads were stopped: 0.0003174 seconds, Stopping threads took: 0.0000367 seconds
2019-04-10T15:51:24.156-0600: 3279.445: Total time for which application threads were stopped: 0.0003075 seconds, Stopping threads took: 0.0000504 seconds
2019-04-10T15:51:30.157-0600: 3285.446: Total time for which application threads were stopped: 0.0003889 seconds, Stopping threads took: 0.0000360 seconds
2019-04-10T15:51:31.158-0600: 3286.447: Total time for which application threads were stopped: 0.0002310 seconds, Stopping threads took: 0.0000402 seconds
2019-04-10T15:51:32.158-0600: 3287.447: Total time for which application threads were stopped: 0.0002221 seconds, Stopping threads took: 0.0000268 seconds
2019-04-10T15:51:44.165-0600: 3299.453: Total time for which application threads were stopped: 0.0004982 seconds, Stopping threads took: 0.0000786 seconds
2019-04-10T15:51:47.165-0600: 3302.454: Total time for which application threads were stopped: 0.0003096 seconds, Stopping threads took: 0.0000317 seconds
2019-04-10T15:51:48.165-0600: 3303.454: Total time for which application threads were stopped: 0.0003004 seconds, Stopping threads took: 0.0000331 seconds
2019-04-10T15:51:49.165-0600: 3304.454: Total time for which application threads were stopped: 0.0002856 seconds, Stopping threads took: 0.0000349 seconds
2019-04-10T15:51:50.166-0600: 3305.454: Total time for which application threads were stopped: 0.0003858 seconds, Stopping threads took: 0.0000617 seconds
2019-04-10T15:52:03.169-0600: 3318.458: Total time for which application threads were stopped: 0.0003265 seconds, Stopping threads took: 0.0000324 seconds
2019-04-10T15:52:04.169-0600: 3319.458: Total time for which application threads were stopped: 0.0002472 seconds, Stopping threads took: 0.0000264 seconds
2019-04-10T15:52:26.176-0600: 3341.464: Total time for which application threads were stopped: 0.0003022 seconds, Stopping threads took: 0.0000561 seconds
2019-04-10T15:52:46.183-0600: 3361.471: Total time for which application threads were stopped: 0.0002694 seconds, Stopping threads took: 0.0000335 seconds
2019-04-10T15:52:47.183-0600: 3362.471: Total time for which application threads were stopped: 0.0002278 seconds, Stopping threads took: 0.0000282 seconds
2019-04-10T15:52:48.183-0600: 3363.471: Total time for which application threads were stopped: 0.0004249 seconds, Stopping threads took: 0.0000483 seconds
2019-04-10T15:53:04.188-0600: 3379.476: Total time for which application threads were stopped: 0.0005529 seconds, Stopping threads took: 0.0000765 seconds
2019-04-10T15:53:32.199-0600: 3407.487: Total time for which application threads were stopped: 0.0002761 seconds, Stopping threads took: 0.0000430 seconds
2019-04-10T15:53:46.205-0600: 3421.492: Total time for which application threads were stopped: 0.0003011 seconds, Stopping threads took: 0.0000356 seconds
2019-04-10T15:53:50.208-0600: 3425.495: Total time for which application threads were stopped: 0.0011777 seconds, Stopping threads took: 0.0001975 seconds
2019-04-10T15:53:51.208-0600: 3426.495: Total time for which application threads were stopped: 0.0004083 seconds, Stopping threads took: 0.0000688 seconds
2019-04-10T15:53:52.208-0600: 3427.496: Total time for which application threads were stopped: 0.0002380 seconds, Stopping threads took: 0.0000398 seconds
2019-04-10T15:54:04.213-0600: 3439.500: Total time for which application threads were stopped: 0.0002408 seconds, Stopping threads took: 0.0000293 seconds
2019-04-10T15:54:12.214-0600: 3447.501: Total time for which application threads were stopped: 0.0002722 seconds, Stopping threads took: 0.0000370 seconds
2019-04-10T15:54:17.216-0600: 3452.503: Total time for which application threads were stopped: 0.0002377 seconds, Stopping threads took: 0.0000356 seconds
2019-04-10T15:54:48.226-0600: 3483.513: Total time for which application threads were stopped: 0.0002839 seconds, Stopping threads took: 0.0000635 seconds
2019-04-10T15:54:54.228-0600: 3489.515: Total time for which application threads were stopped: 0.0003004 seconds, Stopping threads took: 0.0000293 seconds
2019-04-10T15:55:04.230-0600: 3499.517: Total time for which application threads were stopped: 0.0002987 seconds, Stopping threads took: 0.0000293 seconds
2019-04-10T15:55:43.241-0600: 3538.527: Total time for which application threads were stopped: 0.0002789 seconds, Stopping threads took: 0.0000416 seconds
2019-04-10T15:55:46.241-0600: 3541.528: Total time for which application threads were stopped: 0.0002528 seconds, Stopping threads took: 0.0000261 seconds
2019-04-10T15:55:59.152-0600: 3554.438: Total time for which application threads were stopped: 0.0004954 seconds, Stopping threads took: 0.0000532 seconds
2019-04-10T15:55:59.152-0600: 3554.438: Total time for which application threads were stopped: 0.0001590 seconds, Stopping threads took: 0.0000346 seconds
2019-04-10T15:56:04.153-0600: 3559.440: Total time for which application threads were stopped: 0.0003547 seconds, Stopping threads took: 0.0000532 seconds
2019-04-10T15:56:05.153-0600: 3560.440: Total time for which application threads were stopped: 0.0002585 seconds, Stopping threads took: 0.0000296 seconds
2019-04-10T15:56:11.155-0600: 3566.441: Total time for which application threads were stopped: 0.0003124 seconds, Stopping threads took: 0.0000247 seconds
2019-04-10T15:56:14.156-0600: 3569.443: Total time for which application threads were stopped: 0.0003808 seconds, Stopping threads took: 0.0000473 seconds
2019-04-10T15:56:17.157-0600: 3572.443: Total time for which application threads were stopped: 0.0002299 seconds, Stopping threads took: 0.0000261 seconds
2019-04-10T15:56:38.163-0600: 3593.449: Total time for which application threads were stopped: 0.0002620 seconds, Stopping threads took: 0.0000314 seconds
2019-04-10T15:56:39.164-0600: 3594.450: Total time for which application threads were stopped: 0.0004157 seconds, Stopping threads took: 0.0000607 seconds
2019-04-10T15:56:40.165-0600: 3595.451: Total time for which application threads were stopped: 0.0005557 seconds, Stopping threads took: 0.0000430 seconds
2019-04-10T15:57:05.179-0600: 3620.465: Total time for which application threads were stopped: 0.0002645 seconds, Stopping threads took: 0.0000420 seconds
2019-04-10T15:57:06.179-0600: 3621.465: Total time for which application threads were stopped: 0.0003431 seconds, Stopping threads took: 0.0000596 seconds
2019-04-10T15:57:10.181-0600: 3625.467: Total time for which application threads were stopped: 0.0002320 seconds, Stopping threads took: 0.0000286 seconds
2019-04-10T15:57:18.185-0600: 3633.471: Total time for which application threads were stopped: 0.0002306 seconds, Stopping threads took: 0.0000282 seconds
2019-04-10T15:57:24.187-0600: 3639.473: Total time for which application threads were stopped: 0.0003671 seconds, Stopping threads took: 0.0000501 seconds
2019-04-10T15:57:28.188-0600: 3643.474: Total time for which application threads were stopped: 0.0002655 seconds, Stopping threads took: 0.0000353 seconds
2019-04-10T15:57:44.196-0600: 3659.482: Total time for which application threads were stopped: 0.0003304 seconds, Stopping threads took: 0.0000518 seconds
2019-04-10T15:57:45.197-0600: 3660.483: Total time for which application threads were stopped: 0.0004062 seconds, Stopping threads took: 0.0000607 seconds
2019-04-10T15:58:05.209-0600: 3680.495: Total time for which application threads were stopped: 0.0002475 seconds, Stopping threads took: 0.0000406 seconds
2019-04-10T15:58:20.220-0600: 3695.505: Total time for which application threads were stopped: 0.0002803 seconds, Stopping threads took: 0.0000388 seconds
2019-04-10T15:58:42.230-0600: 3717.515: Total time for which application threads were stopped: 0.0002454 seconds, Stopping threads took: 0.0000264 seconds
2019-04-10T15:58:56.234-0600: 3731.519: Total time for which application threads were stopped: 0.0003547 seconds, Stopping threads took: 0.0000455 seconds
2019-04-10T15:59:01.237-0600: 3736.522: Total time for which application threads were stopped: 0.0002363 seconds, Stopping threads took: 0.0000300 seconds
2019-04-10T15:59:05.239-0600: 3740.524: Total time for which application threads were stopped: 0.0002246 seconds, Stopping threads took: 0.0000264 seconds
2019-04-10T15:59:06.240-0600: 3741.525: Total time for which application threads were stopped: 0.0002186 seconds, Stopping threads took: 0.0000282 seconds
2019-04-10T15:59:07.241-0600: 3742.525: Total time for which application threads were stopped: 0.0002154 seconds, Stopping threads took: 0.0000413 seconds
2019-04-10T15:59:11.242-0600: 3746.527: Total time for which application threads were stopped: 0.0003431 seconds, Stopping threads took: 0.0001456 seconds
2019-04-10T15:59:49.260-0600: 3784.545: Total time for which application threads were stopped: 0.0002373 seconds, Stopping threads took: 0.0000487 seconds
2019-04-10T15:59:53.262-0600: 3788.546: Total time for which application threads were stopped: 0.0002489 seconds, Stopping threads took: 0.0000480 seconds
2019-04-10T15:59:54.263-0600: 3789.547: Total time for which application threads were stopped: 0.0002123 seconds, Stopping threads took: 0.0000272 seconds
{Heap before GC invocations=32 (full 2):
 par new generation   total 109248K, used 109248K [0x07600000, 0x0f600000, 0x0f600000)
  eden space 87424K, 100% used [0x07600000, 0x0cb60000, 0x0cb60000)
  from space 21824K, 100% used [0x0cb60000, 0x0e0b0000, 0x0e0b0000)
  to   space 21824K,   0% used [0x0e0b0000, 0x0e0b0000, 0x0f600000)
 concurrent mark-sweep generation total 393216K, used 53915K [0x0f600000, 0x27600000, 0x27600000)
 Metaspace       used 29945K, capacity 31273K, committed 31360K, reserved 32128K
2019-04-10T16:00:04.976-0600: 3800.260: [GC (Allocation Failure) 2019-04-10T16:00:04.976-0600: 3800.260: [ParNew
Desired survivor size 20112996 bytes, new threshold 8 (max 8)
- age   1:     909008 bytes,     909008 total
- age   2:    6488960 bytes,    7397968 total
- age   3:      98824 bytes,    7496792 total
- age   4:      80880 bytes,    7577672 total
- age   5:     129248 bytes,    7706920 total
- age   6:     700488 bytes,    8407408 total
- age   7:    9681400 bytes,   18088808 total
- age   8:     137648 bytes,   18226456 total
: 109248K->21824K(109248K), 0.0363784 secs] 163163K->75806K(502464K), 0.0366133 secs] [Times: user=0.03 sys=0.14, real=0.04 secs] 
Heap after GC invocations=33 (full 2):
 par new generation   total 109248K, used 21824K [0x07600000, 0x0f600000, 0x0f600000)
  eden space 87424K,   0% used [0x07600000, 0x07600000, 0x0cb60000)
  from space 21824K, 100% used [0x0e0b0000, 0x0f600000, 0x0f600000)
  to   space 21824K,   0% used [0x0cb60000, 0x0cb60000, 0x0e0b0000)
 concurrent mark-sweep generation total 393216K, used 53982K [0x0f600000, 0x27600000, 0x27600000)
 Metaspace       used 29945K, capacity 31273K, committed 31360K, reserved 32128K
}
2019-04-10T16:00:05.013-0600: 3800.296: Total time for which application threads were stopped: 0.0370082 seconds, Stopping threads took: 0.0000240 seconds
2019-04-10T16:00:06.013-0600: 3801.297: Total time for which application threads were stopped: 0.0003138 seconds, Stopping threads took: 0.0000554 seconds
2019-04-10T16:00:08.014-0600: 3803.298: Total time for which application threads were stopped: 0.0003438 seconds, Stopping threads took: 0.0000659 seconds
2019-04-10T16:00:22.017-0600: 3817.301: Total time for which application threads were stopped: 0.0003149 seconds, Stopping threads took: 0.0000610 seconds
2019-04-10T16:00:24.017-0600: 3819.301: Total time for which application threads were stopped: 0.0002803 seconds, Stopping threads took: 0.0000384 seconds
2019-04-10T16:00:29.018-0600: 3824.302: Total time for which application threads were stopped: 0.0002176 seconds, Stopping threads took: 0.0000286 seconds
2019-04-10T16:00:30.019-0600: 3825.302: Total time for which application threads were stopped: 0.0002941 seconds, Stopping threads took: 0.0000561 seconds
2019-04-10T16:00:32.019-0600: 3827.303: Total time for which application threads were stopped: 0.0002070 seconds, Stopping threads took: 0.0000434 seconds
2019-04-10T16:00:46.026-0600: 3841.309: Total time for which application threads were stopped: 0.0004348 seconds, Stopping threads took: 0.0000733 seconds
2019-04-10T16:00:52.029-0600: 3847.313: Total time for which application threads were stopped: 0.0001848 seconds, Stopping threads took: 0.0000272 seconds
2019-04-10T16:00:56.031-0600: 3851.314: Total time for which application threads were stopped: 0.0002253 seconds, Stopping threads took: 0.0000462 seconds
2019-04-10T16:00:59.033-0600: 3854.317: Total time for which application threads were stopped: 0.0002056 seconds, Stopping threads took: 0.0000268 seconds
2019-04-10T16:00:59.159-0600: 3854.442: Total time for which application threads were stopped: 0.0001946 seconds, Stopping threads took: 0.0000469 seconds
2019-04-10T16:00:59.159-0600: 3854.443: Total time for which application threads were stopped: 0.0001901 seconds, Stopping threads took: 0.0001167 seconds
2019-04-10T16:01:00.159-0600: 3855.442: Total time for which application threads were stopped: 0.0002715 seconds, Stopping threads took: 0.0000349 seconds
2019-04-10T16:01:02.160-0600: 3857.444: Total time for which application threads were stopped: 0.0002292 seconds, Stopping threads took: 0.0000275 seconds
2019-04-10T16:01:06.163-0600: 3861.447: Total time for which application threads were stopped: 0.0004439 seconds, Stopping threads took: 0.0000384 seconds
2019-04-10T16:01:20.171-0600: 3875.454: Total time for which application threads were stopped: 0.0003953 seconds, Stopping threads took: 0.0000321 seconds
2019-04-10T16:01:53.187-0600: 3908.469: Total time for which application threads were stopped: 0.0002229 seconds, Stopping threads took: 0.0000413 seconds
2019-04-10T16:02:06.192-0600: 3921.474: Total time for which application threads were stopped: 0.0002937 seconds, Stopping threads took: 0.0000339 seconds
2019-04-10T16:02:13.193-0600: 3928.476: Total time for which application threads were stopped: 0.0002832 seconds, Stopping threads took: 0.0000402 seconds
2019-04-10T16:02:23.199-0600: 3938.481: Total time for which application threads were stopped: 0.0002352 seconds, Stopping threads took: 0.0000279 seconds
2019-04-10T16:02:24.200-0600: 3939.482: Total time for which application threads were stopped: 0.0002415 seconds, Stopping threads took: 0.0000279 seconds
2019-04-10T16:02:31.203-0600: 3946.486: Total time for which application threads were stopped: 0.0003004 seconds, Stopping threads took: 0.0000339 seconds
2019-04-10T16:02:56.211-0600: 3971.493: Total time for which application threads were stopped: 0.0004104 seconds, Stopping threads took: 0.0000529 seconds
2019-04-10T16:03:06.216-0600: 3981.498: Total time for which application threads were stopped: 0.0002627 seconds, Stopping threads took: 0.0000398 seconds
2019-04-10T16:03:29.226-0600: 4004.508: Total time for which application threads were stopped: 0.0002916 seconds, Stopping threads took: 0.0000582 seconds
2019-04-10T16:03:32.227-0600: 4007.509: Total time for which application threads were stopped: 0.0004045 seconds, Stopping threads took: 0.0000522 seconds
2019-04-10T16:03:51.234-0600: 4026.515: Total time for which application threads were stopped: 0.0004954 seconds, Stopping threads took: 0.0000589 seconds
2019-04-10T16:03:54.235-0600: 4029.516: Total time for which application threads were stopped: 0.0002631 seconds, Stopping threads took: 0.0000300 seconds
2019-04-10T16:04:06.238-0600: 4041.519: Total time for which application threads were stopped: 0.0002743 seconds, Stopping threads took: 0.0000363 seconds
2019-04-10T16:04:11.241-0600: 4046.522: Total time for which application threads were stopped: 0.0003921 seconds, Stopping threads took: 0.0000353 seconds
2019-04-10T16:05:06.265-0600: 4101.543: Total time for which application threads were stopped: 0.0003494 seconds, Stopping threads took: 0.0000494 seconds
2019-04-10T16:05:07.265-0600: 4102.544: Total time for which application threads were stopped: 0.0002567 seconds, Stopping threads took: 0.0000321 seconds
2019-04-10T16:05:09.266-0600: 4104.545: Total time for which application threads were stopped: 0.0003970 seconds, Stopping threads took: 0.0000437 seconds
2019-04-10T16:05:10.266-0600: 4105.545: Total time for which application threads were stopped: 0.0003530 seconds, Stopping threads took: 0.0000444 seconds
2019-04-10T16:05:12.267-0600: 4107.545: Total time for which application threads were stopped: 0.0003198 seconds, Stopping threads took: 0.0000430 seconds
2019-04-10T16:05:14.267-0600: 4109.546: Total time for which application threads were stopped: 0.0002147 seconds, Stopping threads took: 0.0000349 seconds
2019-04-10T16:05:16.268-0600: 4111.546: Total time for which application threads were stopped: 0.0002966 seconds, Stopping threads took: 0.0000473 seconds
2019-04-10T16:05:17.268-0600: 4112.547: Total time for which application threads were stopped: 0.0002179 seconds, Stopping threads took: 0.0000261 seconds
2019-04-10T16:05:18.268-0600: 4113.547: Total time for which application threads were stopped: 0.0002556 seconds, Stopping threads took: 0.0000603 seconds
2019-04-10T16:05:20.269-0600: 4115.547: Total time for which application threads were stopped: 0.0003914 seconds, Stopping threads took: 0.0000663 seconds
2019-04-10T16:05:26.272-0600: 4121.550: Total time for which application threads were stopped: 0.0003142 seconds, Stopping threads took: 0.0000473 seconds
2019-04-10T16:05:27.273-0600: 4122.551: Total time for which application threads were stopped: 0.0002786 seconds, Stopping threads took: 0.0000324 seconds
2019-04-10T16:05:30.274-0600: 4125.552: Total time for which application threads were stopped: 0.0002169 seconds, Stopping threads took: 0.0000353 seconds
2019-04-10T16:05:32.275-0600: 4127.553: Total time for which application threads were stopped: 0.0002944 seconds, Stopping threads took: 0.0000360 seconds
2019-04-10T16:05:33.276-0600: 4128.554: Total time for which application threads were stopped: 0.0002172 seconds, Stopping threads took: 0.0000303 seconds
2019-04-10T16:05:35.276-0600: 4130.554: Total time for which application threads were stopped: 0.0002373 seconds, Stopping threads took: 0.0000525 seconds
2019-04-10T16:05:36.277-0600: 4131.555: Total time for which application threads were stopped: 0.0002264 seconds, Stopping threads took: 0.0000310 seconds
2019-04-10T16:05:37.278-0600: 4132.555: Total time for which application threads were stopped: 0.0002373 seconds, Stopping threads took: 0.0000314 seconds
2019-04-10T16:05:41.280-0600: 4136.558: Total time for which application threads were stopped: 0.0003177 seconds, Stopping threads took: 0.0000554 seconds
2019-04-10T16:05:42.281-0600: 4137.558: Total time for which application threads were stopped: 0.0002511 seconds, Stopping threads took: 0.0000342 seconds
2019-04-10T16:05:44.281-0600: 4139.559: Total time for which application threads were stopped: 0.0002087 seconds, Stopping threads took: 0.0000465 seconds
2019-04-10T16:05:54.285-0600: 4149.563: Total time for which application threads were stopped: 0.0003639 seconds, Stopping threads took: 0.0000469 seconds
2019-04-10T16:05:55.286-0600: 4150.563: Total time for which application threads were stopped: 0.0002539 seconds, Stopping threads took: 0.0000268 seconds
2019-04-10T16:05:56.286-0600: 4151.563: Total time for which application threads were stopped: 0.0001971 seconds, Stopping threads took: 0.0000257 seconds
2019-04-10T16:05:59.167-0600: 4154.444: Total time for which application threads were stopped: 0.0003018 seconds, Stopping threads took: 0.0000324 seconds
2019-04-10T16:05:59.167-0600: 4154.444: Total time for which application threads were stopped: 0.0000874 seconds, Stopping threads took: 0.0000335 seconds
2019-04-10T16:06:00.168-0600: 4155.445: Total time for which application threads were stopped: 0.0003350 seconds, Stopping threads took: 0.0000532 seconds
2019-04-10T16:06:07.170-0600: 4162.447: Total time for which application threads were stopped: 0.0003233 seconds, Stopping threads took: 0.0000815 seconds
2019-04-10T16:06:08.171-0600: 4163.448: Total time for which application threads were stopped: 0.0002772 seconds, Stopping threads took: 0.0000353 seconds
2019-04-10T16:06:09.171-0600: 4164.448: Total time for which application threads were stopped: 0.0002405 seconds, Stopping threads took: 0.0000416 seconds
2019-04-10T16:06:16.174-0600: 4171.450: Total time for which application threads were stopped: 0.0002419 seconds, Stopping threads took: 0.0000356 seconds
2019-04-10T16:06:24.177-0600: 4179.453: Total time for which application threads were stopped: 0.0002394 seconds, Stopping threads took: 0.0000430 seconds
2019-04-10T16:06:40.185-0600: 4195.461: Total time for which application threads were stopped: 0.0002408 seconds, Stopping threads took: 0.0000423 seconds
2019-04-10T16:06:41.186-0600: 4196.462: Total time for which application threads were stopped: 0.0002680 seconds, Stopping threads took: 0.0000607 seconds
2019-04-10T16:06:42.187-0600: 4197.463: Total time for which application threads were stopped: 0.0002299 seconds, Stopping threads took: 0.0000487 seconds
2019-04-10T16:06:52.192-0600: 4207.468: Total time for which application threads were stopped: 0.0002687 seconds, Stopping threads took: 0.0000384 seconds
2019-04-10T16:06:53.193-0600: 4208.469: Total time for which application threads were stopped: 0.0002518 seconds, Stopping threads took: 0.0000846 seconds
2019-04-10T16:06:54.194-0600: 4209.469: Total time for which application threads were stopped: 0.0002729 seconds, Stopping threads took: 0.0000497 seconds
2019-04-10T16:07:02.197-0600: 4217.472: Total time for which application threads were stopped: 0.0001904 seconds, Stopping threads took: 0.0000272 seconds
2019-04-10T16:07:03.197-0600: 4218.473: Total time for which application threads were stopped: 0.0002169 seconds, Stopping threads took: 0.0000339 seconds
2019-04-10T16:07:07.199-0600: 4222.474: Total time for which application threads were stopped: 0.0002218 seconds, Stopping threads took: 0.0000314 seconds
2019-04-10T16:07:08.200-0600: 4223.475: Total time for which application threads were stopped: 0.0002239 seconds, Stopping threads took: 0.0000254 seconds
2019-04-10T16:07:47.219-0600: 4262.492: Total time for which application threads were stopped: 0.0003265 seconds, Stopping threads took: 0.0000853 seconds
2019-04-10T16:07:48.219-0600: 4263.493: Total time for which application threads were stopped: 0.0002528 seconds, Stopping threads took: 0.0000423 seconds
2019-04-10T16:07:50.220-0600: 4265.494: Total time for which application threads were stopped: 0.0003293 seconds, Stopping threads took: 0.0000836 seconds
2019-04-10T16:07:56.224-0600: 4271.497: Total time for which application threads were stopped: 0.0002437 seconds, Stopping threads took: 0.0000353 seconds
2019-04-10T16:08:00.226-0600: 4275.500: Total time for which application threads were stopped: 0.0003840 seconds, Stopping threads took: 0.0000695 seconds
2019-04-10T16:08:02.227-0600: 4277.500: Total time for which application threads were stopped: 0.0003300 seconds, Stopping threads took: 0.0000423 seconds
2019-04-10T16:08:07.230-0600: 4282.503: Total time for which application threads were stopped: 0.0004263 seconds, Stopping threads took: 0.0000272 seconds
2019-04-10T16:08:21.237-0600: 4296.510: Total time for which application threads were stopped: 0.0002518 seconds, Stopping threads took: 0.0000487 seconds
2019-04-10T16:08:22.237-0600: 4297.510: Total time for which application threads were stopped: 0.0002814 seconds, Stopping threads took: 0.0000557 seconds
2019-04-10T16:08:23.238-0600: 4298.510: Total time for which application threads were stopped: 0.0002274 seconds, Stopping threads took: 0.0000272 seconds
2019-04-10T16:09:07.261-0600: 4342.533: Total time for which application threads were stopped: 0.0002620 seconds, Stopping threads took: 0.0000289 seconds
2019-04-10T16:09:08.262-0600: 4343.534: Total time for which application threads were stopped: 0.0002564 seconds, Stopping threads took: 0.0000430 seconds
2019-04-10T16:09:17.266-0600: 4352.537: Total time for which application threads were stopped: 0.0002934 seconds, Stopping threads took: 0.0000293 seconds
2019-04-10T16:09:18.266-0600: 4353.537: Total time for which application threads were stopped: 0.0002338 seconds, Stopping threads took: 0.0000261 seconds
2019-04-10T16:09:28.270-0600: 4363.542: Total time for which application threads were stopped: 0.0002504 seconds, Stopping threads took: 0.0000434 seconds
2019-04-10T16:09:29.271-0600: 4364.542: Total time for which application threads were stopped: 0.0004284 seconds, Stopping threads took: 0.0000536 seconds
2019-04-10T16:09:34.272-0600: 4369.543: Total time for which application threads were stopped: 0.0002218 seconds, Stopping threads took: 0.0000346 seconds
2019-04-10T16:09:40.274-0600: 4375.545: Total time for which application threads were stopped: 0.0004157 seconds, Stopping threads took: 0.0000515 seconds
2019-04-10T16:09:41.274-0600: 4376.545: Total time for which application threads were stopped: 0.0003025 seconds, Stopping threads took: 0.0000342 seconds
2019-04-10T16:09:56.279-0600: 4391.550: Total time for which application threads were stopped: 0.0003604 seconds, Stopping threads took: 0.0000652 seconds
2019-04-10T16:09:57.279-0600: 4392.550: Total time for which application threads were stopped: 0.0002098 seconds, Stopping threads took: 0.0000272 seconds
2019-04-10T16:09:58.279-0600: 4393.550: Total time for which application threads were stopped: 0.0002969 seconds, Stopping threads took: 0.0000339 seconds
2019-04-10T16:10:07.282-0600: 4402.553: Total time for which application threads were stopped: 0.0002511 seconds, Stopping threads took: 0.0000427 seconds
2019-04-10T16:10:08.282-0600: 4403.553: Total time for which application threads were stopped: 0.0002387 seconds, Stopping threads took: 0.0000406 seconds
2019-04-10T16:10:28.294-0600: 4423.564: Total time for which application threads were stopped: 0.0002363 seconds, Stopping threads took: 0.0000293 seconds
2019-04-10T16:10:32.296-0600: 4427.566: Total time for which application threads were stopped: 0.0003237 seconds, Stopping threads took: 0.0000268 seconds
2019-04-10T16:10:56.306-0600: 4451.576: Total time for which application threads were stopped: 0.0003124 seconds, Stopping threads took: 0.0000719 seconds
2019-04-10T16:10:57.307-0600: 4452.577: Total time for which application threads were stopped: 0.0003177 seconds, Stopping threads took: 0.0000342 seconds
2019-04-10T16:10:58.307-0600: 4453.577: Total time for which application threads were stopped: 0.0003128 seconds, Stopping threads took: 0.0000550 seconds
2019-04-10T16:10:59.178-0600: 4454.448: Total time for which application threads were stopped: 0.0002430 seconds, Stopping threads took: 0.0000261 seconds
2019-04-10T16:10:59.178-0600: 4454.448: Total time for which application threads were stopped: 0.0000945 seconds, Stopping threads took: 0.0000314 seconds
2019-04-10T16:11:00.178-0600: 4455.448: Total time for which application threads were stopped: 0.0003262 seconds, Stopping threads took: 0.0000666 seconds
2019-04-10T16:11:05.180-0600: 4460.450: Total time for which application threads were stopped: 0.0002285 seconds, Stopping threads took: 0.0000272 seconds
2019-04-10T16:11:08.181-0600: 4463.451: Total time for which application threads were stopped: 0.0002507 seconds, Stopping threads took: 0.0000275 seconds
2019-04-10T16:11:40.192-0600: 4495.461: Total time for which application threads were stopped: 0.0002274 seconds, Stopping threads took: 0.0000416 seconds
2019-04-10T16:12:08.202-0600: 4523.471: Total time for which application threads were stopped: 0.0002154 seconds, Stopping threads took: 0.0000286 seconds
2019-04-10T16:12:09.203-0600: 4524.471: Total time for which application threads were stopped: 0.0005162 seconds, Stopping threads took: 0.0000480 seconds
2019-04-10T16:12:10.203-0600: 4525.472: Total time for which application threads were stopped: 0.0002786 seconds, Stopping threads took: 0.0000490 seconds
2019-04-10T16:12:11.203-0600: 4526.472: Total time for which application threads were stopped: 0.0003142 seconds, Stopping threads took: 0.0000596 seconds
2019-04-10T16:12:30.211-0600: 4545.479: Total time for which application threads were stopped: 0.0003413 seconds, Stopping threads took: 0.0000508 seconds
2019-04-10T16:12:45.216-0600: 4560.485: Total time for which application threads were stopped: 0.0002814 seconds, Stopping threads took: 0.0000730 seconds
2019-04-10T16:12:46.216-0600: 4561.485: Total time for which application threads were stopped: 0.0002613 seconds, Stopping threads took: 0.0000356 seconds
2019-04-10T16:12:47.216-0600: 4562.485: Total time for which application threads were stopped: 0.0003805 seconds, Stopping threads took: 0.0000656 seconds
2019-04-10T16:13:08.223-0600: 4583.491: Total time for which application threads were stopped: 0.0002609 seconds, Stopping threads took: 0.0000303 seconds
2019-04-10T16:13:14.225-0600: 4589.493: Total time for which application threads were stopped: 0.0002250 seconds, Stopping threads took: 0.0000279 seconds
2019-04-10T16:13:31.230-0600: 4606.498: Total time for which application threads were stopped: 0.0003463 seconds, Stopping threads took: 0.0000642 seconds
2019-04-10T16:13:32.230-0600: 4607.498: Total time for which application threads were stopped: 0.0002384 seconds, Stopping threads took: 0.0000282 seconds
2019-04-10T16:13:51.237-0600: 4626.505: Total time for which application threads were stopped: 0.0004436 seconds, Stopping threads took: 0.0000427 seconds
2019-04-10T16:14:08.243-0600: 4643.511: Total time for which application threads were stopped: 0.0003470 seconds, Stopping threads took: 0.0000444 seconds
2019-04-10T16:14:09.243-0600: 4644.511: Total time for which application threads were stopped: 0.0002363 seconds, Stopping threads took: 0.0000282 seconds
2019-04-10T16:14:30.251-0600: 4665.518: Total time for which application threads were stopped: 0.0002803 seconds, Stopping threads took: 0.0000487 seconds
2019-04-10T16:14:31.251-0600: 4666.518: Total time for which application threads were stopped: 0.0002835 seconds, Stopping threads took: 0.0000384 seconds
2019-04-10T16:15:09.267-0600: 4704.533: Total time for which application threads were stopped: 0.0002708 seconds, Stopping threads took: 0.0000420 seconds
2019-04-10T16:15:14.269-0600: 4709.536: Total time for which application threads were stopped: 0.0003702 seconds, Stopping threads took: 0.0000398 seconds
2019-04-10T16:15:25.274-0600: 4720.540: Total time for which application threads were stopped: 0.0003586 seconds, Stopping threads took: 0.0000314 seconds
2019-04-10T16:15:47.285-0600: 4742.551: Total time for which application threads were stopped: 0.0002782 seconds, Stopping threads took: 0.0000328 seconds
2019-04-10T16:15:48.285-0600: 4743.551: Total time for which application threads were stopped: 0.0002246 seconds, Stopping threads took: 0.0000353 seconds
2019-04-10T16:15:49.286-0600: 4744.552: Total time for which application threads were stopped: 0.0002281 seconds, Stopping threads took: 0.0000275 seconds
2019-04-10T16:15:50.286-0600: 4745.553: Total time for which application threads were stopped: 0.0002532 seconds, Stopping threads took: 0.0000568 seconds
2019-04-10T16:15:53.288-0600: 4748.554: Total time for which application threads were stopped: 0.0002169 seconds, Stopping threads took: 0.0000279 seconds
2019-04-10T16:15:56.289-0600: 4751.555: Total time for which application threads were stopped: 0.0002750 seconds, Stopping threads took: 0.0000324 seconds
2019-04-10T16:15:57.289-0600: 4752.555: Total time for which application threads were stopped: 0.0002341 seconds, Stopping threads took: 0.0000458 seconds
2019-04-10T16:15:59.185-0600: 4754.451: Total time for which application threads were stopped: 0.0002560 seconds, Stopping threads took: 0.0000303 seconds
2019-04-10T16:15:59.185-0600: 4754.451: Total time for which application threads were stopped: 0.0000702 seconds, Stopping threads took: 0.0000212 seconds
2019-04-10T16:16:00.185-0600: 4755.451: Total time for which application threads were stopped: 0.0002338 seconds, Stopping threads took: 0.0000279 seconds
2019-04-10T16:16:09.189-0600: 4764.455: Total time for which application threads were stopped: 0.0002623 seconds, Stopping threads took: 0.0000540 seconds
2019-04-10T16:16:35.200-0600: 4790.466: Total time for which application threads were stopped: 0.0002958 seconds, Stopping threads took: 0.0000374 seconds
2019-04-10T16:16:54.209-0600: 4809.474: Total time for which application threads were stopped: 0.0002211 seconds, Stopping threads took: 0.0000296 seconds
2019-04-10T16:16:55.209-0600: 4810.474: Total time for which application threads were stopped: 0.0002197 seconds, Stopping threads took: 0.0000360 seconds
2019-04-10T16:16:56.210-0600: 4811.475: Total time for which application threads were stopped: 0.0003494 seconds, Stopping threads took: 0.0000536 seconds
2019-04-10T16:17:05.215-0600: 4820.480: Total time for which application threads were stopped: 0.0002712 seconds, Stopping threads took: 0.0000360 seconds
2019-04-10T16:17:09.217-0600: 4824.483: Total time for which application threads were stopped: 0.0005931 seconds, Stopping threads took: 0.0000621 seconds
2019-04-10T16:17:10.217-0600: 4825.483: Total time for which application threads were stopped: 0.0003050 seconds, Stopping threads took: 0.0000786 seconds
2019-04-10T16:17:23.222-0600: 4838.488: Total time for which application threads were stopped: 0.0002853 seconds, Stopping threads took: 0.0000342 seconds
2019-04-10T16:17:27.224-0600: 4842.489: Total time for which application threads were stopped: 0.0002740 seconds, Stopping threads took: 0.0000585 seconds
2019-04-10T16:17:59.234-0600: 4874.500: Total time for which application threads were stopped: 0.0005032 seconds, Stopping threads took: 0.0000642 seconds
2019-04-10T16:18:02.235-0600: 4877.501: Total time for which application threads were stopped: 0.0002303 seconds, Stopping threads took: 0.0000349 seconds
2019-04-10T16:18:03.236-0600: 4878.502: Total time for which application threads were stopped: 0.0002218 seconds, Stopping threads took: 0.0000423 seconds
2019-04-10T16:18:05.237-0600: 4880.503: Total time for which application threads were stopped: 0.0002733 seconds, Stopping threads took: 0.0000370 seconds
2019-04-10T16:18:09.239-0600: 4884.505: Total time for which application threads were stopped: 0.0002479 seconds, Stopping threads took: 0.0000367 seconds
2019-04-10T16:18:17.242-0600: 4892.509: Total time for which application threads were stopped: 0.0002112 seconds, Stopping threads took: 0.0000272 seconds
2019-04-10T16:18:19.243-0600: 4894.510: Total time for which application threads were stopped: 0.0002606 seconds, Stopping threads took: 0.0000339 seconds
2019-04-10T16:18:35.248-0600: 4910.515: Total time for which application threads were stopped: 0.0002652 seconds, Stopping threads took: 0.0000444 seconds
2019-04-10T16:18:56.252-0600: 4931.519: Total time for which application threads were stopped: 0.0002983 seconds, Stopping threads took: 0.0000501 seconds
2019-04-10T16:19:05.253-0600: 4940.521: Total time for which application threads were stopped: 0.0002733 seconds, Stopping threads took: 0.0000398 seconds
2019-04-10T16:19:06.253-0600: 4941.521: Total time for which application threads were stopped: 0.0002966 seconds, Stopping threads took: 0.0000455 seconds
2019-04-10T16:19:07.253-0600: 4942.521: Total time for which application threads were stopped: 0.0002609 seconds, Stopping threads took: 0.0000377 seconds
2019-04-10T16:19:09.254-0600: 4944.521: Total time for which application threads were stopped: 0.0004425 seconds, Stopping threads took: 0.0000659 seconds
2019-04-10T16:19:10.254-0600: 4945.522: Total time for which application threads were stopped: 0.0003121 seconds, Stopping threads took: 0.0000388 seconds
2019-04-10T16:19:21.257-0600: 4956.525: Total time for which application threads were stopped: 0.0002394 seconds, Stopping threads took: 0.0000275 seconds
2019-04-10T16:19:25.259-0600: 4960.527: Total time for which application threads were stopped: 0.0002482 seconds, Stopping threads took: 0.0000339 seconds
2019-04-10T16:19:26.260-0600: 4961.528: Total time for which application threads were stopped: 0.0002613 seconds, Stopping threads took: 0.0000363 seconds
2019-04-10T16:19:47.265-0600: 4982.533: Total time for which application threads were stopped: 0.0002835 seconds, Stopping threads took: 0.0000324 seconds
2019-04-10T16:19:50.265-0600: 4985.533: Total time for which application threads were stopped: 0.0002504 seconds, Stopping threads took: 0.0000272 seconds
2019-04-10T16:19:59.269-0600: 4994.538: Total time for which application threads were stopped: 0.0002320 seconds, Stopping threads took: 0.0000279 seconds
2019-04-10T16:20:00.270-0600: 4995.538: Total time for which application threads were stopped: 0.0002786 seconds, Stopping threads took: 0.0000430 seconds
2019-04-10T16:20:03.271-0600: 4998.539: Total time for which application threads were stopped: 0.0002370 seconds, Stopping threads took: 0.0000272 seconds
2019-04-10T16:20:09.186-0600: 5004.454: Total time for which application threads were stopped: 0.0003364 seconds, Stopping threads took: 0.0000335 seconds
2019-04-10T16:20:09.186-0600: 5004.455: Total time for which application threads were stopped: 0.0002408 seconds, Stopping threads took: 0.0000621 seconds
2019-04-10T16:20:10.186-0600: 5005.455: Total time for which application threads were stopped: 0.0003963 seconds, Stopping threads took: 0.0000786 seconds
2019-04-10T16:20:11.186-0600: 5006.455: Total time for which application threads were stopped: 0.0002278 seconds, Stopping threads took: 0.0000268 seconds
2019-04-10T16:20:15.188-0600: 5010.456: Total time for which application threads were stopped: 0.0002899 seconds, Stopping threads took: 0.0000448 seconds
2019-04-10T16:20:21.190-0600: 5016.459: Total time for which application threads were stopped: 0.0002172 seconds, Stopping threads took: 0.0000342 seconds
2019-04-10T16:20:23.191-0600: 5018.460: Total time for which application threads were stopped: 0.0002687 seconds, Stopping threads took: 0.0000303 seconds
2019-04-10T16:20:53.205-0600: 5048.475: Total time for which application threads were stopped: 0.0002324 seconds, Stopping threads took: 0.0000272 seconds
2019-04-10T16:20:56.208-0600: 5051.477: Total time for which application threads were stopped: 0.0002221 seconds, Stopping threads took: 0.0000310 seconds
2019-04-10T16:21:10.215-0600: 5065.485: Total time for which application threads were stopped: 0.0003660 seconds, Stopping threads took: 0.0000455 seconds
2019-04-10T16:21:11.215-0600: 5066.485: Total time for which application threads were stopped: 0.0002211 seconds, Stopping threads took: 0.0000349 seconds
2019-04-10T16:21:40.229-0600: 5095.500: Total time for which application threads were stopped: 0.0002278 seconds, Stopping threads took: 0.0000427 seconds
2019-04-10T16:22:10.243-0600: 5125.514: Total time for which application threads were stopped: 0.0003015 seconds, Stopping threads took: 0.0000342 seconds
2019-04-10T16:22:11.244-0600: 5126.515: Total time for which application threads were stopped: 0.0002380 seconds, Stopping threads took: 0.0000353 seconds
2019-04-10T16:22:13.245-0600: 5128.516: Total time for which application threads were stopped: 0.0002401 seconds, Stopping threads took: 0.0000402 seconds
2019-04-10T16:22:14.246-0600: 5129.517: Total time for which application threads were stopped: 0.0002221 seconds, Stopping threads took: 0.0000413 seconds
2019-04-10T16:22:15.247-0600: 5130.518: Total time for which application threads were stopped: 0.0003399 seconds, Stopping threads took: 0.0000342 seconds
2019-04-10T16:22:17.249-0600: 5132.520: Total time for which application threads were stopped: 0.0002980 seconds, Stopping threads took: 0.0000705 seconds
2019-04-10T16:22:53.264-0600: 5168.536: Total time for which application threads were stopped: 0.0003033 seconds, Stopping threads took: 0.0000360 seconds
2019-04-10T16:23:10.273-0600: 5185.545: Total time for which application threads were stopped: 0.0003452 seconds, Stopping threads took: 0.0000501 seconds
2019-04-10T16:23:42.288-0600: 5217.560: Total time for which application threads were stopped: 0.0002736 seconds, Stopping threads took: 0.0000434 seconds
2019-04-10T16:23:43.288-0600: 5218.560: Total time for which application threads were stopped: 0.0002190 seconds, Stopping threads took: 0.0000434 seconds
2019-04-10T16:23:44.288-0600: 5219.560: Total time for which application threads were stopped: 0.0002437 seconds, Stopping threads took: 0.0000423 seconds
2019-04-10T16:24:11.305-0600: 5246.578: Total time for which application threads were stopped: 0.0003593 seconds, Stopping threads took: 0.0000458 seconds
2019-04-10T16:24:12.306-0600: 5247.578: Total time for which application threads were stopped: 0.0002754 seconds, Stopping threads took: 0.0000423 seconds
2019-04-10T16:24:34.317-0600: 5269.590: Total time for which application threads were stopped: 0.0003068 seconds, Stopping threads took: 0.0000656 seconds
2019-04-10T16:24:56.329-0600: 5291.602: Total time for which application threads were stopped: 0.0003995 seconds, Stopping threads took: 0.0000328 seconds
2019-04-10T16:25:09.186-0600: 5304.459: Total time for which application threads were stopped: 0.0003858 seconds, Stopping threads took: 0.0000342 seconds
2019-04-10T16:25:09.186-0600: 5304.459: Total time for which application threads were stopped: 0.0001040 seconds, Stopping threads took: 0.0000222 seconds
2019-04-10T16:25:11.187-0600: 5306.460: Total time for which application threads were stopped: 0.0002810 seconds, Stopping threads took: 0.0000275 seconds
2019-04-10T16:25:23.192-0600: 5318.465: Total time for which application threads were stopped: 0.0002546 seconds, Stopping threads took: 0.0000289 seconds
2019-04-10T16:25:29.195-0600: 5324.469: Total time for which application threads were stopped: 0.0002468 seconds, Stopping threads took: 0.0000303 seconds
2019-04-10T16:25:33.197-0600: 5328.471: Total time for which application threads were stopped: 0.0002415 seconds, Stopping threads took: 0.0000254 seconds
2019-04-10T16:25:35.199-0600: 5330.472: Total time for which application threads were stopped: 0.0003900 seconds, Stopping threads took: 0.0000575 seconds
2019-04-10T16:26:11.215-0600: 5366.489: Total time for which application threads were stopped: 0.0003255 seconds, Stopping threads took: 0.0000370 seconds
2019-04-10T16:26:13.216-0600: 5368.490: Total time for which application threads were stopped: 0.0004059 seconds, Stopping threads took: 0.0000543 seconds
2019-04-10T16:27:11.241-0600: 5426.516: Total time for which application threads were stopped: 0.0003970 seconds, Stopping threads took: 0.0000339 seconds
2019-04-10T16:27:31.249-0600: 5446.524: Total time for which application threads were stopped: 0.0002472 seconds, Stopping threads took: 0.0000257 seconds
2019-04-10T16:28:12.267-0600: 5487.543: Total time for which application threads were stopped: 0.0002521 seconds, Stopping threads took: 0.0000437 seconds
2019-04-10T16:29:12.295-0600: 5547.571: Total time for which application threads were stopped: 0.0004580 seconds, Stopping threads took: 0.0000275 seconds
2019-04-10T16:29:24.301-0600: 5559.578: Total time for which application threads were stopped: 0.0003784 seconds, Stopping threads took: 0.0000698 seconds
2019-04-10T16:29:38.309-0600: 5573.585: Total time for which application threads were stopped: 0.0002772 seconds, Stopping threads took: 0.0000363 seconds
2019-04-10T16:29:48.315-0600: 5583.592: Total time for which application threads were stopped: 0.0003293 seconds, Stopping threads took: 0.0000540 seconds
2019-04-10T16:29:49.315-0600: 5584.592: Total time for which application threads were stopped: 0.0003787 seconds, Stopping threads took: 0.0000543 seconds
2019-04-10T16:30:09.187-0600: 5604.464: Total time for which application threads were stopped: 0.0003431 seconds, Stopping threads took: 0.0000384 seconds
2019-04-10T16:30:09.187-0600: 5604.464: Total time for which application threads were stopped: 0.0000874 seconds, Stopping threads took: 0.0000321 seconds
2019-04-10T16:30:12.188-0600: 5607.466: Total time for which application threads were stopped: 0.0002648 seconds, Stopping threads took: 0.0000310 seconds
2019-04-10T16:31:00.205-0600: 5655.484: Total time for which application threads were stopped: 0.0004944 seconds, Stopping threads took: 0.0000349 seconds
2019-04-10T16:31:12.211-0600: 5667.490: Total time for which application threads were stopped: 0.0003568 seconds, Stopping threads took: 0.0000346 seconds
2019-04-10T16:32:13.237-0600: 5728.518: Total time for which application threads were stopped: 0.0005088 seconds, Stopping threads took: 0.0000409 seconds
2019-04-10T16:32:36.248-0600: 5751.530: Total time for which application threads were stopped: 0.0003357 seconds, Stopping threads took: 0.0000346 seconds
2019-04-10T16:32:37.248-0600: 5752.530: Total time for which application threads were stopped: 0.0004055 seconds, Stopping threads took: 0.0000458 seconds
2019-04-10T16:32:45.249-0600: 5760.531: Total time for which application threads were stopped: 0.0004908 seconds, Stopping threads took: 0.0000638 seconds
2019-04-10T16:32:46.250-0600: 5761.532: Total time for which application threads were stopped: 0.0004055 seconds, Stopping threads took: 0.0000550 seconds
2019-04-10T16:32:58.255-0600: 5773.537: Total time for which application threads were stopped: 0.0003011 seconds, Stopping threads took: 0.0000363 seconds
2019-04-10T16:32:59.255-0600: 5774.537: Total time for which application threads were stopped: 0.0002793 seconds, Stopping threads took: 0.0000353 seconds
2019-04-10T16:33:00.256-0600: 5775.538: Total time for which application threads were stopped: 0.0002098 seconds, Stopping threads took: 0.0000247 seconds
2019-04-10T16:33:08.259-0600: 5783.541: Total time for which application threads were stopped: 0.0003033 seconds, Stopping threads took: 0.0000346 seconds
2019-04-10T16:33:09.259-0600: 5784.542: Total time for which application threads were stopped: 0.0004884 seconds, Stopping threads took: 0.0000610 seconds
2019-04-10T16:33:10.260-0600: 5785.542: Total time for which application threads were stopped: 0.0002363 seconds, Stopping threads took: 0.0000339 seconds
2019-04-10T16:33:13.260-0600: 5788.543: Total time for which application threads were stopped: 0.0003064 seconds, Stopping threads took: 0.0000360 seconds
2019-04-10T16:33:28.268-0600: 5803.551: Total time for which application threads were stopped: 0.0005691 seconds, Stopping threads took: 0.0000652 seconds
2019-04-10T16:34:02.285-0600: 5837.569: Total time for which application threads were stopped: 0.0002444 seconds, Stopping threads took: 0.0000303 seconds
2019-04-10T16:34:06.287-0600: 5841.572: Total time for which application threads were stopped: 0.0004485 seconds, Stopping threads took: 0.0000532 seconds
2019-04-10T16:34:07.288-0600: 5842.573: Total time for which application threads were stopped: 0.0002221 seconds, Stopping threads took: 0.0000293 seconds
2019-04-10T16:34:12.289-0600: 5847.574: Total time for which application threads were stopped: 0.0002236 seconds, Stopping threads took: 0.0000282 seconds
2019-04-10T16:34:13.289-0600: 5848.574: Total time for which application threads were stopped: 0.0002190 seconds, Stopping threads took: 0.0000272 seconds
2019-04-10T16:34:24.293-0600: 5859.578: Total time for which application threads were stopped: 0.0002528 seconds, Stopping threads took: 0.0000321 seconds
2019-04-10T16:34:38.300-0600: 5873.586: Total time for which application threads were stopped: 0.0005917 seconds, Stopping threads took: 0.0000811 seconds
2019-04-10T16:35:09.181-0600: 5904.468: Total time for which application threads were stopped: 0.0003978 seconds, Stopping threads took: 0.0000437 seconds
2019-04-10T16:35:09.182-0600: 5904.468: Total time for which application threads were stopped: 0.0002052 seconds, Stopping threads took: 0.0000568 seconds
2019-04-10T16:35:10.182-0600: 5905.469: Total time for which application threads were stopped: 0.0003702 seconds, Stopping threads took: 0.0000596 seconds
2019-04-10T16:35:13.184-0600: 5908.471: Total time for which application threads were stopped: 0.0002486 seconds, Stopping threads took: 0.0000310 seconds
2019-04-10T16:35:14.184-0600: 5909.471: Total time for which application threads were stopped: 0.0002059 seconds, Stopping threads took: 0.0000275 seconds
2019-04-10T16:35:24.189-0600: 5919.476: Total time for which application threads were stopped: 0.0002592 seconds, Stopping threads took: 0.0000321 seconds
2019-04-10T16:35:25.189-0600: 5920.476: Total time for which application threads were stopped: 0.0002973 seconds, Stopping threads took: 0.0000564 seconds
2019-04-10T16:35:26.190-0600: 5921.478: Total time for which application threads were stopped: 0.0005860 seconds, Stopping threads took: 0.0000663 seconds
2019-04-10T16:35:38.196-0600: 5933.484: Total time for which application threads were stopped: 0.0005543 seconds, Stopping threads took: 0.0000783 seconds
2019-04-10T16:35:45.199-0600: 5940.487: Total time for which application threads were stopped: 0.0002719 seconds, Stopping threads took: 0.0000335 seconds
2019-04-10T16:35:46.199-0600: 5941.487: Total time for which application threads were stopped: 0.0002930 seconds, Stopping threads took: 0.0000328 seconds
2019-04-10T16:35:47.200-0600: 5942.487: Total time for which application threads were stopped: 0.0002334 seconds, Stopping threads took: 0.0000353 seconds
2019-04-10T16:35:54.203-0600: 5949.490: Total time for which application threads were stopped: 0.0002296 seconds, Stopping threads took: 0.0000264 seconds
2019-04-10T16:36:00.206-0600: 5955.494: Total time for which application threads were stopped: 0.0002151 seconds, Stopping threads took: 0.0000303 seconds
2019-04-10T16:36:14.212-0600: 5969.500: Total time for which application threads were stopped: 0.0002994 seconds, Stopping threads took: 0.0000339 seconds
2019-04-10T16:36:20.214-0600: 5975.502: Total time for which application threads were stopped: 0.0002535 seconds, Stopping threads took: 0.0000578 seconds
2019-04-10T16:36:22.214-0600: 5977.502: Total time for which application threads were stopped: 0.0002468 seconds, Stopping threads took: 0.0000279 seconds
2019-04-10T16:36:24.214-0600: 5979.503: Total time for which application threads were stopped: 0.0003643 seconds, Stopping threads took: 0.0000540 seconds
2019-04-10T16:36:26.216-0600: 5981.504: Total time for which application threads were stopped: 0.0005166 seconds, Stopping threads took: 0.0000681 seconds
2019-04-10T16:36:27.216-0600: 5982.505: Total time for which application threads were stopped: 0.0004062 seconds, Stopping threads took: 0.0000755 seconds
2019-04-10T16:37:14.240-0600: 6029.530: Total time for which application threads were stopped: 0.0003463 seconds, Stopping threads took: 0.0000395 seconds
2019-04-10T16:37:15.240-0600: 6030.530: Total time for which application threads were stopped: 0.0005388 seconds, Stopping threads took: 0.0000617 seconds
2019-04-10T16:37:18.241-0600: 6033.531: Total time for which application threads were stopped: 0.0002278 seconds, Stopping threads took: 0.0000264 seconds
2019-04-10T16:37:19.241-0600: 6034.531: Total time for which application threads were stopped: 0.0003748 seconds, Stopping threads took: 0.0000437 seconds
2019-04-10T16:37:20.242-0600: 6035.532: Total time for which application threads were stopped: 0.0002154 seconds, Stopping threads took: 0.0000268 seconds
2019-04-10T16:37:48.263-0600: 6063.554: Total time for which application threads were stopped: 0.0002087 seconds, Stopping threads took: 0.0000272 seconds
2019-04-10T16:37:53.265-0600: 6068.555: Total time for which application threads were stopped: 0.0004002 seconds, Stopping threads took: 0.0001319 seconds
2019-04-10T16:37:54.265-0600: 6069.556: Total time for which application threads were stopped: 0.0004235 seconds, Stopping threads took: 0.0000518 seconds
2019-04-10T16:38:07.270-0600: 6082.561: Total time for which application threads were stopped: 0.0003484 seconds, Stopping threads took: 0.0000540 seconds
2019-04-10T16:38:08.271-0600: 6083.562: Total time for which application threads were stopped: 0.0002419 seconds, Stopping threads took: 0.0000314 seconds
2019-04-10T16:38:10.273-0600: 6085.564: Total time for which application threads were stopped: 0.0003417 seconds, Stopping threads took: 0.0000871 seconds
2019-04-10T16:38:12.274-0600: 6087.565: Total time for which application threads were stopped: 0.0005032 seconds, Stopping threads took: 0.0001354 seconds
2019-04-10T16:38:14.275-0600: 6089.566: Total time for which application threads were stopped: 0.0002997 seconds, Stopping threads took: 0.0000335 seconds
2019-04-10T16:38:26.282-0600: 6101.574: Total time for which application threads were stopped: 0.0004454 seconds, Stopping threads took: 0.0000564 seconds
2019-04-10T16:38:27.282-0600: 6102.574: Total time for which application threads were stopped: 0.0002313 seconds, Stopping threads took: 0.0000300 seconds
2019-04-10T16:38:31.284-0600: 6106.575: Total time for which application threads were stopped: 0.0004947 seconds, Stopping threads took: 0.0000631 seconds
2019-04-10T16:38:50.293-0600: 6125.585: Total time for which application threads were stopped: 0.0002860 seconds, Stopping threads took: 0.0000335 seconds
2019-04-10T16:39:00.297-0600: 6135.590: Total time for which application threads were stopped: 0.0003258 seconds, Stopping threads took: 0.0000409 seconds
2019-04-10T16:39:14.302-0600: 6149.594: Total time for which application threads were stopped: 0.0002123 seconds, Stopping threads took: 0.0000257 seconds
2019-04-10T16:39:32.309-0600: 6167.603: Total time for which application threads were stopped: 0.0005825 seconds, Stopping threads took: 0.0000716 seconds
2019-04-10T16:39:40.311-0600: 6175.605: Total time for which application threads were stopped: 0.0002200 seconds, Stopping threads took: 0.0000402 seconds
2019-04-10T16:39:50.314-0600: 6185.608: Total time for which application threads were stopped: 0.0004845 seconds, Stopping threads took: 0.0000585 seconds
2019-04-10T16:39:54.317-0600: 6189.610: Total time for which application threads were stopped: 0.0006411 seconds, Stopping threads took: 0.0000931 seconds
2019-04-10T16:40:09.179-0600: 6204.473: Total time for which application threads were stopped: 0.0002722 seconds, Stopping threads took: 0.0000328 seconds
2019-04-10T16:40:09.179-0600: 6204.473: Total time for which application threads were stopped: 0.0000896 seconds, Stopping threads took: 0.0000229 seconds
2019-04-10T16:40:15.181-0600: 6210.475: Total time for which application threads were stopped: 0.0002581 seconds, Stopping threads took: 0.0000677 seconds
2019-04-10T16:40:45.195-0600: 6240.490: Total time for which application threads were stopped: 0.0002750 seconds, Stopping threads took: 0.0000476 seconds
2019-04-10T16:40:46.195-0600: 6241.490: Total time for which application threads were stopped: 0.0004940 seconds, Stopping threads took: 0.0000790 seconds
2019-04-10T16:41:06.204-0600: 6261.499: Total time for which application threads were stopped: 0.0005004 seconds, Stopping threads took: 0.0000652 seconds
2019-04-10T16:41:15.208-0600: 6270.504: Total time for which application threads were stopped: 0.0004097 seconds, Stopping threads took: 0.0000589 seconds
2019-04-10T16:41:23.211-0600: 6278.507: Total time for which application threads were stopped: 0.0002211 seconds, Stopping threads took: 0.0000402 seconds
2019-04-10T16:41:25.212-0600: 6280.508: Total time for which application threads were stopped: 0.0002331 seconds, Stopping threads took: 0.0000324 seconds
2019-04-10T16:41:26.212-0600: 6281.508: Total time for which application threads were stopped: 0.0006516 seconds, Stopping threads took: 0.0000818 seconds
2019-04-10T16:41:34.215-0600: 6289.512: Total time for which application threads were stopped: 0.0002652 seconds, Stopping threads took: 0.0000331 seconds
2019-04-10T16:41:35.216-0600: 6290.512: Total time for which application threads were stopped: 0.0003117 seconds, Stopping threads took: 0.0000420 seconds
2019-04-10T16:41:36.217-0600: 6291.513: Total time for which application threads were stopped: 0.0003466 seconds, Stopping threads took: 0.0000437 seconds
2019-04-10T16:41:55.228-0600: 6310.524: Total time for which application threads were stopped: 0.0002793 seconds, Stopping threads took: 0.0000335 seconds
2019-04-10T16:42:08.233-0600: 6323.531: Total time for which application threads were stopped: 0.0005938 seconds, Stopping threads took: 0.0000723 seconds
2019-04-10T16:42:12.235-0600: 6327.533: Total time for which application threads were stopped: 0.0002140 seconds, Stopping threads took: 0.0000300 seconds
2019-04-10T16:42:14.237-0600: 6329.534: Total time for which application threads were stopped: 0.0002214 seconds, Stopping threads took: 0.0000314 seconds
2019-04-10T16:42:15.238-0600: 6330.535: Total time for which application threads were stopped: 0.0002229 seconds, Stopping threads took: 0.0000487 seconds
2019-04-10T16:42:45.251-0600: 6360.549: Total time for which application threads were stopped: 0.0002599 seconds, Stopping threads took: 0.0000518 seconds
2019-04-10T16:42:46.251-0600: 6361.550: Total time for which application threads were stopped: 0.0003671 seconds, Stopping threads took: 0.0000473 seconds
2019-04-10T16:43:13.264-0600: 6388.563: Total time for which application threads were stopped: 0.0004521 seconds, Stopping threads took: 0.0000624 seconds
2019-04-10T16:43:15.264-0600: 6390.563: Total time for which application threads were stopped: 0.0002179 seconds, Stopping threads took: 0.0000275 seconds
2019-04-10T16:43:17.265-0600: 6392.563: Total time for which application threads were stopped: 0.0002229 seconds, Stopping threads took: 0.0000384 seconds
2019-04-10T16:43:18.265-0600: 6393.564: Total time for which application threads were stopped: 0.0002613 seconds, Stopping threads took: 0.0000497 seconds
2019-04-10T16:44:15.292-0600: 6450.592: Total time for which application threads were stopped: 0.0002310 seconds, Stopping threads took: 0.0000317 seconds
2019-04-10T16:44:16.292-0600: 6451.592: Total time for which application threads were stopped: 0.0002193 seconds, Stopping threads took: 0.0000300 seconds
2019-04-10T16:44:22.295-0600: 6457.596: Total time for which application threads were stopped: 0.0004714 seconds, Stopping threads took: 0.0000614 seconds
2019-04-10T16:44:23.296-0600: 6458.597: Total time for which application threads were stopped: 0.0005490 seconds, Stopping threads took: 0.0000744 seconds
2019-04-10T16:44:29.299-0600: 6464.600: Total time for which application threads were stopped: 0.0005074 seconds, Stopping threads took: 0.0000850 seconds
2019-04-10T16:44:30.299-0600: 6465.600: Total time for which application threads were stopped: 0.0002243 seconds, Stopping threads took: 0.0000328 seconds
2019-04-10T16:44:40.303-0600: 6475.604: Total time for which application threads were stopped: 0.0002352 seconds, Stopping threads took: 0.0000409 seconds
2019-04-10T16:44:58.311-0600: 6493.613: Total time for which application threads were stopped: 0.0004143 seconds, Stopping threads took: 0.0000596 seconds
2019-04-10T16:45:00.313-0600: 6495.614: Total time for which application threads were stopped: 0.0002313 seconds, Stopping threads took: 0.0000339 seconds
2019-04-10T16:45:02.313-0600: 6497.615: Total time for which application threads were stopped: 0.0003124 seconds, Stopping threads took: 0.0000469 seconds
2019-04-10T16:45:09.174-0600: 6504.476: Total time for which application threads were stopped: 0.0003452 seconds, Stopping threads took: 0.0000730 seconds
2019-04-10T16:45:09.174-0600: 6504.476: Total time for which application threads were stopped: 0.0000818 seconds, Stopping threads took: 0.0000293 seconds
2019-04-10T16:45:10.174-0600: 6505.476: Total time for which application threads were stopped: 0.0003322 seconds, Stopping threads took: 0.0000441 seconds
2019-04-10T16:45:16.178-0600: 6511.480: Total time for which application threads were stopped: 0.0003417 seconds, Stopping threads took: 0.0000508 seconds
2019-04-10T16:45:22.182-0600: 6517.484: Total time for which application threads were stopped: 0.0002507 seconds, Stopping threads took: 0.0000455 seconds
2019-04-10T16:45:23.182-0600: 6518.484: Total time for which application threads were stopped: 0.0001939 seconds, Stopping threads took: 0.0000282 seconds
2019-04-10T16:45:51.195-0600: 6546.498: Total time for which application threads were stopped: 0.0005205 seconds, Stopping threads took: 0.0000772 seconds
2019-04-10T16:46:00.199-0600: 6555.502: Total time for which application threads were stopped: 0.0002144 seconds, Stopping threads took: 0.0000476 seconds
2019-04-10T16:46:06.202-0600: 6561.505: Total time for which application threads were stopped: 0.0003424 seconds, Stopping threads took: 0.0000603 seconds
2019-04-10T16:46:07.203-0600: 6562.506: Total time for which application threads were stopped: 0.0001929 seconds, Stopping threads took: 0.0000268 seconds
2019-04-10T16:46:08.203-0600: 6563.506: Total time for which application threads were stopped: 0.0001957 seconds, Stopping threads took: 0.0000296 seconds
2019-04-10T16:46:15.207-0600: 6570.510: Total time for which application threads were stopped: 0.0002087 seconds, Stopping threads took: 0.0000275 seconds
2019-04-10T16:46:16.207-0600: 6571.510: Total time for which application threads were stopped: 0.0002133 seconds, Stopping threads took: 0.0000395 seconds
2019-04-10T16:46:21.208-0600: 6576.511: Total time for which application threads were stopped: 0.0002080 seconds, Stopping threads took: 0.0000444 seconds
2019-04-10T16:47:16.229-0600: 6631.533: Total time for which application threads were stopped: 0.0002257 seconds, Stopping threads took: 0.0000272 seconds
2019-04-10T16:47:26.233-0600: 6641.537: Total time for which application threads were stopped: 0.0002151 seconds, Stopping threads took: 0.0000328 seconds
2019-04-10T16:47:28.235-0600: 6643.539: Total time for which application threads were stopped: 0.0002049 seconds, Stopping threads took: 0.0000264 seconds
2019-04-10T16:47:36.238-0600: 6651.543: Total time for which application threads were stopped: 0.0001996 seconds, Stopping threads took: 0.0000314 seconds
2019-04-10T16:47:40.239-0600: 6655.544: Total time for which application threads were stopped: 0.0002440 seconds, Stopping threads took: 0.0000314 seconds
2019-04-10T16:48:16.258-0600: 6691.563: Total time for which application threads were stopped: 0.0004870 seconds, Stopping threads took: 0.0000603 seconds
2019-04-10T16:48:35.264-0600: 6710.570: Total time for which application threads were stopped: 0.0002779 seconds, Stopping threads took: 0.0000402 seconds
2019-04-10T16:48:36.265-0600: 6711.571: Total time for which application threads were stopped: 0.0003717 seconds, Stopping threads took: 0.0000508 seconds
2019-04-10T16:48:38.265-0600: 6713.571: Total time for which application threads were stopped: 0.0002750 seconds, Stopping threads took: 0.0000388 seconds
2019-04-10T16:48:39.266-0600: 6714.572: Total time for which application threads were stopped: 0.0005194 seconds, Stopping threads took: 0.0000638 seconds
2019-04-10T16:48:54.273-0600: 6729.579: Total time for which application threads were stopped: 0.0004404 seconds, Stopping threads took: 0.0000688 seconds
2019-04-10T16:48:56.274-0600: 6731.580: Total time for which application threads were stopped: 0.0003907 seconds, Stopping threads took: 0.0000508 seconds
2019-04-10T16:49:16.284-0600: 6751.590: Total time for which application threads were stopped: 0.0002320 seconds, Stopping threads took: 0.0000303 seconds
2019-04-10T16:49:17.285-0600: 6752.591: Total time for which application threads were stopped: 0.0002267 seconds, Stopping threads took: 0.0000303 seconds
2019-04-10T16:49:18.285-0600: 6753.591: Total time for which application threads were stopped: 0.0002394 seconds, Stopping threads took: 0.0000353 seconds
2019-04-10T16:49:25.288-0600: 6760.595: Total time for which application threads were stopped: 0.0002091 seconds, Stopping threads took: 0.0000286 seconds
2019-04-10T16:49:26.288-0600: 6761.595: Total time for which application threads were stopped: 0.0002768 seconds, Stopping threads took: 0.0000363 seconds
2019-04-10T16:50:09.169-0600: 6804.477: Total time for which application threads were stopped: 0.0002183 seconds, Stopping threads took: 0.0000264 seconds
2019-04-10T16:50:09.169-0600: 6804.477: Total time for which application threads were stopped: 0.0000800 seconds, Stopping threads took: 0.0000180 seconds
2019-04-10T16:50:17.172-0600: 6812.480: Total time for which application threads were stopped: 0.0002045 seconds, Stopping threads took: 0.0000268 seconds
2019-04-10T16:50:59.197-0600: 6854.505: Total time for which application threads were stopped: 0.0002119 seconds, Stopping threads took: 0.0000289 seconds
2019-04-10T16:51:13.203-0600: 6868.512: Total time for which application threads were stopped: 0.0001925 seconds, Stopping threads took: 0.0000275 seconds
2019-04-10T16:51:17.204-0600: 6872.513: Total time for which application threads were stopped: 0.0002422 seconds, Stopping threads took: 0.0000398 seconds
2019-04-10T16:51:18.204-0600: 6873.513: Total time for which application threads were stopped: 0.0003124 seconds, Stopping threads took: 0.0000434 seconds
2019-04-10T16:51:40.213-0600: 6895.522: Total time for which application threads were stopped: 0.0002444 seconds, Stopping threads took: 0.0000413 seconds
2019-04-10T16:52:16.228-0600: 6931.538: Total time for which application threads were stopped: 0.0003297 seconds, Stopping threads took: 0.0000716 seconds
{Heap before GC invocations=33 (full 2):
 par new generation   total 109248K, used 109248K [0x07600000, 0x0f600000, 0x0f600000)
  eden space 87424K, 100% used [0x07600000, 0x0cb60000, 0x0cb60000)
  from space 21824K, 100% used [0x0e0b0000, 0x0f600000, 0x0f600000)
  to   space 21824K,   0% used [0x0cb60000, 0x0cb60000, 0x0e0b0000)
 concurrent mark-sweep generation total 393216K, used 53982K [0x0f600000, 0x27600000, 0x27600000)
 Metaspace       used 29945K, capacity 31273K, committed 31360K, reserved 32128K
2019-04-10T16:52:16.968-0600: 6932.277: [GC (Allocation Failure) 2019-04-10T16:52:16.968-0600: 6932.277: [ParNew
Desired survivor size 20112996 bytes, new threshold 8 (max 8)
- age   1:     432656 bytes,     432656 total
- age   2:     572008 bytes,    1004664 total
- age   3:    5216896 bytes,    6221560 total
- age   4:      98824 bytes,    6320384 total
- age   5:      80624 bytes,    6401008 total
- age   6:     128736 bytes,    6529744 total
- age   7:     699184 bytes,    7228928 total
- age   8:    8935080 bytes,   16164008 total
: 109248K->21824K(109248K), 0.0343837 secs] 163230K->76158K(502464K), 0.0344461 secs] [Times: user=0.06 sys=0.06, real=0.03 secs] 
Heap after GC invocations=34 (full 2):
 par new generation   total 109248K, used 21824K [0x07600000, 0x0f600000, 0x0f600000)
  eden space 87424K,   0% used [0x07600000, 0x07600000, 0x0cb60000)
  from space 21824K, 100% used [0x0cb60000, 0x0e0b0000, 0x0e0b0000)
  to   space 21824K,   0% used [0x0e0b0000, 0x0e0b0000, 0x0f600000)
 concurrent mark-sweep generation total 393216K, used 54334K [0x0f600000, 0x27600000, 0x27600000)
 Metaspace       used 29945K, capacity 31273K, committed 31360K, reserved 32128K
}
2019-04-10T16:52:17.002-0600: 6932.312: Total time for which application threads were stopped: 0.0347610 seconds, Stopping threads took: 0.0000229 seconds
2019-04-10T16:52:18.002-0600: 6933.312: Total time for which application threads were stopped: 0.0002278 seconds, Stopping threads took: 0.0000303 seconds
2019-04-10T16:52:19.002-0600: 6934.313: Total time for which application threads were stopped: 0.0004189 seconds, Stopping threads took: 0.0000614 seconds
2019-04-10T16:52:51.018-0600: 6966.329: Total time for which application threads were stopped: 0.0001876 seconds, Stopping threads took: 0.0000254 seconds
2019-04-10T16:52:53.020-0600: 6968.330: Total time for which application threads were stopped: 0.0003022 seconds, Stopping threads took: 0.0000413 seconds
2019-04-10T16:52:54.020-0600: 6969.331: Total time for which application threads were stopped: 0.0002620 seconds, Stopping threads took: 0.0000328 seconds
2019-04-10T16:52:55.021-0600: 6970.331: Total time for which application threads were stopped: 0.0002070 seconds, Stopping threads took: 0.0000282 seconds
2019-04-10T16:53:00.023-0600: 6975.334: Total time for which application threads were stopped: 0.0002486 seconds, Stopping threads took: 0.0000339 seconds
2019-04-10T16:53:01.024-0600: 6976.334: Total time for which application threads were stopped: 0.0001932 seconds, Stopping threads took: 0.0000286 seconds
2019-04-10T16:53:02.024-0600: 6977.335: Total time for which application threads were stopped: 0.0003198 seconds, Stopping threads took: 0.0000511 seconds
2019-04-10T16:53:05.026-0600: 6980.337: Total time for which application threads were stopped: 0.0001982 seconds, Stopping threads took: 0.0000282 seconds
2019-04-10T16:53:18.031-0600: 6993.343: Total time for which application threads were stopped: 0.0003057 seconds, Stopping threads took: 0.0000367 seconds
2019-04-10T16:53:21.033-0600: 6996.344: Total time for which application threads were stopped: 0.0006657 seconds, Stopping threads took: 0.0000695 seconds
2019-04-10T16:53:46.043-0600: 7021.354: Total time for which application threads were stopped: 0.0002091 seconds, Stopping threads took: 0.0000307 seconds
2019-04-10T16:53:51.046-0600: 7026.357: Total time for which application threads were stopped: 0.0002609 seconds, Stopping threads took: 0.0000339 seconds
2019-04-10T16:53:54.047-0600: 7029.358: Total time for which application threads were stopped: 0.0002599 seconds, Stopping threads took: 0.0000356 seconds
2019-04-10T16:53:55.048-0600: 7030.359: Total time for which application threads were stopped: 0.0003117 seconds, Stopping threads took: 0.0000437 seconds
2019-04-10T16:53:57.049-0600: 7032.361: Total time for which application threads were stopped: 0.0002116 seconds, Stopping threads took: 0.0000275 seconds
2019-04-10T16:53:58.049-0600: 7033.362: Total time for which application threads were stopped: 0.0004729 seconds, Stopping threads took: 0.0000744 seconds
2019-04-10T16:53:59.050-0600: 7034.361: Total time for which application threads were stopped: 0.0002768 seconds, Stopping threads took: 0.0000391 seconds
2019-04-10T16:54:18.055-0600: 7053.368: Total time for which application threads were stopped: 0.0002870 seconds, Stopping threads took: 0.0000324 seconds
2019-04-10T16:54:28.059-0600: 7063.371: Total time for which application threads were stopped: 0.0002003 seconds, Stopping threads took: 0.0000293 seconds
2019-04-10T16:54:29.059-0600: 7064.372: Total time for which application threads were stopped: 0.0002063 seconds, Stopping threads took: 0.0000264 seconds
2019-04-10T16:54:30.060-0600: 7065.372: Total time for which application threads were stopped: 0.0002514 seconds, Stopping threads took: 0.0000349 seconds
2019-04-10T16:54:39.062-0600: 7074.375: Total time for which application threads were stopped: 0.0003907 seconds, Stopping threads took: 0.0000525 seconds
2019-04-10T16:54:48.065-0600: 7083.378: Total time for which application threads were stopped: 0.0004598 seconds, Stopping threads took: 0.0000762 seconds
2019-04-10T16:55:05.072-0600: 7100.385: Total time for which application threads were stopped: 0.0001950 seconds, Stopping threads took: 0.0000264 seconds
2019-04-10T16:55:07.073-0600: 7102.386: Total time for which application threads were stopped: 0.0002874 seconds, Stopping threads took: 0.0000384 seconds
2019-04-10T16:55:09.168-0600: 7104.481: Total time for which application threads were stopped: 0.0002355 seconds, Stopping threads took: 0.0000342 seconds
2019-04-10T16:55:09.168-0600: 7104.481: Total time for which application threads were stopped: 0.0000673 seconds, Stopping threads took: 0.0000145 seconds
2019-04-10T16:55:11.168-0600: 7106.482: Total time for which application threads were stopped: 0.0001855 seconds, Stopping threads took: 0.0000268 seconds
2019-04-10T16:55:12.169-0600: 7107.482: Total time for which application threads were stopped: 0.0002479 seconds, Stopping threads took: 0.0000331 seconds
2019-04-10T16:55:18.173-0600: 7113.487: Total time for which application threads were stopped: 0.0005515 seconds, Stopping threads took: 0.0000832 seconds
2019-04-10T16:56:02.194-0600: 7157.508: Total time for which application threads were stopped: 0.0004016 seconds, Stopping threads took: 0.0000578 seconds
2019-04-10T16:56:03.194-0600: 7158.508: Total time for which application threads were stopped: 0.0002288 seconds, Stopping threads took: 0.0000356 seconds
2019-04-10T16:56:05.194-0600: 7160.508: Total time for which application threads were stopped: 0.0004062 seconds, Stopping threads took: 0.0000737 seconds
2019-04-10T16:56:12.196-0600: 7167.510: Total time for which application threads were stopped: 0.0004644 seconds, Stopping threads took: 0.0000649 seconds
2019-04-10T16:56:15.197-0600: 7170.511: Total time for which application threads were stopped: 0.0003826 seconds, Stopping threads took: 0.0000504 seconds
2019-04-10T16:56:18.198-0600: 7173.512: Total time for which application threads were stopped: 0.0002056 seconds, Stopping threads took: 0.0000261 seconds
2019-04-10T16:56:23.199-0600: 7178.513: Total time for which application threads were stopped: 0.0004016 seconds, Stopping threads took: 0.0000571 seconds
2019-04-10T16:56:24.199-0600: 7179.513: Total time for which application threads were stopped: 0.0003480 seconds, Stopping threads took: 0.0000547 seconds
2019-04-10T16:56:37.205-0600: 7192.519: Total time for which application threads were stopped: 0.0002123 seconds, Stopping threads took: 0.0000296 seconds
2019-04-10T16:56:39.205-0600: 7194.519: Total time for which application threads were stopped: 0.0003706 seconds, Stopping threads took: 0.0000518 seconds
2019-04-10T16:56:49.210-0600: 7204.524: Total time for which application threads were stopped: 0.0002042 seconds, Stopping threads took: 0.0000272 seconds
2019-04-10T16:56:50.210-0600: 7205.525: Total time for which application threads were stopped: 0.0001812 seconds, Stopping threads took: 0.0000268 seconds
2019-04-10T16:56:54.213-0600: 7209.528: Total time for which application threads were stopped: 0.0002757 seconds, Stopping threads took: 0.0000536 seconds
2019-04-10T16:56:55.214-0600: 7210.529: Total time for which application threads were stopped: 0.0005317 seconds, Stopping threads took: 0.0000688 seconds
2019-04-10T16:57:07.220-0600: 7222.535: Total time for which application threads were stopped: 0.0004496 seconds, Stopping threads took: 0.0000624 seconds
2019-04-10T16:57:09.222-0600: 7224.537: Total time for which application threads were stopped: 0.0004256 seconds, Stopping threads took: 0.0000621 seconds
2019-04-10T16:57:12.223-0600: 7227.538: Total time for which application threads were stopped: 0.0003854 seconds, Stopping threads took: 0.0000645 seconds
2019-04-10T16:57:13.224-0600: 7228.539: Total time for which application threads were stopped: 0.0003491 seconds, Stopping threads took: 0.0000585 seconds
2019-04-10T16:57:18.227-0600: 7233.541: Total time for which application threads were stopped: 0.0002236 seconds, Stopping threads took: 0.0000289 seconds
2019-04-10T16:57:19.227-0600: 7234.542: Total time for which application threads were stopped: 0.0002303 seconds, Stopping threads took: 0.0000511 seconds
2019-04-10T16:57:21.228-0600: 7236.543: Total time for which application threads were stopped: 0.0003565 seconds, Stopping threads took: 0.0000483 seconds
2019-04-10T16:57:39.236-0600: 7254.551: Total time for which application threads were stopped: 0.0002366 seconds, Stopping threads took: 0.0000310 seconds
2019-04-10T16:58:00.245-0600: 7275.561: Total time for which application threads were stopped: 0.0002190 seconds, Stopping threads took: 0.0000409 seconds
2019-04-10T16:58:01.246-0600: 7276.561: Total time for which application threads were stopped: 0.0002105 seconds, Stopping threads took: 0.0000324 seconds
2019-04-10T16:58:02.246-0600: 7277.562: Total time for which application threads were stopped: 0.0001982 seconds, Stopping threads took: 0.0000272 seconds
2019-04-10T16:58:06.248-0600: 7281.564: Total time for which application threads were stopped: 0.0005113 seconds, Stopping threads took: 0.0000874 seconds
2019-04-10T16:58:07.248-0600: 7282.564: Total time for which application threads were stopped: 0.0002500 seconds, Stopping threads took: 0.0000455 seconds
2019-04-10T16:58:12.250-0600: 7287.566: Total time for which application threads were stopped: 0.0002556 seconds, Stopping threads took: 0.0000374 seconds
2019-04-10T16:58:18.253-0600: 7293.569: Total time for which application threads were stopped: 0.0002655 seconds, Stopping threads took: 0.0000321 seconds
2019-04-10T16:58:19.254-0600: 7294.570: Total time for which application threads were stopped: 0.0006555 seconds, Stopping threads took: 0.0000793 seconds
2019-04-10T16:58:45.265-0600: 7320.581: Total time for which application threads were stopped: 0.0003181 seconds, Stopping threads took: 0.0000469 seconds
2019-04-10T16:59:17.279-0600: 7352.595: Total time for which application threads were stopped: 0.0002264 seconds, Stopping threads took: 0.0000314 seconds
2019-04-10T16:59:18.279-0600: 7353.596: Total time for which application threads were stopped: 0.0002119 seconds, Stopping threads took: 0.0000300 seconds
2019-04-10T16:59:19.280-0600: 7354.597: Total time for which application threads were stopped: 0.0003057 seconds, Stopping threads took: 0.0000497 seconds
2019-04-10T16:59:26.284-0600: 7361.600: Total time for which application threads were stopped: 0.0002066 seconds, Stopping threads took: 0.0000328 seconds
2019-04-10T16:59:27.285-0600: 7362.601: Total time for which application threads were stopped: 0.0002274 seconds, Stopping threads took: 0.0000532 seconds
2019-04-10T16:59:29.286-0600: 7364.602: Total time for which application threads were stopped: 0.0003188 seconds, Stopping threads took: 0.0000529 seconds
2019-04-10T16:59:43.294-0600: 7378.611: Total time for which application threads were stopped: 0.0002066 seconds, Stopping threads took: 0.0000282 seconds
2019-04-10T16:59:45.295-0600: 7380.611: Total time for which application threads were stopped: 0.0001932 seconds, Stopping threads took: 0.0000272 seconds
2019-04-10T16:59:49.297-0600: 7384.613: Total time for which application threads were stopped: 0.0003724 seconds, Stopping threads took: 0.0000607 seconds
2019-04-10T16:59:57.300-0600: 7392.617: Total time for which application threads were stopped: 0.0003343 seconds, Stopping threads took: 0.0000480 seconds
2019-04-10T17:00:09.167-0600: 7404.484: Total time for which application threads were stopped: 0.0002726 seconds, Stopping threads took: 0.0000257 seconds
2019-04-10T17:00:09.168-0600: 7404.485: Total time for which application threads were stopped: 0.0001016 seconds, Stopping threads took: 0.0000183 seconds
2019-04-10T17:00:10.169-0600: 7405.486: Total time for which application threads were stopped: 0.0002821 seconds, Stopping threads took: 0.0000370 seconds
2019-04-10T17:00:18.777-0600: 7414.094: Total time for which application threads were stopped: 0.0003297 seconds, Stopping threads took: 0.0000250 seconds
2019-04-10T17:00:19.777-0600: 7415.094: Total time for which application threads were stopped: 0.0004845 seconds, Stopping threads took: 0.0000642 seconds
2019-04-10T17:00:31.780-0600: 7427.098: Total time for which application threads were stopped: 0.0002310 seconds, Stopping threads took: 0.0000370 seconds
2019-04-10T17:00:32.781-0600: 7428.098: Total time for which application threads were stopped: 0.0002017 seconds, Stopping threads took: 0.0000303 seconds
2019-04-10T17:01:19.801-0600: 7475.119: Total time for which application threads were stopped: 0.0002211 seconds, Stopping threads took: 0.0000346 seconds
2019-04-10T17:01:54.816-0600: 7510.134: Total time for which application threads were stopped: 0.0001946 seconds, Stopping threads took: 0.0000353 seconds
2019-04-10T17:02:05.820-0600: 7521.138: Total time for which application threads were stopped: 0.0004524 seconds, Stopping threads took: 0.0000769 seconds
2019-04-10T17:02:19.827-0600: 7535.146: Total time for which application threads were stopped: 0.0002137 seconds, Stopping threads took: 0.0000307 seconds
2019-04-10T17:02:20.828-0600: 7536.147: Total time for which application threads were stopped: 0.0006037 seconds, Stopping threads took: 0.0000874 seconds
2019-04-10T17:02:21.828-0600: 7537.147: Total time for which application threads were stopped: 0.0003100 seconds, Stopping threads took: 0.0000444 seconds
2019-04-10T17:02:32.834-0600: 7548.153: Total time for which application threads were stopped: 0.0005265 seconds, Stopping threads took: 0.0000709 seconds
2019-04-10T17:02:33.834-0600: 7549.153: Total time for which application threads were stopped: 0.0002920 seconds, Stopping threads took: 0.0000529 seconds
2019-04-10T17:02:34.835-0600: 7550.153: Total time for which application threads were stopped: 0.0001890 seconds, Stopping threads took: 0.0000268 seconds
2019-04-10T17:02:39.836-0600: 7555.155: Total time for which application threads were stopped: 0.0002274 seconds, Stopping threads took: 0.0000293 seconds
2019-04-10T17:02:57.843-0600: 7573.162: Total time for which application threads were stopped: 0.0002091 seconds, Stopping threads took: 0.0000367 seconds
2019-04-10T17:03:19.853-0600: 7595.173: Total time for which application threads were stopped: 0.0002190 seconds, Stopping threads took: 0.0000296 seconds
2019-04-10T17:03:46.860-0600: 7622.180: Total time for which application threads were stopped: 0.0001851 seconds, Stopping threads took: 0.0000272 seconds
2019-04-10T17:03:52.863-0600: 7628.183: Total time for which application threads were stopped: 0.0005952 seconds, Stopping threads took: 0.0000755 seconds
2019-04-10T17:03:57.864-0600: 7633.184: Total time for which application threads were stopped: 0.0002080 seconds, Stopping threads took: 0.0000388 seconds
2019-04-10T17:04:19.167-0600: 7654.487: Total time for which application threads were stopped: 0.0002243 seconds, Stopping threads took: 0.0000282 seconds
2019-04-10T17:04:19.167-0600: 7654.488: Total time for which application threads were stopped: 0.0000818 seconds, Stopping threads took: 0.0000194 seconds
2019-04-10T17:04:20.168-0600: 7655.488: Total time for which application threads were stopped: 0.0002116 seconds, Stopping threads took: 0.0000293 seconds
2019-04-10T17:04:21.168-0600: 7656.488: Total time for which application threads were stopped: 0.0002585 seconds, Stopping threads took: 0.0000381 seconds
2019-04-10T17:04:37.175-0600: 7672.495: Total time for which application threads were stopped: 0.0002052 seconds, Stopping threads took: 0.0000289 seconds
2019-04-10T17:04:38.175-0600: 7673.496: Total time for which application threads were stopped: 0.0002310 seconds, Stopping threads took: 0.0000480 seconds
2019-04-10T17:04:39.176-0600: 7674.496: Total time for which application threads were stopped: 0.0004097 seconds, Stopping threads took: 0.0000575 seconds
2019-04-10T17:04:51.182-0600: 7686.502: Total time for which application threads were stopped: 0.0002458 seconds, Stopping threads took: 0.0000621 seconds
2019-04-10T17:05:09.188-0600: 7704.509: Total time for which application threads were stopped: 0.0001975 seconds, Stopping threads took: 0.0000275 seconds
2019-04-10T17:05:15.191-0600: 7710.512: Total time for which application threads were stopped: 0.0002782 seconds, Stopping threads took: 0.0000557 seconds
2019-04-10T17:05:20.194-0600: 7715.515: Total time for which application threads were stopped: 0.0001855 seconds, Stopping threads took: 0.0000250 seconds
2019-04-10T17:05:59.212-0600: 7754.534: Total time for which application threads were stopped: 0.0006033 seconds, Stopping threads took: 0.0000815 seconds
2019-04-10T17:06:21.223-0600: 7776.545: Total time for which application threads were stopped: 0.0002010 seconds, Stopping threads took: 0.0000272 seconds
2019-04-10T17:06:35.230-0600: 7790.552: Total time for which application threads were stopped: 0.0002105 seconds, Stopping threads took: 0.0000434 seconds
2019-04-10T17:06:36.231-0600: 7791.553: Total time for which application threads were stopped: 0.0004545 seconds, Stopping threads took: 0.0000740 seconds
2019-04-10T17:07:12.246-0600: 7827.569: Total time for which application threads were stopped: 0.0002211 seconds, Stopping threads took: 0.0000374 seconds
2019-04-10T17:07:21.252-0600: 7836.574: Total time for which application threads were stopped: 0.0002609 seconds, Stopping threads took: 0.0000331 seconds
2019-04-10T17:07:22.252-0600: 7837.575: Total time for which application threads were stopped: 0.0002683 seconds, Stopping threads took: 0.0000335 seconds
2019-04-10T17:07:41.261-0600: 7856.584: Total time for which application threads were stopped: 0.0004461 seconds, Stopping threads took: 0.0000744 seconds
2019-04-10T17:07:42.262-0600: 7857.585: Total time for which application threads were stopped: 0.0002574 seconds, Stopping threads took: 0.0000324 seconds
2019-04-10T17:07:48.265-0600: 7863.587: Total time for which application threads were stopped: 0.0003886 seconds, Stopping threads took: 0.0000783 seconds
2019-04-10T17:08:21.278-0600: 7896.602: Total time for which application threads were stopped: 0.0004905 seconds, Stopping threads took: 0.0002493 seconds
2019-04-10T17:08:32.284-0600: 7907.608: Total time for which application threads were stopped: 0.0003681 seconds, Stopping threads took: 0.0000681 seconds
2019-04-10T17:08:33.285-0600: 7908.608: Total time for which application threads were stopped: 0.0004129 seconds, Stopping threads took: 0.0000599 seconds
2019-04-10T17:08:57.296-0600: 7932.620: Total time for which application threads were stopped: 0.0002130 seconds, Stopping threads took: 0.0000402 seconds
2019-04-10T17:09:03.298-0600: 7938.622: Total time for which application threads were stopped: 0.0002147 seconds, Stopping threads took: 0.0000310 seconds
2019-04-10T17:09:09.301-0600: 7944.625: Total time for which application threads were stopped: 0.0004443 seconds, Stopping threads took: 0.0000624 seconds
2019-04-10T17:09:19.166-0600: 7954.490: Total time for which application threads were stopped: 0.0005427 seconds, Stopping threads took: 0.0000617 seconds
2019-04-10T17:09:19.167-0600: 7954.491: Total time for which application threads were stopped: 0.0005116 seconds, Stopping threads took: 0.0000797 seconds
2019-04-10T17:09:20.168-0600: 7955.491: Total time for which application threads were stopped: 0.0002013 seconds, Stopping threads took: 0.0000420 seconds
2019-04-10T17:09:21.168-0600: 7956.492: Total time for which application threads were stopped: 0.0002331 seconds, Stopping threads took: 0.0000324 seconds
2019-04-10T17:09:22.168-0600: 7957.492: Total time for which application threads were stopped: 0.0004200 seconds, Stopping threads took: 0.0000610 seconds
2019-04-10T17:09:33.172-0600: 7968.496: Total time for which application threads were stopped: 0.0002084 seconds, Stopping threads took: 0.0000324 seconds
2019-04-10T17:09:35.173-0600: 7970.497: Total time for which application threads were stopped: 0.0001876 seconds, Stopping threads took: 0.0000314 seconds
2019-04-10T17:09:36.173-0600: 7971.498: Total time for which application threads were stopped: 0.0002158 seconds, Stopping threads took: 0.0000430 seconds
2019-04-10T17:09:52.181-0600: 7987.505: Total time for which application threads were stopped: 0.0001918 seconds, Stopping threads took: 0.0000268 seconds
2019-04-10T17:10:21.198-0600: 8016.523: Total time for which application threads were stopped: 0.0002292 seconds, Stopping threads took: 0.0000705 seconds
2019-04-10T17:10:22.198-0600: 8017.523: Total time for which application threads were stopped: 0.0001964 seconds, Stopping threads took: 0.0000261 seconds
2019-04-10T17:10:23.199-0600: 8018.523: Total time for which application threads were stopped: 0.0002338 seconds, Stopping threads took: 0.0000624 seconds
2019-04-10T17:10:25.199-0600: 8020.524: Total time for which application threads were stopped: 0.0004277 seconds, Stopping threads took: 0.0000645 seconds
2019-04-10T17:10:29.201-0600: 8024.526: Total time for which application threads were stopped: 0.0002736 seconds, Stopping threads took: 0.0000360 seconds
2019-04-10T17:10:51.214-0600: 8046.539: Total time for which application threads were stopped: 0.0004422 seconds, Stopping threads took: 0.0000610 seconds
2019-04-10T17:10:52.214-0600: 8047.539: Total time for which application threads were stopped: 0.0004214 seconds, Stopping threads took: 0.0000554 seconds
2019-04-10T17:11:00.219-0600: 8055.544: Total time for which application threads were stopped: 0.0004499 seconds, Stopping threads took: 0.0000617 seconds
2019-04-10T17:11:01.219-0600: 8056.544: Total time for which application threads were stopped: 0.0002437 seconds, Stopping threads took: 0.0000441 seconds
2019-04-10T17:11:22.228-0600: 8077.553: Total time for which application threads were stopped: 0.0002489 seconds, Stopping threads took: 0.0000490 seconds
2019-04-10T17:11:49.243-0600: 8104.569: Total time for which application threads were stopped: 0.0003903 seconds, Stopping threads took: 0.0000709 seconds
2019-04-10T17:12:05.250-0600: 8120.576: Total time for which application threads were stopped: 0.0002521 seconds, Stopping threads took: 0.0000339 seconds
2019-04-10T17:12:14.253-0600: 8129.578: Total time for which application threads were stopped: 0.0002398 seconds, Stopping threads took: 0.0000356 seconds
2019-04-10T17:12:22.256-0600: 8137.581: Total time for which application threads were stopped: 0.0003985 seconds, Stopping threads took: 0.0000557 seconds
2019-04-10T17:12:37.264-0600: 8152.590: Total time for which application threads were stopped: 0.0006869 seconds, Stopping threads took: 0.0000956 seconds
2019-04-10T17:12:38.265-0600: 8153.590: Total time for which application threads were stopped: 0.0001904 seconds, Stopping threads took: 0.0000293 seconds
2019-04-10T17:12:45.268-0600: 8160.594: Total time for which application threads were stopped: 0.0002528 seconds, Stopping threads took: 0.0000367 seconds
2019-04-10T17:13:07.276-0600: 8182.603: Total time for which application threads were stopped: 0.0006597 seconds, Stopping threads took: 0.0000910 seconds
2019-04-10T17:13:22.282-0600: 8197.609: Total time for which application threads were stopped: 0.0007694 seconds, Stopping threads took: 0.0000882 seconds
2019-04-10T17:14:17.306-0600: 8252.633: Total time for which application threads were stopped: 0.0003501 seconds, Stopping threads took: 0.0000532 seconds
2019-04-10T17:14:19.169-0600: 8254.495: Total time for which application threads were stopped: 0.0002736 seconds, Stopping threads took: 0.0000557 seconds
2019-04-10T17:14:19.169-0600: 8254.495: Total time for which application threads were stopped: 0.0001446 seconds, Stopping threads took: 0.0000882 seconds
2019-04-10T17:14:20.169-0600: 8255.496: Total time for which application threads were stopped: 0.0003501 seconds, Stopping threads took: 0.0000501 seconds
2019-04-10T17:14:22.170-0600: 8257.496: Total time for which application threads were stopped: 0.0002278 seconds, Stopping threads took: 0.0000303 seconds
2019-04-10T17:14:23.170-0600: 8258.496: Total time for which application threads were stopped: 0.0001929 seconds, Stopping threads took: 0.0000254 seconds
2019-04-10T17:14:25.170-0600: 8260.497: Total time for which application threads were stopped: 0.0002588 seconds, Stopping threads took: 0.0000437 seconds
2019-04-10T17:14:26.170-0600: 8261.497: Total time for which application threads were stopped: 0.0005162 seconds, Stopping threads took: 0.0000621 seconds
2019-04-10T17:14:39.176-0600: 8274.502: Total time for which application threads were stopped: 0.0002359 seconds, Stopping threads took: 0.0000331 seconds
2019-04-10T17:14:40.176-0600: 8275.503: Total time for which application threads were stopped: 0.0003463 seconds, Stopping threads took: 0.0000592 seconds
2019-04-10T17:15:23.199-0600: 8318.526: Total time for which application threads were stopped: 0.0002102 seconds, Stopping threads took: 0.0000395 seconds
2019-04-10T17:15:24.199-0600: 8319.526: Total time for which application threads were stopped: 0.0003501 seconds, Stopping threads took: 0.0000515 seconds
2019-04-10T17:15:50.211-0600: 8345.538: Total time for which application threads were stopped: 0.0005818 seconds, Stopping threads took: 0.0000945 seconds
2019-04-10T17:15:57.215-0600: 8352.542: Total time for which application threads were stopped: 0.0002951 seconds, Stopping threads took: 0.0000402 seconds
2019-04-10T17:16:23.227-0600: 8378.554: Total time for which application threads were stopped: 0.0003568 seconds, Stopping threads took: 0.0000434 seconds
2019-04-10T17:16:50.241-0600: 8405.569: Total time for which application threads were stopped: 0.0006023 seconds, Stopping threads took: 0.0000786 seconds
2019-04-10T17:16:51.242-0600: 8406.569: Total time for which application threads were stopped: 0.0002338 seconds, Stopping threads took: 0.0000388 seconds
2019-04-10T17:17:03.248-0600: 8418.576: Total time for which application threads were stopped: 0.0003702 seconds, Stopping threads took: 0.0000518 seconds
2019-04-10T17:17:22.255-0600: 8437.583: Total time for which application threads were stopped: 0.0002842 seconds, Stopping threads took: 0.0000342 seconds
2019-04-10T17:17:23.256-0600: 8438.584: Total time for which application threads were stopped: 0.0006844 seconds, Stopping threads took: 0.0000829 seconds
2019-04-10T17:17:42.263-0600: 8457.591: Total time for which application threads were stopped: 0.0003255 seconds, Stopping threads took: 0.0000543 seconds
2019-04-10T17:18:17.281-0600: 8492.609: Total time for which application threads were stopped: 0.0002564 seconds, Stopping threads took: 0.0000300 seconds
2019-04-10T17:18:23.284-0600: 8498.611: Total time for which application threads were stopped: 0.0002003 seconds, Stopping threads took: 0.0000275 seconds
2019-04-10T17:18:25.285-0600: 8500.613: Total time for which application threads were stopped: 0.0004810 seconds, Stopping threads took: 0.0000638 seconds
2019-04-10T17:18:33.290-0600: 8508.618: Total time for which application threads were stopped: 0.0002288 seconds, Stopping threads took: 0.0000264 seconds
2019-04-10T17:18:34.291-0600: 8509.619: Total time for which application threads were stopped: 0.0001982 seconds, Stopping threads took: 0.0000272 seconds
2019-04-10T17:18:39.294-0600: 8514.622: Total time for which application threads were stopped: 0.0001837 seconds, Stopping threads took: 0.0000275 seconds
2019-04-10T17:18:40.294-0600: 8515.622: Total time for which application threads were stopped: 0.0001950 seconds, Stopping threads took: 0.0000279 seconds
2019-04-10T17:18:49.300-0600: 8524.628: Total time for which application threads were stopped: 0.0001996 seconds, Stopping threads took: 0.0000286 seconds
2019-04-10T17:19:18.315-0600: 8553.643: Total time for which application threads were stopped: 0.0004806 seconds, Stopping threads took: 0.0000589 seconds
2019-04-10T17:19:19.170-0600: 8554.499: Total time for which application threads were stopped: 0.0004732 seconds, Stopping threads took: 0.0000554 seconds
2019-04-10T17:19:19.171-0600: 8554.499: Total time for which application threads were stopped: 0.0002292 seconds, Stopping threads took: 0.0000811 seconds
2019-04-10T17:19:20.172-0600: 8555.500: Total time for which application threads were stopped: 0.0003480 seconds, Stopping threads took: 0.0000473 seconds
2019-04-10T17:19:24.173-0600: 8559.501: Total time for which application threads were stopped: 0.0003212 seconds, Stopping threads took: 0.0000391 seconds
2019-04-10T17:19:25.173-0600: 8560.502: Total time for which application threads were stopped: 0.0004277 seconds, Stopping threads took: 0.0000610 seconds
2019-04-10T17:19:33.178-0600: 8568.506: Total time for which application threads were stopped: 0.0002518 seconds, Stopping threads took: 0.0000473 seconds
2019-04-10T17:19:36.180-0600: 8571.509: Total time for which application threads were stopped: 0.0005540 seconds, Stopping threads took: 0.0000769 seconds
2019-04-10T17:19:37.181-0600: 8572.509: Total time for which application threads were stopped: 0.0004242 seconds, Stopping threads took: 0.0000599 seconds
2019-04-10T17:19:50.186-0600: 8585.514: Total time for which application threads were stopped: 0.0003674 seconds, Stopping threads took: 0.0000617 seconds
2019-04-10T17:19:52.186-0600: 8587.515: Total time for which application threads were stopped: 0.0003392 seconds, Stopping threads took: 0.0000300 seconds
2019-04-10T17:20:24.202-0600: 8619.531: Total time for which application threads were stopped: 0.0001939 seconds, Stopping threads took: 0.0000268 seconds
2019-04-10T17:20:25.202-0600: 8620.531: Total time for which application threads were stopped: 0.0002757 seconds, Stopping threads took: 0.0000363 seconds
2019-04-10T17:20:57.218-0600: 8652.547: Total time for which application threads were stopped: 0.0003071 seconds, Stopping threads took: 0.0000522 seconds
2019-04-10T17:21:20.229-0600: 8675.558: Total time for which application threads were stopped: 0.0003766 seconds, Stopping threads took: 0.0000550 seconds
2019-04-10T17:22:24.260-0600: 8739.589: Total time for which application threads were stopped: 0.0002782 seconds, Stopping threads took: 0.0000353 seconds
2019-04-10T17:22:43.270-0600: 8758.600: Total time for which application threads were stopped: 0.0003438 seconds, Stopping threads took: 0.0000483 seconds
2019-04-10T17:23:04.280-0600: 8779.610: Total time for which application threads were stopped: 0.0002144 seconds, Stopping threads took: 0.0000296 seconds
2019-04-10T17:23:06.282-0600: 8781.612: Total time for which application threads were stopped: 0.0003829 seconds, Stopping threads took: 0.0000628 seconds
2019-04-10T17:23:12.285-0600: 8787.615: Total time for which application threads were stopped: 0.0002137 seconds, Stopping threads took: 0.0000317 seconds
2019-04-10T17:23:24.292-0600: 8799.621: Total time for which application threads were stopped: 0.0002913 seconds, Stopping threads took: 0.0000356 seconds
2019-04-10T17:23:32.296-0600: 8807.625: Total time for which application threads were stopped: 0.0002807 seconds, Stopping threads took: 0.0000420 seconds
2019-04-10T17:23:33.296-0600: 8808.626: Total time for which application threads were stopped: 0.0003780 seconds, Stopping threads took: 0.0000525 seconds
2019-04-10T17:23:34.296-0600: 8809.626: Total time for which application threads were stopped: 0.0002017 seconds, Stopping threads took: 0.0000286 seconds
2019-04-10T17:24:04.310-0600: 8839.640: Total time for which application threads were stopped: 0.0001961 seconds, Stopping threads took: 0.0000240 seconds
2019-04-10T17:24:16.315-0600: 8851.645: Total time for which application threads were stopped: 0.0002331 seconds, Stopping threads took: 0.0000307 seconds
2019-04-10T17:24:17.316-0600: 8852.646: Total time for which application threads were stopped: 0.0002708 seconds, Stopping threads took: 0.0000409 seconds
2019-04-10T17:24:18.316-0600: 8853.647: Total time for which application threads were stopped: 0.0004461 seconds, Stopping threads took: 0.0000783 seconds
2019-04-10T17:24:19.173-0600: 8854.503: Total time for which application threads were stopped: 0.0004182 seconds, Stopping threads took: 0.0000455 seconds
2019-04-10T17:24:19.174-0600: 8854.503: Total time for which application threads were stopped: 0.0002172 seconds, Stopping threads took: 0.0000966 seconds
2019-04-10T17:24:20.174-0600: 8855.504: Total time for which application threads were stopped: 0.0004524 seconds, Stopping threads took: 0.0000624 seconds
2019-04-10T17:24:25.177-0600: 8860.507: Total time for which application threads were stopped: 0.0002687 seconds, Stopping threads took: 0.0000353 seconds
2019-04-10T17:24:54.191-0600: 8889.521: Total time for which application threads were stopped: 0.0002514 seconds, Stopping threads took: 0.0000317 seconds
2019-04-10T17:25:16.203-0600: 8911.533: Total time for which application threads were stopped: 0.0001894 seconds, Stopping threads took: 0.0000257 seconds
2019-04-10T17:25:25.209-0600: 8920.539: Total time for which application threads were stopped: 0.0003579 seconds, Stopping threads took: 0.0000504 seconds
2019-04-10T17:25:32.213-0600: 8927.543: Total time for which application threads were stopped: 0.0003040 seconds, Stopping threads took: 0.0000434 seconds
2019-04-10T17:25:34.215-0600: 8929.545: Total time for which application threads were stopped: 0.0001950 seconds, Stopping threads took: 0.0000303 seconds
2019-04-10T17:25:40.218-0600: 8935.548: Total time for which application threads were stopped: 0.0001996 seconds, Stopping threads took: 0.0000289 seconds
2019-04-10T17:26:15.233-0600: 8970.563: Total time for which application threads were stopped: 0.0002140 seconds, Stopping threads took: 0.0000307 seconds
2019-04-10T17:26:16.234-0600: 8971.564: Total time for which application threads were stopped: 0.0002793 seconds, Stopping threads took: 0.0000370 seconds
2019-04-10T17:26:25.238-0600: 8980.569: Total time for which application threads were stopped: 0.0002303 seconds, Stopping threads took: 0.0000296 seconds
2019-04-10T17:26:36.242-0600: 8991.573: Total time for which application threads were stopped: 0.0002281 seconds, Stopping threads took: 0.0000483 seconds
2019-04-10T17:26:42.244-0600: 8997.575: Total time for which application threads were stopped: 0.0001953 seconds, Stopping threads took: 0.0000293 seconds
2019-04-10T17:26:43.245-0600: 8998.576: Total time for which application threads were stopped: 0.0003586 seconds, Stopping threads took: 0.0000522 seconds
2019-04-10T17:26:49.247-0600: 9004.578: Total time for which application threads were stopped: 0.0004337 seconds, Stopping threads took: 0.0000793 seconds
2019-04-10T17:26:51.248-0600: 9006.579: Total time for which application threads were stopped: 0.0001890 seconds, Stopping threads took: 0.0000289 seconds
2019-04-10T17:26:52.248-0600: 9007.580: Total time for which application threads were stopped: 0.0003635 seconds, Stopping threads took: 0.0000532 seconds
2019-04-10T17:27:05.254-0600: 9020.585: Total time for which application threads were stopped: 0.0004020 seconds, Stopping threads took: 0.0000624 seconds
2019-04-10T17:27:06.254-0600: 9021.585: Total time for which application threads were stopped: 0.0001978 seconds, Stopping threads took: 0.0000293 seconds
2019-04-10T17:27:12.257-0600: 9027.588: Total time for which application threads were stopped: 0.0002507 seconds, Stopping threads took: 0.0000377 seconds
2019-04-10T17:27:13.258-0600: 9028.589: Total time for which application threads were stopped: 0.0002631 seconds, Stopping threads took: 0.0000420 seconds
2019-04-10T17:27:25.264-0600: 9040.595: Total time for which application threads were stopped: 0.0002941 seconds, Stopping threads took: 0.0000381 seconds
2019-04-10T17:27:28.265-0600: 9043.596: Total time for which application threads were stopped: 0.0001961 seconds, Stopping threads took: 0.0000275 seconds
2019-04-10T17:27:49.273-0600: 9064.604: Total time for which application threads were stopped: 0.0003078 seconds, Stopping threads took: 0.0000617 seconds
2019-04-10T17:27:50.273-0600: 9065.605: Total time for which application threads were stopped: 0.0004711 seconds, Stopping threads took: 0.0000762 seconds
2019-04-10T17:28:07.281-0600: 9082.613: Total time for which application threads were stopped: 0.0006326 seconds, Stopping threads took: 0.0000867 seconds
2019-04-10T17:28:08.282-0600: 9083.613: Total time for which application threads were stopped: 0.0002028 seconds, Stopping threads took: 0.0000279 seconds
2019-04-10T17:28:19.289-0600: 9094.621: Total time for which application threads were stopped: 0.0002218 seconds, Stopping threads took: 0.0000331 seconds
2019-04-10T17:28:24.292-0600: 9099.624: Total time for which application threads were stopped: 0.0002232 seconds, Stopping threads took: 0.0000303 seconds
2019-04-10T17:28:25.293-0600: 9100.624: Total time for which application threads were stopped: 0.0002355 seconds, Stopping threads took: 0.0000310 seconds
2019-04-10T17:28:26.293-0600: 9101.624: Total time for which application threads were stopped: 0.0003833 seconds, Stopping threads took: 0.0000769 seconds
2019-04-10T17:28:52.304-0600: 9127.636: Total time for which application threads were stopped: 0.0004542 seconds, Stopping threads took: 0.0000575 seconds
2019-04-10T17:28:54.305-0600: 9129.637: Total time for which application threads were stopped: 0.0003378 seconds, Stopping threads took: 0.0000473 seconds
2019-04-10T17:28:55.306-0600: 9130.637: Total time for which application threads were stopped: 0.0005659 seconds, Stopping threads took: 0.0000804 seconds
2019-04-10T17:29:10.312-0600: 9145.644: Total time for which application threads were stopped: 0.0001999 seconds, Stopping threads took: 0.0000275 seconds
2019-04-10T17:29:11.312-0600: 9146.644: Total time for which application threads were stopped: 0.0002116 seconds, Stopping threads took: 0.0000335 seconds
2019-04-10T17:29:19.175-0600: 9154.507: Total time for which application threads were stopped: 0.0002475 seconds, Stopping threads took: 0.0000268 seconds
2019-04-10T17:29:19.175-0600: 9154.507: Total time for which application threads were stopped: 0.0001121 seconds, Stopping threads took: 0.0000339 seconds
2019-04-10T17:29:26.178-0600: 9161.510: Total time for which application threads were stopped: 0.0002451 seconds, Stopping threads took: 0.0000631 seconds
2019-04-10T17:29:50.190-0600: 9185.522: Total time for which application threads were stopped: 0.0002130 seconds, Stopping threads took: 0.0000409 seconds
2019-04-10T17:30:01.196-0600: 9196.528: Total time for which application threads were stopped: 0.0002842 seconds, Stopping threads took: 0.0000395 seconds
2019-04-10T17:30:02.196-0600: 9197.528: Total time for which application threads were stopped: 0.0002006 seconds, Stopping threads took: 0.0000286 seconds
2019-04-10T17:30:10.200-0600: 9205.532: Total time for which application threads were stopped: 0.0002641 seconds, Stopping threads took: 0.0000381 seconds
2019-04-10T17:30:22.206-0600: 9217.539: Total time for which application threads were stopped: 0.0002384 seconds, Stopping threads took: 0.0000342 seconds
2019-04-10T17:30:26.208-0600: 9221.541: Total time for which application threads were stopped: 0.0005459 seconds, Stopping threads took: 0.0000874 seconds
2019-04-10T17:30:27.209-0600: 9222.542: Total time for which application threads were stopped: 0.0002726 seconds, Stopping threads took: 0.0000413 seconds
2019-04-10T17:30:28.209-0600: 9223.542: Total time for which application threads were stopped: 0.0005201 seconds, Stopping threads took: 0.0000681 seconds
2019-04-10T17:30:34.213-0600: 9229.546: Total time for which application threads were stopped: 0.0003054 seconds, Stopping threads took: 0.0000628 seconds
2019-04-10T17:30:55.224-0600: 9250.557: Total time for which application threads were stopped: 0.0003576 seconds, Stopping threads took: 0.0000614 seconds
2019-04-10T17:31:08.232-0600: 9263.565: Total time for which application threads were stopped: 0.0003198 seconds, Stopping threads took: 0.0000346 seconds
2019-04-10T17:31:18.238-0600: 9273.571: Total time for which application threads were stopped: 0.0004506 seconds, Stopping threads took: 0.0000617 seconds
2019-04-10T17:31:24.241-0600: 9279.573: Total time for which application threads were stopped: 0.0002370 seconds, Stopping threads took: 0.0000384 seconds
2019-04-10T17:31:25.242-0600: 9280.574: Total time for which application threads were stopped: 0.0002056 seconds, Stopping threads took: 0.0000268 seconds
2019-04-10T17:31:26.242-0600: 9281.575: Total time for which application threads were stopped: 0.0002031 seconds, Stopping threads took: 0.0000275 seconds
2019-04-10T17:31:58.257-0600: 9313.591: Total time for which application threads were stopped: 0.0003033 seconds, Stopping threads took: 0.0000420 seconds
2019-04-10T17:32:06.261-0600: 9321.594: Total time for which application threads were stopped: 0.0007088 seconds, Stopping threads took: 0.0000903 seconds
2019-04-10T17:32:20.268-0600: 9335.601: Total time for which application threads were stopped: 0.0002803 seconds, Stopping threads took: 0.0000430 seconds
2019-04-10T17:32:25.271-0600: 9340.604: Total time for which application threads were stopped: 0.0002631 seconds, Stopping threads took: 0.0000360 seconds
2019-04-10T17:32:26.272-0600: 9341.605: Total time for which application threads were stopped: 0.0002260 seconds, Stopping threads took: 0.0000321 seconds
2019-04-10T17:32:27.272-0600: 9342.606: Total time for which application threads were stopped: 0.0008325 seconds, Stopping threads took: 0.0002941 seconds
2019-04-10T17:32:51.282-0600: 9366.616: Total time for which application threads were stopped: 0.0002891 seconds, Stopping threads took: 0.0000381 seconds
2019-04-10T17:32:54.284-0600: 9369.617: Total time for which application threads were stopped: 0.0005201 seconds, Stopping threads took: 0.0000867 seconds
2019-04-10T17:33:13.288-0600: 9388.621: Total time for which application threads were stopped: 0.0002726 seconds, Stopping threads took: 0.0000751 seconds
2019-04-10T17:33:14.289-0600: 9389.622: Total time for which application threads were stopped: 0.0002789 seconds, Stopping threads took: 0.0000451 seconds
2019-04-10T17:33:16.290-0600: 9391.623: Total time for which application threads were stopped: 0.0004683 seconds, Stopping threads took: 0.0000748 seconds
2019-04-10T17:33:18.291-0600: 9393.625: Total time for which application threads were stopped: 0.0004732 seconds, Stopping threads took: 0.0000624 seconds
2019-04-10T17:33:27.295-0600: 9402.628: Total time for which application threads were stopped: 0.0002035 seconds, Stopping threads took: 0.0000279 seconds
2019-04-10T17:33:43.302-0600: 9418.636: Total time for which application threads were stopped: 0.0002683 seconds, Stopping threads took: 0.0000702 seconds
2019-04-10T17:34:16.313-0600: 9451.647: Total time for which application threads were stopped: 0.0005215 seconds, Stopping threads took: 0.0000554 seconds
2019-04-10T17:34:19.176-0600: 9454.510: Total time for which application threads were stopped: 0.0004958 seconds, Stopping threads took: 0.0000698 seconds
2019-04-10T17:34:19.177-0600: 9454.511: Total time for which application threads were stopped: 0.0003064 seconds, Stopping threads took: 0.0001040 seconds
2019-04-10T17:34:20.178-0600: 9455.512: Total time for which application threads were stopped: 0.0003241 seconds, Stopping threads took: 0.0000423 seconds
2019-04-10T17:34:27.181-0600: 9462.515: Total time for which application threads were stopped: 0.0004305 seconds, Stopping threads took: 0.0000272 seconds
2019-04-10T17:34:35.185-0600: 9470.519: Total time for which application threads were stopped: 0.0003389 seconds, Stopping threads took: 0.0000501 seconds
2019-04-10T17:34:36.185-0600: 9471.519: Total time for which application threads were stopped: 0.0002602 seconds, Stopping threads took: 0.0000480 seconds
2019-04-10T17:34:40.187-0600: 9475.521: Total time for which application threads were stopped: 0.0003103 seconds, Stopping threads took: 0.0000363 seconds
2019-04-10T17:34:54.195-0600: 9489.529: Total time for which application threads were stopped: 0.0003438 seconds, Stopping threads took: 0.0000465 seconds
2019-04-10T17:34:55.196-0600: 9490.530: Total time for which application threads were stopped: 0.0002673 seconds, Stopping threads took: 0.0000536 seconds
2019-04-10T17:34:56.197-0600: 9491.531: Total time for which application threads were stopped: 0.0003819 seconds, Stopping threads took: 0.0000540 seconds
2019-04-10T17:34:58.198-0600: 9493.532: Total time for which application threads were stopped: 0.0002140 seconds, Stopping threads took: 0.0000296 seconds
2019-04-10T17:35:02.200-0600: 9497.534: Total time for which application threads were stopped: 0.0002341 seconds, Stopping threads took: 0.0000557 seconds
2019-04-10T17:35:03.200-0600: 9498.534: Total time for which application threads were stopped: 0.0002800 seconds, Stopping threads took: 0.0000342 seconds
2019-04-10T17:35:04.201-0600: 9499.535: Total time for which application threads were stopped: 0.0004457 seconds, Stopping threads took: 0.0000681 seconds
2019-04-10T17:35:23.211-0600: 9518.545: Total time for which application threads were stopped: 0.0004397 seconds, Stopping threads took: 0.0000617 seconds
2019-04-10T17:35:24.211-0600: 9519.546: Total time for which application threads were stopped: 0.0004517 seconds, Stopping threads took: 0.0000621 seconds
2019-04-10T17:35:25.211-0600: 9520.545: Total time for which application threads were stopped: 0.0002013 seconds, Stopping threads took: 0.0000264 seconds
2019-04-10T17:35:27.212-0600: 9522.547: Total time for which application threads were stopped: 0.0002225 seconds, Stopping threads took: 0.0000286 seconds
2019-04-10T17:35:28.213-0600: 9523.547: Total time for which application threads were stopped: 0.0003075 seconds, Stopping threads took: 0.0000420 seconds
2019-04-10T17:35:33.214-0600: 9528.548: Total time for which application threads were stopped: 0.0002013 seconds, Stopping threads took: 0.0000279 seconds
2019-04-10T17:35:37.214-0600: 9532.549: Total time for which application threads were stopped: 0.0002038 seconds, Stopping threads took: 0.0000268 seconds
2019-04-10T17:35:40.216-0600: 9535.550: Total time for which application threads were stopped: 0.0002126 seconds, Stopping threads took: 0.0000247 seconds
2019-04-10T17:35:41.216-0600: 9536.550: Total time for which application threads were stopped: 0.0002073 seconds, Stopping threads took: 0.0000303 seconds
2019-04-10T17:35:42.216-0600: 9537.550: Total time for which application threads were stopped: 0.0002694 seconds, Stopping threads took: 0.0000444 seconds
2019-04-10T17:35:43.216-0600: 9538.551: Total time for which application threads were stopped: 0.0004732 seconds, Stopping threads took: 0.0000733 seconds
2019-04-10T17:35:48.219-0600: 9543.554: Total time for which application threads were stopped: 0.0002243 seconds, Stopping threads took: 0.0000416 seconds
2019-04-10T17:35:55.223-0600: 9550.558: Total time for which application threads were stopped: 0.0002292 seconds, Stopping threads took: 0.0000331 seconds
2019-04-10T17:35:56.224-0600: 9551.559: Total time for which application threads were stopped: 0.0002221 seconds, Stopping threads took: 0.0000293 seconds
2019-04-10T17:36:17.235-0600: 9572.570: Total time for which application threads were stopped: 0.0002599 seconds, Stopping threads took: 0.0000388 seconds
2019-04-10T17:36:27.241-0600: 9582.576: Total time for which application threads were stopped: 0.0003452 seconds, Stopping threads took: 0.0000413 seconds
2019-04-10T17:36:28.242-0600: 9583.577: Total time for which application threads were stopped: 0.0006153 seconds, Stopping threads took: 0.0000783 seconds
2019-04-10T17:36:30.242-0600: 9585.577: Total time for which application threads were stopped: 0.0002045 seconds, Stopping threads took: 0.0000286 seconds
2019-04-10T17:36:31.242-0600: 9586.577: Total time for which application threads were stopped: 0.0004270 seconds, Stopping threads took: 0.0000592 seconds
2019-04-10T17:36:40.245-0600: 9595.580: Total time for which application threads were stopped: 0.0002514 seconds, Stopping threads took: 0.0000356 seconds
2019-04-10T17:37:24.267-0600: 9639.602: Total time for which application threads were stopped: 0.0002955 seconds, Stopping threads took: 0.0000289 seconds
2019-04-10T17:37:28.269-0600: 9643.604: Total time for which application threads were stopped: 0.0002137 seconds, Stopping threads took: 0.0000317 seconds
2019-04-10T17:38:10.289-0600: 9685.625: Total time for which application threads were stopped: 0.0006957 seconds, Stopping threads took: 0.0000896 seconds
2019-04-10T17:38:28.297-0600: 9703.633: Total time for which application threads were stopped: 0.0002020 seconds, Stopping threads took: 0.0000286 seconds
2019-04-10T17:38:29.298-0600: 9704.634: Total time for which application threads were stopped: 0.0004196 seconds, Stopping threads took: 0.0000614 seconds
2019-04-10T17:38:30.298-0600: 9705.634: Total time for which application threads were stopped: 0.0005811 seconds, Stopping threads took: 0.0000740 seconds
2019-04-10T17:38:31.299-0600: 9706.634: Total time for which application threads were stopped: 0.0001932 seconds, Stopping threads took: 0.0000268 seconds
2019-04-10T17:38:33.300-0600: 9708.635: Total time for which application threads were stopped: 0.0005712 seconds, Stopping threads took: 0.0000779 seconds
2019-04-10T17:38:56.310-0600: 9731.646: Total time for which application threads were stopped: 0.0002877 seconds, Stopping threads took: 0.0000349 seconds
2019-04-10T17:39:19.179-0600: 9754.515: Total time for which application threads were stopped: 0.0005709 seconds, Stopping threads took: 0.0000740 seconds
2019-04-10T17:39:19.180-0600: 9754.516: Total time for which application threads were stopped: 0.0003209 seconds, Stopping threads took: 0.0001566 seconds
2019-04-10T17:39:20.181-0600: 9755.516: Total time for which application threads were stopped: 0.0001886 seconds, Stopping threads took: 0.0000279 seconds
2019-04-10T17:39:21.181-0600: 9756.517: Total time for which application threads were stopped: 0.0006368 seconds, Stopping threads took: 0.0000843 seconds
2019-04-10T17:39:22.181-0600: 9757.517: Total time for which application threads were stopped: 0.0004951 seconds, Stopping threads took: 0.0000797 seconds
2019-04-10T17:39:26.183-0600: 9761.519: Total time for which application threads were stopped: 0.0002109 seconds, Stopping threads took: 0.0000473 seconds
2019-04-10T17:39:28.185-0600: 9763.521: Total time for which application threads were stopped: 0.0002842 seconds, Stopping threads took: 0.0000374 seconds
2019-04-10T17:39:58.200-0600: 9793.537: Total time for which application threads were stopped: 0.0006968 seconds, Stopping threads took: 0.0000850 seconds
2019-04-10T17:40:00.201-0600: 9795.537: Total time for which application threads were stopped: 0.0003777 seconds, Stopping threads took: 0.0000522 seconds
2019-04-10T17:40:01.201-0600: 9796.537: Total time for which application threads were stopped: 0.0002832 seconds, Stopping threads took: 0.0000469 seconds
2019-04-10T17:40:03.202-0600: 9798.538: Total time for which application threads were stopped: 0.0003177 seconds, Stopping threads took: 0.0000702 seconds
2019-04-10T17:40:04.203-0600: 9799.539: Total time for which application threads were stopped: 0.0004454 seconds, Stopping threads took: 0.0000638 seconds
2019-04-10T17:40:28.215-0600: 9823.551: Total time for which application threads were stopped: 0.0002214 seconds, Stopping threads took: 0.0000321 seconds
2019-04-10T17:40:34.218-0600: 9829.554: Total time for which application threads were stopped: 0.0002130 seconds, Stopping threads took: 0.0000413 seconds
2019-04-10T17:41:29.245-0600: 9884.581: Total time for which application threads were stopped: 0.0003040 seconds, Stopping threads took: 0.0000444 seconds
2019-04-10T17:42:16.268-0600: 9931.605: Total time for which application threads were stopped: 0.0003501 seconds, Stopping threads took: 0.0000522 seconds
2019-04-10T17:42:24.271-0600: 9939.608: Total time for which application threads were stopped: 0.0002631 seconds, Stopping threads took: 0.0000554 seconds
2019-04-10T17:42:29.273-0600: 9944.610: Total time for which application threads were stopped: 0.0003431 seconds, Stopping threads took: 0.0000480 seconds
2019-04-10T17:42:40.276-0600: 9955.613: Total time for which application threads were stopped: 0.0002147 seconds, Stopping threads took: 0.0000279 seconds
2019-04-10T17:42:49.278-0600: 9964.615: Total time for which application threads were stopped: 0.0002024 seconds, Stopping threads took: 0.0000279 seconds
2019-04-10T17:43:02.284-0600: 9977.621: Total time for which application threads were stopped: 0.0002077 seconds, Stopping threads took: 0.0000282 seconds
2019-04-10T17:43:03.285-0600: 9978.622: Total time for which application threads were stopped: 0.0003241 seconds, Stopping threads took: 0.0000420 seconds
2019-04-10T17:43:25.297-0600: 10000.634: Total time for which application threads were stopped: 0.0003022 seconds, Stopping threads took: 0.0000356 seconds
2019-04-10T17:43:26.297-0600: 10001.635: Total time for which application threads were stopped: 0.0004179 seconds, Stopping threads took: 0.0000494 seconds
2019-04-10T17:43:29.298-0600: 10004.636: Total time for which application threads were stopped: 0.0004362 seconds, Stopping threads took: 0.0000719 seconds
2019-04-10T17:43:46.306-0600: 10021.643: Total time for which application threads were stopped: 0.0002461 seconds, Stopping threads took: 0.0000416 seconds
2019-04-10T17:43:48.307-0600: 10023.644: Total time for which application threads were stopped: 0.0001823 seconds, Stopping threads took: 0.0000272 seconds
2019-04-10T17:43:55.308-0600: 10030.646: Total time for which application threads were stopped: 0.0002631 seconds, Stopping threads took: 0.0000335 seconds
2019-04-10T17:44:19.180-0600: 10054.518: Total time for which application threads were stopped: 0.0005564 seconds, Stopping threads took: 0.0000621 seconds
2019-04-10T17:44:19.181-0600: 10054.519: Total time for which application threads were stopped: 0.0002250 seconds, Stopping threads took: 0.0000554 seconds
2019-04-10T17:44:20.181-0600: 10055.519: Total time for which application threads were stopped: 0.0004154 seconds, Stopping threads took: 0.0000607 seconds
2019-04-10T17:44:21.182-0600: 10056.519: Total time for which application threads were stopped: 0.0002719 seconds, Stopping threads took: 0.0000321 seconds
2019-04-10T17:44:22.182-0600: 10057.520: Total time for which application threads were stopped: 0.0005427 seconds, Stopping threads took: 0.0000578 seconds
2019-04-10T17:44:28.185-0600: 10063.523: Total time for which application threads were stopped: 0.0002056 seconds, Stopping threads took: 0.0000275 seconds
{Heap before GC invocations=34 (full 2):
 par new generation   total 109248K, used 109248K [0x07600000, 0x0f600000, 0x0f600000)
  eden space 87424K, 100% used [0x07600000, 0x0cb60000, 0x0cb60000)
  from space 21824K, 100% used [0x0cb60000, 0x0e0b0000, 0x0e0b0000)
  to   space 21824K,   0% used [0x0e0b0000, 0x0e0b0000, 0x0f600000)
 concurrent mark-sweep generation total 393216K, used 54334K [0x0f600000, 0x27600000, 0x27600000)
 Metaspace       used 29945K, capacity 31273K, committed 31360K, reserved 32128K
2019-04-10T17:44:29.014-0600: 10064.352: [GC (Allocation Failure) 2019-04-10T17:44:29.014-0600: 10064.353: [ParNew
Desired survivor size 20112996 bytes, new threshold 8 (max 8)
- age   1:     625680 bytes,     625680 total
- age   2:       4112 bytes,     629792 total
- age   3:     424336 bytes,    1054128 total
- age   4:    5216896 bytes,    6271024 total
- age   5:      98824 bytes,    6369848 total
- age   6:      80624 bytes,    6450472 total
- age   7:     128736 bytes,    6579208 total
- age   8:     699184 bytes,    7278392 total
: 109248K->10302K(109248K), 0.0454795 secs] 163582K->73366K(502464K), 0.0456226 secs] [Times: user=0.11 sys=0.08, real=0.05 secs] 
Heap after GC invocations=35 (full 2):
 par new generation   total 109248K, used 10302K [0x07600000, 0x0f600000, 0x0f600000)
  eden space 87424K,   0% used [0x07600000, 0x07600000, 0x0cb60000)
  from space 21824K,  47% used [0x0e0b0000, 0x0eabfb80, 0x0f600000)
  to   space 21824K,   0% used [0x0cb60000, 0x0cb60000, 0x0e0b0000)
 concurrent mark-sweep generation total 393216K, used 63063K [0x0f600000, 0x27600000, 0x27600000)
 Metaspace       used 29945K, capacity 31273K, committed 31360K, reserved 32128K
}
2019-04-10T17:44:29.061-0600: 10064.398: Total time for which application threads were stopped: 0.0464146 seconds, Stopping threads took: 0.0002013 seconds
2019-04-10T17:44:30.061-0600: 10065.399: Total time for which application threads were stopped: 0.0004940 seconds, Stopping threads took: 0.0000532 seconds
2019-04-10T17:44:31.062-0600: 10066.400: Total time for which application threads were stopped: 0.0002123 seconds, Stopping threads took: 0.0000317 seconds
2019-04-10T17:44:34.064-0600: 10069.401: Total time for which application threads were stopped: 0.0002147 seconds, Stopping threads took: 0.0000300 seconds
2019-04-10T17:44:35.064-0600: 10070.401: Total time for which application threads were stopped: 0.0001936 seconds, Stopping threads took: 0.0000279 seconds
2019-04-10T17:44:40.066-0600: 10075.404: Total time for which application threads were stopped: 0.0003907 seconds, Stopping threads took: 0.0000525 seconds
2019-04-10T17:45:21.085-0600: 10116.423: Total time for which application threads were stopped: 0.0002059 seconds, Stopping threads took: 0.0000282 seconds
2019-04-10T17:45:30.091-0600: 10125.429: Total time for which application threads were stopped: 0.0002077 seconds, Stopping threads took: 0.0000398 seconds
2019-04-10T17:45:39.095-0600: 10134.433: Total time for which application threads were stopped: 0.0001844 seconds, Stopping threads took: 0.0000282 seconds
2019-04-10T17:45:40.096-0600: 10135.434: Total time for which application threads were stopped: 0.0003671 seconds, Stopping threads took: 0.0000497 seconds
2019-04-10T17:45:47.100-0600: 10142.438: Total time for which application threads were stopped: 0.0002712 seconds, Stopping threads took: 0.0000684 seconds
2019-04-10T17:45:48.100-0600: 10143.439: Total time for which application threads were stopped: 0.0002028 seconds, Stopping threads took: 0.0000293 seconds
2019-04-10T17:46:21.117-0600: 10176.456: Total time for which application threads were stopped: 0.0003695 seconds, Stopping threads took: 0.0000504 seconds
2019-04-10T17:46:23.118-0600: 10178.456: Total time for which application threads were stopped: 0.0002292 seconds, Stopping threads took: 0.0000529 seconds
2019-04-10T17:46:29.121-0600: 10184.459: Total time for which application threads were stopped: 0.0002881 seconds, Stopping threads took: 0.0000402 seconds
2019-04-10T17:46:30.122-0600: 10185.460: Total time for which application threads were stopped: 0.0005903 seconds, Stopping threads took: 0.0000825 seconds
2019-04-10T17:46:53.134-0600: 10208.473: Total time for which application threads were stopped: 0.0003392 seconds, Stopping threads took: 0.0000582 seconds
2019-04-10T17:47:03.138-0600: 10218.476: Total time for which application threads were stopped: 0.0002740 seconds, Stopping threads took: 0.0000465 seconds
2019-04-10T17:47:05.139-0600: 10220.477: Total time for which application threads were stopped: 0.0004633 seconds, Stopping threads took: 0.0000723 seconds
2019-04-10T17:47:23.146-0600: 10238.485: Total time for which application threads were stopped: 0.0001802 seconds, Stopping threads took: 0.0000268 seconds
2019-04-10T17:47:30.148-0600: 10245.487: Total time for which application threads were stopped: 0.0002158 seconds, Stopping threads took: 0.0000335 seconds
2019-04-10T17:47:41.152-0600: 10256.491: Total time for which application threads were stopped: 0.0002200 seconds, Stopping threads took: 0.0000353 seconds
2019-04-10T17:47:43.153-0600: 10258.492: Total time for which application threads were stopped: 0.0004736 seconds, Stopping threads took: 0.0000483 seconds
2019-04-10T17:47:51.158-0600: 10266.497: Total time for which application threads were stopped: 0.0002715 seconds, Stopping threads took: 0.0000349 seconds
2019-04-10T17:48:17.170-0600: 10292.510: Total time for which application threads were stopped: 0.0003537 seconds, Stopping threads took: 0.0000698 seconds
2019-04-10T17:48:29.183-0600: 10304.522: Total time for which application threads were stopped: 0.0002645 seconds, Stopping threads took: 0.0000257 seconds
2019-04-10T17:48:29.183-0600: 10304.522: Total time for which application threads were stopped: 0.0001252 seconds, Stopping threads took: 0.0000709 seconds
2019-04-10T17:48:30.183-0600: 10305.523: Total time for which application threads were stopped: 0.0002327 seconds, Stopping threads took: 0.0000307 seconds
2019-04-10T17:48:31.183-0600: 10306.523: Total time for which application threads were stopped: 0.0002366 seconds, Stopping threads took: 0.0000353 seconds
2019-04-10T17:48:35.184-0600: 10310.523: Total time for which application threads were stopped: 0.0001904 seconds, Stopping threads took: 0.0000268 seconds
2019-04-10T17:48:38.185-0600: 10313.524: Total time for which application threads were stopped: 0.0002031 seconds, Stopping threads took: 0.0000296 seconds
2019-04-10T17:49:01.196-0600: 10336.535: Total time for which application threads were stopped: 0.0002221 seconds, Stopping threads took: 0.0000286 seconds
2019-04-10T17:49:13.202-0600: 10348.541: Total time for which application threads were stopped: 0.0002920 seconds, Stopping threads took: 0.0000427 seconds
2019-04-10T17:49:14.202-0600: 10349.542: Total time for which application threads were stopped: 0.0004425 seconds, Stopping threads took: 0.0000638 seconds
2019-04-10T17:49:27.207-0600: 10362.546: Total time for which application threads were stopped: 0.0003741 seconds, Stopping threads took: 0.0000490 seconds
2019-04-10T17:49:31.209-0600: 10366.549: Total time for which application threads were stopped: 0.0004630 seconds, Stopping threads took: 0.0000723 seconds
2019-04-10T17:50:19.229-0600: 10414.569: Total time for which application threads were stopped: 0.0002493 seconds, Stopping threads took: 0.0000610 seconds
2019-04-10T17:50:31.236-0600: 10426.576: Total time for which application threads were stopped: 0.0005631 seconds, Stopping threads took: 0.0000592 seconds
2019-04-10T17:50:41.240-0600: 10436.580: Total time for which application threads were stopped: 0.0003191 seconds, Stopping threads took: 0.0000430 seconds
2019-04-10T17:50:46.243-0600: 10441.583: Total time for which application threads were stopped: 0.0002151 seconds, Stopping threads took: 0.0000314 seconds
2019-04-10T17:50:47.243-0600: 10442.583: Total time for which application threads were stopped: 0.0002743 seconds, Stopping threads took: 0.0000409 seconds
2019-04-10T17:50:59.247-0600: 10454.587: Total time for which application threads were stopped: 0.0002066 seconds, Stopping threads took: 0.0000423 seconds
2019-04-10T17:51:05.250-0600: 10460.590: Total time for which application threads were stopped: 0.0003018 seconds, Stopping threads took: 0.0000398 seconds
2019-04-10T17:51:21.256-0600: 10476.596: Total time for which application threads were stopped: 0.0003202 seconds, Stopping threads took: 0.0000402 seconds
2019-04-10T17:51:24.259-0600: 10479.600: Total time for which application threads were stopped: 0.0003882 seconds, Stopping threads took: 0.0000744 seconds
2019-04-10T17:51:31.263-0600: 10486.603: Total time for which application threads were stopped: 0.0003022 seconds, Stopping threads took: 0.0000398 seconds
2019-04-10T17:52:05.281-0600: 10520.621: Total time for which application threads were stopped: 0.0004411 seconds, Stopping threads took: 0.0000652 seconds
2019-04-10T17:52:31.292-0600: 10546.633: Total time for which application threads were stopped: 0.0002465 seconds, Stopping threads took: 0.0000437 seconds
2019-04-10T17:52:38.296-0600: 10553.637: Total time for which application threads were stopped: 0.0005966 seconds, Stopping threads took: 0.0000839 seconds
2019-04-10T17:52:39.296-0600: 10554.637: Total time for which application threads were stopped: 0.0003844 seconds, Stopping threads took: 0.0000575 seconds
2019-04-10T17:53:17.313-0600: 10592.654: Total time for which application threads were stopped: 0.0002179 seconds, Stopping threads took: 0.0000293 seconds
2019-04-10T17:53:26.317-0600: 10601.659: Total time for which application threads were stopped: 0.0002775 seconds, Stopping threads took: 0.0000402 seconds
2019-04-10T17:53:29.184-0600: 10604.526: Total time for which application threads were stopped: 0.0003248 seconds, Stopping threads took: 0.0000416 seconds
2019-04-10T17:53:29.184-0600: 10604.526: Total time for which application threads were stopped: 0.0001343 seconds, Stopping threads took: 0.0000324 seconds
2019-04-10T17:53:31.185-0600: 10606.526: Total time for which application threads were stopped: 0.0003075 seconds, Stopping threads took: 0.0000441 seconds
2019-04-10T17:53:32.185-0600: 10607.526: Total time for which application threads were stopped: 0.0002264 seconds, Stopping threads took: 0.0000275 seconds
2019-04-10T17:53:47.193-0600: 10622.534: Total time for which application threads were stopped: 0.0001999 seconds, Stopping threads took: 0.0000275 seconds
2019-04-10T17:53:48.193-0600: 10623.535: Total time for which application threads were stopped: 0.0005945 seconds, Stopping threads took: 0.0000649 seconds
2019-04-10T17:53:56.197-0600: 10631.539: Total time for which application threads were stopped: 0.0001978 seconds, Stopping threads took: 0.0000430 seconds
2019-04-10T17:53:57.198-0600: 10632.539: Total time for which application threads were stopped: 0.0002056 seconds, Stopping threads took: 0.0000300 seconds
2019-04-10T17:53:59.198-0600: 10634.540: Total time for which application threads were stopped: 0.0002274 seconds, Stopping threads took: 0.0000469 seconds
2019-04-10T17:54:07.202-0600: 10642.543: Total time for which application threads were stopped: 0.0002638 seconds, Stopping threads took: 0.0000317 seconds
2019-04-10T17:54:13.205-0600: 10648.547: Total time for which application threads were stopped: 0.0004076 seconds, Stopping threads took: 0.0000582 seconds
2019-04-10T17:54:14.206-0600: 10649.547: Total time for which application threads were stopped: 0.0002176 seconds, Stopping threads took: 0.0000367 seconds
2019-04-10T17:54:32.215-0600: 10667.556: Total time for which application threads were stopped: 0.0004471 seconds, Stopping threads took: 0.0000490 seconds
2019-04-10T17:55:03.233-0600: 10698.575: Total time for which application threads were stopped: 0.0003685 seconds, Stopping threads took: 0.0000755 seconds
2019-04-10T17:55:32.247-0600: 10727.588: Total time for which application threads were stopped: 0.0002271 seconds, Stopping threads took: 0.0000603 seconds
2019-04-10T17:56:01.259-0600: 10756.601: Total time for which application threads were stopped: 0.0002190 seconds, Stopping threads took: 0.0000275 seconds
2019-04-10T17:56:05.260-0600: 10760.602: Total time for which application threads were stopped: 0.0002035 seconds, Stopping threads took: 0.0000483 seconds
2019-04-10T17:56:30.268-0600: 10785.611: Total time for which application threads were stopped: 0.0005938 seconds, Stopping threads took: 0.0000800 seconds
2019-04-10T17:56:32.270-0600: 10787.612: Total time for which application threads were stopped: 0.0003293 seconds, Stopping threads took: 0.0000448 seconds
2019-04-10T17:56:35.272-0600: 10790.614: Total time for which application threads were stopped: 0.0002299 seconds, Stopping threads took: 0.0000501 seconds
2019-04-10T17:56:36.272-0600: 10791.614: Total time for which application threads were stopped: 0.0005067 seconds, Stopping threads took: 0.0000420 seconds
2019-04-10T17:56:41.275-0600: 10796.617: Total time for which application threads were stopped: 0.0001929 seconds, Stopping threads took: 0.0000264 seconds
2019-04-10T17:56:43.276-0600: 10798.618: Total time for which application threads were stopped: 0.0002119 seconds, Stopping threads took: 0.0000275 seconds
2019-04-10T17:56:50.280-0600: 10805.622: Total time for which application threads were stopped: 0.0003611 seconds, Stopping threads took: 0.0000645 seconds
2019-04-10T17:56:54.282-0600: 10809.624: Total time for which application threads were stopped: 0.0002775 seconds, Stopping threads took: 0.0000356 seconds
2019-04-10T17:57:07.289-0600: 10822.632: Total time for which application threads were stopped: 0.0004087 seconds, Stopping threads took: 0.0000645 seconds
2019-04-10T17:57:11.291-0600: 10826.634: Total time for which application threads were stopped: 0.0004344 seconds, Stopping threads took: 0.0000624 seconds
2019-04-10T17:57:32.302-0600: 10847.645: Total time for which application threads were stopped: 0.0001929 seconds, Stopping threads took: 0.0000279 seconds
2019-04-10T17:57:33.303-0600: 10848.646: Total time for which application threads were stopped: 0.0004069 seconds, Stopping threads took: 0.0000748 seconds
2019-04-10T17:57:35.304-0600: 10850.646: Total time for which application threads were stopped: 0.0004154 seconds, Stopping threads took: 0.0000638 seconds
2019-04-10T17:57:39.305-0600: 10854.648: Total time for which application threads were stopped: 0.0002317 seconds, Stopping threads took: 0.0000374 seconds
2019-04-10T17:57:41.306-0600: 10856.648: Total time for which application threads were stopped: 0.0002186 seconds, Stopping threads took: 0.0000321 seconds
2019-04-10T17:58:29.187-0600: 10904.530: Total time for which application threads were stopped: 0.0004947 seconds, Stopping threads took: 0.0000797 seconds
2019-04-10T17:58:29.188-0600: 10904.531: Total time for which application threads were stopped: 0.0005078 seconds, Stopping threads took: 0.0000547 seconds
2019-04-10T17:58:30.188-0600: 10905.531: Total time for which application threads were stopped: 0.0001844 seconds, Stopping threads took: 0.0000243 seconds
2019-04-10T17:58:33.190-0600: 10908.533: Total time for which application threads were stopped: 0.0005448 seconds, Stopping threads took: 0.0000719 seconds
2019-04-10T17:58:35.191-0600: 10910.534: Total time for which application threads were stopped: 0.0001865 seconds, Stopping threads took: 0.0000275 seconds
2019-04-10T17:58:49.197-0600: 10924.541: Total time for which application threads were stopped: 0.0002105 seconds, Stopping threads took: 0.0000293 seconds
2019-04-10T17:58:50.198-0600: 10925.541: Total time for which application threads were stopped: 0.0002087 seconds, Stopping threads took: 0.0000282 seconds
2019-04-10T17:59:23.214-0600: 10958.558: Total time for which application threads were stopped: 0.0005116 seconds, Stopping threads took: 0.0000681 seconds
2019-04-10T17:59:24.215-0600: 10959.558: Total time for which application threads were stopped: 0.0003360 seconds, Stopping threads took: 0.0000328 seconds
2019-04-10T17:59:25.215-0600: 10960.559: Total time for which application threads were stopped: 0.0005469 seconds, Stopping threads took: 0.0000642 seconds
2019-04-10T17:59:26.215-0600: 10961.559: Total time for which application threads were stopped: 0.0003999 seconds, Stopping threads took: 0.0000331 seconds
2019-04-10T17:59:33.219-0600: 10968.562: Total time for which application threads were stopped: 0.0002433 seconds, Stopping threads took: 0.0000289 seconds
2019-04-10T17:59:45.225-0600: 10980.569: Total time for which application threads were stopped: 0.0002662 seconds, Stopping threads took: 0.0000561 seconds
2019-04-10T17:59:55.230-0600: 10990.573: Total time for which application threads were stopped: 0.0002260 seconds, Stopping threads took: 0.0000451 seconds
2019-04-10T18:00:32.246-0600: 11027.590: Total time for which application threads were stopped: 0.0001953 seconds, Stopping threads took: 0.0000307 seconds
2019-04-10T18:00:33.246-0600: 11028.590: Total time for which application threads were stopped: 0.0002310 seconds, Stopping threads took: 0.0000342 seconds
2019-04-10T18:01:20.264-0600: 11075.608: Total time for which application threads were stopped: 0.0003752 seconds, Stopping threads took: 0.0000536 seconds
2019-04-10T18:01:23.266-0600: 11078.610: Total time for which application threads were stopped: 0.0001982 seconds, Stopping threads took: 0.0000279 seconds
2019-04-10T18:01:29.268-0600: 11084.612: Total time for which application threads were stopped: 0.0002116 seconds, Stopping threads took: 0.0000303 seconds
2019-04-10T18:01:33.271-0600: 11088.615: Total time for which application threads were stopped: 0.0002648 seconds, Stopping threads took: 0.0000335 seconds
2019-04-10T18:01:51.281-0600: 11106.625: Total time for which application threads were stopped: 0.0003554 seconds, Stopping threads took: 0.0000504 seconds
2019-04-10T18:01:53.282-0600: 11108.627: Total time for which application threads were stopped: 0.0002454 seconds, Stopping threads took: 0.0000317 seconds
2019-04-10T18:02:19.296-0600: 11134.641: Total time for which application threads were stopped: 0.0003057 seconds, Stopping threads took: 0.0000349 seconds
2019-04-10T18:02:20.297-0600: 11135.642: Total time for which application threads were stopped: 0.0002613 seconds, Stopping threads took: 0.0000384 seconds
2019-04-10T18:02:29.300-0600: 11144.645: Total time for which application threads were stopped: 0.0003854 seconds, Stopping threads took: 0.0000659 seconds
2019-04-10T18:02:33.302-0600: 11148.647: Total time for which application threads were stopped: 0.0003554 seconds, Stopping threads took: 0.0000374 seconds
2019-04-10T18:02:34.302-0600: 11149.647: Total time for which application threads were stopped: 0.0003001 seconds, Stopping threads took: 0.0000416 seconds
2019-04-10T18:02:35.302-0600: 11150.647: Total time for which application threads were stopped: 0.0002091 seconds, Stopping threads took: 0.0000268 seconds
2019-04-10T18:03:17.324-0600: 11192.669: Total time for which application threads were stopped: 0.0003135 seconds, Stopping threads took: 0.0000441 seconds
2019-04-10T18:03:20.326-0600: 11195.671: Total time for which application threads were stopped: 0.0002729 seconds, Stopping threads took: 0.0000758 seconds
2019-04-10T18:03:29.190-0600: 11204.535: Total time for which application threads were stopped: 0.0002874 seconds, Stopping threads took: 0.0000444 seconds
2019-04-10T18:03:29.190-0600: 11204.535: Total time for which application threads were stopped: 0.0001231 seconds, Stopping threads took: 0.0000261 seconds
2019-04-10T18:03:34.192-0600: 11209.537: Total time for which application threads were stopped: 0.0003487 seconds, Stopping threads took: 0.0000367 seconds
2019-04-10T18:03:43.196-0600: 11218.541: Total time for which application threads were stopped: 0.0002754 seconds, Stopping threads took: 0.0000349 seconds
2019-04-10T18:04:22.211-0600: 11257.557: Total time for which application threads were stopped: 0.0005987 seconds, Stopping threads took: 0.0000755 seconds
2019-04-10T18:04:34.217-0600: 11269.563: Total time for which application threads were stopped: 0.0004926 seconds, Stopping threads took: 0.0000642 seconds
2019-04-10T18:04:47.225-0600: 11282.570: Total time for which application threads were stopped: 0.0002853 seconds, Stopping threads took: 0.0000427 seconds
2019-04-10T18:04:50.225-0600: 11285.571: Total time for which application threads were stopped: 0.0004961 seconds, Stopping threads took: 0.0000638 seconds
2019-04-10T18:05:14.236-0600: 11309.581: Total time for which application threads were stopped: 0.0002172 seconds, Stopping threads took: 0.0000427 seconds
2019-04-10T18:05:15.236-0600: 11310.582: Total time for which application threads were stopped: 0.0003015 seconds, Stopping threads took: 0.0000423 seconds
2019-04-10T18:05:20.239-0600: 11315.585: Total time for which application threads were stopped: 0.0003357 seconds, Stopping threads took: 0.0000300 seconds
2019-04-10T18:05:34.246-0600: 11329.591: Total time for which application threads were stopped: 0.0002197 seconds, Stopping threads took: 0.0000272 seconds
2019-04-10T18:06:34.274-0600: 11389.620: Total time for which application threads were stopped: 0.0002281 seconds, Stopping threads took: 0.0000303 seconds
2019-04-10T18:06:35.275-0600: 11390.621: Total time for which application threads were stopped: 0.0003138 seconds, Stopping threads took: 0.0000561 seconds
2019-04-10T18:06:43.277-0600: 11398.624: Total time for which application threads were stopped: 0.0003614 seconds, Stopping threads took: 0.0000370 seconds
2019-04-10T18:06:49.280-0600: 11404.626: Total time for which application threads were stopped: 0.0002035 seconds, Stopping threads took: 0.0000279 seconds
2019-04-10T18:06:50.280-0600: 11405.626: Total time for which application threads were stopped: 0.0001812 seconds, Stopping threads took: 0.0000272 seconds
2019-04-10T18:06:54.281-0600: 11409.628: Total time for which application threads were stopped: 0.0002997 seconds, Stopping threads took: 0.0000621 seconds
2019-04-10T18:06:55.282-0600: 11410.628: Total time for which application threads were stopped: 0.0002109 seconds, Stopping threads took: 0.0000504 seconds
2019-04-10T18:07:12.290-0600: 11427.637: Total time for which application threads were stopped: 0.0002560 seconds, Stopping threads took: 0.0000349 seconds
2019-04-10T18:07:34.300-0600: 11449.647: Total time for which application threads were stopped: 0.0002493 seconds, Stopping threads took: 0.0000293 seconds
2019-04-10T18:08:04.313-0600: 11479.660: Total time for which application threads were stopped: 0.0003819 seconds, Stopping threads took: 0.0000497 seconds
2019-04-10T18:08:05.314-0600: 11480.660: Total time for which application threads were stopped: 0.0004376 seconds, Stopping threads took: 0.0000614 seconds
2019-04-10T18:08:06.314-0600: 11481.660: Total time for which application threads were stopped: 0.0001841 seconds, Stopping threads took: 0.0000257 seconds
2019-04-10T18:08:07.314-0600: 11482.661: Total time for which application threads were stopped: 0.0004436 seconds, Stopping threads took: 0.0000797 seconds
2019-04-10T18:08:08.315-0600: 11483.662: Total time for which application threads were stopped: 0.0005956 seconds, Stopping threads took: 0.0000758 seconds
2019-04-10T18:08:29.191-0600: 11504.539: Total time for which application threads were stopped: 0.0002190 seconds, Stopping threads took: 0.0000293 seconds
2019-04-10T18:08:29.191-0600: 11504.539: Total time for which application threads were stopped: 0.0000864 seconds, Stopping threads took: 0.0000233 seconds
2019-04-10T18:08:35.195-0600: 11510.541: Total time for which application threads were stopped: 0.0002098 seconds, Stopping threads took: 0.0000275 seconds
2019-04-10T18:09:06.211-0600: 11541.558: Total time for which application threads were stopped: 0.0003445 seconds, Stopping threads took: 0.0000733 seconds
2019-04-10T18:09:07.212-0600: 11542.558: Total time for which application threads were stopped: 0.0002140 seconds, Stopping threads took: 0.0000331 seconds
2019-04-10T18:09:08.212-0600: 11543.559: Total time for which application threads were stopped: 0.0003011 seconds, Stopping threads took: 0.0000469 seconds
2019-04-10T18:09:18.218-0600: 11553.566: Total time for which application threads were stopped: 0.0006816 seconds, Stopping threads took: 0.0000356 seconds
2019-04-10T18:09:35.225-0600: 11570.573: Total time for which application threads were stopped: 0.0001939 seconds, Stopping threads took: 0.0000275 seconds
2019-04-10T18:09:44.230-0600: 11579.578: Total time for which application threads were stopped: 0.0002154 seconds, Stopping threads took: 0.0000296 seconds
2019-04-10T18:10:00.238-0600: 11595.585: Total time for which application threads were stopped: 0.0003706 seconds, Stopping threads took: 0.0000480 seconds
2019-04-10T18:10:01.238-0600: 11596.585: Total time for which application threads were stopped: 0.0002683 seconds, Stopping threads took: 0.0000360 seconds
2019-04-10T18:10:02.238-0600: 11597.586: Total time for which application threads were stopped: 0.0004679 seconds, Stopping threads took: 0.0000624 seconds
2019-04-10T18:10:05.240-0600: 11600.588: Total time for which application threads were stopped: 0.0005402 seconds, Stopping threads took: 0.0000783 seconds
2019-04-10T18:10:35.255-0600: 11630.603: Total time for which application threads were stopped: 0.0002338 seconds, Stopping threads took: 0.0000557 seconds
2019-04-10T18:10:46.260-0600: 11641.608: Total time for which application threads were stopped: 0.0006633 seconds, Stopping threads took: 0.0000931 seconds
2019-04-10T18:10:47.260-0600: 11642.608: Total time for which application threads were stopped: 0.0002183 seconds, Stopping threads took: 0.0000289 seconds
2019-04-10T18:10:49.260-0600: 11644.608: Total time for which application threads were stopped: 0.0003600 seconds, Stopping threads took: 0.0000628 seconds
2019-04-10T18:10:50.261-0600: 11645.609: Total time for which application threads were stopped: 0.0004838 seconds, Stopping threads took: 0.0000786 seconds
2019-04-10T18:11:05.268-0600: 11660.616: Total time for which application threads were stopped: 0.0001865 seconds, Stopping threads took: 0.0000257 seconds
2019-04-10T18:11:35.285-0600: 11690.633: Total time for which application threads were stopped: 0.0002017 seconds, Stopping threads took: 0.0000268 seconds
2019-04-10T18:11:42.288-0600: 11697.636: Total time for which application threads were stopped: 0.0002035 seconds, Stopping threads took: 0.0000398 seconds
2019-04-10T18:11:49.290-0600: 11704.638: Total time for which application threads were stopped: 0.0002451 seconds, Stopping threads took: 0.0000416 seconds
2019-04-10T18:11:50.290-0600: 11705.638: Total time for which application threads were stopped: 0.0002253 seconds, Stopping threads took: 0.0000307 seconds
2019-04-10T18:11:53.290-0600: 11708.639: Total time for which application threads were stopped: 0.0003466 seconds, Stopping threads took: 0.0000508 seconds
2019-04-10T18:11:54.291-0600: 11709.639: Total time for which application threads were stopped: 0.0002631 seconds, Stopping threads took: 0.0000370 seconds
2019-04-10T18:11:56.292-0600: 11711.640: Total time for which application threads were stopped: 0.0001978 seconds, Stopping threads took: 0.0000268 seconds
2019-04-10T18:12:04.296-0600: 11719.644: Total time for which application threads were stopped: 0.0002288 seconds, Stopping threads took: 0.0000476 seconds
2019-04-10T18:12:06.298-0600: 11721.646: Total time for which application threads were stopped: 0.0002899 seconds, Stopping threads took: 0.0000388 seconds
2019-04-10T18:12:08.299-0600: 11723.647: Total time for which application threads were stopped: 0.0002285 seconds, Stopping threads took: 0.0000480 seconds
2019-04-10T18:12:32.311-0600: 11747.660: Total time for which application threads were stopped: 0.0002010 seconds, Stopping threads took: 0.0000272 seconds
2019-04-10T18:12:34.313-0600: 11749.661: Total time for which application threads were stopped: 0.0002451 seconds, Stopping threads took: 0.0000444 seconds
2019-04-10T18:12:36.314-0600: 11751.663: Total time for which application threads were stopped: 0.0002973 seconds, Stopping threads took: 0.0000282 seconds
2019-04-10T18:12:48.321-0600: 11763.669: Total time for which application threads were stopped: 0.0002782 seconds, Stopping threads took: 0.0000582 seconds
2019-04-10T18:12:50.321-0600: 11765.670: Total time for which application threads were stopped: 0.0003159 seconds, Stopping threads took: 0.0000374 seconds
2019-04-10T18:12:52.322-0600: 11767.670: Total time for which application threads were stopped: 0.0002133 seconds, Stopping threads took: 0.0000289 seconds
2019-04-10T18:12:53.322-0600: 11768.670: Total time for which application threads were stopped: 0.0002236 seconds, Stopping threads took: 0.0000360 seconds
2019-04-10T18:12:54.322-0600: 11769.670: Total time for which application threads were stopped: 0.0001978 seconds, Stopping threads took: 0.0000289 seconds
2019-04-10T18:13:24.337-0600: 11799.686: Total time for which application threads were stopped: 0.0002556 seconds, Stopping threads took: 0.0000282 seconds
2019-04-10T18:13:26.338-0600: 11801.686: Total time for which application threads were stopped: 0.0006696 seconds, Stopping threads took: 0.0000811 seconds
2019-04-10T18:13:29.192-0600: 11804.541: Total time for which application threads were stopped: 0.0002246 seconds, Stopping threads took: 0.0000321 seconds
2019-04-10T18:13:29.192-0600: 11804.541: Total time for which application threads were stopped: 0.0000709 seconds, Stopping threads took: 0.0000162 seconds
2019-04-10T18:13:30.193-0600: 11805.541: Total time for which application threads were stopped: 0.0002035 seconds, Stopping threads took: 0.0000317 seconds
2019-04-10T18:13:36.195-0600: 11811.544: Total time for which application threads were stopped: 0.0004792 seconds, Stopping threads took: 0.0000804 seconds
2019-04-10T18:13:38.196-0600: 11813.545: Total time for which application threads were stopped: 0.0002359 seconds, Stopping threads took: 0.0000296 seconds
2019-04-10T18:15:11.241-0600: 11906.590: Total time for which application threads were stopped: 0.0003166 seconds, Stopping threads took: 0.0000437 seconds
2019-04-10T18:15:24.246-0600: 11919.596: Total time for which application threads were stopped: 0.0002116 seconds, Stopping threads took: 0.0000413 seconds
2019-04-10T18:15:27.249-0600: 11922.598: Total time for which application threads were stopped: 0.0003135 seconds, Stopping threads took: 0.0000430 seconds
2019-04-10T18:15:28.249-0600: 11923.599: Total time for which application threads were stopped: 0.0003191 seconds, Stopping threads took: 0.0000684 seconds
2019-04-10T18:15:36.254-0600: 11931.604: Total time for which application threads were stopped: 0.0004827 seconds, Stopping threads took: 0.0000561 seconds
2019-04-10T18:15:38.255-0600: 11933.604: Total time for which application threads were stopped: 0.0002144 seconds, Stopping threads took: 0.0000409 seconds
2019-04-10T18:15:45.257-0600: 11940.607: Total time for which application threads were stopped: 0.0006463 seconds, Stopping threads took: 0.0000758 seconds
2019-04-10T18:15:46.258-0600: 11941.608: Total time for which application threads were stopped: 0.0003879 seconds, Stopping threads took: 0.0000532 seconds
2019-04-10T18:15:47.259-0600: 11942.609: Total time for which application threads were stopped: 0.0002532 seconds, Stopping threads took: 0.0000360 seconds
2019-04-10T18:15:48.260-0600: 11943.609: Total time for which application threads were stopped: 0.0001971 seconds, Stopping threads took: 0.0000289 seconds
2019-04-10T18:15:50.261-0600: 11945.610: Total time for which application threads were stopped: 0.0003438 seconds, Stopping threads took: 0.0000617 seconds
2019-04-10T18:15:52.262-0600: 11947.612: Total time for which application threads were stopped: 0.0004718 seconds, Stopping threads took: 0.0000592 seconds
2019-04-10T18:16:00.266-0600: 11955.616: Total time for which application threads were stopped: 0.0002179 seconds, Stopping threads took: 0.0000293 seconds
2019-04-10T18:16:18.277-0600: 11973.627: Total time for which application threads were stopped: 0.0002923 seconds, Stopping threads took: 0.0000395 seconds
2019-04-10T18:16:19.278-0600: 11974.628: Total time for which application threads were stopped: 0.0005339 seconds, Stopping threads took: 0.0000949 seconds
2019-04-10T18:16:20.278-0600: 11975.628: Total time for which application threads were stopped: 0.0002408 seconds, Stopping threads took: 0.0000374 seconds
2019-04-10T18:16:24.281-0600: 11979.631: Total time for which application threads were stopped: 0.0002010 seconds, Stopping threads took: 0.0000307 seconds
2019-04-10T18:16:25.281-0600: 11980.631: Total time for which application threads were stopped: 0.0003911 seconds, Stopping threads took: 0.0000430 seconds
2019-04-10T18:16:36.286-0600: 11991.636: Total time for which application threads were stopped: 0.0002317 seconds, Stopping threads took: 0.0000328 seconds
2019-04-10T18:16:37.286-0600: 11992.636: Total time for which application threads were stopped: 0.0006072 seconds, Stopping threads took: 0.0000786 seconds
2019-04-10T18:16:55.294-0600: 12010.645: Total time for which application threads were stopped: 0.0003025 seconds, Stopping threads took: 0.0000465 seconds
2019-04-10T18:17:02.296-0600: 12017.646: Total time for which application threads were stopped: 0.0002634 seconds, Stopping threads took: 0.0000261 seconds
2019-04-10T18:17:06.296-0600: 12021.646: Total time for which application threads were stopped: 0.0002035 seconds, Stopping threads took: 0.0000282 seconds
2019-04-10T18:17:08.297-0600: 12023.647: Total time for which application threads were stopped: 0.0002056 seconds, Stopping threads took: 0.0000307 seconds
2019-04-10T18:17:16.301-0600: 12031.652: Total time for which application threads were stopped: 0.0005032 seconds, Stopping threads took: 0.0000695 seconds
2019-04-10T18:17:25.306-0600: 12040.657: Total time for which application threads were stopped: 0.0002465 seconds, Stopping threads took: 0.0000335 seconds
2019-04-10T18:17:26.307-0600: 12041.657: Total time for which application threads were stopped: 0.0003382 seconds, Stopping threads took: 0.0000353 seconds
2019-04-10T18:17:37.312-0600: 12052.663: Total time for which application threads were stopped: 0.0002010 seconds, Stopping threads took: 0.0000264 seconds
2019-04-10T18:18:02.325-0600: 12077.676: Total time for which application threads were stopped: 0.0004535 seconds, Stopping threads took: 0.0000652 seconds
2019-04-10T18:18:08.328-0600: 12083.678: Total time for which application threads were stopped: 0.0002031 seconds, Stopping threads took: 0.0000268 seconds
2019-04-10T18:18:29.193-0600: 12104.544: Total time for which application threads were stopped: 0.0006661 seconds, Stopping threads took: 0.0000518 seconds
2019-04-10T18:18:29.193-0600: 12104.544: Total time for which application threads were stopped: 0.0001442 seconds, Stopping threads took: 0.0000458 seconds
2019-04-10T18:18:30.194-0600: 12105.545: Total time for which application threads were stopped: 0.0002013 seconds, Stopping threads took: 0.0000279 seconds
2019-04-10T18:18:37.198-0600: 12112.548: Total time for which application threads were stopped: 0.0003353 seconds, Stopping threads took: 0.0000779 seconds
2019-04-10T18:18:38.199-0600: 12113.550: Total time for which application threads were stopped: 0.0005776 seconds, Stopping threads took: 0.0000952 seconds
2019-04-10T18:18:55.208-0600: 12130.558: Total time for which application threads were stopped: 0.0002401 seconds, Stopping threads took: 0.0000307 seconds
2019-04-10T18:19:26.225-0600: 12161.576: Total time for which application threads were stopped: 0.0002916 seconds, Stopping threads took: 0.0000416 seconds
2019-04-10T18:19:27.226-0600: 12162.577: Total time for which application threads were stopped: 0.0003893 seconds, Stopping threads took: 0.0000511 seconds
2019-04-10T18:19:28.226-0600: 12163.577: Total time for which application threads were stopped: 0.0002031 seconds, Stopping threads took: 0.0000331 seconds
2019-04-10T18:19:29.227-0600: 12164.578: Total time for which application threads were stopped: 0.0002680 seconds, Stopping threads took: 0.0000374 seconds
2019-04-10T18:19:32.229-0600: 12167.580: Total time for which application threads were stopped: 0.0004887 seconds, Stopping threads took: 0.0000437 seconds
2019-04-10T18:19:36.232-0600: 12171.583: Total time for which application threads were stopped: 0.0003484 seconds, Stopping threads took: 0.0000286 seconds
2019-04-10T18:19:37.233-0600: 12172.584: Total time for which application threads were stopped: 0.0003417 seconds, Stopping threads took: 0.0000423 seconds
2019-04-10T18:19:38.233-0600: 12173.585: Total time for which application threads were stopped: 0.0004655 seconds, Stopping threads took: 0.0000769 seconds
2019-04-10T18:19:44.235-0600: 12179.587: Total time for which application threads were stopped: 0.0003410 seconds, Stopping threads took: 0.0000356 seconds
2019-04-10T18:19:45.236-0600: 12180.587: Total time for which application threads were stopped: 0.0001929 seconds, Stopping threads took: 0.0000275 seconds
2019-04-10T18:19:46.236-0600: 12181.588: Total time for which application threads were stopped: 0.0004119 seconds, Stopping threads took: 0.0000550 seconds
2019-04-10T18:19:47.237-0600: 12182.588: Total time for which application threads were stopped: 0.0004288 seconds, Stopping threads took: 0.0000744 seconds
2019-04-10T18:19:51.240-0600: 12186.591: Total time for which application threads were stopped: 0.0001812 seconds, Stopping threads took: 0.0000268 seconds
2019-04-10T18:19:58.243-0600: 12193.594: Total time for which application threads were stopped: 0.0005035 seconds, Stopping threads took: 0.0000575 seconds
2019-04-10T18:20:03.244-0600: 12198.596: Total time for which application threads were stopped: 0.0002288 seconds, Stopping threads took: 0.0000335 seconds
2019-04-10T18:20:20.251-0600: 12215.602: Total time for which application threads were stopped: 0.0002045 seconds, Stopping threads took: 0.0000289 seconds
2019-04-10T18:20:37.259-0600: 12232.610: Total time for which application threads were stopped: 0.0003491 seconds, Stopping threads took: 0.0000384 seconds
2019-04-10T18:20:38.259-0600: 12233.611: Total time for which application threads were stopped: 0.0002500 seconds, Stopping threads took: 0.0000264 seconds
2019-04-10T18:20:40.260-0600: 12235.612: Total time for which application threads were stopped: 0.0003159 seconds, Stopping threads took: 0.0000409 seconds
2019-04-10T18:20:41.261-0600: 12236.613: Total time for which application threads were stopped: 0.0005088 seconds, Stopping threads took: 0.0000740 seconds
2019-04-10T18:20:46.264-0600: 12241.615: Total time for which application threads were stopped: 0.0002807 seconds, Stopping threads took: 0.0000363 seconds
2019-04-10T18:20:47.264-0600: 12242.616: Total time for which application threads were stopped: 0.0002091 seconds, Stopping threads took: 0.0000293 seconds
2019-04-10T18:21:14.279-0600: 12269.631: Total time for which application threads were stopped: 0.0004454 seconds, Stopping threads took: 0.0000645 seconds
2019-04-10T18:21:38.290-0600: 12293.642: Total time for which application threads were stopped: 0.0005152 seconds, Stopping threads took: 0.0000783 seconds
2019-04-10T18:21:48.296-0600: 12303.648: Total time for which application threads were stopped: 0.0003452 seconds, Stopping threads took: 0.0000730 seconds
2019-04-10T18:21:49.296-0600: 12304.648: Total time for which application threads were stopped: 0.0002860 seconds, Stopping threads took: 0.0000515 seconds
2019-04-10T18:21:50.297-0600: 12305.649: Total time for which application threads were stopped: 0.0002556 seconds, Stopping threads took: 0.0000324 seconds
2019-04-10T18:22:10.306-0600: 12325.658: Total time for which application threads were stopped: 0.0002264 seconds, Stopping threads took: 0.0000314 seconds
2019-04-10T18:22:11.307-0600: 12326.659: Total time for which application threads were stopped: 0.0002214 seconds, Stopping threads took: 0.0000272 seconds
2019-04-10T18:22:30.316-0600: 12345.668: Total time for which application threads were stopped: 0.0002567 seconds, Stopping threads took: 0.0000331 seconds
2019-04-10T18:22:32.317-0600: 12347.669: Total time for which application threads were stopped: 0.0003283 seconds, Stopping threads took: 0.0000494 seconds
2019-04-10T18:22:38.320-0600: 12353.673: Total time for which application threads were stopped: 0.0003223 seconds, Stopping threads took: 0.0000659 seconds
2019-04-10T18:22:40.320-0600: 12355.673: Total time for which application threads were stopped: 0.0002028 seconds, Stopping threads took: 0.0000257 seconds
2019-04-10T18:22:45.322-0600: 12360.674: Total time for which application threads were stopped: 0.0002913 seconds, Stopping threads took: 0.0000712 seconds
2019-04-10T18:22:46.322-0600: 12361.675: Total time for which application threads were stopped: 0.0002095 seconds, Stopping threads took: 0.0000289 seconds
2019-04-10T18:23:18.336-0600: 12393.688: Total time for which application threads were stopped: 0.0003893 seconds, Stopping threads took: 0.0000751 seconds
2019-04-10T18:23:19.336-0600: 12394.688: Total time for which application threads were stopped: 0.0003181 seconds, Stopping threads took: 0.0000476 seconds
2019-04-10T18:23:22.337-0600: 12397.690: Total time for which application threads were stopped: 0.0002246 seconds, Stopping threads took: 0.0000356 seconds
2019-04-10T18:23:23.338-0600: 12398.690: Total time for which application threads were stopped: 0.0002243 seconds, Stopping threads took: 0.0000494 seconds
2019-04-10T18:23:24.338-0600: 12399.691: Total time for which application threads were stopped: 0.0005409 seconds, Stopping threads took: 0.0000740 seconds
2019-04-10T18:23:29.194-0600: 12404.547: Total time for which application threads were stopped: 0.0004055 seconds, Stopping threads took: 0.0000275 seconds
2019-04-10T18:23:29.195-0600: 12404.548: Total time for which application threads were stopped: 0.0000673 seconds, Stopping threads took: 0.0000145 seconds
2019-04-10T18:23:38.200-0600: 12413.552: Total time for which application threads were stopped: 0.0002183 seconds, Stopping threads took: 0.0000413 seconds
2019-04-10T18:23:43.202-0600: 12418.555: Total time for which application threads were stopped: 0.0002528 seconds, Stopping threads took: 0.0000268 seconds
2019-04-10T18:23:44.202-0600: 12419.555: Total time for which application threads were stopped: 0.0003040 seconds, Stopping threads took: 0.0000420 seconds
2019-04-10T18:23:50.204-0600: 12425.557: Total time for which application threads were stopped: 0.0002821 seconds, Stopping threads took: 0.0000592 seconds
2019-04-10T18:23:51.205-0600: 12426.558: Total time for which application threads were stopped: 0.0004764 seconds, Stopping threads took: 0.0000670 seconds
2019-04-10T18:23:52.205-0600: 12427.558: Total time for which application threads were stopped: 0.0001865 seconds, Stopping threads took: 0.0000282 seconds
2019-04-10T18:24:19.219-0600: 12454.572: Total time for which application threads were stopped: 0.0002102 seconds, Stopping threads took: 0.0000293 seconds
2019-04-10T18:24:22.221-0600: 12457.574: Total time for which application threads were stopped: 0.0002116 seconds, Stopping threads took: 0.0000300 seconds
2019-04-10T18:24:35.228-0600: 12470.581: Total time for which application threads were stopped: 0.0003590 seconds, Stopping threads took: 0.0000532 seconds
2019-04-10T18:24:36.228-0600: 12471.581: Total time for which application threads were stopped: 0.0001964 seconds, Stopping threads took: 0.0000279 seconds
2019-04-10T18:24:38.229-0600: 12473.582: Total time for which application threads were stopped: 0.0002698 seconds, Stopping threads took: 0.0000339 seconds
2019-04-10T18:25:06.246-0600: 12501.600: Total time for which application threads were stopped: 0.0003494 seconds, Stopping threads took: 0.0000504 seconds
2019-04-10T18:25:38.258-0600: 12533.612: Total time for which application threads were stopped: 0.0002567 seconds, Stopping threads took: 0.0000346 seconds
2019-04-10T18:25:39.258-0600: 12534.612: Total time for which application threads were stopped: 0.0002288 seconds, Stopping threads took: 0.0000296 seconds
2019-04-10T18:26:26.278-0600: 12581.632: Total time for which application threads were stopped: 0.0004859 seconds, Stopping threads took: 0.0000751 seconds
2019-04-10T18:26:27.279-0600: 12582.633: Total time for which application threads were stopped: 0.0004193 seconds, Stopping threads took: 0.0000564 seconds
2019-04-10T18:26:32.281-0600: 12587.634: Total time for which application threads were stopped: 0.0005363 seconds, Stopping threads took: 0.0000702 seconds
2019-04-10T18:26:38.283-0600: 12593.636: Total time for which application threads were stopped: 0.0001834 seconds, Stopping threads took: 0.0000272 seconds
2019-04-10T18:26:39.284-0600: 12594.637: Total time for which application threads were stopped: 0.0005381 seconds, Stopping threads took: 0.0000762 seconds
2019-04-10T18:26:43.285-0600: 12598.639: Total time for which application threads were stopped: 0.0002038 seconds, Stopping threads took: 0.0000303 seconds
2019-04-10T18:27:16.300-0600: 12631.654: Total time for which application threads were stopped: 0.0003008 seconds, Stopping threads took: 0.0000695 seconds
2019-04-10T18:27:18.301-0600: 12633.655: Total time for which application threads were stopped: 0.0003332 seconds, Stopping threads took: 0.0000596 seconds
2019-04-10T18:27:39.311-0600: 12654.665: Total time for which application threads were stopped: 0.0003216 seconds, Stopping threads took: 0.0000783 seconds
2019-04-10T18:27:44.313-0600: 12659.667: Total time for which application threads were stopped: 0.0002973 seconds, Stopping threads took: 0.0000490 seconds
2019-04-10T18:27:45.313-0600: 12660.668: Total time for which application threads were stopped: 0.0003237 seconds, Stopping threads took: 0.0000476 seconds
2019-04-10T18:27:46.314-0600: 12661.668: Total time for which application threads were stopped: 0.0003829 seconds, Stopping threads took: 0.0000536 seconds
2019-04-10T18:27:54.317-0600: 12669.672: Total time for which application threads were stopped: 0.0004468 seconds, Stopping threads took: 0.0000649 seconds
2019-04-10T18:27:55.318-0600: 12670.672: Total time for which application threads were stopped: 0.0004640 seconds, Stopping threads took: 0.0000621 seconds
2019-04-10T18:27:59.320-0600: 12674.674: Total time for which application threads were stopped: 0.0002881 seconds, Stopping threads took: 0.0000444 seconds
2019-04-10T18:28:00.321-0600: 12675.675: Total time for which application threads were stopped: 0.0002659 seconds, Stopping threads took: 0.0000557 seconds
2019-04-10T18:28:04.322-0600: 12679.677: Total time for which application threads were stopped: 0.0002207 seconds, Stopping threads took: 0.0000286 seconds
2019-04-10T18:28:05.323-0600: 12680.677: Total time for which application threads were stopped: 0.0004231 seconds, Stopping threads took: 0.0000758 seconds
2019-04-10T18:28:20.329-0600: 12695.684: Total time for which application threads were stopped: 0.0003403 seconds, Stopping threads took: 0.0000423 seconds
2019-04-10T18:28:22.331-0600: 12697.686: Total time for which application threads were stopped: 0.0005751 seconds, Stopping threads took: 0.0000716 seconds
2019-04-10T18:28:29.195-0600: 12704.550: Total time for which application threads were stopped: 0.0005797 seconds, Stopping threads took: 0.0000737 seconds
2019-04-10T18:28:29.196-0600: 12704.551: Total time for which application threads were stopped: 0.0004344 seconds, Stopping threads took: 0.0002595 seconds
2019-04-10T18:28:30.197-0600: 12705.551: Total time for which application threads were stopped: 0.0003695 seconds, Stopping threads took: 0.0000476 seconds
2019-04-10T18:28:39.201-0600: 12714.556: Total time for which application threads were stopped: 0.0002059 seconds, Stopping threads took: 0.0000279 seconds
2019-04-10T18:28:50.205-0600: 12725.559: Total time for which application threads were stopped: 0.0003318 seconds, Stopping threads took: 0.0000582 seconds
2019-04-10T18:28:51.205-0600: 12726.559: Total time for which application threads were stopped: 0.0001999 seconds, Stopping threads took: 0.0000264 seconds
2019-04-10T18:29:12.214-0600: 12747.569: Total time for which application threads were stopped: 0.0003138 seconds, Stopping threads took: 0.0000628 seconds
2019-04-10T18:29:13.215-0600: 12748.569: Total time for which application threads were stopped: 0.0002070 seconds, Stopping threads took: 0.0000353 seconds
2019-04-10T18:29:14.215-0600: 12749.570: Total time for which application threads were stopped: 0.0005215 seconds, Stopping threads took: 0.0000716 seconds
2019-04-10T18:29:22.219-0600: 12757.574: Total time for which application threads were stopped: 0.0001911 seconds, Stopping threads took: 0.0000247 seconds
2019-04-10T18:29:23.220-0600: 12758.575: Total time for which application threads were stopped: 0.0002059 seconds, Stopping threads took: 0.0000286 seconds
2019-04-10T18:29:24.220-0600: 12759.575: Total time for which application threads were stopped: 0.0001897 seconds, Stopping threads took: 0.0000240 seconds
2019-04-10T18:29:39.226-0600: 12774.581: Total time for which application threads were stopped: 0.0002500 seconds, Stopping threads took: 0.0000409 seconds
2019-04-10T18:29:40.227-0600: 12775.582: Total time for which application threads were stopped: 0.0005896 seconds, Stopping threads took: 0.0000797 seconds
2019-04-10T18:29:46.229-0600: 12781.584: Total time for which application threads were stopped: 0.0002140 seconds, Stopping threads took: 0.0000282 seconds
2019-04-10T18:29:51.231-0600: 12786.586: Total time for which application threads were stopped: 0.0003043 seconds, Stopping threads took: 0.0000310 seconds
2019-04-10T18:30:16.238-0600: 12811.594: Total time for which application threads were stopped: 0.0004517 seconds, Stopping threads took: 0.0000695 seconds
2019-04-10T18:30:29.244-0600: 12824.599: Total time for which application threads were stopped: 0.0002246 seconds, Stopping threads took: 0.0000331 seconds
2019-04-10T18:30:40.249-0600: 12835.605: Total time for which application threads were stopped: 0.0003047 seconds, Stopping threads took: 0.0000525 seconds
2019-04-10T18:30:43.251-0600: 12838.607: Total time for which application threads were stopped: 0.0004305 seconds, Stopping threads took: 0.0000702 seconds
2019-04-10T18:30:44.252-0600: 12839.607: Total time for which application threads were stopped: 0.0003339 seconds, Stopping threads took: 0.0000501 seconds
2019-04-10T18:31:00.257-0600: 12855.612: Total time for which application threads were stopped: 0.0002835 seconds, Stopping threads took: 0.0000363 seconds
2019-04-10T18:31:01.257-0600: 12856.612: Total time for which application threads were stopped: 0.0002475 seconds, Stopping threads took: 0.0000310 seconds
2019-04-10T18:31:40.275-0600: 12895.631: Total time for which application threads were stopped: 0.0003896 seconds, Stopping threads took: 0.0000635 seconds
2019-04-10T18:32:00.283-0600: 12915.639: Total time for which application threads were stopped: 0.0002881 seconds, Stopping threads took: 0.0000395 seconds
2019-04-10T18:32:01.283-0600: 12916.639: Total time for which application threads were stopped: 0.0002056 seconds, Stopping threads took: 0.0000282 seconds
2019-04-10T18:32:15.287-0600: 12930.643: Total time for which application threads were stopped: 0.0004524 seconds, Stopping threads took: 0.0000547 seconds
2019-04-10T18:32:27.293-0600: 12942.649: Total time for which application threads were stopped: 0.0002489 seconds, Stopping threads took: 0.0000346 seconds
2019-04-10T18:32:28.293-0600: 12943.649: Total time for which application threads were stopped: 0.0002049 seconds, Stopping threads took: 0.0000272 seconds
2019-04-10T18:32:35.295-0600: 12950.651: Total time for which application threads were stopped: 0.0001918 seconds, Stopping threads took: 0.0000289 seconds
2019-04-10T18:32:36.296-0600: 12951.652: Total time for which application threads were stopped: 0.0001897 seconds, Stopping threads took: 0.0000303 seconds
2019-04-10T18:32:37.297-0600: 12952.653: Total time for which application threads were stopped: 0.0002147 seconds, Stopping threads took: 0.0000268 seconds
2019-04-10T18:32:39.198-0600: 12954.554: Total time for which application threads were stopped: 0.0002387 seconds, Stopping threads took: 0.0000349 seconds
2019-04-10T18:32:39.198-0600: 12954.554: Total time for which application threads were stopped: 0.0001068 seconds, Stopping threads took: 0.0000342 seconds
2019-04-10T18:32:40.198-0600: 12955.554: Total time for which application threads were stopped: 0.0002126 seconds, Stopping threads took: 0.0000427 seconds
2019-04-10T18:32:41.198-0600: 12956.554: Total time for which application threads were stopped: 0.0002602 seconds, Stopping threads took: 0.0000455 seconds
2019-04-10T18:33:01.209-0600: 12976.565: Total time for which application threads were stopped: 0.0001946 seconds, Stopping threads took: 0.0000388 seconds
2019-04-10T18:33:40.232-0600: 13015.588: Total time for which application threads were stopped: 0.0002366 seconds, Stopping threads took: 0.0000321 seconds
2019-04-10T18:33:43.233-0600: 13018.589: Total time for which application threads were stopped: 0.0002528 seconds, Stopping threads took: 0.0000324 seconds
2019-04-10T18:33:45.234-0600: 13020.591: Total time for which application threads were stopped: 0.0001961 seconds, Stopping threads took: 0.0000272 seconds
2019-04-10T18:34:09.245-0600: 13044.601: Total time for which application threads were stopped: 0.0003470 seconds, Stopping threads took: 0.0000469 seconds
2019-04-10T18:34:10.245-0600: 13045.602: Total time for which application threads were stopped: 0.0002091 seconds, Stopping threads took: 0.0000289 seconds
2019-04-10T18:34:11.246-0600: 13046.602: Total time for which application threads were stopped: 0.0002292 seconds, Stopping threads took: 0.0000314 seconds
2019-04-10T18:34:35.257-0600: 13070.614: Total time for which application threads were stopped: 0.0003082 seconds, Stopping threads took: 0.0000423 seconds
2019-04-10T18:34:40.259-0600: 13075.616: Total time for which application threads were stopped: 0.0002955 seconds, Stopping threads took: 0.0000349 seconds
2019-04-10T18:34:53.263-0600: 13088.620: Total time for which application threads were stopped: 0.0002990 seconds, Stopping threads took: 0.0000444 seconds
2019-04-10T18:35:03.268-0600: 13098.625: Total time for which application threads were stopped: 0.0002454 seconds, Stopping threads took: 0.0000413 seconds
2019-04-10T18:35:41.286-0600: 13136.643: Total time for which application threads were stopped: 0.0002645 seconds, Stopping threads took: 0.0000391 seconds
2019-04-10T18:36:05.296-0600: 13160.654: Total time for which application threads were stopped: 0.0002747 seconds, Stopping threads took: 0.0000614 seconds
{Heap before GC invocations=35 (full 2):
 par new generation   total 109248K, used 97726K [0x07600000, 0x0f600000, 0x0f600000)
  eden space 87424K, 100% used [0x07600000, 0x0cb60000, 0x0cb60000)
  from space 21824K,  47% used [0x0e0b0000, 0x0eabfb80, 0x0f600000)
  to   space 21824K,   0% used [0x0cb60000, 0x0cb60000, 0x0e0b0000)
 concurrent mark-sweep generation total 393216K, used 63063K [0x0f600000, 0x27600000, 0x27600000)
 Metaspace       used 29945K, capacity 31273K, committed 31360K, reserved 32128K
2019-04-10T18:36:14.490-0600: 13169.847: [GC (Allocation Failure) 2019-04-10T18:36:14.490-0600: 13169.847: [ParNew
Desired survivor size 20112996 bytes, new threshold 8 (max 8)
- age   1:     645328 bytes,     645328 total
- age   2:       1768 bytes,     647096 total
- age   3:       2896 bytes,     649992 total
- age   4:     424336 bytes,    1074328 total
- age   5:    5216896 bytes,    6291224 total
- age   6:      98824 bytes,    6390048 total
- age   7:      80624 bytes,    6470672 total
- age   8:     128736 bytes,    6599408 total
: 97726K->7861K(109248K), 0.0358647 secs] 160790K->71610K(502464K), 0.0360674 secs] [Times: user=0.09 sys=0.02, real=0.04 secs] 
Heap after GC invocations=36 (full 2):
 par new generation   total 109248K, used 7861K [0x07600000, 0x0f600000, 0x0f600000)
  eden space 87424K,   0% used [0x07600000, 0x07600000, 0x0cb60000)
  from space 21824K,  36% used [0x0cb60000, 0x0d30d6c0, 0x0e0b0000)
  to   space 21824K,   0% used [0x0e0b0000, 0x0e0b0000, 0x0f600000)
 concurrent mark-sweep generation total 393216K, used 63748K [0x0f600000, 0x27600000, 0x27600000)
 Metaspace       used 29945K, capacity 31273K, committed 31360K, reserved 32128K
}
2019-04-10T18:36:14.526-0600: 13169.883: Total time for which application threads were stopped: 0.0369546 seconds, Stopping threads took: 0.0000719 seconds
2019-04-10T18:36:41.537-0600: 13196.895: Total time for which application threads were stopped: 0.0002867 seconds, Stopping threads took: 0.0000289 seconds
2019-04-10T18:36:42.537-0600: 13197.895: Total time for which application threads were stopped: 0.0003121 seconds, Stopping threads took: 0.0000437 seconds
2019-04-10T18:36:59.546-0600: 13214.903: Total time for which application threads were stopped: 0.0002003 seconds, Stopping threads took: 0.0000353 seconds
2019-04-10T18:37:20.556-0600: 13235.914: Total time for which application threads were stopped: 0.0002944 seconds, Stopping threads took: 0.0000388 seconds
2019-04-10T18:37:33.563-0600: 13248.921: Total time for which application threads were stopped: 0.0004380 seconds, Stopping threads took: 0.0000550 seconds
2019-04-10T18:37:39.199-0600: 13254.558: Total time for which application threads were stopped: 0.0004926 seconds, Stopping threads took: 0.0000589 seconds
2019-04-10T18:37:39.200-0600: 13254.559: Total time for which application threads were stopped: 0.0002158 seconds, Stopping threads took: 0.0000508 seconds
2019-04-10T18:37:40.926-0600: 13256.285: Total time for which application threads were stopped: 0.0011326 seconds, Stopping threads took: 0.0000818 seconds
2019-04-10T18:37:41.926-0600: 13257.284: Total time for which application threads were stopped: 0.0002444 seconds, Stopping threads took: 0.0000314 seconds
2019-04-10T18:37:48.930-0600: 13264.288: Total time for which application threads were stopped: 0.0003794 seconds, Stopping threads took: 0.0000508 seconds
2019-04-10T18:38:10.938-0600: 13286.296: Total time for which application threads were stopped: 0.0004559 seconds, Stopping threads took: 0.0000603 seconds
2019-04-10T18:38:41.954-0600: 13317.312: Total time for which application threads were stopped: 0.0002285 seconds, Stopping threads took: 0.0000398 seconds
2019-04-10T18:38:54.957-0600: 13330.315: Total time for which application threads were stopped: 0.0003011 seconds, Stopping threads took: 0.0000462 seconds
2019-04-10T18:38:55.957-0600: 13331.315: Total time for which application threads were stopped: 0.0005268 seconds, Stopping threads took: 0.0000765 seconds
2019-04-10T18:38:56.958-0600: 13332.317: Total time for which application threads were stopped: 0.0003396 seconds, Stopping threads took: 0.0000462 seconds
2019-04-10T18:39:23.971-0600: 13359.330: Total time for which application threads were stopped: 0.0003279 seconds, Stopping threads took: 0.0000458 seconds
2019-04-10T18:39:37.977-0600: 13373.336: Total time for which application threads were stopped: 0.0006619 seconds, Stopping threads took: 0.0001202 seconds
2019-04-10T18:39:38.978-0600: 13374.336: Total time for which application threads were stopped: 0.0002035 seconds, Stopping threads took: 0.0000264 seconds
2019-04-10T18:39:41.980-0600: 13377.338: Total time for which application threads were stopped: 0.0002278 seconds, Stopping threads took: 0.0000346 seconds
2019-04-10T18:40:32.999-0600: 13428.359: Total time for which application threads were stopped: 0.0002923 seconds, Stopping threads took: 0.0000444 seconds
2019-04-10T18:40:35.001-0600: 13430.360: Total time for which application threads were stopped: 0.0003766 seconds, Stopping threads took: 0.0000515 seconds
2019-04-10T18:40:42.004-0600: 13437.363: Total time for which application threads were stopped: 0.0001992 seconds, Stopping threads took: 0.0000261 seconds
2019-04-10T18:40:53.010-0600: 13448.369: Total time for which application threads were stopped: 0.0003124 seconds, Stopping threads took: 0.0000462 seconds
2019-04-10T18:41:09.018-0600: 13464.378: Total time for which application threads were stopped: 0.0007571 seconds, Stopping threads took: 0.0000959 seconds
2019-04-10T18:41:42.034-0600: 13497.394: Total time for which application threads were stopped: 0.0003061 seconds, Stopping threads took: 0.0000395 seconds
2019-04-10T18:42:02.043-0600: 13517.403: Total time for which application threads were stopped: 0.0004090 seconds, Stopping threads took: 0.0000540 seconds
2019-04-10T18:42:03.044-0600: 13518.404: Total time for which application threads were stopped: 0.0001915 seconds, Stopping threads took: 0.0000268 seconds
2019-04-10T18:42:35.053-0600: 13550.413: Total time for which application threads were stopped: 0.0002296 seconds, Stopping threads took: 0.0000370 seconds
2019-04-10T18:42:36.054-0600: 13551.414: Total time for which application threads were stopped: 0.0002842 seconds, Stopping threads took: 0.0000420 seconds
2019-04-10T18:42:39.202-0600: 13554.562: Total time for which application threads were stopped: 0.0002426 seconds, Stopping threads took: 0.0000346 seconds
2019-04-10T18:42:39.202-0600: 13554.562: Total time for which application threads were stopped: 0.0000931 seconds, Stopping threads took: 0.0000212 seconds
2019-04-10T18:42:40.203-0600: 13555.563: Total time for which application threads were stopped: 0.0002408 seconds, Stopping threads took: 0.0000254 seconds
2019-04-10T18:42:42.203-0600: 13557.563: Total time for which application threads were stopped: 0.0002109 seconds, Stopping threads took: 0.0000296 seconds
2019-04-10T18:43:43.231-0600: 13618.591: Total time for which application threads were stopped: 0.0003914 seconds, Stopping threads took: 0.0000557 seconds
2019-04-10T18:43:46.232-0600: 13621.592: Total time for which application threads were stopped: 0.0002176 seconds, Stopping threads took: 0.0000303 seconds
2019-04-10T18:43:48.233-0600: 13623.593: Total time for which application threads were stopped: 0.0002648 seconds, Stopping threads took: 0.0000360 seconds
2019-04-10T18:44:00.240-0600: 13635.601: Total time for which application threads were stopped: 0.0002814 seconds, Stopping threads took: 0.0000342 seconds
2019-04-10T18:44:07.242-0600: 13642.603: Total time for which application threads were stopped: 0.0002070 seconds, Stopping threads took: 0.0000275 seconds
2019-04-10T18:44:09.243-0600: 13644.603: Total time for which application threads were stopped: 0.0002112 seconds, Stopping threads took: 0.0000303 seconds
2019-04-10T18:44:17.248-0600: 13652.608: Total time for which application threads were stopped: 0.0002380 seconds, Stopping threads took: 0.0000331 seconds
2019-04-10T18:44:27.252-0600: 13662.613: Total time for which application threads were stopped: 0.0003431 seconds, Stopping threads took: 0.0000529 seconds
2019-04-10T18:44:29.254-0600: 13664.614: Total time for which application threads were stopped: 0.0002398 seconds, Stopping threads took: 0.0000289 seconds
2019-04-10T18:44:30.254-0600: 13665.615: Total time for which application threads were stopped: 0.0004337 seconds, Stopping threads took: 0.0000614 seconds
2019-04-10T18:44:43.260-0600: 13678.620: Total time for which application threads were stopped: 0.0002405 seconds, Stopping threads took: 0.0000356 seconds
2019-04-10T18:44:57.267-0600: 13692.627: Total time for which application threads were stopped: 0.0002528 seconds, Stopping threads took: 0.0000353 seconds
2019-04-10T18:45:43.286-0600: 13738.647: Total time for which application threads were stopped: 0.0003907 seconds, Stopping threads took: 0.0000300 seconds
2019-04-10T18:45:45.286-0600: 13740.647: Total time for which application threads were stopped: 0.0002440 seconds, Stopping threads took: 0.0000370 seconds
2019-04-10T18:45:53.291-0600: 13748.652: Total time for which application threads were stopped: 0.0002130 seconds, Stopping threads took: 0.0000317 seconds
2019-04-10T18:45:54.291-0600: 13749.652: Total time for which application threads were stopped: 0.0003329 seconds, Stopping threads took: 0.0000416 seconds
2019-04-10T18:45:59.293-0600: 13754.655: Total time for which application threads were stopped: 0.0002511 seconds, Stopping threads took: 0.0000437 seconds
2019-04-10T18:46:05.298-0600: 13760.659: Total time for which application threads were stopped: 0.0003025 seconds, Stopping threads took: 0.0000257 seconds
2019-04-10T18:46:43.317-0600: 13798.678: Total time for which application threads were stopped: 0.0003025 seconds, Stopping threads took: 0.0000497 seconds
2019-04-10T18:46:45.319-0600: 13800.680: Total time for which application threads were stopped: 0.0002839 seconds, Stopping threads took: 0.0000737 seconds
2019-04-10T18:46:54.323-0600: 13809.684: Total time for which application threads were stopped: 0.0002253 seconds, Stopping threads took: 0.0000335 seconds
2019-04-10T18:46:55.323-0600: 13810.685: Total time for which application threads were stopped: 0.0002461 seconds, Stopping threads took: 0.0000547 seconds
2019-04-10T18:47:09.329-0600: 13824.690: Total time for which application threads were stopped: 0.0003614 seconds, Stopping threads took: 0.0000596 seconds
2019-04-10T18:47:34.340-0600: 13849.702: Total time for which application threads were stopped: 0.0003103 seconds, Stopping threads took: 0.0000427 seconds
2019-04-10T18:47:35.341-0600: 13850.703: Total time for which application threads were stopped: 0.0003540 seconds, Stopping threads took: 0.0000508 seconds
2019-04-10T18:47:36.341-0600: 13851.703: Total time for which application threads were stopped: 0.0003018 seconds, Stopping threads took: 0.0000487 seconds
2019-04-10T18:47:39.204-0600: 13854.566: Total time for which application threads were stopped: 0.0005272 seconds, Stopping threads took: 0.0000733 seconds
2019-04-10T18:47:39.205-0600: 13854.567: Total time for which application threads were stopped: 0.0006097 seconds, Stopping threads took: 0.0000525 seconds
2019-04-10T18:47:43.207-0600: 13858.569: Total time for which application threads were stopped: 0.0002415 seconds, Stopping threads took: 0.0000346 seconds
2019-04-10T18:47:44.208-0600: 13859.570: Total time for which application threads were stopped: 0.0004415 seconds, Stopping threads took: 0.0000363 seconds
2019-04-10T18:47:45.208-0600: 13860.570: Total time for which application threads were stopped: 0.0001908 seconds, Stopping threads took: 0.0000275 seconds
2019-04-10T18:48:05.217-0600: 13880.579: Total time for which application threads were stopped: 0.0002958 seconds, Stopping threads took: 0.0000374 seconds
2019-04-10T18:48:15.223-0600: 13890.586: Total time for which application threads were stopped: 0.0004566 seconds, Stopping threads took: 0.0000596 seconds
2019-04-10T18:48:44.236-0600: 13919.598: Total time for which application threads were stopped: 0.0005339 seconds, Stopping threads took: 0.0000691 seconds
2019-04-10T18:48:56.240-0600: 13931.602: Total time for which application threads were stopped: 0.0003724 seconds, Stopping threads took: 0.0000473 seconds
2019-04-10T18:49:08.246-0600: 13943.609: Total time for which application threads were stopped: 0.0004647 seconds, Stopping threads took: 0.0000688 seconds
2019-04-10T18:49:09.247-0600: 13944.609: Total time for which application threads were stopped: 0.0002694 seconds, Stopping threads took: 0.0000360 seconds
2019-04-10T18:49:12.248-0600: 13947.610: Total time for which application threads were stopped: 0.0002109 seconds, Stopping threads took: 0.0000282 seconds
2019-04-10T18:49:30.256-0600: 13965.619: Total time for which application threads were stopped: 0.0003466 seconds, Stopping threads took: 0.0000666 seconds
2019-04-10T18:49:44.263-0600: 13979.625: Total time for which application threads were stopped: 0.0002447 seconds, Stopping threads took: 0.0000349 seconds
2019-04-10T18:49:50.266-0600: 13985.629: Total time for which application threads were stopped: 0.0001961 seconds, Stopping threads took: 0.0000268 seconds
2019-04-10T18:49:51.266-0600: 13986.629: Total time for which application threads were stopped: 0.0002444 seconds, Stopping threads took: 0.0000324 seconds
2019-04-10T18:49:59.271-0600: 13994.633: Total time for which application threads were stopped: 0.0002489 seconds, Stopping threads took: 0.0000402 seconds
2019-04-10T18:50:00.271-0600: 13995.634: Total time for which application threads were stopped: 0.0002521 seconds, Stopping threads took: 0.0000360 seconds
2019-04-10T18:50:06.273-0600: 14001.635: Total time for which application threads were stopped: 0.0002013 seconds, Stopping threads took: 0.0000420 seconds
2019-04-10T18:50:21.281-0600: 14016.644: Total time for which application threads were stopped: 0.0002638 seconds, Stopping threads took: 0.0000300 seconds
2019-04-10T18:50:35.287-0600: 14030.650: Total time for which application threads were stopped: 0.0003554 seconds, Stopping threads took: 0.0000543 seconds
2019-04-10T18:50:44.292-0600: 14039.655: Total time for which application threads were stopped: 0.0003191 seconds, Stopping threads took: 0.0000494 seconds
2019-04-10T18:50:45.293-0600: 14040.656: Total time for which application threads were stopped: 0.0003174 seconds, Stopping threads took: 0.0000444 seconds
2019-04-10T18:51:11.304-0600: 14066.668: Total time for which application threads were stopped: 0.0002856 seconds, Stopping threads took: 0.0000363 seconds
2019-04-10T18:51:21.308-0600: 14076.671: Total time for which application threads were stopped: 0.0002553 seconds, Stopping threads took: 0.0000483 seconds
2019-04-10T18:51:44.319-0600: 14099.683: Total time for which application threads were stopped: 0.0004764 seconds, Stopping threads took: 0.0000716 seconds
2019-04-10T18:52:12.335-0600: 14127.699: Total time for which application threads were stopped: 0.0004757 seconds, Stopping threads took: 0.0000645 seconds
2019-04-10T18:52:13.336-0600: 14128.700: Total time for which application threads were stopped: 0.0003829 seconds, Stopping threads took: 0.0000564 seconds
2019-04-10T18:52:15.337-0600: 14130.701: Total time for which application threads were stopped: 0.0002994 seconds, Stopping threads took: 0.0000384 seconds
2019-04-10T18:52:24.342-0600: 14139.706: Total time for which application threads were stopped: 0.0003353 seconds, Stopping threads took: 0.0000462 seconds
2019-04-10T18:52:27.342-0600: 14142.706: Total time for which application threads were stopped: 0.0002221 seconds, Stopping threads took: 0.0000300 seconds
2019-04-10T18:52:30.344-0600: 14145.708: Total time for which application threads were stopped: 0.0004655 seconds, Stopping threads took: 0.0000860 seconds
2019-04-10T18:52:31.344-0600: 14146.708: Total time for which application threads were stopped: 0.0002853 seconds, Stopping threads took: 0.0000370 seconds
2019-04-10T18:52:39.205-0600: 14154.569: Total time for which application threads were stopped: 0.0003230 seconds, Stopping threads took: 0.0000416 seconds
2019-04-10T18:52:39.205-0600: 14154.569: Total time for which application threads were stopped: 0.0001428 seconds, Stopping threads took: 0.0000656 seconds
2019-04-10T18:52:40.206-0600: 14155.569: Total time for which application threads were stopped: 0.0002140 seconds, Stopping threads took: 0.0000349 seconds
2019-04-10T18:52:44.207-0600: 14159.572: Total time for which application threads were stopped: 0.0006559 seconds, Stopping threads took: 0.0002218 seconds
2019-04-10T18:52:45.208-0600: 14160.572: Total time for which application threads were stopped: 0.0003163 seconds, Stopping threads took: 0.0000427 seconds
2019-04-10T18:52:46.208-0600: 14161.572: Total time for which application threads were stopped: 0.0003174 seconds, Stopping threads took: 0.0000807 seconds
2019-04-10T18:52:57.212-0600: 14172.576: Total time for which application threads were stopped: 0.0003262 seconds, Stopping threads took: 0.0000430 seconds
2019-04-10T18:53:25.226-0600: 14200.590: Total time for which application threads were stopped: 0.0001929 seconds, Stopping threads took: 0.0000243 seconds
2019-04-10T18:53:28.227-0600: 14203.591: Total time for which application threads were stopped: 0.0001830 seconds, Stopping threads took: 0.0000264 seconds
2019-04-10T18:53:45.234-0600: 14220.598: Total time for which application threads were stopped: 0.0002190 seconds, Stopping threads took: 0.0000289 seconds
2019-04-10T18:54:40.263-0600: 14275.628: Total time for which application threads were stopped: 0.0004112 seconds, Stopping threads took: 0.0000540 seconds
2019-04-10T18:54:45.265-0600: 14280.630: Total time for which application threads were stopped: 0.0003025 seconds, Stopping threads took: 0.0000370 seconds
2019-04-10T18:54:59.273-0600: 14294.638: Total time for which application threads were stopped: 0.0004087 seconds, Stopping threads took: 0.0000529 seconds
2019-04-10T18:55:00.273-0600: 14295.638: Total time for which application threads were stopped: 0.0002006 seconds, Stopping threads took: 0.0000272 seconds
2019-04-10T18:55:09.277-0600: 14304.642: Total time for which application threads were stopped: 0.0002218 seconds, Stopping threads took: 0.0000300 seconds
2019-04-10T18:55:24.284-0600: 14319.648: Total time for which application threads were stopped: 0.0001961 seconds, Stopping threads took: 0.0000296 seconds
2019-04-10T18:56:14.307-0600: 14369.672: Total time for which application threads were stopped: 0.0002059 seconds, Stopping threads took: 0.0000275 seconds
2019-04-10T18:56:45.322-0600: 14400.688: Total time for which application threads were stopped: 0.0003625 seconds, Stopping threads took: 0.0000723 seconds
2019-04-10T18:56:46.323-0600: 14401.688: Total time for which application threads were stopped: 0.0004725 seconds, Stopping threads took: 0.0000818 seconds
2019-04-10T18:57:08.332-0600: 14423.698: Total time for which application threads were stopped: 0.0002786 seconds, Stopping threads took: 0.0000303 seconds
2019-04-10T18:57:09.333-0600: 14424.698: Total time for which application threads were stopped: 0.0003413 seconds, Stopping threads took: 0.0000335 seconds
2019-04-10T18:57:12.334-0600: 14427.699: Total time for which application threads were stopped: 0.0002080 seconds, Stopping threads took: 0.0000395 seconds
2019-04-10T18:57:18.338-0600: 14433.703: Total time for which application threads were stopped: 0.0002472 seconds, Stopping threads took: 0.0000473 seconds
2019-04-10T18:57:20.338-0600: 14435.704: Total time for which application threads were stopped: 0.0004591 seconds, Stopping threads took: 0.0000617 seconds
2019-04-10T18:57:39.206-0600: 14454.572: Total time for which application threads were stopped: 0.0003604 seconds, Stopping threads took: 0.0000480 seconds
2019-04-10T18:57:39.207-0600: 14454.572: Total time for which application threads were stopped: 0.0000934 seconds, Stopping threads took: 0.0000219 seconds
2019-04-10T18:57:40.207-0600: 14455.573: Total time for which application threads were stopped: 0.0004291 seconds, Stopping threads took: 0.0000635 seconds
2019-04-10T18:59:41.266-0600: 14576.632: Total time for which application threads were stopped: 0.0002087 seconds, Stopping threads took: 0.0000300 seconds
2019-04-10T19:00:16.282-0600: 14611.649: Total time for which application threads were stopped: 0.0002891 seconds, Stopping threads took: 0.0000374 seconds
2019-04-10T19:00:22.285-0600: 14617.651: Total time for which application threads were stopped: 0.0002722 seconds, Stopping threads took: 0.0000353 seconds
2019-04-10T19:00:24.286-0600: 14619.652: Total time for which application threads were stopped: 0.0002172 seconds, Stopping threads took: 0.0000279 seconds
2019-04-10T19:00:44.296-0600: 14639.662: Total time for which application threads were stopped: 0.0002077 seconds, Stopping threads took: 0.0000353 seconds
2019-04-10T19:00:45.296-0600: 14640.663: Total time for which application threads were stopped: 0.0003801 seconds, Stopping threads took: 0.0000529 seconds
2019-04-10T19:00:46.296-0600: 14641.663: Total time for which application threads were stopped: 0.0001992 seconds, Stopping threads took: 0.0000268 seconds
2019-04-10T19:01:14.311-0600: 14669.678: Total time for which application threads were stopped: 0.0002669 seconds, Stopping threads took: 0.0000339 seconds
2019-04-10T19:01:15.312-0600: 14670.679: Total time for which application threads were stopped: 0.0006626 seconds, Stopping threads took: 0.0000681 seconds
2019-04-10T19:01:18.313-0600: 14673.681: Total time for which application threads were stopped: 0.0004291 seconds, Stopping threads took: 0.0000617 seconds
2019-04-10T19:01:20.314-0600: 14675.682: Total time for which application threads were stopped: 0.0004446 seconds, Stopping threads took: 0.0000751 seconds
2019-04-10T19:01:33.323-0600: 14688.690: Total time for which application threads were stopped: 0.0003283 seconds, Stopping threads took: 0.0000360 seconds
2019-04-10T19:01:40.327-0600: 14695.694: Total time for which application threads were stopped: 0.0004778 seconds, Stopping threads took: 0.0000638 seconds
2019-04-10T19:01:42.328-0600: 14697.695: Total time for which application threads were stopped: 0.0003442 seconds, Stopping threads took: 0.0000536 seconds
2019-04-10T19:01:46.330-0600: 14701.697: Total time for which application threads were stopped: 0.0003939 seconds, Stopping threads took: 0.0000554 seconds
2019-04-10T19:01:47.330-0600: 14702.697: Total time for which application threads were stopped: 0.0001820 seconds, Stopping threads took: 0.0000279 seconds
2019-04-10T19:02:39.208-0600: 14754.576: Total time for which application threads were stopped: 0.0003417 seconds, Stopping threads took: 0.0000250 seconds
2019-04-10T19:02:39.208-0600: 14754.576: Total time for which application threads were stopped: 0.0002370 seconds, Stopping threads took: 0.0000973 seconds
2019-04-10T19:02:47.212-0600: 14762.580: Total time for which application threads were stopped: 0.0002133 seconds, Stopping threads took: 0.0000279 seconds
2019-04-10T19:02:55.217-0600: 14770.585: Total time for which application threads were stopped: 0.0004115 seconds, Stopping threads took: 0.0000561 seconds
2019-04-10T19:02:56.217-0600: 14771.585: Total time for which application threads were stopped: 0.0001961 seconds, Stopping threads took: 0.0000275 seconds
2019-04-10T19:03:00.219-0600: 14775.586: Total time for which application threads were stopped: 0.0002401 seconds, Stopping threads took: 0.0000363 seconds
2019-04-10T19:03:05.221-0600: 14780.589: Total time for which application threads were stopped: 0.0002877 seconds, Stopping threads took: 0.0000381 seconds
2019-04-10T19:03:06.221-0600: 14781.589: Total time for which application threads were stopped: 0.0002116 seconds, Stopping threads took: 0.0000268 seconds
2019-04-10T19:03:10.222-0600: 14785.590: Total time for which application threads were stopped: 0.0005582 seconds, Stopping threads took: 0.0000723 seconds
2019-04-10T19:03:18.226-0600: 14793.594: Total time for which application threads were stopped: 0.0003163 seconds, Stopping threads took: 0.0000458 seconds
2019-04-10T19:03:19.226-0600: 14794.594: Total time for which application threads were stopped: 0.0002119 seconds, Stopping threads took: 0.0000339 seconds
2019-04-10T19:03:22.228-0600: 14797.596: Total time for which application threads were stopped: 0.0002031 seconds, Stopping threads took: 0.0000268 seconds
2019-04-10T19:03:23.229-0600: 14798.597: Total time for which application threads were stopped: 0.0002676 seconds, Stopping threads took: 0.0000367 seconds
2019-04-10T19:03:39.235-0600: 14814.603: Total time for which application threads were stopped: 0.0002063 seconds, Stopping threads took: 0.0000275 seconds
2019-04-10T19:03:47.239-0600: 14822.607: Total time for which application threads were stopped: 0.0002881 seconds, Stopping threads took: 0.0000384 seconds
2019-04-10T19:03:55.242-0600: 14830.610: Total time for which application threads were stopped: 0.0010624 seconds, Stopping threads took: 0.0005392 seconds
2019-04-10T19:03:58.243-0600: 14833.612: Total time for which application threads were stopped: 0.0004249 seconds, Stopping threads took: 0.0000561 seconds
2019-04-10T19:04:05.247-0600: 14840.615: Total time for which application threads were stopped: 0.0002010 seconds, Stopping threads took: 0.0000286 seconds
2019-04-10T19:04:06.248-0600: 14841.616: Total time for which application threads were stopped: 0.0002631 seconds, Stopping threads took: 0.0000370 seconds
2019-04-10T19:04:10.249-0600: 14845.617: Total time for which application threads were stopped: 0.0005219 seconds, Stopping threads took: 0.0000596 seconds
2019-04-10T19:04:12.249-0600: 14847.618: Total time for which application threads were stopped: 0.0003378 seconds, Stopping threads took: 0.0000487 seconds
2019-04-10T19:04:13.250-0600: 14848.619: Total time for which application threads were stopped: 0.0003858 seconds, Stopping threads took: 0.0000800 seconds
2019-04-10T19:04:14.252-0600: 14849.619: Total time for which application threads were stopped: 0.0004327 seconds, Stopping threads took: 0.0000571 seconds
2019-04-10T19:04:15.252-0600: 14850.621: Total time for which application threads were stopped: 0.0004073 seconds, Stopping threads took: 0.0000525 seconds
2019-04-10T19:04:16.253-0600: 14851.621: Total time for which application threads were stopped: 0.0004320 seconds, Stopping threads took: 0.0000807 seconds
2019-04-10T19:04:19.254-0600: 14854.622: Total time for which application threads were stopped: 0.0006287 seconds, Stopping threads took: 0.0000924 seconds
2019-04-10T19:04:37.266-0600: 14872.634: Total time for which application threads were stopped: 0.0006449 seconds, Stopping threads took: 0.0000772 seconds
2019-04-10T19:04:42.268-0600: 14877.636: Total time for which application threads were stopped: 0.0002084 seconds, Stopping threads took: 0.0000279 seconds
2019-04-10T19:04:43.268-0600: 14878.636: Total time for which application threads were stopped: 0.0002927 seconds, Stopping threads took: 0.0000367 seconds
2019-04-10T19:04:44.269-0600: 14879.637: Total time for which application threads were stopped: 0.0003085 seconds, Stopping threads took: 0.0000441 seconds
2019-04-10T19:04:46.269-0600: 14881.638: Total time for which application threads were stopped: 0.0004429 seconds, Stopping threads took: 0.0000529 seconds
2019-04-10T19:04:47.270-0600: 14882.638: Total time for which application threads were stopped: 0.0002835 seconds, Stopping threads took: 0.0000342 seconds
2019-04-10T19:04:48.271-0600: 14883.640: Total time for which application threads were stopped: 0.0006915 seconds, Stopping threads took: 0.0000878 seconds
2019-04-10T19:05:07.280-0600: 14902.648: Total time for which application threads were stopped: 0.0001971 seconds, Stopping threads took: 0.0000296 seconds
2019-04-10T19:05:11.282-0600: 14906.650: Total time for which application threads were stopped: 0.0001827 seconds, Stopping threads took: 0.0000268 seconds
2019-04-10T19:05:12.282-0600: 14907.651: Total time for which application threads were stopped: 0.0002987 seconds, Stopping threads took: 0.0000427 seconds
2019-04-10T19:05:20.286-0600: 14915.654: Total time for which application threads were stopped: 0.0002070 seconds, Stopping threads took: 0.0000268 seconds
2019-04-10T19:05:44.299-0600: 14939.668: Total time for which application threads were stopped: 0.0002218 seconds, Stopping threads took: 0.0000381 seconds
2019-04-10T19:05:46.301-0600: 14941.669: Total time for which application threads were stopped: 0.0002020 seconds, Stopping threads took: 0.0000307 seconds
2019-04-10T19:05:47.302-0600: 14942.670: Total time for which application threads were stopped: 0.0002786 seconds, Stopping threads took: 0.0000427 seconds
2019-04-10T19:05:48.303-0600: 14943.671: Total time for which application threads were stopped: 0.0004972 seconds, Stopping threads took: 0.0000758 seconds
2019-04-10T19:06:08.314-0600: 14963.682: Total time for which application threads were stopped: 0.0002271 seconds, Stopping threads took: 0.0000339 seconds
2019-04-10T19:06:09.315-0600: 14964.684: Total time for which application threads were stopped: 0.0004521 seconds, Stopping threads took: 0.0000610 seconds
2019-04-10T19:06:10.315-0600: 14965.683: Total time for which application threads were stopped: 0.0001971 seconds, Stopping threads took: 0.0000279 seconds
2019-04-10T19:06:14.317-0600: 14969.685: Total time for which application threads were stopped: 0.0002500 seconds, Stopping threads took: 0.0000342 seconds
2019-04-10T19:06:15.317-0600: 14970.685: Total time for which application threads were stopped: 0.0002489 seconds, Stopping threads took: 0.0000631 seconds
2019-04-10T19:06:18.320-0600: 14973.688: Total time for which application threads were stopped: 0.0005642 seconds, Stopping threads took: 0.0000903 seconds
2019-04-10T19:06:23.322-0600: 14978.691: Total time for which application threads were stopped: 0.0002571 seconds, Stopping threads took: 0.0000360 seconds
2019-04-10T19:06:34.327-0600: 14989.696: Total time for which application threads were stopped: 0.0002066 seconds, Stopping threads took: 0.0000409 seconds
2019-04-10T19:06:44.334-0600: 14999.702: Total time for which application threads were stopped: 0.0002567 seconds, Stopping threads took: 0.0000592 seconds
2019-04-10T19:06:45.334-0600: 15000.703: Total time for which application threads were stopped: 0.0003318 seconds, Stopping threads took: 0.0000275 seconds
2019-04-10T19:06:46.335-0600: 15001.704: Total time for which application threads were stopped: 0.0006121 seconds, Stopping threads took: 0.0000765 seconds
2019-04-10T19:06:48.336-0600: 15003.705: Total time for which application threads were stopped: 0.0005839 seconds, Stopping threads took: 0.0000822 seconds
2019-04-10T19:06:52.339-0600: 15007.708: Total time for which application threads were stopped: 0.0004655 seconds, Stopping threads took: 0.0000670 seconds
2019-04-10T19:06:53.340-0600: 15008.708: Total time for which application threads were stopped: 0.0003205 seconds, Stopping threads took: 0.0000444 seconds
2019-04-10T19:07:01.345-0600: 15016.714: Total time for which application threads were stopped: 0.0003607 seconds, Stopping threads took: 0.0000497 seconds
2019-04-10T19:07:03.347-0600: 15018.715: Total time for which application threads were stopped: 0.0003646 seconds, Stopping threads took: 0.0000455 seconds
2019-04-10T19:07:04.347-0600: 15019.716: Total time for which application threads were stopped: 0.0003921 seconds, Stopping threads took: 0.0000448 seconds
2019-04-10T19:07:05.347-0600: 15020.716: Total time for which application threads were stopped: 0.0004126 seconds, Stopping threads took: 0.0000578 seconds
2019-04-10T19:07:06.348-0600: 15021.716: Total time for which application threads were stopped: 0.0003054 seconds, Stopping threads took: 0.0000599 seconds
2019-04-10T19:07:35.357-0600: 15050.725: Total time for which application threads were stopped: 0.0001827 seconds, Stopping threads took: 0.0000264 seconds
2019-04-10T19:07:36.357-0600: 15051.726: Total time for which application threads were stopped: 0.0004827 seconds, Stopping threads took: 0.0000631 seconds
2019-04-10T19:07:39.211-0600: 15054.579: Total time for which application threads were stopped: 0.0002172 seconds, Stopping threads took: 0.0000257 seconds
2019-04-10T19:07:39.211-0600: 15054.579: Total time for which application threads were stopped: 0.0001393 seconds, Stopping threads took: 0.0000621 seconds
2019-04-10T19:07:40.211-0600: 15055.579: Total time for which application threads were stopped: 0.0002698 seconds, Stopping threads took: 0.0000367 seconds
2019-04-10T19:07:48.214-0600: 15063.583: Total time for which application threads were stopped: 0.0003297 seconds, Stopping threads took: 0.0000571 seconds
2019-04-10T19:08:07.225-0600: 15082.594: Total time for which application threads were stopped: 0.0004774 seconds, Stopping threads took: 0.0000652 seconds
2019-04-10T19:08:10.227-0600: 15085.595: Total time for which application threads were stopped: 0.0003276 seconds, Stopping threads took: 0.0000927 seconds
2019-04-10T19:08:11.227-0600: 15086.596: Total time for which application threads were stopped: 0.0003233 seconds, Stopping threads took: 0.0000483 seconds
2019-04-10T19:08:16.229-0600: 15091.598: Total time for which application threads were stopped: 0.0003667 seconds, Stopping threads took: 0.0000751 seconds
2019-04-10T19:08:22.232-0600: 15097.601: Total time for which application threads were stopped: 0.0002408 seconds, Stopping threads took: 0.0000339 seconds
2019-04-10T19:08:40.241-0600: 15115.609: Total time for which application threads were stopped: 0.0002031 seconds, Stopping threads took: 0.0000268 seconds
2019-04-10T19:08:48.243-0600: 15123.611: Total time for which application threads were stopped: 0.0003149 seconds, Stopping threads took: 0.0000427 seconds
2019-04-10T19:08:52.245-0600: 15127.613: Total time for which application threads were stopped: 0.0004573 seconds, Stopping threads took: 0.0000716 seconds
2019-04-10T19:08:53.246-0600: 15128.614: Total time for which application threads were stopped: 0.0006823 seconds, Stopping threads took: 0.0000945 seconds
2019-04-10T19:08:54.246-0600: 15129.615: Total time for which application threads were stopped: 0.0002091 seconds, Stopping threads took: 0.0000268 seconds
2019-04-10T19:08:55.247-0600: 15130.616: Total time for which application threads were stopped: 0.0005402 seconds, Stopping threads took: 0.0000829 seconds
2019-04-10T19:08:56.248-0600: 15131.617: Total time for which application threads were stopped: 0.0002641 seconds, Stopping threads took: 0.0000331 seconds
2019-04-10T19:09:12.257-0600: 15147.625: Total time for which application threads were stopped: 0.0002193 seconds, Stopping threads took: 0.0000293 seconds
2019-04-10T19:09:48.277-0600: 15183.645: Total time for which application threads were stopped: 0.0003184 seconds, Stopping threads took: 0.0000434 seconds
2019-04-10T19:09:49.278-0600: 15184.647: Total time for which application threads were stopped: 0.0003713 seconds, Stopping threads took: 0.0000716 seconds
2019-04-10T19:09:54.280-0600: 15189.649: Total time for which application threads were stopped: 0.0002017 seconds, Stopping threads took: 0.0000310 seconds
2019-04-10T19:09:56.281-0600: 15191.650: Total time for which application threads were stopped: 0.0002497 seconds, Stopping threads took: 0.0000335 seconds
2019-04-10T19:10:19.294-0600: 15214.662: Total time for which application threads were stopped: 0.0002673 seconds, Stopping threads took: 0.0000353 seconds
2019-04-10T19:10:28.298-0600: 15223.666: Total time for which application threads were stopped: 0.0004990 seconds, Stopping threads took: 0.0000889 seconds
2019-04-10T19:10:29.298-0600: 15224.667: Total time for which application threads were stopped: 0.0003953 seconds, Stopping threads took: 0.0000589 seconds
2019-04-10T19:10:30.299-0600: 15225.667: Total time for which application threads were stopped: 0.0002045 seconds, Stopping threads took: 0.0000282 seconds
2019-04-10T19:10:48.309-0600: 15243.678: Total time for which application threads were stopped: 0.0003600 seconds, Stopping threads took: 0.0000874 seconds
2019-04-10T19:10:49.310-0600: 15244.679: Total time for which application threads were stopped: 0.0006174 seconds, Stopping threads took: 0.0000822 seconds
2019-04-10T19:11:10.321-0600: 15265.690: Total time for which application threads were stopped: 0.0002736 seconds, Stopping threads took: 0.0000529 seconds
2019-04-10T19:11:30.331-0600: 15285.699: Total time for which application threads were stopped: 0.0002063 seconds, Stopping threads took: 0.0000296 seconds
2019-04-10T19:11:31.331-0600: 15286.700: Total time for which application threads were stopped: 0.0002059 seconds, Stopping threads took: 0.0000286 seconds
2019-04-10T19:11:32.332-0600: 15287.700: Total time for which application threads were stopped: 0.0001911 seconds, Stopping threads took: 0.0000275 seconds
2019-04-10T19:11:33.332-0600: 15288.701: Total time for which application threads were stopped: 0.0002662 seconds, Stopping threads took: 0.0000430 seconds
2019-04-10T19:11:34.332-0600: 15289.701: Total time for which application threads were stopped: 0.0003202 seconds, Stopping threads took: 0.0000441 seconds
2019-04-10T19:11:49.339-0600: 15304.707: Total time for which application threads were stopped: 0.0003050 seconds, Stopping threads took: 0.0000659 seconds
2019-04-10T19:11:54.342-0600: 15309.711: Total time for which application threads were stopped: 0.0004683 seconds, Stopping threads took: 0.0000758 seconds
2019-04-10T19:12:08.350-0600: 15323.718: Total time for which application threads were stopped: 0.0002430 seconds, Stopping threads took: 0.0000286 seconds
2019-04-10T19:12:39.216-0600: 15354.585: Total time for which application threads were stopped: 0.0004792 seconds, Stopping threads took: 0.0000645 seconds
2019-04-10T19:12:39.217-0600: 15354.585: Total time for which application threads were stopped: 0.0002546 seconds, Stopping threads took: 0.0000744 seconds
2019-04-10T19:12:40.217-0600: 15355.585: Total time for which application threads were stopped: 0.0002123 seconds, Stopping threads took: 0.0000300 seconds
2019-04-10T19:12:41.217-0600: 15356.586: Total time for which application threads were stopped: 0.0004746 seconds, Stopping threads took: 0.0000740 seconds
2019-04-10T19:12:42.218-0600: 15357.587: Total time for which application threads were stopped: 0.0002370 seconds, Stopping threads took: 0.0000370 seconds
2019-04-10T19:12:49.222-0600: 15364.591: Total time for which application threads were stopped: 0.0005028 seconds, Stopping threads took: 0.0000730 seconds
2019-04-10T19:13:16.233-0600: 15391.601: Total time for which application threads were stopped: 0.0005392 seconds, Stopping threads took: 0.0000709 seconds
2019-04-10T19:13:31.238-0600: 15406.607: Total time for which application threads were stopped: 0.0004623 seconds, Stopping threads took: 0.0000614 seconds
2019-04-10T19:13:49.247-0600: 15424.615: Total time for which application threads were stopped: 0.0002539 seconds, Stopping threads took: 0.0000501 seconds
2019-04-10T19:13:53.248-0600: 15428.616: Total time for which application threads were stopped: 0.0004129 seconds, Stopping threads took: 0.0001721 seconds
2019-04-10T19:13:54.248-0600: 15429.617: Total time for which application threads were stopped: 0.0003300 seconds, Stopping threads took: 0.0000465 seconds
2019-04-10T19:13:58.251-0600: 15433.619: Total time for which application threads were stopped: 0.0002899 seconds, Stopping threads took: 0.0000349 seconds
2019-04-10T19:13:59.251-0600: 15434.620: Total time for which application threads were stopped: 0.0001953 seconds, Stopping threads took: 0.0000257 seconds
2019-04-10T19:14:00.252-0600: 15435.620: Total time for which application threads were stopped: 0.0002154 seconds, Stopping threads took: 0.0000289 seconds
2019-04-10T19:14:01.252-0600: 15436.621: Total time for which application threads were stopped: 0.0004207 seconds, Stopping threads took: 0.0000596 seconds
2019-04-10T19:14:02.253-0600: 15437.621: Total time for which application threads were stopped: 0.0004485 seconds, Stopping threads took: 0.0000621 seconds
2019-04-10T19:14:04.253-0600: 15439.622: Total time for which application threads were stopped: 0.0002010 seconds, Stopping threads took: 0.0000282 seconds
2019-04-10T19:14:22.264-0600: 15457.632: Total time for which application threads were stopped: 0.0003554 seconds, Stopping threads took: 0.0000451 seconds
2019-04-10T19:14:30.269-0600: 15465.637: Total time for which application threads were stopped: 0.0005942 seconds, Stopping threads took: 0.0000751 seconds
2019-04-10T19:14:49.277-0600: 15484.645: Total time for which application threads were stopped: 0.0003336 seconds, Stopping threads took: 0.0000374 seconds
2019-04-10T19:14:50.277-0600: 15485.646: Total time for which application threads were stopped: 0.0004246 seconds, Stopping threads took: 0.0000596 seconds
2019-04-10T19:14:52.279-0600: 15487.647: Total time for which application threads were stopped: 0.0002098 seconds, Stopping threads took: 0.0000317 seconds
2019-04-10T19:15:07.285-0600: 15502.653: Total time for which application threads were stopped: 0.0003491 seconds, Stopping threads took: 0.0000540 seconds
2019-04-10T19:15:27.296-0600: 15522.665: Total time for which application threads were stopped: 0.0003583 seconds, Stopping threads took: 0.0000624 seconds
2019-04-10T19:15:31.298-0600: 15526.667: Total time for which application threads were stopped: 0.0002634 seconds, Stopping threads took: 0.0000335 seconds
2019-04-10T19:15:35.299-0600: 15530.668: Total time for which application threads were stopped: 0.0004030 seconds, Stopping threads took: 0.0000599 seconds
2019-04-10T19:15:36.300-0600: 15531.668: Total time for which application threads were stopped: 0.0003470 seconds, Stopping threads took: 0.0000564 seconds
2019-04-10T19:15:37.300-0600: 15532.668: Total time for which application threads were stopped: 0.0002345 seconds, Stopping threads took: 0.0000536 seconds
2019-04-10T19:15:41.303-0600: 15536.671: Total time for which application threads were stopped: 0.0002669 seconds, Stopping threads took: 0.0000353 seconds
2019-04-10T19:15:42.303-0600: 15537.671: Total time for which application threads were stopped: 0.0002140 seconds, Stopping threads took: 0.0000324 seconds
2019-04-10T19:15:43.303-0600: 15538.671: Total time for which application threads were stopped: 0.0002211 seconds, Stopping threads took: 0.0000374 seconds
2019-04-10T19:15:50.305-0600: 15545.674: Total time for which application threads were stopped: 0.0001961 seconds, Stopping threads took: 0.0000282 seconds
2019-04-10T19:15:56.307-0600: 15551.676: Total time for which application threads were stopped: 0.0003928 seconds, Stopping threads took: 0.0000550 seconds
2019-04-10T19:16:00.309-0600: 15555.678: Total time for which application threads were stopped: 0.0002218 seconds, Stopping threads took: 0.0000293 seconds
2019-04-10T19:16:03.309-0600: 15558.678: Total time for which application threads were stopped: 0.0001964 seconds, Stopping threads took: 0.0000272 seconds
2019-04-10T19:16:04.310-0600: 15559.678: Total time for which application threads were stopped: 0.0002772 seconds, Stopping threads took: 0.0000508 seconds
2019-04-10T19:16:20.314-0600: 15575.683: Total time for which application threads were stopped: 0.0004048 seconds, Stopping threads took: 0.0000575 seconds
2019-04-10T19:16:25.317-0600: 15580.686: Total time for which application threads were stopped: 0.0003452 seconds, Stopping threads took: 0.0000476 seconds
2019-04-10T19:16:27.318-0600: 15582.687: Total time for which application threads were stopped: 0.0003978 seconds, Stopping threads took: 0.0000356 seconds
2019-04-10T19:16:40.324-0600: 15595.693: Total time for which application threads were stopped: 0.0004034 seconds, Stopping threads took: 0.0000554 seconds
2019-04-10T19:16:49.220-0600: 15604.589: Total time for which application threads were stopped: 0.0002683 seconds, Stopping threads took: 0.0000331 seconds
2019-04-10T19:16:49.220-0600: 15604.589: Total time for which application threads were stopped: 0.0000966 seconds, Stopping threads took: 0.0000363 seconds
2019-04-10T19:16:50.220-0600: 15605.589: Total time for which application threads were stopped: 0.0002119 seconds, Stopping threads took: 0.0000282 seconds
2019-04-10T19:16:51.220-0600: 15606.590: Total time for which application threads were stopped: 0.0003452 seconds, Stopping threads took: 0.0000458 seconds
2019-04-10T19:17:25.235-0600: 15640.604: Total time for which application threads were stopped: 0.0002856 seconds, Stopping threads took: 0.0000370 seconds
2019-04-10T19:17:26.235-0600: 15641.605: Total time for which application threads were stopped: 0.0003533 seconds, Stopping threads took: 0.0000582 seconds
2019-04-10T19:17:29.237-0600: 15644.607: Total time for which application threads were stopped: 0.0002934 seconds, Stopping threads took: 0.0000420 seconds
2019-04-10T19:17:30.238-0600: 15645.607: Total time for which application threads were stopped: 0.0002419 seconds, Stopping threads took: 0.0000356 seconds
2019-04-10T19:17:39.241-0600: 15654.611: Total time for which application threads were stopped: 0.0003572 seconds, Stopping threads took: 0.0000578 seconds
2019-04-10T19:17:40.242-0600: 15655.611: Total time for which application threads were stopped: 0.0006245 seconds, Stopping threads took: 0.0000751 seconds
2019-04-10T19:17:50.247-0600: 15665.617: Total time for which application threads were stopped: 0.0007102 seconds, Stopping threads took: 0.0000758 seconds
2019-04-10T19:18:13.259-0600: 15688.629: Total time for which application threads were stopped: 0.0006312 seconds, Stopping threads took: 0.0000836 seconds
2019-04-10T19:18:17.262-0600: 15692.631: Total time for which application threads were stopped: 0.0002775 seconds, Stopping threads took: 0.0000409 seconds
2019-04-10T19:18:21.265-0600: 15696.634: Total time for which application threads were stopped: 0.0002017 seconds, Stopping threads took: 0.0000286 seconds
2019-04-10T19:18:22.265-0600: 15697.635: Total time for which application threads were stopped: 0.0001982 seconds, Stopping threads took: 0.0000264 seconds
2019-04-10T19:18:37.272-0600: 15712.642: Total time for which application threads were stopped: 0.0002109 seconds, Stopping threads took: 0.0000275 seconds
2019-04-10T19:18:41.274-0600: 15716.644: Total time for which application threads were stopped: 0.0001936 seconds, Stopping threads took: 0.0000275 seconds
2019-04-10T19:18:42.275-0600: 15717.645: Total time for which application threads were stopped: 0.0003304 seconds, Stopping threads took: 0.0000339 seconds
2019-04-10T19:18:50.280-0600: 15725.649: Total time for which application threads were stopped: 0.0002169 seconds, Stopping threads took: 0.0000342 seconds
2019-04-10T19:18:51.280-0600: 15726.650: Total time for which application threads were stopped: 0.0002296 seconds, Stopping threads took: 0.0000310 seconds
2019-04-10T19:18:52.280-0600: 15727.650: Total time for which application threads were stopped: 0.0002236 seconds, Stopping threads took: 0.0000286 seconds
2019-04-10T19:19:22.289-0600: 15757.659: Total time for which application threads were stopped: 0.0001953 seconds, Stopping threads took: 0.0000261 seconds
2019-04-10T19:19:23.290-0600: 15758.660: Total time for which application threads were stopped: 0.0004186 seconds, Stopping threads took: 0.0000592 seconds
2019-04-10T19:19:25.291-0600: 15760.661: Total time for which application threads were stopped: 0.0001989 seconds, Stopping threads took: 0.0000307 seconds
2019-04-10T19:19:34.296-0600: 15769.666: Total time for which application threads were stopped: 0.0002521 seconds, Stopping threads took: 0.0000363 seconds
2019-04-10T19:19:35.297-0600: 15770.667: Total time for which application threads were stopped: 0.0002518 seconds, Stopping threads took: 0.0000321 seconds
2019-04-10T19:19:50.301-0600: 15785.672: Total time for which application threads were stopped: 0.0005614 seconds, Stopping threads took: 0.0000709 seconds
2019-04-10T19:19:51.302-0600: 15786.672: Total time for which application threads were stopped: 0.0002049 seconds, Stopping threads took: 0.0000264 seconds
2019-04-10T19:19:52.302-0600: 15787.673: Total time for which application threads were stopped: 0.0002003 seconds, Stopping threads took: 0.0000268 seconds
2019-04-10T19:20:28.319-0600: 15823.690: Total time for which application threads were stopped: 0.0003403 seconds, Stopping threads took: 0.0000525 seconds
2019-04-10T19:20:31.322-0600: 15826.692: Total time for which application threads were stopped: 0.0002091 seconds, Stopping threads took: 0.0000289 seconds
2019-04-10T19:20:51.333-0600: 15846.703: Total time for which application threads were stopped: 0.0002017 seconds, Stopping threads took: 0.0000250 seconds
2019-04-10T19:20:55.336-0600: 15850.706: Total time for which application threads were stopped: 0.0002130 seconds, Stopping threads took: 0.0000324 seconds
2019-04-10T19:20:59.337-0600: 15854.707: Total time for which application threads were stopped: 0.0004454 seconds, Stopping threads took: 0.0000599 seconds
2019-04-10T19:21:13.344-0600: 15868.714: Total time for which application threads were stopped: 0.0002641 seconds, Stopping threads took: 0.0000346 seconds
2019-04-10T19:21:17.347-0600: 15872.717: Total time for which application threads were stopped: 0.0002102 seconds, Stopping threads took: 0.0000483 seconds
2019-04-10T19:21:22.349-0600: 15877.719: Total time for which application threads were stopped: 0.0003057 seconds, Stopping threads took: 0.0000420 seconds
2019-04-10T19:21:45.359-0600: 15900.729: Total time for which application threads were stopped: 0.0002828 seconds, Stopping threads took: 0.0000384 seconds
2019-04-10T19:21:49.222-0600: 15904.592: Total time for which application threads were stopped: 0.0002324 seconds, Stopping threads took: 0.0000289 seconds
2019-04-10T19:21:49.222-0600: 15904.593: Total time for which application threads were stopped: 0.0000867 seconds, Stopping threads took: 0.0000201 seconds
2019-04-10T19:21:50.222-0600: 15905.593: Total time for which application threads were stopped: 0.0002683 seconds, Stopping threads took: 0.0000367 seconds
2019-04-10T19:21:51.222-0600: 15906.593: Total time for which application threads were stopped: 0.0002345 seconds, Stopping threads took: 0.0000250 seconds
2019-04-10T19:21:53.224-0600: 15908.594: Total time for which application threads were stopped: 0.0002278 seconds, Stopping threads took: 0.0000370 seconds
2019-04-10T19:21:54.224-0600: 15909.594: Total time for which application threads were stopped: 0.0002246 seconds, Stopping threads took: 0.0000300 seconds
2019-04-10T19:22:10.231-0600: 15925.602: Total time for which application threads were stopped: 0.0003346 seconds, Stopping threads took: 0.0000532 seconds
2019-04-10T19:22:31.238-0600: 15946.608: Total time for which application threads were stopped: 0.0002063 seconds, Stopping threads took: 0.0000289 seconds
2019-04-10T19:22:43.245-0600: 15958.615: Total time for which application threads were stopped: 0.0003738 seconds, Stopping threads took: 0.0000511 seconds
2019-04-10T19:22:45.247-0600: 15960.617: Total time for which application threads were stopped: 0.0003018 seconds, Stopping threads took: 0.0000363 seconds
2019-04-10T19:22:47.249-0600: 15962.619: Total time for which application threads were stopped: 0.0004616 seconds, Stopping threads took: 0.0000628 seconds
2019-04-10T19:22:49.250-0600: 15964.620: Total time for which application threads were stopped: 0.0004238 seconds, Stopping threads took: 0.0000748 seconds
2019-04-10T19:22:51.251-0600: 15966.621: Total time for which application threads were stopped: 0.0003618 seconds, Stopping threads took: 0.0000455 seconds
2019-04-10T19:23:51.277-0600: 16026.647: Total time for which application threads were stopped: 0.0005734 seconds, Stopping threads took: 0.0000836 seconds
2019-04-10T19:23:52.277-0600: 16027.647: Total time for which application threads were stopped: 0.0004700 seconds, Stopping threads took: 0.0000624 seconds
2019-04-10T19:24:01.282-0600: 16036.653: Total time for which application threads were stopped: 0.0002743 seconds, Stopping threads took: 0.0000384 seconds
2019-04-10T19:24:04.284-0600: 16039.654: Total time for which application threads were stopped: 0.0001964 seconds, Stopping threads took: 0.0000264 seconds
2019-04-10T19:24:43.305-0600: 16078.675: Total time for which application threads were stopped: 0.0002902 seconds, Stopping threads took: 0.0000391 seconds
2019-04-10T19:24:47.308-0600: 16082.679: Total time for which application threads were stopped: 0.0002398 seconds, Stopping threads took: 0.0000698 seconds
2019-04-10T19:24:52.310-0600: 16087.681: Total time for which application threads were stopped: 0.0003635 seconds, Stopping threads took: 0.0000469 seconds
2019-04-10T19:25:24.328-0600: 16119.699: Total time for which application threads were stopped: 0.0003332 seconds, Stopping threads took: 0.0000469 seconds
2019-04-10T19:25:25.329-0600: 16120.700: Total time for which application threads were stopped: 0.0005162 seconds, Stopping threads took: 0.0000790 seconds
2019-04-10T19:25:52.345-0600: 16147.715: Total time for which application threads were stopped: 0.0003805 seconds, Stopping threads took: 0.0000501 seconds
2019-04-10T19:25:53.345-0600: 16148.715: Total time for which application threads were stopped: 0.0001922 seconds, Stopping threads took: 0.0000264 seconds
2019-04-10T19:26:07.351-0600: 16162.721: Total time for which application threads were stopped: 0.0002271 seconds, Stopping threads took: 0.0000310 seconds
2019-04-10T19:26:30.365-0600: 16185.735: Total time for which application threads were stopped: 0.0002105 seconds, Stopping threads took: 0.0000275 seconds
2019-04-10T19:26:35.368-0600: 16190.739: Total time for which application threads were stopped: 0.0004154 seconds, Stopping threads took: 0.0000480 seconds
2019-04-10T19:26:45.374-0600: 16200.745: Total time for which application threads were stopped: 0.0003882 seconds, Stopping threads took: 0.0000522 seconds
2019-04-10T19:26:49.225-0600: 16204.595: Total time for which application threads were stopped: 0.0002229 seconds, Stopping threads took: 0.0000286 seconds
2019-04-10T19:26:49.225-0600: 16204.596: Total time for which application threads were stopped: 0.0001030 seconds, Stopping threads took: 0.0000335 seconds
2019-04-10T19:26:52.226-0600: 16207.597: Total time for which application threads were stopped: 0.0002973 seconds, Stopping threads took: 0.0000406 seconds
2019-04-10T19:27:01.230-0600: 16216.601: Total time for which application threads were stopped: 0.0003480 seconds, Stopping threads took: 0.0000497 seconds
2019-04-10T19:27:02.231-0600: 16217.602: Total time for which application threads were stopped: 0.0003403 seconds, Stopping threads took: 0.0000508 seconds
2019-04-10T19:27:42.251-0600: 16257.621: Total time for which application threads were stopped: 0.0002588 seconds, Stopping threads took: 0.0000374 seconds
{Heap before GC invocations=36 (full 2):
 par new generation   total 109248K, used 95285K [0x07600000, 0x0f600000, 0x0f600000)
  eden space 87424K, 100% used [0x07600000, 0x0cb60000, 0x0cb60000)
  from space 21824K,  36% used [0x0cb60000, 0x0d30d6c0, 0x0e0b0000)
  to   space 21824K,   0% used [0x0e0b0000, 0x0e0b0000, 0x0f600000)
 concurrent mark-sweep generation total 393216K, used 63748K [0x0f600000, 0x27600000, 0x27600000)
 Metaspace       used 29945K, capacity 31273K, committed 31360K, reserved 32128K
2019-04-10T19:27:52.255-0600: 16267.625: [GC (Allocation Failure) 2019-04-10T19:27:52.255-0600: 16267.625: [ParNew
Desired survivor size 20112996 bytes, new threshold 8 (max 8)
- age   1:     637528 bytes,     637528 total
- age   2:       3280 bytes,     640808 total
- age   3:       1136 bytes,     641944 total
- age   4:       2872 bytes,     644816 total
- age   5:     424336 bytes,    1069152 total
- age   6:    5216896 bytes,    6286048 total
- age   7:      98824 bytes,    6384872 total
- age   8:      80624 bytes,    6465496 total
: 95285K->7679K(109248K), 0.0178174 secs] 159034K->71555K(502464K), 0.0178957 secs] [Times: user=0.06 sys=0.00, real=0.02 secs] 
Heap after GC invocations=37 (full 2):
 par new generation   total 109248K, used 7679K [0x07600000, 0x0f600000, 0x0f600000)
  eden space 87424K,   0% used [0x07600000, 0x07600000, 0x0cb60000)
  from space 21824K,  35% used [0x0e0b0000, 0x0e82ff38, 0x0f600000)
  to   space 21824K,   0% used [0x0cb60000, 0x0cb60000, 0x0e0b0000)
 concurrent mark-sweep generation total 393216K, used 63875K [0x0f600000, 0x27600000, 0x27600000)
 Metaspace       used 29945K, capacity 31273K, committed 31360K, reserved 32128K
}
2019-04-10T19:27:52.272-0600: 16267.643: Total time for which application threads were stopped: 0.0183269 seconds, Stopping threads took: 0.0000360 seconds
2019-04-10T19:28:01.277-0600: 16276.647: Total time for which application threads were stopped: 0.0001982 seconds, Stopping threads took: 0.0000275 seconds
2019-04-10T19:28:15.285-0600: 16290.656: Total time for which application threads were stopped: 0.0005568 seconds, Stopping threads took: 0.0000705 seconds
2019-04-10T19:28:27.289-0600: 16302.659: Total time for which application threads were stopped: 0.0002810 seconds, Stopping threads took: 0.0000360 seconds
2019-04-10T19:28:42.296-0600: 16317.666: Total time for which application threads were stopped: 0.0002514 seconds, Stopping threads took: 0.0000360 seconds
2019-04-10T19:28:52.299-0600: 16327.669: Total time for which application threads were stopped: 0.0005896 seconds, Stopping threads took: 0.0000797 seconds
2019-04-10T19:28:53.299-0600: 16328.669: Total time for which application threads were stopped: 0.0002049 seconds, Stopping threads took: 0.0000275 seconds
2019-04-10T19:28:57.301-0600: 16332.671: Total time for which application threads were stopped: 0.0002035 seconds, Stopping threads took: 0.0000268 seconds
2019-04-10T19:29:48.324-0600: 16383.694: Total time for which application threads were stopped: 0.0006047 seconds, Stopping threads took: 0.0000765 seconds
2019-04-10T19:29:53.327-0600: 16388.697: Total time for which application threads were stopped: 0.0001911 seconds, Stopping threads took: 0.0000275 seconds
2019-04-10T19:30:30.346-0600: 16425.717: Total time for which application threads were stopped: 0.0003015 seconds, Stopping threads took: 0.0000286 seconds
2019-04-10T19:30:42.352-0600: 16437.722: Total time for which application threads were stopped: 0.0001975 seconds, Stopping threads took: 0.0000247 seconds
2019-04-10T19:30:53.358-0600: 16448.728: Total time for which application threads were stopped: 0.0002087 seconds, Stopping threads took: 0.0000289 seconds
2019-04-10T19:30:55.359-0600: 16450.730: Total time for which application threads were stopped: 0.0005434 seconds, Stopping threads took: 0.0000688 seconds
2019-04-10T19:31:17.367-0600: 16472.738: Total time for which application threads were stopped: 0.0001929 seconds, Stopping threads took: 0.0000268 seconds
2019-04-10T19:31:19.368-0600: 16474.739: Total time for which application threads were stopped: 0.0002803 seconds, Stopping threads took: 0.0000409 seconds
2019-04-10T19:31:20.369-0600: 16475.739: Total time for which application threads were stopped: 0.0002257 seconds, Stopping threads took: 0.0000346 seconds
2019-04-10T19:31:49.227-0600: 16504.598: Total time for which application threads were stopped: 0.0002683 seconds, Stopping threads took: 0.0000360 seconds
2019-04-10T19:31:49.228-0600: 16504.598: Total time for which application threads were stopped: 0.0000924 seconds, Stopping threads took: 0.0000254 seconds
2019-04-10T19:31:52.229-0600: 16507.599: Total time for which application threads were stopped: 0.0002193 seconds, Stopping threads took: 0.0000310 seconds
2019-04-10T19:31:53.229-0600: 16508.599: Total time for which application threads were stopped: 0.0002229 seconds, Stopping threads took: 0.0000296 seconds
2019-04-10T19:31:54.229-0600: 16509.600: Total time for which application threads were stopped: 0.0003533 seconds, Stopping threads took: 0.0000458 seconds
2019-04-10T19:31:55.230-0600: 16510.600: Total time for which application threads were stopped: 0.0002835 seconds, Stopping threads took: 0.0000395 seconds
2019-04-10T19:32:53.252-0600: 16568.622: Total time for which application threads were stopped: 0.0001897 seconds, Stopping threads took: 0.0000257 seconds
2019-04-10T19:32:54.252-0600: 16569.623: Total time for which application threads were stopped: 0.0002803 seconds, Stopping threads took: 0.0000360 seconds
2019-04-10T19:33:31.273-0600: 16606.643: Total time for which application threads were stopped: 0.0002013 seconds, Stopping threads took: 0.0000314 seconds
2019-04-10T19:33:54.284-0600: 16629.654: Total time for which application threads were stopped: 0.0002172 seconds, Stopping threads took: 0.0000328 seconds
2019-04-10T19:33:55.284-0600: 16630.654: Total time for which application threads were stopped: 0.0002130 seconds, Stopping threads took: 0.0000272 seconds
2019-04-10T19:34:11.290-0600: 16646.661: Total time for which application threads were stopped: 0.0001936 seconds, Stopping threads took: 0.0000303 seconds
2019-04-10T19:34:30.298-0600: 16665.668: Total time for which application threads were stopped: 0.0002976 seconds, Stopping threads took: 0.0000349 seconds
2019-04-10T19:34:54.309-0600: 16689.679: Total time for which application threads were stopped: 0.0002913 seconds, Stopping threads took: 0.0000395 seconds
2019-04-10T19:34:55.309-0600: 16690.679: Total time for which application threads were stopped: 0.0002130 seconds, Stopping threads took: 0.0000289 seconds
2019-04-10T19:34:58.310-0600: 16693.680: Total time for which application threads were stopped: 0.0002631 seconds, Stopping threads took: 0.0000349 seconds
2019-04-10T19:35:07.312-0600: 16702.682: Total time for which application threads were stopped: 0.0002116 seconds, Stopping threads took: 0.0000293 seconds
2019-04-10T19:35:08.313-0600: 16703.683: Total time for which application threads were stopped: 0.0001985 seconds, Stopping threads took: 0.0000275 seconds
2019-04-10T19:35:43.328-0600: 16738.698: Total time for which application threads were stopped: 0.0002084 seconds, Stopping threads took: 0.0000286 seconds
2019-04-10T19:35:54.333-0600: 16749.704: Total time for which application threads were stopped: 0.0002059 seconds, Stopping threads took: 0.0000272 seconds
2019-04-10T19:36:13.342-0600: 16768.713: Total time for which application threads were stopped: 0.0005635 seconds, Stopping threads took: 0.0000755 seconds
2019-04-10T19:36:14.343-0600: 16769.714: Total time for which application threads were stopped: 0.0006806 seconds, Stopping threads took: 0.0000769 seconds
2019-04-10T19:36:15.344-0600: 16770.714: Total time for which application threads were stopped: 0.0002077 seconds, Stopping threads took: 0.0000286 seconds
2019-04-10T19:36:17.344-0600: 16772.715: Total time for which application threads were stopped: 0.0003406 seconds, Stopping threads took: 0.0000377 seconds
2019-04-10T19:36:24.346-0600: 16779.717: Total time for which application threads were stopped: 0.0002994 seconds, Stopping threads took: 0.0000504 seconds
2019-04-10T19:36:25.347-0600: 16780.717: Total time for which application threads were stopped: 0.0003547 seconds, Stopping threads took: 0.0000850 seconds
2019-04-10T19:36:49.230-0600: 16804.601: Total time for which application threads were stopped: 0.0001999 seconds, Stopping threads took: 0.0000254 seconds
2019-04-10T19:36:49.230-0600: 16804.601: Total time for which application threads were stopped: 0.0001548 seconds, Stopping threads took: 0.0000145 seconds
2019-04-10T19:36:50.230-0600: 16805.601: Total time for which application threads were stopped: 0.0002631 seconds, Stopping threads took: 0.0000427 seconds
2019-04-10T19:36:54.231-0600: 16809.602: Total time for which application threads were stopped: 0.0004891 seconds, Stopping threads took: 0.0000730 seconds
2019-04-10T19:36:55.231-0600: 16810.602: Total time for which application threads were stopped: 0.0002024 seconds, Stopping threads took: 0.0000310 seconds
2019-04-10T19:37:55.263-0600: 16870.635: Total time for which application threads were stopped: 0.0002066 seconds, Stopping threads took: 0.0000250 seconds
2019-04-10T19:38:01.264-0600: 16876.636: Total time for which application threads were stopped: 0.0007521 seconds, Stopping threads took: 0.0000952 seconds
2019-04-10T19:38:02.265-0600: 16877.636: Total time for which application threads were stopped: 0.0004531 seconds, Stopping threads took: 0.0000571 seconds
2019-04-10T19:38:22.273-0600: 16897.644: Total time for which application threads were stopped: 0.0003780 seconds, Stopping threads took: 0.0000388 seconds
2019-04-10T19:38:54.289-0600: 16929.661: Total time for which application threads were stopped: 0.0006961 seconds, Stopping threads took: 0.0000860 seconds
2019-04-10T19:38:55.289-0600: 16930.661: Total time for which application threads were stopped: 0.0007306 seconds, Stopping threads took: 0.0000864 seconds
2019-04-10T19:39:08.295-0600: 16943.667: Total time for which application threads were stopped: 0.0003297 seconds, Stopping threads took: 0.0000367 seconds
2019-04-10T19:39:31.306-0600: 16966.678: Total time for which application threads were stopped: 0.0002137 seconds, Stopping threads took: 0.0000317 seconds
2019-04-10T19:39:37.310-0600: 16972.682: Total time for which application threads were stopped: 0.0002299 seconds, Stopping threads took: 0.0000331 seconds
2019-04-10T19:39:55.317-0600: 16990.690: Total time for which application threads were stopped: 0.0005977 seconds, Stopping threads took: 0.0000956 seconds
2019-04-10T19:39:56.318-0600: 16991.690: Total time for which application threads were stopped: 0.0003551 seconds, Stopping threads took: 0.0000543 seconds
2019-04-10T19:40:37.337-0600: 17032.709: Total time for which application threads were stopped: 0.0004686 seconds, Stopping threads took: 0.0000748 seconds
2019-04-10T19:40:55.344-0600: 17050.716: Total time for which application threads were stopped: 0.0003738 seconds, Stopping threads took: 0.0000247 seconds
2019-04-10T19:41:15.354-0600: 17070.726: Total time for which application threads were stopped: 0.0002916 seconds, Stopping threads took: 0.0000391 seconds
2019-04-10T19:41:16.354-0600: 17071.727: Total time for which application threads were stopped: 0.0002066 seconds, Stopping threads took: 0.0000331 seconds
2019-04-10T19:41:17.355-0600: 17072.728: Total time for which application threads were stopped: 0.0005716 seconds, Stopping threads took: 0.0000758 seconds
2019-04-10T19:41:23.358-0600: 17078.730: Total time for which application threads were stopped: 0.0001862 seconds, Stopping threads took: 0.0000247 seconds
2019-04-10T19:41:29.361-0600: 17084.733: Total time for which application threads were stopped: 0.0001943 seconds, Stopping threads took: 0.0000264 seconds
2019-04-10T19:41:30.362-0600: 17085.734: Total time for which application threads were stopped: 0.0002278 seconds, Stopping threads took: 0.0000300 seconds
2019-04-10T19:41:31.362-0600: 17086.734: Total time for which application threads were stopped: 0.0002165 seconds, Stopping threads took: 0.0000293 seconds
2019-04-10T19:41:32.363-0600: 17087.735: Total time for which application threads were stopped: 0.0002895 seconds, Stopping threads took: 0.0000360 seconds
2019-04-10T19:41:49.231-0600: 17104.604: Total time for which application threads were stopped: 0.0002126 seconds, Stopping threads took: 0.0000264 seconds
2019-04-10T19:41:49.231-0600: 17104.604: Total time for which application threads were stopped: 0.0000737 seconds, Stopping threads took: 0.0000155 seconds
2019-04-10T19:41:54.234-0600: 17109.607: Total time for which application threads were stopped: 0.0004521 seconds, Stopping threads took: 0.0000635 seconds
2019-04-10T19:41:55.235-0600: 17110.607: Total time for which application threads were stopped: 0.0004154 seconds, Stopping threads took: 0.0001157 seconds
2019-04-10T19:41:56.235-0600: 17111.607: Total time for which application threads were stopped: 0.0003780 seconds, Stopping threads took: 0.0000487 seconds
2019-04-10T19:42:56.263-0600: 17171.636: Total time for which application threads were stopped: 0.0004743 seconds, Stopping threads took: 0.0000599 seconds
2019-04-10T19:43:34.282-0600: 17209.654: Total time for which application threads were stopped: 0.0002010 seconds, Stopping threads took: 0.0000293 seconds
2019-04-10T19:43:35.282-0600: 17210.655: Total time for which application threads were stopped: 0.0004168 seconds, Stopping threads took: 0.0000628 seconds
2019-04-10T19:43:36.283-0600: 17211.655: Total time for which application threads were stopped: 0.0004147 seconds, Stopping threads took: 0.0000575 seconds
2019-04-10T19:43:40.285-0600: 17215.657: Total time for which application threads were stopped: 0.0002511 seconds, Stopping threads took: 0.0000328 seconds
2019-04-10T19:43:56.292-0600: 17231.665: Total time for which application threads were stopped: 0.0005399 seconds, Stopping threads took: 0.0000688 seconds
2019-04-10T19:44:08.300-0600: 17243.673: Total time for which application threads were stopped: 0.0003364 seconds, Stopping threads took: 0.0000504 seconds
2019-04-10T19:44:11.302-0600: 17246.674: Total time for which application threads were stopped: 0.0004605 seconds, Stopping threads took: 0.0000631 seconds
2019-04-10T19:44:32.312-0600: 17267.684: Total time for which application threads were stopped: 0.0002444 seconds, Stopping threads took: 0.0000293 seconds
2019-04-10T19:44:34.312-0600: 17269.685: Total time for which application threads were stopped: 0.0002257 seconds, Stopping threads took: 0.0000307 seconds
2019-04-10T19:44:54.322-0600: 17289.694: Total time for which application threads were stopped: 0.0002024 seconds, Stopping threads took: 0.0000289 seconds
2019-04-10T19:44:56.324-0600: 17291.696: Total time for which application threads were stopped: 0.0002077 seconds, Stopping threads took: 0.0000293 seconds
2019-04-10T19:45:09.331-0600: 17304.703: Total time for which application threads were stopped: 0.0004506 seconds, Stopping threads took: 0.0000659 seconds
2019-04-10T19:45:10.331-0600: 17305.704: Total time for which application threads were stopped: 0.0005099 seconds, Stopping threads took: 0.0000702 seconds
2019-04-10T19:45:47.351-0600: 17342.723: Total time for which application threads were stopped: 0.0003054 seconds, Stopping threads took: 0.0000437 seconds
2019-04-10T19:45:48.351-0600: 17343.723: Total time for which application threads were stopped: 0.0002236 seconds, Stopping threads took: 0.0000293 seconds
2019-04-10T19:45:50.352-0600: 17345.724: Total time for which application threads were stopped: 0.0001820 seconds, Stopping threads took: 0.0000254 seconds
2019-04-10T19:45:56.354-0600: 17351.726: Total time for which application threads were stopped: 0.0003576 seconds, Stopping threads took: 0.0000388 seconds
2019-04-10T19:45:57.354-0600: 17352.726: Total time for which application threads were stopped: 0.0002137 seconds, Stopping threads took: 0.0000264 seconds
2019-04-10T19:45:58.354-0600: 17353.726: Total time for which application threads were stopped: 0.0003040 seconds, Stopping threads took: 0.0000681 seconds
2019-04-10T19:46:02.355-0600: 17357.727: Total time for which application threads were stopped: 0.0002162 seconds, Stopping threads took: 0.0000261 seconds
2019-04-10T19:46:04.356-0600: 17359.728: Total time for which application threads were stopped: 0.0005392 seconds, Stopping threads took: 0.0000762 seconds
2019-04-10T19:46:05.356-0600: 17360.728: Total time for which application threads were stopped: 0.0001915 seconds, Stopping threads took: 0.0000286 seconds
2019-04-10T19:46:06.356-0600: 17361.729: Total time for which application threads were stopped: 0.0001999 seconds, Stopping threads took: 0.0000264 seconds
2019-04-10T19:46:18.361-0600: 17373.734: Total time for which application threads were stopped: 0.0004073 seconds, Stopping threads took: 0.0000740 seconds
2019-04-10T19:46:49.234-0600: 17404.607: Total time for which application threads were stopped: 0.0003135 seconds, Stopping threads took: 0.0000406 seconds
2019-04-10T19:46:49.234-0600: 17404.607: Total time for which application threads were stopped: 0.0000910 seconds, Stopping threads took: 0.0000222 seconds
2019-04-10T19:46:57.238-0600: 17412.611: Total time for which application threads were stopped: 0.0006333 seconds, Stopping threads took: 0.0000786 seconds
2019-04-10T19:46:58.239-0600: 17413.611: Total time for which application threads were stopped: 0.0003568 seconds, Stopping threads took: 0.0000490 seconds
2019-04-10T19:46:59.239-0600: 17414.611: Total time for which application threads were stopped: 0.0004542 seconds, Stopping threads took: 0.0000769 seconds
2019-04-10T19:47:02.241-0600: 17417.613: Total time for which application threads were stopped: 0.0003449 seconds, Stopping threads took: 0.0000480 seconds
2019-04-10T19:47:07.244-0600: 17422.616: Total time for which application threads were stopped: 0.0004690 seconds, Stopping threads took: 0.0000617 seconds
2019-04-10T19:47:08.244-0600: 17423.616: Total time for which application threads were stopped: 0.0005102 seconds, Stopping threads took: 0.0000719 seconds
2019-04-10T19:47:10.245-0600: 17425.617: Total time for which application threads were stopped: 0.0004415 seconds, Stopping threads took: 0.0000557 seconds
2019-04-10T19:47:24.249-0600: 17439.621: Total time for which application threads were stopped: 0.0002147 seconds, Stopping threads took: 0.0000296 seconds
2019-04-10T19:47:26.250-0600: 17441.622: Total time for which application threads were stopped: 0.0004397 seconds, Stopping threads took: 0.0000867 seconds
2019-04-10T19:47:52.258-0600: 17467.630: Total time for which application threads were stopped: 0.0002105 seconds, Stopping threads took: 0.0000268 seconds
2019-04-10T19:47:57.260-0600: 17472.632: Total time for which application threads were stopped: 0.0003925 seconds, Stopping threads took: 0.0000469 seconds
2019-04-10T19:47:58.261-0600: 17473.633: Total time for which application threads were stopped: 0.0006026 seconds, Stopping threads took: 0.0000793 seconds
2019-04-10T19:48:39.277-0600: 17514.650: Total time for which application threads were stopped: 0.0002479 seconds, Stopping threads took: 0.0000317 seconds
2019-04-10T19:48:57.284-0600: 17532.657: Total time for which application threads were stopped: 0.0002197 seconds, Stopping threads took: 0.0000289 seconds
2019-04-10T19:48:58.285-0600: 17533.657: Total time for which application threads were stopped: 0.0002906 seconds, Stopping threads took: 0.0000398 seconds
2019-04-10T19:49:29.300-0600: 17564.672: Total time for which application threads were stopped: 0.0002990 seconds, Stopping threads took: 0.0000384 seconds
2019-04-10T19:49:30.300-0600: 17565.672: Total time for which application threads were stopped: 0.0003540 seconds, Stopping threads took: 0.0000663 seconds
2019-04-10T19:49:39.303-0600: 17574.675: Total time for which application threads were stopped: 0.0002169 seconds, Stopping threads took: 0.0000275 seconds
2019-04-10T19:49:40.304-0600: 17575.676: Total time for which application threads were stopped: 0.0004200 seconds, Stopping threads took: 0.0000536 seconds
2019-04-10T19:49:41.304-0600: 17576.676: Total time for which application threads were stopped: 0.0003346 seconds, Stopping threads took: 0.0000406 seconds
2019-04-10T19:49:42.305-0600: 17577.677: Total time for which application threads were stopped: 0.0002433 seconds, Stopping threads took: 0.0000324 seconds
2019-04-10T19:49:43.306-0600: 17578.678: Total time for which application threads were stopped: 0.0002609 seconds, Stopping threads took: 0.0000487 seconds
2019-04-10T19:49:50.309-0600: 17585.681: Total time for which application threads were stopped: 0.0002070 seconds, Stopping threads took: 0.0000328 seconds
2019-04-10T19:49:56.313-0600: 17591.685: Total time for which application threads were stopped: 0.0002803 seconds, Stopping threads took: 0.0000434 seconds
2019-04-10T19:49:57.313-0600: 17592.686: Total time for which application threads were stopped: 0.0002165 seconds, Stopping threads took: 0.0000310 seconds
2019-04-10T19:49:58.314-0600: 17593.686: Total time for which application threads were stopped: 0.0003519 seconds, Stopping threads took: 0.0000578 seconds
2019-04-10T19:50:50.338-0600: 17645.710: Total time for which application threads were stopped: 0.0002024 seconds, Stopping threads took: 0.0000275 seconds
2019-04-10T19:50:57.342-0600: 17652.715: Total time for which application threads were stopped: 0.0006361 seconds, Stopping threads took: 0.0001506 seconds
2019-04-10T19:50:58.343-0600: 17653.715: Total time for which application threads were stopped: 0.0005734 seconds, Stopping threads took: 0.0000825 seconds
2019-04-10T19:51:38.366-0600: 17693.738: Total time for which application threads were stopped: 0.0003537 seconds, Stopping threads took: 0.0000413 seconds
2019-04-11T08:42:00.653-0600: 63934.795: Total time for which application threads were stopped: 0.0004697 seconds, Stopping threads took: 0.0000413 seconds
2019-04-11T08:42:00.661-0600: 63934.803: Total time for which application threads were stopped: 0.0001918 seconds, Stopping threads took: 0.0000374 seconds
2019-04-11T08:42:01.045-0600: 63935.187: Total time for which application threads were stopped: 0.0002306 seconds, Stopping threads took: 0.0000547 seconds
2019-04-11T08:42:02.045-0600: 63936.187: Total time for which application threads were stopped: 0.0004489 seconds, Stopping threads took: 0.0000444 seconds
2019-04-11T08:42:04.308-0600: 63938.450: Total time for which application threads were stopped: 1.0378520 seconds, Stopping threads took: 1.0375498 seconds
2019-04-11T08:42:04.310-0600: 63938.452: Total time for which application threads were stopped: 0.0002489 seconds, Stopping threads took: 0.0001111 seconds
2019-04-11T08:42:04.310-0600: 63938.452: Total time for which application threads were stopped: 0.0001569 seconds, Stopping threads took: 0.0000607 seconds
2019-04-11T08:42:04.310-0600: 63938.452: Total time for which application threads were stopped: 0.0000970 seconds, Stopping threads took: 0.0000138 seconds
2019-04-11T08:42:04.311-0600: 63938.453: Total time for which application threads were stopped: 0.0001576 seconds, Stopping threads took: 0.0000367 seconds
2019-04-11T08:42:04.311-0600: 63938.453: Total time for which application threads were stopped: 0.0001689 seconds, Stopping threads took: 0.0000726 seconds
2019-04-11T08:42:04.312-0600: 63938.454: Total time for which application threads were stopped: 0.0001439 seconds, Stopping threads took: 0.0000614 seconds
2019-04-11T08:42:04.313-0600: 63938.455: Total time for which application threads were stopped: 0.0001453 seconds, Stopping threads took: 0.0000614 seconds
2019-04-11T08:42:04.354-0600: 63938.496: Total time for which application threads were stopped: 0.0412488 seconds, Stopping threads took: 0.0411257 seconds
2019-04-11T08:42:04.354-0600: 63938.497: Total time for which application threads were stopped: 0.0001908 seconds, Stopping threads took: 0.0000984 seconds
2019-04-11T08:42:04.382-0600: 63938.524: Total time for which application threads were stopped: 0.0140832 seconds, Stopping threads took: 0.0139566 seconds
2019-04-11T08:42:04.391-0600: 63938.533: Total time for which application threads were stopped: 0.0001802 seconds, Stopping threads took: 0.0000480 seconds
2019-04-11T08:42:04.392-0600: 63938.534: Total time for which application threads were stopped: 0.0001604 seconds, Stopping threads took: 0.0000416 seconds
2019-04-11T08:42:04.392-0600: 63938.535: Total time for which application threads were stopped: 0.0001467 seconds, Stopping threads took: 0.0000465 seconds
2019-04-11T08:42:04.393-0600: 63938.535: Total time for which application threads were stopped: 0.0001315 seconds, Stopping threads took: 0.0000272 seconds
2019-04-11T08:42:04.393-0600: 63938.535: Total time for which application threads were stopped: 0.0001312 seconds, Stopping threads took: 0.0000416 seconds
2019-04-11T08:42:04.393-0600: 63938.535: Total time for which application threads were stopped: 0.0001023 seconds, Stopping threads took: 0.0000197 seconds
2019-04-11T08:42:04.393-0600: 63938.535: Total time for which application threads were stopped: 0.0001150 seconds, Stopping threads took: 0.0000339 seconds
2019-04-11T08:42:04.420-0600: 63938.562: Total time for which application threads were stopped: 0.0121681 seconds, Stopping threads took: 0.0120338 seconds
2019-04-11T08:42:04.906-0600: 63939.048: Total time for which application threads were stopped: 0.0010141 seconds, Stopping threads took: 0.0006784 seconds
2019-04-11T08:42:05.016-0600: 63939.159: Total time for which application threads were stopped: 0.0495980 seconds, Stopping threads took: 0.0494252 seconds
2019-04-11T08:42:05.605-0600: 63939.748: Total time for which application threads were stopped: 0.0003646 seconds, Stopping threads took: 0.0000363 seconds
2019-04-11T08:42:05.952-0600: 63940.095: Total time for which application threads were stopped: 0.0002433 seconds, Stopping threads took: 0.0000353 seconds
2019-04-11T08:42:05.994-0600: 63940.136: Total time for which application threads were stopped: 0.0018921 seconds, Stopping threads took: 0.0017296 seconds
2019-04-11T08:42:05.998-0600: 63940.140: Total time for which application threads were stopped: 0.0002253 seconds, Stopping threads took: 0.0000476 seconds
2019-04-11T08:42:05.998-0600: 63940.140: Total time for which application threads were stopped: 0.0001527 seconds, Stopping threads took: 0.0000254 seconds
2019-04-11T08:42:05.998-0600: 63940.140: Total time for which application threads were stopped: 0.0001241 seconds, Stopping threads took: 0.0000215 seconds
2019-04-11T08:42:06.054-0600: 63940.196: Total time for which application threads were stopped: 0.0002218 seconds, Stopping threads took: 0.0000353 seconds
2019-04-11T08:42:06.054-0600: 63940.196: Total time for which application threads were stopped: 0.0001284 seconds, Stopping threads took: 0.0000169 seconds
2019-04-11T08:42:06.239-0600: 63940.382: Total time for which application threads were stopped: 0.0002920 seconds, Stopping threads took: 0.0000300 seconds
2019-04-11T08:42:07.239-0600: 63941.382: Total time for which application threads were stopped: 0.0003925 seconds, Stopping threads took: 0.0000406 seconds
2019-04-11T08:42:09.726-0600: 63943.868: Total time for which application threads were stopped: 0.0056193 seconds, Stopping threads took: 0.0052515 seconds
2019-04-11T08:42:09.726-0600: 63943.869: Total time for which application threads were stopped: 0.0001950 seconds, Stopping threads took: 0.0000374 seconds
2019-04-11T08:42:10.090-0600: 63944.232: Total time for which application threads were stopped: 0.0002955 seconds, Stopping threads took: 0.0000543 seconds
2019-04-11T08:42:10.169-0600: 63944.311: Total time for which application threads were stopped: 0.0002941 seconds, Stopping threads took: 0.0000476 seconds
2019-04-11T08:42:10.169-0600: 63944.312: Total time for which application threads were stopped: 0.0002824 seconds, Stopping threads took: 0.0000522 seconds
2019-04-11T08:42:10.218-0600: 63944.361: Total time for which application threads were stopped: 0.0002158 seconds, Stopping threads took: 0.0000356 seconds
2019-04-11T08:42:10.222-0600: 63944.365: Total time for which application threads were stopped: 0.0002906 seconds, Stopping threads took: 0.0000455 seconds
2019-04-11T08:42:10.223-0600: 63944.365: Total time for which application threads were stopped: 0.0001820 seconds, Stopping threads took: 0.0000427 seconds
2019-04-11T08:42:10.248-0600: 63944.390: Total time for which application threads were stopped: 0.0095330 seconds, Stopping threads took: 0.0091384 seconds
2019-04-11T08:42:10.249-0600: 63944.392: Total time for which application threads were stopped: 0.0013089 seconds, Stopping threads took: 0.0010875 seconds
2019-04-11T08:42:10.250-0600: 63944.392: Total time for which application threads were stopped: 0.0002165 seconds, Stopping threads took: 0.0000430 seconds
2019-04-11T08:42:10.250-0600: 63944.393: Total time for which application threads were stopped: 0.0001901 seconds, Stopping threads took: 0.0000331 seconds
2019-04-11T08:42:10.251-0600: 63944.393: Total time for which application threads were stopped: 0.0001523 seconds, Stopping threads took: 0.0000208 seconds
2019-04-11T08:42:10.251-0600: 63944.393: Total time for which application threads were stopped: 0.0001834 seconds, Stopping threads took: 0.0000367 seconds
2019-04-11T08:42:10.251-0600: 63944.394: Total time for which application threads were stopped: 0.0001827 seconds, Stopping threads took: 0.0000476 seconds
2019-04-11T08:42:10.252-0600: 63944.394: Total time for which application threads were stopped: 0.0002035 seconds, Stopping threads took: 0.0000458 seconds
2019-04-11T08:42:10.252-0600: 63944.394: Total time for which application threads were stopped: 0.0001527 seconds, Stopping threads took: 0.0000166 seconds
2019-04-11T08:42:10.252-0600: 63944.395: Total time for which application threads were stopped: 0.0002719 seconds, Stopping threads took: 0.0001291 seconds
2019-04-11T08:42:10.253-0600: 63944.395: Total time for which application threads were stopped: 0.0001661 seconds, Stopping threads took: 0.0000205 seconds
2019-04-11T08:42:10.258-0600: 63944.400: Total time for which application threads were stopped: 0.0002257 seconds, Stopping threads took: 0.0000367 seconds
2019-04-11T08:42:10.343-0600: 63944.485: Total time for which application threads were stopped: 0.0002532 seconds, Stopping threads took: 0.0000666 seconds
2019-04-11T08:42:10.343-0600: 63944.485: Total time for which application threads were stopped: 0.0002733 seconds, Stopping threads took: 0.0000226 seconds
2019-04-11T08:42:10.344-0600: 63944.486: Total time for which application threads were stopped: 0.0002105 seconds, Stopping threads took: 0.0000349 seconds
2019-04-11T08:42:10.436-0600: 63944.578: Total time for which application threads were stopped: 0.0003470 seconds, Stopping threads took: 0.0001308 seconds
2019-04-11T08:42:10.440-0600: 63944.583: Total time for which application threads were stopped: 0.0003815 seconds, Stopping threads took: 0.0000504 seconds
2019-04-11T08:42:10.443-0600: 63944.585: Total time for which application threads were stopped: 0.0004771 seconds, Stopping threads took: 0.0001058 seconds
2019-04-11T08:42:10.444-0600: 63944.586: Total time for which application threads were stopped: 0.0005769 seconds, Stopping threads took: 0.0000765 seconds
2019-04-11T08:42:10.444-0600: 63944.587: Total time for which application threads were stopped: 0.0003434 seconds, Stopping threads took: 0.0000427 seconds
2019-04-11T08:42:10.444-0600: 63944.587: Total time for which application threads were stopped: 0.0002264 seconds, Stopping threads took: 0.0000268 seconds
2019-04-11T08:42:10.453-0600: 63944.595: Total time for which application threads were stopped: 0.0002969 seconds, Stopping threads took: 0.0000804 seconds
2019-04-11T08:42:10.455-0600: 63944.598: Total time for which application threads were stopped: 0.0002334 seconds, Stopping threads took: 0.0000374 seconds
2019-04-11T08:42:10.458-0600: 63944.600: Total time for which application threads were stopped: 0.0002683 seconds, Stopping threads took: 0.0000416 seconds
2019-04-11T08:42:10.459-0600: 63944.601: Total time for which application threads were stopped: 0.0002712 seconds, Stopping threads took: 0.0000402 seconds
2019-04-11T08:42:10.459-0600: 63944.602: Total time for which application threads were stopped: 0.0002366 seconds, Stopping threads took: 0.0000638 seconds
2019-04-11T08:42:10.459-0600: 63944.602: Total time for which application threads were stopped: 0.0002006 seconds, Stopping threads took: 0.0000444 seconds
2019-04-11T08:42:10.460-0600: 63944.603: Total time for which application threads were stopped: 0.0002853 seconds, Stopping threads took: 0.0000367 seconds
2019-04-11T08:42:10.461-0600: 63944.603: Total time for which application threads were stopped: 0.0001583 seconds, Stopping threads took: 0.0000219 seconds
2019-04-11T08:42:10.461-0600: 63944.604: Total time for which application threads were stopped: 0.0002634 seconds, Stopping threads took: 0.0000557 seconds
2019-04-11T08:42:10.463-0600: 63944.605: Total time for which application threads were stopped: 0.0003445 seconds, Stopping threads took: 0.0000818 seconds
2019-04-11T08:42:10.463-0600: 63944.605: Total time for which application threads were stopped: 0.0002581 seconds, Stopping threads took: 0.0000441 seconds
2019-04-11T08:42:10.464-0600: 63944.606: Total time for which application threads were stopped: 0.0005490 seconds, Stopping threads took: 0.0003621 seconds
2019-04-11T08:42:10.467-0600: 63944.610: Total time for which application threads were stopped: 0.0003159 seconds, Stopping threads took: 0.0000913 seconds
2019-04-11T08:42:10.468-0600: 63944.610: Total time for which application threads were stopped: 0.0002303 seconds, Stopping threads took: 0.0000804 seconds
2019-04-11T08:42:10.468-0600: 63944.610: Total time for which application threads were stopped: 0.0001717 seconds, Stopping threads took: 0.0000317 seconds
2019-04-11T08:42:10.469-0600: 63944.612: Total time for which application threads were stopped: 0.0002140 seconds, Stopping threads took: 0.0000398 seconds
2019-04-11T08:42:10.469-0600: 63944.612: Total time for which application threads were stopped: 0.0001559 seconds, Stopping threads took: 0.0000250 seconds
2019-04-11T08:42:10.470-0600: 63944.612: Total time for which application threads were stopped: 0.0001509 seconds, Stopping threads took: 0.0000349 seconds
2019-04-11T08:42:10.470-0600: 63944.613: Total time for which application threads were stopped: 0.0002690 seconds, Stopping threads took: 0.0000719 seconds
2019-04-11T08:42:10.602-0600: 63944.744: Total time for which application threads were stopped: 0.0005554 seconds, Stopping threads took: 0.0001372 seconds
2019-04-11T08:42:11.602-0600: 63945.744: Total time for which application threads were stopped: 0.0003082 seconds, Stopping threads took: 0.0000420 seconds
2019-04-11T08:42:18.604-0600: 63952.746: Total time for which application threads were stopped: 0.0003311 seconds, Stopping threads took: 0.0000349 seconds
2019-04-11T08:42:18.942-0600: 63953.084: Total time for which application threads were stopped: 0.0004521 seconds, Stopping threads took: 0.0000434 seconds
2019-04-11T08:42:19.105-0600: 63953.248: Total time for which application threads were stopped: 0.0003611 seconds, Stopping threads took: 0.0000356 seconds
2019-04-11T08:42:20.106-0600: 63954.248: Total time for which application threads were stopped: 0.0003561 seconds, Stopping threads took: 0.0000314 seconds
2019-04-11T08:42:41.115-0600: 63975.258: Total time for which application threads were stopped: 0.0002493 seconds, Stopping threads took: 0.0000360 seconds
2019-04-11T08:42:44.117-0600: 63978.259: Total time for which application threads were stopped: 0.0002729 seconds, Stopping threads took: 0.0000409 seconds
2019-04-11T08:42:47.119-0600: 63981.261: Total time for which application threads were stopped: 0.0002451 seconds, Stopping threads took: 0.0000289 seconds
2019-04-11T08:43:01.125-0600: 63995.267: Total time for which application threads were stopped: 0.0002899 seconds, Stopping threads took: 0.0000554 seconds
2019-04-11T08:43:11.130-0600: 64005.272: Total time for which application threads were stopped: 0.0002419 seconds, Stopping threads took: 0.0000264 seconds
2019-04-11T08:43:12.130-0600: 64006.273: Total time for which application threads were stopped: 0.0003128 seconds, Stopping threads took: 0.0000465 seconds
2019-04-11T08:43:20.134-0600: 64014.276: Total time for which application threads were stopped: 0.0003914 seconds, Stopping threads took: 0.0000346 seconds
2019-04-11T08:43:22.135-0600: 64016.277: Total time for which application threads were stopped: 0.0006760 seconds, Stopping threads took: 0.0000603 seconds
2019-04-11T08:43:23.135-0600: 64017.277: Total time for which application threads were stopped: 0.0002839 seconds, Stopping threads took: 0.0000416 seconds
2019-04-11T08:43:29.138-0600: 64023.280: Total time for which application threads were stopped: 0.0002641 seconds, Stopping threads took: 0.0000331 seconds
2019-04-11T08:43:33.141-0600: 64027.283: Total time for which application threads were stopped: 0.0002680 seconds, Stopping threads took: 0.0000370 seconds
2019-04-11T08:44:20.165-0600: 64074.301: Total time for which application threads were stopped: 0.0003241 seconds, Stopping threads took: 0.0000335 seconds
2019-04-11T08:45:00.286-0600: 64114.317: Total time for which application threads were stopped: 0.0002807 seconds, Stopping threads took: 0.0000494 seconds
2019-04