Java HotSpot(TM) 64-Bit Server VM (25.201-b09) for windows-amd64 JRE (1.8.0_201-b09), built on Dec 15 2018 18:36:39 by "java_re" with MS VC++ 10.0 (VS2010)
Memory: 4k page, physical 33504920k(25111072k free), swap 38485656k(27656708k free)
CommandLine flags: -XX:CMSInitiatingOccupancyFraction=50 -XX:CMSMaxAbortablePrecleanTime=6000 -XX:+CMSParallelRemarkEnabled -XX:+CMSScavengeBeforeRemark -XX:ConcGCThreads=4 -XX:GCLogFileSize=20971520 -XX:InitialHeapSize=536870912 -XX:MaxHeapSize=536870912 -XX:MaxTenuringThreshold=8 -XX:NewRatio=3 -XX:NumberOfGCLogFiles=9 -XX:OldPLABSize=16 -XX:-OmitStackTraceInFastThrow -XX:ParallelGCThreads=4 -XX:+ParallelRefProcEnabled -XX:PretenureSizeThreshold=67108864 -XX:+PrintGC -XX:+PrintGCApplicationStoppedTime -XX:+PrintGCDateStamps -XX:+PrintGCDetails -XX:+PrintGCTimeStamps -XX:+PrintHeapAtGC -XX:+PrintTenuringDistribution -XX:SurvivorRatio=4 -XX:TargetSurvivorRatio=90 -XX:ThreadStackSize=256 -XX:+UseCMSInitiatingOccupancyOnly -XX:+UseCompressedClassPointers -XX:+UseCompressedOops -XX:+UseConcMarkSweepGC -XX:+UseGCLogFileRotation -XX:-UseLargePagesIndividualAllocation -XX:+UseParNewGC 
2019-04-11T20:17:36.074-0600: 0.315: Total time for which application threads were stopped: 0.0001173 seconds, Stopping threads took: 0.0000187 seconds
2019-04-11T20:17:36.206-0600: 0.448: Total time for which application threads were stopped: 0.0001477 seconds, Stopping threads took: 0.0000243 seconds
2019-04-11T20:17:36.381-0600: 0.623: Total time for which application threads were stopped: 0.0001700 seconds, Stopping threads took: 0.0000301 seconds
2019-04-11T20:17:36.499-0600: 0.740: Total time for which application threads were stopped: 0.0001776 seconds, Stopping threads took: 0.0000220 seconds
2019-04-11T20:17:36.763-0600: 1.004: Total time for which application threads were stopped: 0.0002044 seconds, Stopping threads took: 0.0000276 seconds
2019-04-11T20:17:37.103-0600: 1.344: Total time for which application threads were stopped: 0.0001138 seconds, Stopping threads took: 0.0000294 seconds
2019-04-11T20:17:37.370-0600: 1.611: Total time for which application threads were stopped: 0.0002429 seconds, Stopping threads took: 0.0000224 seconds
2019-04-11T20:17:37.376-0600: 1.617: Total time for which application threads were stopped: 0.0001882 seconds, Stopping threads took: 0.0000167 seconds
2019-04-11T20:17:37.474-0600: 1.715: Total time for which application threads were stopped: 0.0002812 seconds, Stopping threads took: 0.0000283 seconds
2019-04-11T20:17:38.145-0600: 2.386: Total time for which application threads were stopped: 0.0002130 seconds, Stopping threads took: 0.0000171 seconds
{Heap before GC invocations=0 (full 0):
 par new generation   total 109248K, used 87424K [0x00000000e0000000, 0x00000000e8000000, 0x00000000e8000000)
  eden space 87424K, 100% used [0x00000000e0000000, 0x00000000e5560000, 0x00000000e5560000)
  from space 21824K,   0% used [0x00000000e5560000, 0x00000000e5560000, 0x00000000e6ab0000)
  to   space 21824K,   0% used [0x00000000e6ab0000, 0x00000000e6ab0000, 0x00000000e8000000)
 concurrent mark-sweep generation total 393216K, used 0K [0x00000000e8000000, 0x0000000100000000, 0x0000000100000000)
 Metaspace       used 17910K, capacity 18272K, committed 18560K, reserved 1064960K
  class space    used 2204K, capacity 2357K, committed 2432K, reserved 1048576K
2019-04-11T20:17:38.214-0600: 2.455: [GC (Allocation Failure) 2019-04-11T20:17:38.215-0600: 2.456: [ParNew
Desired survivor size 20112992 bytes, new threshold 8 (max 8)
- age   1:   12062472 bytes,   12062472 total
: 87424K->11891K(109248K), 0.0082650 secs] 87424K->11891K(502464K), 0.0084380 secs] [Times: user=0.00 sys=0.00, real=0.01 secs] 
Heap after GC invocations=1 (full 0):
 par new generation   total 109248K, used 11891K [0x00000000e0000000, 0x00000000e8000000, 0x00000000e8000000)
  eden space 87424K,   0% used [0x00000000e0000000, 0x00000000e0000000, 0x00000000e5560000)
  from space 21824K,  54% used [0x00000000e6ab0000, 0x00000000e764ce00, 0x00000000e8000000)
  to   space 21824K,   0% used [0x00000000e5560000, 0x00000000e5560000, 0x00000000e6ab0000)
 concurrent mark-sweep generation total 393216K, used 0K [0x00000000e8000000, 0x0000000100000000, 0x0000000100000000)
 Metaspace       used 17910K, capacity 18272K, committed 18560K, reserved 1064960K
  class space    used 2204K, capacity 2357K, committed 2432K, reserved 1048576K
}
2019-04-11T20:17:38.223-0600: 2.464: Total time for which application threads were stopped: 0.0085727 seconds, Stopping threads took: 0.0000169 seconds
2019-04-11T20:17:38.570-0600: 2.811: Total time for which application threads were stopped: 0.0002499 seconds, Stopping threads took: 0.0000136 seconds
2019-04-11T20:17:38.571-0600: 2.812: Total time for which application threads were stopped: 0.0001055 seconds, Stopping threads took: 0.0000097 seconds
2019-04-11T20:17:38.577-0600: 2.818: Total time for which application threads were stopped: 0.0000521 seconds, Stopping threads took: 0.0000168 seconds
2019-04-11T20:17:38.597-0600: 2.838: Total time for which application threads were stopped: 0.0000808 seconds, Stopping threads took: 0.0000255 seconds
2019-04-11T20:17:38.617-0600: 2.858: Total time for which application threads were stopped: 0.0000955 seconds, Stopping threads took: 0.0000236 seconds
2019-04-11T20:17:38.630-0600: 2.871: Total time for which application threads were stopped: 0.0000679 seconds, Stopping threads took: 0.0000262 seconds
2019-04-11T20:17:39.224-0600: 3.465: Total time for which application threads were stopped: 0.0003064 seconds, Stopping threads took: 0.0000256 seconds
2019-04-11T20:17:39.229-0600: 3.470: Total time for which application threads were stopped: 0.0002617 seconds, Stopping threads took: 0.0000270 seconds
2019-04-11T20:17:39.229-0600: 3.470: Total time for which application threads were stopped: 0.0001154 seconds, Stopping threads took: 0.0000119 seconds
2019-04-11T20:17:39.240-0600: 3.481: Total time for which application threads were stopped: 0.0000765 seconds, Stopping threads took: 0.0000324 seconds
2019-04-11T20:17:39.264-0600: 3.505: Total time for which application threads were stopped: 0.0000583 seconds, Stopping threads took: 0.0000160 seconds
2019-04-11T20:17:39.267-0600: 3.507: Total time for which application threads were stopped: 0.0003406 seconds, Stopping threads took: 0.0000324 seconds
{Heap before GC invocations=1 (full 0):
 par new generation   total 109248K, used 99315K [0x00000000e0000000, 0x00000000e8000000, 0x00000000e8000000)
  eden space 87424K, 100% used [0x00000000e0000000, 0x00000000e5560000, 0x00000000e5560000)
  from space 21824K,  54% used [0x00000000e6ab0000, 0x00000000e764ce00, 0x00000000e8000000)
  to   space 21824K,   0% used [0x00000000e5560000, 0x00000000e5560000, 0x00000000e6ab0000)
 concurrent mark-sweep generation total 393216K, used 0K [0x00000000e8000000, 0x0000000100000000, 0x0000000100000000)
 Metaspace       used 22547K, capacity 22979K, committed 23212K, reserved 1069056K
  class space    used 2783K, capacity 2921K, committed 2944K, reserved 1048576K
2019-04-11T20:17:39.276-0600: 3.517: [GC (Allocation Failure) 2019-04-11T20:17:39.276-0600: 3.517: [ParNew
Desired survivor size 20112992 bytes, new threshold 8 (max 8)
- age   1:    3069464 bytes,    3069464 total
- age   2:    5616928 bytes,    8686392 total
: 99315K->12272K(109248K), 0.0061079 secs] 99315K->12272K(502464K), 0.0062009 secs] [Times: user=0.00 sys=0.00, real=0.01 secs] 
Heap after GC invocations=2 (full 0):
 par new generation   total 109248K, used 12272K [0x00000000e0000000, 0x00000000e8000000, 0x00000000e8000000)
  eden space 87424K,   0% used [0x00000000e0000000, 0x00000000e0000000, 0x00000000e5560000)
  from space 21824K,  56% used [0x00000000e5560000, 0x00000000e615c1e8, 0x00000000e6ab0000)
  to   space 21824K,   0% used [0x00000000e6ab0000, 0x00000000e6ab0000, 0x00000000e8000000)
 concurrent mark-sweep generation total 393216K, used 0K [0x00000000e8000000, 0x0000000100000000, 0x0000000100000000)
 Metaspace       used 22547K, capacity 22979K, committed 23212K, reserved 1069056K
  class space    used 2783K, capacity 2921K, committed 2944K, reserved 1048576K
}
2019-04-11T20:17:39.283-0600: 3.524: Total time for which application threads were stopped: 0.0063451 seconds, Stopping threads took: 0.0000201 seconds
2019-04-11T20:17:39.283-0600: 3.524: [GC (CMS Initial Mark) [1 CMS-initial-mark: 0K(393216K)] 13971K(502464K), 0.0016315 secs] [Times: user=0.00 sys=0.00, real=0.00 secs] 
2019-04-11T20:17:39.284-0600: 3.525: Total time for which application threads were stopped: 0.0017667 seconds, Stopping threads took: 0.0000374 seconds
2019-04-11T20:17:39.284-0600: 3.525: [CMS-concurrent-mark-start]
2019-04-11T20:17:39.285-0600: 3.525: [CMS-concurrent-mark: 0.000/0.000 secs] [Times: user=0.00 sys=0.00, real=0.00 secs] 
2019-04-11T20:17:39.285-0600: 3.525: [CMS-concurrent-preclean-start]
2019-04-11T20:17:39.285-0600: 3.526: [CMS-concurrent-preclean: 0.001/0.001 secs] [Times: user=0.00 sys=0.00, real=0.00 secs] 
2019-04-11T20:17:39.285-0600: 3.526: [CMS-concurrent-abortable-preclean-start]
2019-04-11T20:17:39.291-0600: 3.532: Total time for which application threads were stopped: 0.0000957 seconds, Stopping threads took: 0.0000536 seconds
2019-04-11T20:17:39.309-0600: 3.550: Total time for which application threads were stopped: 0.0000641 seconds, Stopping threads took: 0.0000204 seconds
2019-04-11T20:17:39.322-0600: 3.563: Total time for which application threads were stopped: 0.0000708 seconds, Stopping threads took: 0.0000265 seconds
2019-04-11T20:17:39.334-0600: 3.575: Total time for which application threads were stopped: 0.0000722 seconds, Stopping threads took: 0.0000173 seconds
2019-04-11T20:17:39.346-0600: 3.587: Total time for which application threads were stopped: 0.0002926 seconds, Stopping threads took: 0.0000289 seconds
2019-04-11T20:17:39.350-0600: 3.591: Total time for which application threads were stopped: 0.0000667 seconds, Stopping threads took: 0.0000201 seconds
2019-04-11T20:17:39.396-0600: 3.637: Total time for which application threads were stopped: 0.0002521 seconds, Stopping threads took: 0.0000213 seconds
2019-04-11T20:17:39.413-0600: 3.654: Total time for which application threads were stopped: 0.0000852 seconds, Stopping threads took: 0.0000187 seconds
2019-04-11T20:17:39.451-0600: 3.692: Total time for which application threads were stopped: 0.0000956 seconds, Stopping threads took: 0.0000238 seconds
2019-04-11T20:17:39.464-0600: 3.704: Total time for which application threads were stopped: 0.0000835 seconds, Stopping threads took: 0.0000291 seconds
2019-04-11T20:17:39.498-0600: 3.739: Total time for which application threads were stopped: 0.0000746 seconds, Stopping threads took: 0.0000222 seconds
2019-04-11T20:17:39.529-0600: 3.770: Total time for which application threads were stopped: 0.0000672 seconds, Stopping threads took: 0.0000220 seconds
2019-04-11T20:17:39.569-0600: 3.810: Total time for which application threads were stopped: 0.0000791 seconds, Stopping threads took: 0.0000243 seconds
2019-04-11T20:17:39.656-0600: 3.896: Total time for which application threads were stopped: 0.0000889 seconds, Stopping threads took: 0.0000321 seconds
2019-04-11T20:17:39.728-0600: 3.970: Total time for which application threads were stopped: 0.0000857 seconds, Stopping threads took: 0.0000313 seconds
2019-04-11T20:17:39.728-0600: 3.970: [CMS-concurrent-abortable-preclean: 0.230/0.444 secs] [Times: user=1.16 sys=0.06, real=0.44 secs] 
2019-04-11T20:17:39.729-0600: 3.970: [GC (CMS Final Remark) [YG occupancy: 64977 K (109248 K)]{Heap before GC invocations=2 (full 1):
 par new generation   total 109248K, used 64977K [0x00000000e0000000, 0x00000000e8000000, 0x00000000e8000000)
  eden space 87424K,  60% used [0x00000000e0000000, 0x00000000e33782a0, 0x00000000e5560000)
  from space 21824K,  56% used [0x00000000e5560000, 0x00000000e615c1e8, 0x00000000e6ab0000)
  to   space 21824K,   0% used [0x00000000e6ab0000, 0x00000000e6ab0000, 0x00000000e8000000)
 concurrent mark-sweep generation total 393216K, used 0K [0x00000000e8000000, 0x0000000100000000, 0x0000000100000000)
 Metaspace       used 26558K, capacity 27195K, committed 27528K, reserved 1073152K
  class space    used 3282K, capacity 3470K, committed 3528K, reserved 1048576K
2019-04-11T20:17:39.729-0600: 3.971: [GC (CMS Final Remark) 2019-04-11T20:17:39.729-0600: 3.971: [ParNew
Desired survivor size 20112992 bytes, new threshold 8 (max 8)
- age   1:    5046608 bytes,    5046608 total
- age   2:     665128 bytes,    5711736 total
- age   3:    5643744 bytes,   11355480 total
: 64977K->12671K(109248K), 0.0067799 secs] 64977K->12671K(502464K), 0.0068263 secs] [Times: user=0.00 sys=0.00, real=0.01 secs] 
Heap after GC invocations=3 (full 1):
 par new generation   total 109248K, used 12671K [0x00000000e0000000, 0x00000000e8000000, 0x00000000e8000000)
  eden space 87424K,   0% used [0x00000000e0000000, 0x00000000e0000000, 0x00000000e5560000)
  from space 21824K,  58% used [0x00000000e6ab0000, 0x00000000e770ff50, 0x00000000e8000000)
  to   space 21824K,   0% used [0x00000000e5560000, 0x00000000e5560000, 0x00000000e6ab0000)
 concurrent mark-sweep generation total 393216K, used 0K [0x00000000e8000000, 0x0000000100000000, 0x0000000100000000)
 Metaspace       used 26558K, capacity 27195K, committed 27528K, reserved 1073152K
  class space    used 3282K, capacity 3470K, committed 3528K, reserved 1048576K
}
2019-04-11T20:17:39.736-0600: 3.977: [Rescan (parallel) , 0.0015871 secs]2019-04-11T20:17:39.737-0600: 3.979: [weak refs processing, 0.0005305 secs]2019-04-11T20:17:39.738-0600: 3.980: [class unloading, 0.0026637 secs]2019-04-11T20:17:39.741-0600: 3.982: [scrub symbol table, 0.0027498 secs]2019-04-11T20:17:39.743-0600: 3.985: [scrub string table, 0.0003472 secs][1 CMS-remark: 0K(393216K)] 12671K(502464K), 0.0154426 secs] [Times: user=0.02 sys=0.00, real=0.01 secs] 
2019-04-11T20:17:39.744-0600: 3.986: Total time for which application threads were stopped: 0.0155951 seconds, Stopping threads took: 0.0000733 seconds
2019-04-11T20:17:39.744-0600: 3.986: [CMS-concurrent-sweep-start]
2019-04-11T20:17:39.744-0600: 3.986: [CMS-concurrent-sweep: 0.000/0.000 secs] [Times: user=0.00 sys=0.00, real=0.00 secs] 
2019-04-11T20:17:39.744-0600: 3.986: [CMS-concurrent-reset-start]
2019-04-11T20:17:39.746-0600: 3.988: [CMS-concurrent-reset: 0.002/0.002 secs] [Times: user=0.00 sys=0.00, real=0.00 secs] 
2019-04-11T20:17:39.900-0600: 4.142: Total time for which application threads were stopped: 0.0003670 seconds, Stopping threads took: 0.0000269 seconds
2019-04-11T20:17:39.950-0600: 4.192: Total time for which application threads were stopped: 0.0004689 seconds, Stopping threads took: 0.0000259 seconds
2019-04-11T20:17:39.964-0600: 4.205: Total time for which application threads were stopped: 0.0002321 seconds, Stopping threads took: 0.0000347 seconds
2019-04-11T20:17:40.051-0600: 4.293: Total time for which application threads were stopped: 0.0001729 seconds, Stopping threads took: 0.0000937 seconds
2019-04-11T20:17:40.179-0600: 4.421: Total time for which application threads were stopped: 0.0001218 seconds, Stopping threads took: 0.0000210 seconds
2019-04-11T20:17:40.179-0600: 4.421: Total time for which application threads were stopped: 0.0000460 seconds, Stopping threads took: 0.0000105 seconds
2019-04-11T20:17:40.180-0600: 4.421: Total time for which application threads were stopped: 0.0000574 seconds, Stopping threads took: 0.0000208 seconds
2019-04-11T20:17:40.180-0600: 4.421: Total time for which application threads were stopped: 0.0000438 seconds, Stopping threads took: 0.0000102 seconds
2019-04-11T20:17:40.232-0600: 4.473: Total time for which application threads were stopped: 0.0001986 seconds, Stopping threads took: 0.0000633 seconds
2019-04-11T20:17:40.233-0600: 4.474: Total time for which application threads were stopped: 0.0000959 seconds, Stopping threads took: 0.0000393 seconds
2019-04-11T20:17:40.233-0600: 4.474: Total time for which application threads were stopped: 0.0000842 seconds, Stopping threads took: 0.0000477 seconds
2019-04-11T20:17:40.234-0600: 4.475: Total time for which application threads were stopped: 0.0004888 seconds, Stopping threads took: 0.0004313 seconds
2019-04-11T20:17:40.234-0600: 4.476: Total time for which application threads were stopped: 0.0001219 seconds, Stopping threads took: 0.0000646 seconds
2019-04-11T20:17:40.235-0600: 4.477: Total time for which application threads were stopped: 0.0001894 seconds, Stopping threads took: 0.0001199 seconds
2019-04-11T20:17:40.235-0600: 4.477: Total time for which application threads were stopped: 0.0000753 seconds, Stopping threads took: 0.0000244 seconds
2019-04-11T20:17:40.237-0600: 4.479: Total time for which application threads were stopped: 0.0001288 seconds, Stopping threads took: 0.0000617 seconds
2019-04-11T20:17:40.238-0600: 4.480: Total time for which application threads were stopped: 0.0001253 seconds, Stopping threads took: 0.0000250 seconds
2019-04-11T20:17:40.240-0600: 4.481: Total time for which application threads were stopped: 0.0001676 seconds, Stopping threads took: 0.0000330 seconds
2019-04-11T20:17:40.241-0600: 4.483: Total time for which application threads were stopped: 0.0002075 seconds, Stopping threads took: 0.0000403 seconds
2019-04-11T20:17:40.242-0600: 4.484: Total time for which application threads were stopped: 0.0001297 seconds, Stopping threads took: 0.0000611 seconds
2019-04-11T20:17:40.244-0600: 4.485: Total time for which application threads were stopped: 0.0001330 seconds, Stopping threads took: 0.0000386 seconds
2019-04-11T20:17:40.247-0600: 4.488: Total time for which application threads were stopped: 0.0003649 seconds, Stopping threads took: 0.0002725 seconds
2019-04-11T20:17:40.249-0600: 4.491: Total time for which application threads were stopped: 0.0001548 seconds, Stopping threads took: 0.0000581 seconds
2019-04-11T20:17:40.249-0600: 4.491: Total time for which application threads were stopped: 0.0001598 seconds, Stopping threads took: 0.0000892 seconds
2019-04-11T20:17:40.279-0600: 4.520: Total time for which application threads were stopped: 0.0004213 seconds, Stopping threads took: 0.0000404 seconds
2019-04-11T20:17:40.281-0600: 4.523: Total time for which application threads were stopped: 0.0001529 seconds, Stopping threads took: 0.0000368 seconds
2019-04-11T20:17:40.282-0600: 4.523: Total time for which application threads were stopped: 0.0000956 seconds, Stopping threads took: 0.0000204 seconds
2019-04-11T20:17:40.283-0600: 4.524: Total time for which application threads were stopped: 0.0001420 seconds, Stopping threads took: 0.0000320 seconds
2019-04-11T20:17:40.283-0600: 4.525: Total time for which application threads were stopped: 0.0003778 seconds, Stopping threads took: 0.0003039 seconds
2019-04-11T20:17:40.284-0600: 4.525: Total time for which application threads were stopped: 0.0001042 seconds, Stopping threads took: 0.0000241 seconds
2019-04-11T20:17:40.285-0600: 4.527: Total time for which application threads were stopped: 0.0001337 seconds, Stopping threads took: 0.0000492 seconds
2019-04-11T20:17:40.286-0600: 4.527: Total time for which application threads were stopped: 0.0000839 seconds, Stopping threads took: 0.0000271 seconds
2019-04-11T20:17:40.289-0600: 4.531: Total time for which application threads were stopped: 0.0001053 seconds, Stopping threads took: 0.0000274 seconds
2019-04-11T20:17:40.293-0600: 4.534: Total time for which application threads were stopped: 0.0001177 seconds, Stopping threads took: 0.0000280 seconds
2019-04-11T20:17:40.293-0600: 4.535: Total time for which application threads were stopped: 0.0001113 seconds, Stopping threads took: 0.0000186 seconds
2019-04-11T20:17:40.294-0600: 4.535: Total time for which application threads were stopped: 0.0000719 seconds, Stopping threads took: 0.0000172 seconds
2019-04-11T20:17:40.294-0600: 4.536: Total time for which application threads were stopped: 0.0000817 seconds, Stopping threads took: 0.0000371 seconds
2019-04-11T20:17:40.294-0600: 4.536: Total time for which application threads were stopped: 0.0000613 seconds, Stopping threads took: 0.0000232 seconds
2019-04-11T20:17:40.302-0600: 4.544: Total time for which application threads were stopped: 0.0003717 seconds, Stopping threads took: 0.0000355 seconds
2019-04-11T20:17:40.304-0600: 4.546: Total time for which application threads were stopped: 0.0002141 seconds, Stopping threads took: 0.0000524 seconds
2019-04-11T20:17:40.304-0600: 4.546: Total time for which application threads were stopped: 0.0001049 seconds, Stopping threads took: 0.0000200 seconds
2019-04-11T20:17:40.305-0600: 4.547: Total time for which application threads were stopped: 0.0000999 seconds, Stopping threads took: 0.0000190 seconds
2019-04-11T20:17:40.321-0600: 4.563: Total time for which application threads were stopped: 0.0001184 seconds, Stopping threads took: 0.0000281 seconds
2019-04-11T20:17:40.322-0600: 4.563: Total time for which application threads were stopped: 0.0001371 seconds, Stopping threads took: 0.0000809 seconds
2019-04-11T20:17:40.322-0600: 4.563: Total time for which application threads were stopped: 0.0000678 seconds, Stopping threads took: 0.0000139 seconds
2019-04-11T20:17:40.322-0600: 4.564: Total time for which application threads were stopped: 0.0002005 seconds, Stopping threads took: 0.0000226 seconds
2019-04-11T20:17:40.322-0600: 4.564: Total time for which application threads were stopped: 0.0000642 seconds, Stopping threads took: 0.0000280 seconds
2019-04-11T20:17:40.322-0600: 4.564: Total time for which application threads were stopped: 0.0000634 seconds, Stopping threads took: 0.0000319 seconds
2019-04-11T20:17:40.322-0600: 4.564: Total time for which application threads were stopped: 0.0000668 seconds, Stopping threads took: 0.0000351 seconds
2019-04-11T20:17:40.323-0600: 4.564: Total time for which application threads were stopped: 0.0001479 seconds, Stopping threads took: 0.0000240 seconds
2019-04-11T20:17:40.323-0600: 4.564: Total time for which application threads were stopped: 0.0000580 seconds, Stopping threads took: 0.0000251 seconds
2019-04-11T20:17:40.323-0600: 4.564: Total time for which application threads were stopped: 0.0000609 seconds, Stopping threads took: 0.0000218 seconds
2019-04-11T20:17:40.323-0600: 4.564: Total time for which application threads were stopped: 0.0000641 seconds, Stopping threads took: 0.0000315 seconds
2019-04-11T20:17:40.323-0600: 4.565: Total time for which application threads were stopped: 0.0000555 seconds, Stopping threads took: 0.0000133 seconds
2019-04-11T20:17:40.323-0600: 4.565: Total time for which application threads were stopped: 0.0000632 seconds, Stopping threads took: 0.0000239 seconds
2019-04-11T20:17:40.323-0600: 4.565: Total time for which application threads were stopped: 0.0000588 seconds, Stopping threads took: 0.0000245 seconds
2019-04-11T20:17:40.323-0600: 4.565: Total time for which application threads were stopped: 0.0000572 seconds, Stopping threads took: 0.0000247 seconds
2019-04-11T20:17:40.323-0600: 4.565: Total time for which application threads were stopped: 0.0000780 seconds, Stopping threads took: 0.0000331 seconds
2019-04-11T20:17:40.324-0600: 4.565: Total time for which application threads were stopped: 0.0000774 seconds, Stopping threads took: 0.0000389 seconds
2019-04-11T20:17:40.324-0600: 4.565: Total time for which application threads were stopped: 0.0000648 seconds, Stopping threads took: 0.0000326 seconds
2019-04-11T20:17:40.324-0600: 4.565: Total time for which application threads were stopped: 0.0000747 seconds, Stopping threads took: 0.0000431 seconds
2019-04-11T20:17:40.324-0600: 4.565: Total time for which application threads were stopped: 0.0000677 seconds, Stopping threads took: 0.0000324 seconds
2019-04-11T20:17:40.324-0600: 4.566: Total time for which application threads were stopped: 0.0000591 seconds, Stopping threads took: 0.0000265 seconds
2019-04-11T20:17:40.324-0600: 4.566: Total time for which application threads were stopped: 0.0001132 seconds, Stopping threads took: 0.0000756 seconds
2019-04-11T20:17:40.324-0600: 4.566: Total time for which application threads were stopped: 0.0000684 seconds, Stopping threads took: 0.0000360 seconds
2019-04-11T20:17:40.325-0600: 4.566: Total time for which application threads were stopped: 0.0000895 seconds, Stopping threads took: 0.0000279 seconds
2019-04-11T20:17:40.325-0600: 4.566: Total time for which application threads were stopped: 0.0000777 seconds, Stopping threads took: 0.0000256 seconds
2019-04-11T20:17:40.325-0600: 4.567: Total time for which application threads were stopped: 0.0001035 seconds, Stopping threads took: 0.0000275 seconds
2019-04-11T20:17:40.325-0600: 4.567: Total time for which application threads were stopped: 0.0000981 seconds, Stopping threads took: 0.0000438 seconds
2019-04-11T20:17:40.340-0600: 4.581: Total time for which application threads were stopped: 0.0006306 seconds, Stopping threads took: 0.0005439 seconds
2019-04-11T20:17:40.354-0600: 4.595: Total time for which application threads were stopped: 0.0001382 seconds, Stopping threads took: 0.0000377 seconds
2019-04-11T20:17:40.354-0600: 4.596: Total time for which application threads were stopped: 0.0000958 seconds, Stopping threads took: 0.0000201 seconds
2019-04-11T20:17:40.355-0600: 4.596: Total time for which application threads were stopped: 0.0000678 seconds, Stopping threads took: 0.0000162 seconds
2019-04-11T20:17:40.363-0600: 4.604: Total time for which application threads were stopped: 0.0001251 seconds, Stopping threads took: 0.0000277 seconds
2019-04-11T20:17:40.363-0600: 4.604: Total time for which application threads were stopped: 0.0001930 seconds, Stopping threads took: 0.0000265 seconds
2019-04-11T20:17:40.363-0600: 4.605: Total time for which application threads were stopped: 0.0000751 seconds, Stopping threads took: 0.0000253 seconds
2019-04-11T20:17:40.363-0600: 4.605: Total time for which application threads were stopped: 0.0000639 seconds, Stopping threads took: 0.0000307 seconds
2019-04-11T20:17:40.363-0600: 4.605: Total time for which application threads were stopped: 0.0000666 seconds, Stopping threads took: 0.0000288 seconds
2019-04-11T20:17:40.363-0600: 4.605: Total time for which application threads were stopped: 0.0000747 seconds, Stopping threads took: 0.0000166 seconds
2019-04-11T20:17:40.364-0600: 4.605: Total time for which application threads were stopped: 0.0000633 seconds, Stopping threads took: 0.0000251 seconds
2019-04-11T20:17:40.364-0600: 4.605: Total time for which application threads were stopped: 0.0000648 seconds, Stopping threads took: 0.0000238 seconds
2019-04-11T20:17:40.364-0600: 4.605: Total time for which application threads were stopped: 0.0000757 seconds, Stopping threads took: 0.0000258 seconds
2019-04-11T20:17:40.364-0600: 4.606: Total time for which application threads were stopped: 0.0000588 seconds, Stopping threads took: 0.0000242 seconds
2019-04-11T20:17:40.393-0600: 4.634: Total time for which application threads were stopped: 0.0002256 seconds, Stopping threads took: 0.0001424 seconds
2019-04-11T20:17:40.393-0600: 4.635: Total time for which application threads were stopped: 0.0002340 seconds, Stopping threads took: 0.0000276 seconds
2019-04-11T20:17:40.397-0600: 4.638: Total time for which application threads were stopped: 0.0001298 seconds, Stopping threads took: 0.0000445 seconds
2019-04-11T20:17:40.398-0600: 4.639: Total time for which application threads were stopped: 0.0001399 seconds, Stopping threads took: 0.0000406 seconds
2019-04-11T20:17:40.398-0600: 4.640: Total time for which application threads were stopped: 0.0001147 seconds, Stopping threads took: 0.0000325 seconds
{Heap before GC invocations=3 (full 1):
 par new generation   total 109248K, used 100095K [0x00000000e0000000, 0x00000000e8000000, 0x00000000e8000000)
  eden space 87424K, 100% used [0x00000000e0000000, 0x00000000e5560000, 0x00000000e5560000)
  from space 21824K,  58% used [0x00000000e6ab0000, 0x00000000e770ff50, 0x00000000e8000000)
  to   space 21824K,   0% used [0x00000000e5560000, 0x00000000e5560000, 0x00000000e6ab0000)
 concurrent mark-sweep generation total 393216K, used 0K [0x00000000e8000000, 0x0000000100000000, 0x0000000100000000)
 Metaspace       used 30425K, capacity 31315K, committed 31560K, reserved 1077248K
  class space    used 3797K, capacity 4076K, committed 4168K, reserved 1048576K
2019-04-11T20:17:40.421-0600: 4.663: [GC (Allocation Failure) 2019-04-11T20:17:40.421-0600: 4.663: [ParNew
Desired survivor size 20112992 bytes, new threshold 8 (max 8)
- age   1:    7541736 bytes,    7541736 total
- age   2:    2822984 bytes,   10364720 total
- age   3:     632120 bytes,   10996840 total
- age   4:    5534144 bytes,   16530984 total
: 100095K->18500K(109248K), 0.0094718 secs] 100095K->18500K(502464K), 0.0095344 secs] [Times: user=0.00 sys=0.00, real=0.01 secs] 
Heap after GC invocations=4 (full 1):
 par new generation   total 109248K, used 18500K [0x00000000e0000000, 0x00000000e8000000, 0x00000000e8000000)
  eden space 87424K,   0% used [0x00000000e0000000, 0x00000000e0000000, 0x00000000e5560000)
  from space 21824K,  84% used [0x00000000e5560000, 0x00000000e67710c0, 0x00000000e6ab0000)
  to   space 21824K,   0% used [0x00000000e6ab0000, 0x00000000e6ab0000, 0x00000000e8000000)
 concurrent mark-sweep generation total 393216K, used 0K [0x00000000e8000000, 0x0000000100000000, 0x0000000100000000)
 Metaspace       used 30425K, capacity 31315K, committed 31560K, reserved 1077248K
  class space    used 3797K, capacity 4076K, committed 4168K, reserved 1048576K
}
2019-04-11T20:17:40.431-0600: 4.672: Total time for which application threads were stopped: 0.0097207 seconds, Stopping threads took: 0.0000289 seconds
2019-04-11T20:17:40.431-0600: 4.673: Total time for which application threads were stopped: 0.0001181 seconds, Stopping threads took: 0.0000468 seconds
2019-04-11T20:17:40.432-0600: 4.674: Total time for which application threads were stopped: 0.0001510 seconds, Stopping threads took: 0.0001062 seconds
2019-04-11T20:17:40.433-0600: 4.674: Total time for which application threads were stopped: 0.0001424 seconds, Stopping threads took: 0.0000515 seconds
2019-04-11T20:17:40.437-0600: 4.678: Total time for which application threads were stopped: 0.0001291 seconds, Stopping threads took: 0.0000605 seconds
2019-04-11T20:17:40.437-0600: 4.679: Total time for which application threads were stopped: 0.0000956 seconds, Stopping threads took: 0.0000376 seconds
2019-04-11T20:17:40.439-0600: 4.681: Total time for which application threads were stopped: 0.0001140 seconds, Stopping threads took: 0.0000384 seconds
2019-04-11T20:17:40.443-0600: 4.684: Total time for which application threads were stopped: 0.0001443 seconds, Stopping threads took: 0.0000468 seconds
2019-04-11T20:17:40.443-0600: 4.684: Total time for which application threads were stopped: 0.0000827 seconds, Stopping threads took: 0.0000293 seconds
2019-04-11T20:17:40.445-0600: 4.686: Total time for which application threads were stopped: 0.0001301 seconds, Stopping threads took: 0.0000513 seconds
2019-04-11T20:17:40.445-0600: 4.687: Total time for which application threads were stopped: 0.0000883 seconds, Stopping threads took: 0.0000334 seconds
2019-04-11T20:17:40.529-0600: 4.770: Total time for which application threads were stopped: 0.0004539 seconds, Stopping threads took: 0.0000313 seconds
2019-04-11T20:17:40.557-0600: 4.799: Total time for which application threads were stopped: 0.0005730 seconds, Stopping threads took: 0.0000411 seconds
{Heap before GC invocations=4 (full 1):
 par new generation   total 109248K, used 105924K [0x00000000e0000000, 0x00000000e8000000, 0x00000000e8000000)
  eden space 87424K, 100% used [0x00000000e0000000, 0x00000000e5560000, 0x00000000e5560000)
  from space 21824K,  84% used [0x00000000e5560000, 0x00000000e67710c0, 0x00000000e6ab0000)
  to   space 21824K,   0% used [0x00000000e6ab0000, 0x00000000e6ab0000, 0x00000000e8000000)
 concurrent mark-sweep generation total 393216K, used 0K [0x00000000e8000000, 0x0000000100000000, 0x0000000100000000)
 Metaspace       used 31054K, capacity 32021K, committed 32072K, reserved 1077248K
  class space    used 3864K, capacity 4141K, committed 4168K, reserved 1048576K
2019-04-11T20:17:40.567-0600: 4.809: [GC (Allocation Failure) 2019-04-11T20:17:40.568-0600: 4.809: [ParNew
Desired survivor size 20112992 bytes, new threshold 8 (max 8)
- age   1:    1159760 bytes,    1159760 total
- age   2:    3038864 bytes,    4198624 total
- age   3:    2822112 bytes,    7020736 total
- age   4:     631864 bytes,    7652600 total
- age   5:    5533920 bytes,   13186520 total
: 105924K->18025K(109248K), 0.0091097 secs] 105924K->18025K(502464K), 0.0092157 secs] [Times: user=0.09 sys=0.00, real=0.01 secs] 
Heap after GC invocations=5 (full 1):
 par new generation   total 109248K, used 18025K [0x00000000e0000000, 0x00000000e8000000, 0x00000000e8000000)
  eden space 87424K,   0% used [0x00000000e0000000, 0x00000000e0000000, 0x00000000e5560000)
  from space 21824K,  82% used [0x00000000e6ab0000, 0x00000000e7c4a518, 0x00000000e8000000)
  to   space 21824K,   0% used [0x00000000e5560000, 0x00000000e5560000, 0x00000000e6ab0000)
 concurrent mark-sweep generation total 393216K, used 0K [0x00000000e8000000, 0x0000000100000000, 0x0000000100000000)
 Metaspace       used 31054K, capacity 32021K, committed 32072K, reserved 1077248K
  class space    used 3864K, capacity 4141K, committed 4168K, reserved 1048576K
}
2019-04-11T20:17:40.577-0600: 4.818: Total time for which application threads were stopped: 0.0094931 seconds, Stopping threads took: 0.0000498 seconds
2019-04-11T20:17:40.577-0600: 4.819: Total time for which application threads were stopped: 0.0004837 seconds, Stopping threads took: 0.0003618 seconds
2019-04-11T20:17:40.578-0600: 4.819: Total time for which application threads were stopped: 0.0001158 seconds, Stopping threads took: 0.0000270 seconds
2019-04-11T20:17:40.664-0600: 4.906: Total time for which application threads were stopped: 0.0001545 seconds, Stopping threads took: 0.0000397 seconds
2019-04-11T20:17:40.666-0600: 4.907: Total time for which application threads were stopped: 0.0001445 seconds, Stopping threads took: 0.0000509 seconds
2019-04-11T20:17:40.666-0600: 4.908: Total time for which application threads were stopped: 0.0001258 seconds, Stopping threads took: 0.0000486 seconds
2019-04-11T20:17:40.667-0600: 4.909: Total time for which application threads were stopped: 0.0001359 seconds, Stopping threads took: 0.0000423 seconds
2019-04-11T20:17:40.670-0600: 4.912: Total time for which application threads were stopped: 0.0001959 seconds, Stopping threads took: 0.0000856 seconds
2019-04-11T20:17:40.677-0600: 4.918: Total time for which application threads were stopped: 0.0001454 seconds, Stopping threads took: 0.0000622 seconds
2019-04-11T20:17:40.682-0600: 4.923: Total time for which application threads were stopped: 0.0002374 seconds, Stopping threads took: 0.0000303 seconds
2019-04-11T20:17:40.694-0600: 4.936: Total time for which application threads were stopped: 0.0001262 seconds, Stopping threads took: 0.0000342 seconds
{Heap before GC invocations=5 (full 1):
 par new generation   total 109248K, used 105449K [0x00000000e0000000, 0x00000000e8000000, 0x00000000e8000000)
  eden space 87424K, 100% used [0x00000000e0000000, 0x00000000e5560000, 0x00000000e5560000)
  from space 21824K,  82% used [0x00000000e6ab0000, 0x00000000e7c4a518, 0x00000000e8000000)
  to   space 21824K,   0% used [0x00000000e5560000, 0x00000000e5560000, 0x00000000e6ab0000)
 concurrent mark-sweep generation total 393216K, used 0K [0x00000000e8000000, 0x0000000100000000, 0x0000000100000000)
 Metaspace       used 32114K, capacity 33115K, committed 33224K, reserved 1079296K
  class space    used 3997K, capacity 4290K, committed 4296K, reserved 1048576K
2019-04-11T20:17:40.699-0600: 4.940: [GC (Allocation Failure) 2019-04-11T20:17:40.699-0600: 4.940: [ParNew
Desired survivor size 20112992 bytes, new threshold 8 (max 8)
- age   1:    3857680 bytes,    3857680 total
- age   2:     273320 bytes,    4131000 total
- age   3:    3010480 bytes,    7141480 total
- age   4:    2819272 bytes,    9960752 total
- age   5:     630960 bytes,   10591712 total
- age   6:    5456784 bytes,   16048496 total
: 105449K->21085K(109248K), 0.0101528 secs] 105449K->21085K(502464K), 0.0102400 secs] [Times: user=0.00 sys=0.00, real=0.01 secs] 
Heap after GC invocations=6 (full 1):
 par new generation   total 109248K, used 21085K [0x00000000e0000000, 0x00000000e8000000, 0x00000000e8000000)
  eden space 87424K,   0% used [0x00000000e0000000, 0x00000000e0000000, 0x00000000e5560000)
  from space 21824K,  96% used [0x00000000e5560000, 0x00000000e69f74f0, 0x00000000e6ab0000)
  to   space 21824K,   0% used [0x00000000e6ab0000, 0x00000000e6ab0000, 0x00000000e8000000)
 concurrent mark-sweep generation total 393216K, used 0K [0x00000000e8000000, 0x0000000100000000, 0x0000000100000000)
 Metaspace       used 32114K, capacity 33115K, committed 33224K, reserved 1079296K
  class space    used 3997K, capacity 4290K, committed 4296K, reserved 1048576K
}
2019-04-11T20:17:40.709-0600: 4.950: Total time for which application threads were stopped: 0.0105428 seconds, Stopping threads took: 0.0000776 seconds
{Heap before GC invocations=6 (full 1):
 par new generation   total 109248K, used 108496K [0x00000000e0000000, 0x00000000e8000000, 0x00000000e8000000)
  eden space 87424K,  99% used [0x00000000e0000000, 0x00000000e555ce58, 0x00000000e5560000)
  from space 21824K,  96% used [0x00000000e5560000, 0x00000000e69f74f0, 0x00000000e6ab0000)
  to   space 21824K,   0% used [0x00000000e6ab0000, 0x00000000e6ab0000, 0x00000000e8000000)
 concurrent mark-sweep generation total 393216K, used 0K [0x00000000e8000000, 0x0000000100000000, 0x0000000100000000)
 Metaspace       used 32332K, capacity 33309K, committed 33608K, reserved 1079296K
  class space    used 4029K, capacity 4301K, committed 4424K, reserved 1048576K
2019-04-11T20:17:40.754-0600: 4.995: [GC (Allocation Failure) 2019-04-11T20:17:40.754-0600: 4.995: [ParNew
Desired survivor size 20112992 bytes, new threshold 8 (max 8)
- age   1:     616080 bytes,     616080 total
- age   2:    2751904 bytes,    3367984 total
- age   3:     272144 bytes,    3640128 total
- age   4:    3009096 bytes,    6649224 total
- age   5:    2819272 bytes,    9468496 total
- age   6:     630960 bytes,   10099456 total
- age   7:    5453944 bytes,   15553400 total
: 108496K->19963K(109248K), 0.0090738 secs] 108496K->19963K(502464K), 0.0091463 secs] [Times: user=0.08 sys=0.00, real=0.01 secs] 
Heap after GC invocations=7 (full 1):
 par new generation   total 109248K, used 19963K [0x00000000e0000000, 0x00000000e8000000, 0x00000000e8000000)
  eden space 87424K,   0% used [0x00000000e0000000, 0x00000000e0000000, 0x00000000e5560000)
  from space 21824K,  91% used [0x00000000e6ab0000, 0x00000000e7e2ef00, 0x00000000e8000000)
  to   space 21824K,   0% used [0x00000000e5560000, 0x00000000e5560000, 0x00000000e6ab0000)
 concurrent mark-sweep generation total 393216K, used 0K [0x00000000e8000000, 0x0000000100000000, 0x0000000100000000)
 Metaspace       used 32332K, capacity 33309K, committed 33608K, reserved 1079296K
  class space    used 4029K, capacity 4301K, committed 4424K, reserved 1048576K
}
2019-04-11T20:17:40.763-0600: 5.005: Total time for which application threads were stopped: 0.0093798 seconds, Stopping threads took: 0.0000674 seconds
2019-04-11T20:17:40.789-0600: 5.030: Total time for which application threads were stopped: 0.0001648 seconds, Stopping threads took: 0.0000319 seconds
2019-04-11T20:17:40.790-0600: 5.032: Total time for which application threads were stopped: 0.0001333 seconds, Stopping threads took: 0.0000329 seconds
2019-04-11T20:17:40.816-0600: 5.057: Total time for which application threads were stopped: 0.0001296 seconds, Stopping threads took: 0.0000482 seconds
{Heap before GC invocations=7 (full 1):
 par new generation   total 109248K, used 107387K [0x00000000e0000000, 0x00000000e8000000, 0x00000000e8000000)
  eden space 87424K, 100% used [0x00000000e0000000, 0x00000000e5560000, 0x00000000e5560000)
  from space 21824K,  91% used [0x00000000e6ab0000, 0x00000000e7e2ef00, 0x00000000e8000000)
  to   space 21824K,   0% used [0x00000000e5560000, 0x00000000e5560000, 0x00000000e6ab0000)
 concurrent mark-sweep generation total 393216K, used 0K [0x00000000e8000000, 0x0000000100000000, 0x0000000100000000)
 Metaspace       used 32788K, capacity 33769K, committed 33864K, reserved 1079296K
  class space    used 4092K, capacity 4367K, committed 4424K, reserved 1048576K
2019-04-11T20:17:40.831-0600: 5.073: [GC (Allocation Failure) 2019-04-11T20:17:40.831-0600: 5.073: [ParNew
Desired survivor size 20112992 bytes, new threshold 8 (max 8)
- age   1:    1190680 bytes,    1190680 total
- age   2:     151640 bytes,    1342320 total
- age   3:    2751352 bytes,    4093672 total
- age   4:     272048 bytes,    4365720 total
- age   5:    3008496 bytes,    7374216 total
- age   6:    2819144 bytes,   10193360 total
- age   7:     630984 bytes,   10824344 total
- age   8:    5453688 bytes,   16278032 total
: 107387K->21153K(109248K), 0.0095864 secs] 107387K->21153K(502464K), 0.0097132 secs] [Times: user=0.08 sys=0.00, real=0.01 secs] 
Heap after GC invocations=8 (full 1):
 par new generation   total 109248K, used 21153K [0x00000000e0000000, 0x00000000e8000000, 0x00000000e8000000)
  eden space 87424K,   0% used [0x00000000e0000000, 0x00000000e0000000, 0x00000000e5560000)
  from space 21824K,  96% used [0x00000000e5560000, 0x00000000e6a08610, 0x00000000e6ab0000)
  to   space 21824K,   0% used [0x00000000e6ab0000, 0x00000000e6ab0000, 0x00000000e8000000)
 concurrent mark-sweep generation total 393216K, used 0K [0x00000000e8000000, 0x0000000100000000, 0x0000000100000000)
 Metaspace       used 32788K, capacity 33769K, committed 33864K, reserved 1079296K
  class space    used 4092K, capacity 4367K, committed 4424K, reserved 1048576K
}
2019-04-11T20:17:40.841-0600: 5.082: Total time for which application threads were stopped: 0.0099727 seconds, Stopping threads took: 0.0000577 seconds
{Heap before GC invocations=8 (full 1):
 par new generation   total 109248K, used 108577K [0x00000000e0000000, 0x00000000e8000000, 0x00000000e8000000)
  eden space 87424K, 100% used [0x00000000e0000000, 0x00000000e5560000, 0x00000000e5560000)
  from space 21824K,  96% used [0x00000000e5560000, 0x00000000e6a08610, 0x00000000e6ab0000)
  to   space 21824K,   0% used [0x00000000e6ab0000, 0x00000000e6ab0000, 0x00000000e8000000)
 concurrent mark-sweep generation total 393216K, used 0K [0x00000000e8000000, 0x0000000100000000, 0x0000000100000000)
 Metaspace       used 32851K, capacity 33769K, committed 33864K, reserved 1079296K
  class space    used 4101K, capacity 4367K, committed 4424K, reserved 1048576K
2019-04-11T20:17:40.880-0600: 5.122: [GC (Allocation Failure) 2019-04-11T20:17:40.881-0600: 5.122: [ParNew
Desired survivor size 20112992 bytes, new threshold 8 (max 8)
- age   1:    1469392 bytes,    1469392 total
- age   2:     260696 bytes,    1730088 total
- age   3:     150848 bytes,    1880936 total
- age   4:    2751304 bytes,    4632240 total
- age   5:     272000 bytes,    4904240 total
- age   6:    3008696 bytes,    7912936 total
- age   7:    2819144 bytes,   10732080 total
- age   8:     630928 bytes,   11363008 total
: 108577K->15768K(109248K), 0.0234349 secs] 108577K->21608K(502464K), 0.0235460 secs] [Times: user=0.16 sys=0.02, real=0.02 secs] 
Heap after GC invocations=9 (full 1):
 par new generation   total 109248K, used 15768K [0x00000000e0000000, 0x00000000e8000000, 0x00000000e8000000)
  eden space 87424K,   0% used [0x00000000e0000000, 0x00000000e0000000, 0x00000000e5560000)
  from space 21824K,  72% used [0x00000000e6ab0000, 0x00000000e7a161c0, 0x00000000e8000000)
  to   space 21824K,   0% used [0x00000000e5560000, 0x00000000e5560000, 0x00000000e6ab0000)
 concurrent mark-sweep generation total 393216K, used 5839K [0x00000000e8000000, 0x0000000100000000, 0x0000000100000000)
 Metaspace       used 32851K, capacity 33769K, committed 33864K, reserved 1079296K
  class space    used 4101K, capacity 4367K, committed 4424K, reserved 1048576K
}
2019-04-11T20:17:40.904-0600: 5.145: Total time for which application threads were stopped: 0.0238892 seconds, Stopping threads took: 0.0000745 seconds
2019-04-11T20:17:40.930-0600: 5.172: Total time for which application threads were stopped: 0.0002151 seconds, Stopping threads took: 0.0000330 seconds
2019-04-11T20:17:40.943-0600: 5.185: Total time for which application threads were stopped: 0.0001107 seconds, Stopping threads took: 0.0000274 seconds
{Heap before GC invocations=9 (full 1):
 par new generation   total 109248K, used 103192K [0x00000000e0000000, 0x00000000e8000000, 0x00000000e8000000)
  eden space 87424K, 100% used [0x00000000e0000000, 0x00000000e5560000, 0x00000000e5560000)
  from space 21824K,  72% used [0x00000000e6ab0000, 0x00000000e7a161c0, 0x00000000e8000000)
  to   space 21824K,   0% used [0x00000000e5560000, 0x00000000e5560000, 0x00000000e6ab0000)
 concurrent mark-sweep generation total 393216K, used 5839K [0x00000000e8000000, 0x0000000100000000, 0x0000000100000000)
 Metaspace       used 33055K, capacity 33999K, committed 34120K, reserved 1079296K
  class space    used 4129K, capacity 4400K, committed 4424K, reserved 1048576K
2019-04-11T20:17:40.953-0600: 5.195: [GC (Allocation Failure) 2019-04-11T20:17:40.953-0600: 5.195: [ParNew
Desired survivor size 20112992 bytes, new threshold 8 (max 8)
- age   1:     773216 bytes,     773216 total
- age   2:      94848 bytes,     868064 total
- age   3:     259232 bytes,    1127296 total
- age   4:     150816 bytes,    1278112 total
- age   5:    2750760 bytes,    4028872 total
- age   6:     271864 bytes,    4300736 total
- age   7:    3007832 bytes,    7308568 total
- age   8:    2819144 bytes,   10127712 total
: 103192K->10731K(109248K), 0.0066772 secs] 109032K->17200K(502464K), 0.0067925 secs] [Times: user=0.00 sys=0.00, real=0.01 secs] 
Heap after GC invocations=10 (full 1):
 par new generation   total 109248K, used 10731K [0x00000000e0000000, 0x00000000e8000000, 0x00000000e8000000)
  eden space 87424K,   0% used [0x00000000e0000000, 0x00000000e0000000, 0x00000000e5560000)
  from space 21824K,  49% used [0x00000000e5560000, 0x00000000e5fdace0, 0x00000000e6ab0000)
  to   space 21824K,   0% used [0x00000000e6ab0000, 0x00000000e6ab0000, 0x00000000e8000000)
 concurrent mark-sweep generation total 393216K, used 6469K [0x00000000e8000000, 0x0000000100000000, 0x0000000100000000)
 Metaspace       used 33055K, capacity 33999K, committed 34120K, reserved 1079296K
  class space    used 4129K, capacity 4400K, committed 4424K, reserved 1048576K
}
2019-04-11T20:17:40.960-0600: 5.201: Total time for which application threads were stopped: 0.0069989 seconds, Stopping threads took: 0.0000524 seconds
2019-04-11T20:17:40.976-0600: 5.218: Total time for which application threads were stopped: 0.0001365 seconds, Stopping threads took: 0.0000469 seconds
2019-04-11T20:17:40.977-0600: 5.218: Total time for which application threads were stopped: 0.0000857 seconds, Stopping threads took: 0.0000335 seconds
2019-04-11T20:17:41.032-0600: 5.273: Total time for which application threads were stopped: 0.0001443 seconds, Stopping threads took: 0.0000491 seconds
2019-04-11T20:17:41.085-0600: 5.327: Total time for which application threads were stopped: 0.0004767 seconds, Stopping threads took: 0.0000435 seconds
{Heap before GC invocations=10 (full 1):
 par new generation   total 109248K, used 98155K [0x00000000e0000000, 0x00000000e8000000, 0x00000000e8000000)
  eden space 87424K, 100% used [0x00000000e0000000, 0x00000000e5560000, 0x00000000e5560000)
  from space 21824K,  49% used [0x00000000e5560000, 0x00000000e5fdace0, 0x00000000e6ab0000)
  to   space 21824K,   0% used [0x00000000e6ab0000, 0x00000000e6ab0000, 0x00000000e8000000)
 concurrent mark-sweep generation total 393216K, used 6469K [0x00000000e8000000, 0x0000000100000000, 0x0000000100000000)
 Metaspace       used 34595K, capacity 35543K, committed 35912K, reserved 1081344K
  class space    used 4293K, capacity 4570K, committed 4680K, reserved 1048576K
2019-04-11T20:17:41.161-0600: 5.402: [GC (Allocation Failure) 2019-04-11T20:17:41.161-0600: 5.402: [ParNew
Desired survivor size 20112992 bytes, new threshold 8 (max 8)
- age   1:    3252832 bytes,    3252832 total
- age   2:     120368 bytes,    3373200 total
- age   3:      93048 bytes,    3466248 total
- age   4:     251472 bytes,    3717720 total
- age   5:     149760 bytes,    3867480 total
- age   6:     656760 bytes,    4524240 total
- age   7:     271800 bytes,    4796040 total
- age   8:    3006616 bytes,    7802656 total
: 98155K->13426K(109248K), 0.0096139 secs] 104624K->22692K(502464K), 0.0097611 secs] [Times: user=0.08 sys=0.00, real=0.01 secs] 
Heap after GC invocations=11 (full 1):
 par new generation   total 109248K, used 13426K [0x00000000e0000000, 0x00000000e8000000, 0x00000000e8000000)
  eden space 87424K,   0% used [0x00000000e0000000, 0x00000000e0000000, 0x00000000e5560000)
  from space 21824K,  61% used [0x00000000e6ab0000, 0x00000000e77cc8e0, 0x00000000e8000000)
  to   space 21824K,   0% used [0x00000000e5560000, 0x00000000e5560000, 0x00000000e6ab0000)
 concurrent mark-sweep generation total 393216K, used 9266K [0x00000000e8000000, 0x0000000100000000, 0x0000000100000000)
 Metaspace       used 34595K, capacity 35543K, committed 35912K, reserved 1081344K
  class space    used 4293K, capacity 4570K, committed 4680K, reserved 1048576K
}
2019-04-11T20:17:41.171-0600: 5.412: Total time for which application threads were stopped: 0.0100810 seconds, Stopping threads took: 0.0000434 seconds
2019-04-11T20:17:41.236-0600: 5.478: Total time for which application threads were stopped: 0.0001920 seconds, Stopping threads took: 0.0000287 seconds
2019-04-11T20:17:41.237-0600: 5.479: Total time for which application threads were stopped: 0.0001106 seconds, Stopping threads took: 0.0000265 seconds
2019-04-11T20:17:41.238-0600: 5.479: Total time for which application threads were stopped: 0.0000945 seconds, Stopping threads took: 0.0000414 seconds
2019-04-11T20:17:41.240-0600: 5.482: Total time for which application threads were stopped: 0.0001623 seconds, Stopping threads took: 0.0000861 seconds
2019-04-11T20:17:41.241-0600: 5.482: Total time for which application threads were stopped: 0.0001236 seconds, Stopping threads took: 0.0000386 seconds
2019-04-11T20:17:41.288-0600: 5.529: Total time for which application threads were stopped: 0.0001785 seconds, Stopping threads took: 0.0000453 seconds
{Heap before GC invocations=11 (full 1):
 par new generation   total 109248K, used 100850K [0x00000000e0000000, 0x00000000e8000000, 0x00000000e8000000)
  eden space 87424K, 100% used [0x00000000e0000000, 0x00000000e5560000, 0x00000000e5560000)
  from space 21824K,  61% used [0x00000000e6ab0000, 0x00000000e77cc8e0, 0x00000000e8000000)
  to   space 21824K,   0% used [0x00000000e5560000, 0x00000000e5560000, 0x00000000e6ab0000)
 concurrent mark-sweep generation total 393216K, used 9266K [0x00000000e8000000, 0x0000000100000000, 0x0000000100000000)
 Metaspace       used 34875K, capacity 35891K, committed 36168K, reserved 1081344K
  class space    used 4319K, capacity 4588K, committed 4680K, reserved 1048576K
2019-04-11T20:17:41.309-0600: 5.550: [GC (Allocation Failure) 2019-04-11T20:17:41.309-0600: 5.550: [ParNew
Desired survivor size 20112992 bytes, new threshold 8 (max 8)
- age   1:    3055624 bytes,    3055624 total
- age   2:     443304 bytes,    3498928 total
- age   3:      38080 bytes,    3537008 total
- age   4:      17160 bytes,    3554168 total
- age   5:     197848 bytes,    3752016 total
- age   6:      51568 bytes,    3803584 total
- age   7:     302824 bytes,    4106408 total
- age   8:     184816 bytes,    4291224 total
: 100850K->6213K(109248K), 0.0060798 secs] 110116K->17231K(502464K), 0.0061655 secs] [Times: user=0.00 sys=0.00, real=0.01 secs] 
Heap after GC invocations=12 (full 1):
 par new generation   total 109248K, used 6213K [0x00000000e0000000, 0x00000000e8000000, 0x00000000e8000000)
  eden space 87424K,   0% used [0x00000000e0000000, 0x00000000e0000000, 0x00000000e5560000)
  from space 21824K,  28% used [0x00000000e5560000, 0x00000000e5b717f0, 0x00000000e6ab0000)
  to   space 21824K,   0% used [0x00000000e6ab0000, 0x00000000e6ab0000, 0x00000000e8000000)
 concurrent mark-sweep generation total 393216K, used 11017K [0x00000000e8000000, 0x0000000100000000, 0x0000000100000000)
 Metaspace       used 34875K, capacity 35891K, committed 36168K, reserved 1081344K
  class space    used 4319K, capacity 4588K, committed 4680K, reserved 1048576K
}
2019-04-11T20:17:41.315-0600: 5.557: Total time for which application threads were stopped: 0.0064511 seconds, Stopping threads took: 0.0000740 seconds
2019-04-11T20:17:41.316-0600: 5.557: Total time for which application threads were stopped: 0.0001889 seconds, Stopping threads took: 0.0000707 seconds
2019-04-11T20:17:41.316-0600: 5.557: Total time for which application threads were stopped: 0.0001442 seconds, Stopping threads took: 0.0000509 seconds
2019-04-11T20:17:41.317-0600: 5.558: Total time for which application threads were stopped: 0.0007900 seconds, Stopping threads took: 0.0006949 seconds
{Heap before GC invocations=12 (full 1):
 par new generation   total 109248K, used 93637K [0x00000000e0000000, 0x00000000e8000000, 0x00000000e8000000)
  eden space 87424K, 100% used [0x00000000e0000000, 0x00000000e5560000, 0x00000000e5560000)
  from space 21824K,  28% used [0x00000000e5560000, 0x00000000e5b717f0, 0x00000000e6ab0000)
  to   space 21824K,   0% used [0x00000000e6ab0000, 0x00000000e6ab0000, 0x00000000e8000000)
 concurrent mark-sweep generation total 393216K, used 11017K [0x00000000e8000000, 0x0000000100000000, 0x0000000100000000)
 Metaspace       used 34881K, capacity 35891K, committed 36168K, reserved 1081344K
  class space    used 4319K, capacity 4588K, committed 4680K, reserved 1048576K
2019-04-11T20:17:41.350-0600: 5.591: [GC (Allocation Failure) 2019-04-11T20:17:41.350-0600: 5.591: [ParNew
Desired survivor size 20112992 bytes, new threshold 8 (max 8)
- age   1:    2988120 bytes,    2988120 total
- age   2:    1904448 bytes,    4892568 total
- age   3:     443304 bytes,    5335872 total
- age   4:      38080 bytes,    5373952 total
- age   5:      17160 bytes,    5391112 total
- age   6:     197848 bytes,    5588960 total
- age   7:      51568 bytes,    5640528 total
- age   8:     302824 bytes,    5943352 total
: 93637K->7169K(109248K), 0.0048518 secs] 104655K->18374K(502464K), 0.0049482 secs] [Times: user=0.08 sys=0.00, real=0.01 secs] 
Heap after GC invocations=13 (full 1):
 par new generation   total 109248K, used 7169K [0x00000000e0000000, 0x00000000e8000000, 0x00000000e8000000)
  eden space 87424K,   0% used [0x00000000e0000000, 0x00000000e0000000, 0x00000000e5560000)
  from space 21824K,  32% used [0x00000000e6ab0000, 0x00000000e71b0660, 0x00000000e8000000)
  to   space 21824K,   0% used [0x00000000e5560000, 0x00000000e5560000, 0x00000000e6ab0000)
 concurrent mark-sweep generation total 393216K, used 11204K [0x00000000e8000000, 0x0000000100000000, 0x0000000100000000)
 Metaspace       used 34881K, capacity 35891K, committed 36168K, reserved 1081344K
  class space    used 4319K, capacity 4588K, committed 4680K, reserved 1048576K
}
2019-04-11T20:17:41.355-0600: 5.596: Total time for which application threads were stopped: 0.0052875 seconds, Stopping threads took: 0.0000765 seconds
2019-04-11T20:17:41.355-0600: 5.597: Total time for which application threads were stopped: 0.0001903 seconds, Stopping threads took: 0.0000625 seconds
2019-04-11T20:17:41.356-0600: 5.597: Total time for which application threads were stopped: 0.0001183 seconds, Stopping threads took: 0.0000392 seconds
2019-04-11T20:17:41.356-0600: 5.597: Total time for which application threads were stopped: 0.0000888 seconds, Stopping threads took: 0.0000266 seconds
{Heap before GC invocations=13 (full 1):
 par new generation   total 109248K, used 94593K [0x00000000e0000000, 0x00000000e8000000, 0x00000000e8000000)
  eden space 87424K, 100% used [0x00000000e0000000, 0x00000000e5560000, 0x00000000e5560000)
  from space 21824K,  32% used [0x00000000e6ab0000, 0x00000000e71b0660, 0x00000000e8000000)
  to   space 21824K,   0% used [0x00000000e5560000, 0x00000000e5560000, 0x00000000e6ab0000)
 concurrent mark-sweep generation total 393216K, used 11204K [0x00000000e8000000, 0x0000000100000000, 0x0000000100000000)
 Metaspace       used 34937K, capacity 35951K, committed 36168K, reserved 1081344K
  class space    used 4324K, capacity 4598K, committed 4680K, reserved 1048576K
2019-04-11T20:17:41.377-0600: 5.618: [GC (Allocation Failure) 2019-04-11T20:17:41.377-0600: 5.618: [ParNew
Desired survivor size 20112992 bytes, new threshold 8 (max 8)
- age   1:     446496 bytes,     446496 total
- age   2:    2539128 bytes,    2985624 total
- age   3:    1875672 bytes,    4861296 total
- age   4:     443304 bytes,    5304600 total
- age   5:      38104 bytes,    5342704 total
- age   6:      17160 bytes,    5359864 total
- age   7:     197848 bytes,    5557712 total
- age   8:      51256 bytes,    5608968 total
: 94593K->8758K(109248K), 0.0049472 secs] 105798K->20266K(502464K), 0.0050362 secs] [Times: user=0.00 sys=0.00, real=0.00 secs] 
Heap after GC invocations=14 (full 1):
 par new generation   total 109248K, used 8758K [0x00000000e0000000, 0x00000000e8000000, 0x00000000e8000000)
  eden space 87424K,   0% used [0x00000000e0000000, 0x00000000e0000000, 0x00000000e5560000)
  from space 21824K,  40% used [0x00000000e5560000, 0x00000000e5ded978, 0x00000000e6ab0000)
  to   space 21824K,   0% used [0x00000000e6ab0000, 0x00000000e6ab0000, 0x00000000e8000000)
 concurrent mark-sweep generation total 393216K, used 11507K [0x00000000e8000000, 0x0000000100000000, 0x0000000100000000)
 Metaspace       used 34937K, capacity 35951K, committed 36168K, reserved 1081344K
  class space    used 4324K, capacity 4598K, committed 4680K, reserved 1048576K
}
2019-04-11T20:17:41.382-0600: 5.623: Total time for which application threads were stopped: 0.0052749 seconds, Stopping threads took: 0.0000355 seconds
{Heap before GC invocations=14 (full 1):
 par new generation   total 109248K, used 96182K [0x00000000e0000000, 0x00000000e8000000, 0x00000000e8000000)
  eden space 87424K, 100% used [0x00000000e0000000, 0x00000000e5560000, 0x00000000e5560000)
  from space 21824K,  40% used [0x00000000e5560000, 0x00000000e5ded978, 0x00000000e6ab0000)
  to   space 21824K,   0% used [0x00000000e6ab0000, 0x00000000e6ab0000, 0x00000000e8000000)
 concurrent mark-sweep generation total 393216K, used 11507K [0x00000000e8000000, 0x0000000100000000, 0x0000000100000000)
 Metaspace       used 34949K, capacity 35963K, committed 36168K, reserved 1081344K
  class space    used 4325K, capacity 4600K, committed 4680K, reserved 1048576K
2019-04-11T20:17:41.406-0600: 5.647: [GC (Allocation Failure) 2019-04-11T20:17:41.406-0600: 5.647: [ParNew
Desired survivor size 20112992 bytes, new threshold 8 (max 8)
- age   1:     684840 bytes,     684840 total
- age   2:     119672 bytes,     804512 total
- age   3:    2539128 bytes,    3343640 total
- age   4:    1875672 bytes,    5219312 total
- age   5:     443304 bytes,    5662616 total
- age   6:      38080 bytes,    5700696 total
- age   7:      17160 bytes,    5717856 total
- age   8:     197640 bytes,    5915496 total
: 96182K->7206K(109248K), 0.0045351 secs] 107690K->18766K(502464K), 0.0046108 secs] [Times: user=0.00 sys=0.00, real=0.01 secs] 
Heap after GC invocations=15 (full 1):
 par new generation   total 109248K, used 7206K [0x00000000e0000000, 0x00000000e8000000, 0x00000000e8000000)
  eden space 87424K,   0% used [0x00000000e0000000, 0x00000000e0000000, 0x00000000e5560000)
  from space 21824K,  33% used [0x00000000e6ab0000, 0x00000000e71b9a30, 0x00000000e8000000)
  to   space 21824K,   0% used [0x00000000e5560000, 0x00000000e5560000, 0x00000000e6ab0000)
 concurrent mark-sweep generation total 393216K, used 11560K [0x00000000e8000000, 0x0000000100000000, 0x0000000100000000)
 Metaspace       used 34949K, capacity 35963K, committed 36168K, reserved 1081344K
  class space    used 4325K, capacity 4600K, committed 4680K, reserved 1048576K
}
2019-04-11T20:17:41.411-0600: 5.652: Total time for which application threads were stopped: 0.0048682 seconds, Stopping threads took: 0.0000654 seconds
{Heap before GC invocations=15 (full 1):
 par new generation   total 109248K, used 94630K [0x00000000e0000000, 0x00000000e8000000, 0x00000000e8000000)
  eden space 87424K, 100% used [0x00000000e0000000, 0x00000000e5560000, 0x00000000e5560000)
  from space 21824K,  33% used [0x00000000e6ab0000, 0x00000000e71b9a30, 0x00000000e8000000)
  to   space 21824K,   0% used [0x00000000e5560000, 0x00000000e5560000, 0x00000000e6ab0000)
 concurrent mark-sweep generation total 393216K, used 11560K [0x00000000e8000000, 0x0000000100000000, 0x0000000100000000)
 Metaspace       used 34958K, capacity 35969K, committed 36168K, reserved 1081344K
  class space    used 4326K, capacity 4601K, committed 4680K, reserved 1048576K
2019-04-11T20:17:41.438-0600: 5.680: [GC (Allocation Failure) 2019-04-11T20:17:41.438-0600: 5.680: [ParNew
Desired survivor size 20112992 bytes, new threshold 8 (max 8)
- age   1:     371392 bytes,     371392 total
- age   2:      65608 bytes,     437000 total
- age   3:     119128 bytes,     556128 total
- age   4:    2541256 bytes,    3097384 total
- age   5:    1875672 bytes,    4973056 total
- age   6:     443304 bytes,    5416360 total
- age   7:      38080 bytes,    5454440 total
- age   8:      17056 bytes,    5471496 total
: 94630K->7481K(109248K), 0.0045684 secs] 106190K->19238K(502464K), 0.0046619 secs] [Times: user=0.00 sys=0.00, real=0.01 secs] 
Heap after GC invocations=16 (full 1):
 par new generation   total 109248K, used 7481K [0x00000000e0000000, 0x00000000e8000000, 0x00000000e8000000)
  eden space 87424K,   0% used [0x00000000e0000000, 0x00000000e0000000, 0x00000000e5560000)
  from space 21824K,  34% used [0x00000000e5560000, 0x00000000e5cae6e0, 0x00000000e6ab0000)
  to   space 21824K,   0% used [0x00000000e6ab0000, 0x00000000e6ab0000, 0x00000000e8000000)
 concurrent mark-sweep generation total 393216K, used 11756K [0x00000000e8000000, 0x0000000100000000, 0x0000000100000000)
 Metaspace       used 34958K, capacity 35969K, committed 36168K, reserved 1081344K
  class space    used 4326K, capacity 4601K, committed 4680K, reserved 1048576K
}
2019-04-11T20:17:41.443-0600: 5.684: Total time for which application threads were stopped: 0.0049353 seconds, Stopping threads took: 0.0000647 seconds
{Heap before GC invocations=16 (full 1):
 par new generation   total 109248K, used 94905K [0x00000000e0000000, 0x00000000e8000000, 0x00000000e8000000)
  eden space 87424K, 100% used [0x00000000e0000000, 0x00000000e5560000, 0x00000000e5560000)
  from space 21824K,  34% used [0x00000000e5560000, 0x00000000e5cae6e0, 0x00000000e6ab0000)
  to   space 21824K,   0% used [0x00000000e6ab0000, 0x00000000e6ab0000, 0x00000000e8000000)
 concurrent mark-sweep generation total 393216K, used 11756K [0x00000000e8000000, 0x0000000100000000, 0x0000000100000000)
 Metaspace       used 34958K, capacity 35969K, committed 36168K, reserved 1081344K
  class space    used 4326K, capacity 4601K, committed 4680K, reserved 1048576K
2019-04-11T20:17:41.475-0600: 5.716: [GC (Allocation Failure) 2019-04-11T20:17:41.475-0600: 5.716: [ParNew
Desired survivor size 20112992 bytes, new threshold 8 (max 8)
- age   1:     513944 bytes,     513944 total
- age   2:      87040 bytes,     600984 total
- age   3:      65608 bytes,     666592 total
- age   4:     119128 bytes,     785720 total
- age   5:    2539128 bytes,    3324848 total
- age   6:    1875672 bytes,    5200520 total
- age   7:     443304 bytes,    5643824 total
- age   8:      38080 bytes,    5681904 total
: 94905K->7312K(109248K), 0.0045965 secs] 106662K->19086K(502464K), 0.0046841 secs] [Times: user=0.08 sys=0.00, real=0.00 secs] 
Heap after GC invocations=17 (full 1):
 par new generation   total 109248K, used 7312K [0x00000000e0000000, 0x00000000e8000000, 0x00000000e8000000)
  eden space 87424K,   0% used [0x00000000e0000000, 0x00000000e0000000, 0x00000000e5560000)
  from space 21824K,  33% used [0x00000000e6ab0000, 0x00000000e71d40e0, 0x00000000e8000000)
  to   space 21824K,   0% used [0x00000000e5560000, 0x00000000e5560000, 0x00000000e6ab0000)
 concurrent mark-sweep generation total 393216K, used 11773K [0x00000000e8000000, 0x0000000100000000, 0x0000000100000000)
 Metaspace       used 34958K, capacity 35969K, committed 36168K, reserved 1081344K
  class space    used 4326K, capacity 4601K, committed 4680K, reserved 1048576K
}
2019-04-11T20:17:41.479-0600: 5.720: Total time for which application threads were stopped: 0.0049378 seconds, Stopping threads took: 0.0000564 seconds
2019-04-11T20:17:41.607-0600: 5.848: Total time for which application threads were stopped: 0.0001973 seconds, Stopping threads took: 0.0000454 seconds
2019-04-11T20:17:41.607-0600: 5.848: Total time for which application threads were stopped: 0.0000839 seconds, Stopping threads took: 0.0000302 seconds
2019-04-11T20:17:41.607-0600: 5.848: Total time for which application threads were stopped: 0.0000587 seconds, Stopping threads took: 0.0000185 seconds
2019-04-11T20:17:41.607-0600: 5.848: Total time for which application threads were stopped: 0.0000392 seconds, Stopping threads took: 0.0000113 seconds
2019-04-11T20:17:41.607-0600: 5.848: Total time for which application threads were stopped: 0.0000351 seconds, Stopping threads took: 0.0000108 seconds
2019-04-11T20:17:41.607-0600: 5.848: Total time for which application threads were stopped: 0.0000338 seconds, Stopping threads took: 0.0000100 seconds
2019-04-11T20:17:41.619-0600: 5.860: Total time for which application threads were stopped: 0.0005221 seconds, Stopping threads took: 0.0000342 seconds
2019-04-11T20:17:41.638-0600: 5.879: Total time for which application threads were stopped: 0.0002254 seconds, Stopping threads took: 0.0001424 seconds
2019-04-11T20:17:41.640-0600: 5.881: Total time for which application threads were stopped: 0.0001042 seconds, Stopping threads took: 0.0000350 seconds
2019-04-11T20:17:41.640-0600: 5.882: Total time for which application threads were stopped: 0.0000775 seconds, Stopping threads took: 0.0000196 seconds
2019-04-11T20:17:41.641-0600: 5.882: Total time for which application threads were stopped: 0.0000825 seconds, Stopping threads took: 0.0000290 seconds
2019-04-11T20:17:41.641-0600: 5.882: Total time for which application threads were stopped: 0.0000635 seconds, Stopping threads took: 0.0000224 seconds
2019-04-11T20:17:41.643-0600: 5.884: Total time for which application threads were stopped: 0.0001703 seconds, Stopping threads took: 0.0000501 seconds
2019-04-11T20:17:41.643-0600: 5.884: Total time for which application threads were stopped: 0.0001080 seconds, Stopping threads took: 0.0000315 seconds
{Heap before GC invocations=17 (full 1):
 par new generation   total 109248K, used 94736K [0x00000000e0000000, 0x00000000e8000000, 0x00000000e8000000)
  eden space 87424K, 100% used [0x00000000e0000000, 0x00000000e5560000, 0x00000000e5560000)
  from space 21824K,  33% used [0x00000000e6ab0000, 0x00000000e71d40e0, 0x00000000e8000000)
  to   space 21824K,   0% used [0x00000000e5560000, 0x00000000e5560000, 0x00000000e6ab0000)
 concurrent mark-sweep generation total 393216K, used 11773K [0x00000000e8000000, 0x0000000100000000, 0x0000000100000000)
 Metaspace       used 35857K, capacity 37151K, committed 37320K, reserved 1081344K
  class space    used 4443K, capacity 4762K, committed 4808K, reserved 1048576K
2019-04-11T20:17:41.646-0600: 5.888: [GC (Allocation Failure) 2019-04-11T20:17:41.648-0600: 5.889: [ParNew
Desired survivor size 20112992 bytes, new threshold 8 (max 8)
- age   1:    2335848 bytes,    2335848 total
- age   2:      79232 bytes,    2415080 total
- age   3:      85192 bytes,    2500272 total
- age   4:      64648 bytes,    2564920 total
- age   5:     118096 bytes,    2683016 total
- age   6:     279096 bytes,    2962112 total
- age   7:    1867848 bytes,    4829960 total
- age   8:     443352 bytes,    5273312 total
: 94736K->6509K(109248K), 0.0051610 secs] 106510K->18321K(502464K), 0.0064949 secs] [Times: user=0.06 sys=0.00, real=0.01 secs] 
Heap after GC invocations=18 (full 1):
 par new generation   total 109248K, used 6509K [0x00000000e0000000, 0x00000000e8000000, 0x00000000e8000000)
  eden space 87424K,   0% used [0x00000000e0000000, 0x00000000e0000000, 0x00000000e5560000)
  from space 21824K,  29% used [0x00000000e5560000, 0x00000000e5bbb740, 0x00000000e6ab0000)
  to   space 21824K,   0% used [0x00000000e6ab0000, 0x00000000e6ab0000, 0x00000000e8000000)
 concurrent mark-sweep generation total 393216K, used 11812K [0x00000000e8000000, 0x0000000100000000, 0x0000000100000000)
 Metaspace       used 35857K, capacity 37151K, committed 37320K, reserved 1081344K
  class space    used 4443K, capacity 4762K, committed 4808K, reserved 1048576K
}
2019-04-11T20:17:41.653-0600: 5.894: Total time for which application threads were stopped: 0.0067369 seconds, Stopping threads took: 0.0000494 seconds
{Heap before GC invocations=18 (full 1):
 par new generation   total 109248K, used 93933K [0x00000000e0000000, 0x00000000e8000000, 0x00000000e8000000)
  eden space 87424K, 100% used [0x00000000e0000000, 0x00000000e5560000, 0x00000000e5560000)
  from space 21824K,  29% used [0x00000000e5560000, 0x00000000e5bbb740, 0x00000000e6ab0000)
  to   space 21824K,   0% used [0x00000000e6ab0000, 0x00000000e6ab0000, 0x00000000e8000000)
 concurrent mark-sweep generation total 393216K, used 11812K [0x00000000e8000000, 0x0000000100000000, 0x0000000100000000)
 Metaspace       used 37444K, capacity 38741K, committed 39112K, reserved 1083392K
  class space    used 4680K, capacity 4997K, committed 5064K, reserved 1048576K
2019-04-11T20:17:41.860-0600: 6.101: [GC (Allocation Failure) 2019-04-11T20:17:41.860-0600: 6.101: [ParNew
Desired survivor size 20112992 bytes, new threshold 8 (max 8)
- age   1:    3380856 bytes,    3380856 total
- age   2:    1840032 bytes,    5220888 total
- age   3:      79232 bytes,    5300120 total
- age   4:      85192 bytes,    5385312 total
- age   5:      64648 bytes,    5449960 total
- age   6:     118000 bytes,    5567960 total
- age   7:     278688 bytes,    5846648 total
- age   8:    1864968 bytes,    7711616 total
: 93933K->9171K(109248K), 0.0073554 secs] 105745K->21419K(502464K), 0.0074358 secs] [Times: user=0.00 sys=0.00, real=0.01 secs] 
Heap after GC invocations=19 (full 1):
 par new generation   total 109248K, used 9171K [0x00000000e0000000, 0x00000000e8000000, 0x00000000e8000000)
  eden space 87424K,   0% used [0x00000000e0000000, 0x00000000e0000000, 0x00000000e5560000)
  from space 21824K,  42% used [0x00000000e6ab0000, 0x00000000e73a4cc0, 0x00000000e8000000)
  to   space 21824K,   0% used [0x00000000e5560000, 0x00000000e5560000, 0x00000000e6ab0000)
 concurrent mark-sweep generation total 393216K, used 12247K [0x00000000e8000000, 0x0000000100000000, 0x0000000100000000)
 Metaspace       used 37444K, capacity 38741K, committed 39112K, reserved 1083392K
  class space    used 4680K, capacity 4997K, committed 5064K, reserved 1048576K
}
2019-04-11T20:17:41.868-0600: 6.109: Total time for which application threads were stopped: 0.0077732 seconds, Stopping threads took: 0.0000553 seconds
2019-04-11T20:17:41.878-0600: 6.119: Total time for which application threads were stopped: 0.0002342 seconds, Stopping threads took: 0.0000425 seconds
2019-04-11T20:17:41.878-0600: 6.119: Total time for which application threads were stopped: 0.0000859 seconds, Stopping threads took: 0.0000233 seconds
2019-04-11T20:17:41.889-0600: 6.130: Total time for which application threads were stopped: 0.0001845 seconds, Stopping threads took: 0.0000467 seconds
2019-04-11T20:17:41.889-0600: 6.130: Total time for which application threads were stopped: 0.0001201 seconds, Stopping threads took: 0.0000403 seconds
2019-04-11T20:17:41.890-0600: 6.131: Total time for which application threads were stopped: 0.0000827 seconds, Stopping threads took: 0.0000300 seconds
2019-04-11T20:17:41.890-0600: 6.131: Total time for which application threads were stopped: 0.0000647 seconds, Stopping threads took: 0.0000285 seconds
2019-04-11T20:17:41.942-0600: 6.183: Total time for which application threads were stopped: 0.0001500 seconds, Stopping threads took: 0.0000445 seconds
2019-04-11T20:17:41.944-0600: 6.185: Total time for which application threads were stopped: 0.0001480 seconds, Stopping threads took: 0.0000322 seconds
2019-04-11T20:17:41.944-0600: 6.185: Total time for which application threads were stopped: 0.0000779 seconds, Stopping threads took: 0.0000148 seconds
2019-04-11T20:17:41.944-0600: 6.185: Total time for which application threads were stopped: 0.0000750 seconds, Stopping threads took: 0.0000130 seconds
2019-04-11T20:17:41.950-0600: 6.191: Total time for which application threads were stopped: 0.0001520 seconds, Stopping threads took: 0.0000611 seconds
2019-04-11T20:17:41.956-0600: 6.197: Total time for which application threads were stopped: 0.0002061 seconds, Stopping threads took: 0.0000526 seconds
2019-04-11T20:17:41.958-0600: 6.199: Total time for which application threads were stopped: 0.0001499 seconds, Stopping threads took: 0.0000395 seconds
2019-04-11T20:17:41.958-0600: 6.199: Total time for which application threads were stopped: 0.0001212 seconds, Stopping threads took: 0.0000343 seconds
2019-04-11T20:17:41.974-0600: 6.215: Total time for which application threads were stopped: 0.0001954 seconds, Stopping threads took: 0.0000429 seconds
2019-04-11T20:17:41.975-0600: 6.216: Total time for which application threads were stopped: 0.0001870 seconds, Stopping threads took: 0.0000411 seconds
2019-04-11T20:17:41.975-0600: 6.216: Total time for which application threads were stopped: 0.0001243 seconds, Stopping threads took: 0.0000316 seconds
{Heap before GC invocations=19 (full 1):
 par new generation   total 109248K, used 96595K [0x00000000e0000000, 0x00000000e8000000, 0x00000000e8000000)
  eden space 87424K, 100% used [0x00000000e0000000, 0x00000000e5560000, 0x00000000e5560000)
  from space 21824K,  42% used [0x00000000e6ab0000, 0x00000000e73a4cc0, 0x00000000e8000000)
  to   space 21824K,   0% used [0x00000000e5560000, 0x00000000e5560000, 0x00000000e6ab0000)
 concurrent mark-sweep generation total 393216K, used 12247K [0x00000000e8000000, 0x0000000100000000, 0x0000000100000000)
 Metaspace       used 38027K, capacity 39483K, committed 39752K, reserved 1083392K
  class space    used 4744K, capacity 5080K, committed 5192K, reserved 1048576K
2019-04-11T20:17:42.032-0600: 6.273: [GC (Allocation Failure) 2019-04-11T20:17:42.032-0600: 6.273: [ParNew
Desired survivor size 20112992 bytes, new threshold 8 (max 8)
- age   1:    3192712 bytes,    3192712 total
- age   2:    1788648 bytes,    4981360 total
- age   3:    1837064 bytes,    6818424 total
- age   4:      79232 bytes,    6897656 total
- age   5:      85192 bytes,    6982848 total
- age   6:      64648 bytes,    7047496 total
- age   7:     118000 bytes,    7165496 total
- age   8:     276912 bytes,    7442408 total
: 96595K->11890K(109248K), 0.0092455 secs] 108843K->25966K(502464K), 0.0093051 secs] [Times: user=0.00 sys=0.00, real=0.01 secs] 
Heap after GC invocations=20 (full 1):
 par new generation   total 109248K, used 11890K [0x00000000e0000000, 0x00000000e8000000, 0x00000000e8000000)
  eden space 87424K,   0% used [0x00000000e0000000, 0x00000000e0000000, 0x00000000e5560000)
  from space 21824K,  54% used [0x00000000e5560000, 0x00000000e60fca28, 0x00000000e6ab0000)
  to   space 21824K,   0% used [0x00000000e6ab0000, 0x00000000e6ab0000, 0x00000000e8000000)
 concurrent mark-sweep generation total 393216K, used 14075K [0x00000000e8000000, 0x0000000100000000, 0x0000000100000000)
 Metaspace       used 38027K, capacity 39483K, committed 39752K, reserved 1083392K
  class space    used 4744K, capacity 5080K, committed 5192K, reserved 1048576K
}
2019-04-11T20:17:42.041-0600: 6.282: Total time for which application threads were stopped: 0.0096518 seconds, Stopping threads took: 0.0000499 seconds
2019-04-11T20:17:42.205-0600: 6.446: Total time for which application threads were stopped: 0.0001833 seconds, Stopping threads took: 0.0000431 seconds
2019-04-11T20:17:42.206-0600: 6.446: Total time for which application threads were stopped: 0.0001035 seconds, Stopping threads took: 0.0000162 seconds
{Heap before GC invocations=20 (full 1):
 par new generation   total 109248K, used 99314K [0x00000000e0000000, 0x00000000e8000000, 0x00000000e8000000)
  eden space 87424K, 100% used [0x00000000e0000000, 0x00000000e5560000, 0x00000000e5560000)
  from space 21824K,  54% used [0x00000000e5560000, 0x00000000e60fca28, 0x00000000e6ab0000)
  to   space 21824K,   0% used [0x00000000e6ab0000, 0x00000000e6ab0000, 0x00000000e8000000)
 concurrent mark-sweep generation total 393216K, used 14075K [0x00000000e8000000, 0x0000000100000000, 0x0000000100000000)
 Metaspace       used 39526K, capacity 41041K, committed 41288K, reserved 1085440K
  class space    used 4994K, capacity 5339K, committed 5448K, reserved 1048576K
2019-04-11T20:17:42.212-0600: 6.453: [GC (Allocation Failure) 2019-04-11T20:17:42.212-0600: 6.453: [ParNew
Desired survivor size 20112992 bytes, new threshold 8 (max 8)
- age   1:    2857752 bytes,    2857752 total
- age   2:    2097152 bytes,    4954904 total
- age   3:    1787400 bytes,    6742304 total
- age   4:    1836120 bytes,    8578424 total
- age   5:      79232 bytes,    8657656 total
- age   6:      85192 bytes,    8742848 total
- age   7:      64648 bytes,    8807496 total
- age   8:     118000 bytes,    8925496 total
: 99314K->10546K(109248K), 0.0079412 secs] 113390K->24895K(502464K), 0.0080052 secs] [Times: user=0.11 sys=0.00, real=0.01 secs] 
Heap after GC invocations=21 (full 1):
 par new generation   total 109248K, used 10546K [0x00000000e0000000, 0x00000000e8000000, 0x00000000e8000000)
  eden space 87424K,   0% used [0x00000000e0000000, 0x00000000e0000000, 0x00000000e5560000)
  from space 21824K,  48% used [0x00000000e6ab0000, 0x00000000e74fcb80, 0x00000000e8000000)
  to   space 21824K,   0% used [0x00000000e5560000, 0x00000000e5560000, 0x00000000e6ab0000)
 concurrent mark-sweep generation total 393216K, used 14348K [0x00000000e8000000, 0x0000000100000000, 0x0000000100000000)
 Metaspace       used 39526K, capacity 41041K, committed 41288K, reserved 1085440K
  class space    used 4994K, capacity 5339K, committed 5448K, reserved 1048576K
}
2019-04-11T20:17:42.220-0600: 6.461: Total time for which application threads were stopped: 0.0082310 seconds, Stopping threads took: 0.0000281 seconds
2019-04-11T20:17:42.250-0600: 6.491: Total time for which application threads were stopped: 0.0005767 seconds, Stopping threads took: 0.0000373 seconds
2019-04-11T20:17:42.271-0600: 6.512: Total time for which application threads were stopped: 0.0004600 seconds, Stopping threads took: 0.0003238 seconds
2019-04-11T20:17:42.282-0600: 6.523: Total time for which application threads were stopped: 0.0001431 seconds, Stopping threads took: 0.0000354 seconds
2019-04-11T20:17:42.283-0600: 6.524: Total time for which application threads were stopped: 0.0004812 seconds, Stopping threads took: 0.0000121 seconds
2019-04-11T20:17:42.328-0600: 6.569: Total time for which application threads were stopped: 0.0005302 seconds, Stopping threads took: 0.0000274 seconds
2019-04-11T20:17:42.358-0600: 6.599: Total time for which application threads were stopped: 0.0001416 seconds, Stopping threads took: 0.0000310 seconds
2019-04-11T20:17:42.401-0600: 6.642: Total time for which application threads were stopped: 0.0002274 seconds, Stopping threads took: 0.0000843 seconds
2019-04-11T20:17:42.405-0600: 6.646: Total time for which application threads were stopped: 0.0001866 seconds, Stopping threads took: 0.0000520 seconds
2019-04-11T20:17:42.406-0600: 6.646: Total time for which application threads were stopped: 0.0001351 seconds, Stopping threads took: 0.0000470 seconds
2019-04-11T20:17:42.406-0600: 6.647: Total time for which application threads were stopped: 0.0001129 seconds, Stopping threads took: 0.0000448 seconds
2019-04-11T20:17:42.406-0600: 6.647: Total time for which application threads were stopped: 0.0001025 seconds, Stopping threads took: 0.0000337 seconds
2019-04-11T20:17:42.407-0600: 6.648: Total time for which application threads were stopped: 0.0002227 seconds, Stopping threads took: 0.0001756 seconds
2019-04-11T20:17:42.407-0600: 6.648: Total time for which application threads were stopped: 0.0000815 seconds, Stopping threads took: 0.0000378 seconds
2019-04-11T20:17:42.408-0600: 6.649: Total time for which application threads were stopped: 0.0001140 seconds, Stopping threads took: 0.0000379 seconds
2019-04-11T20:17:42.412-0600: 6.653: Total time for which application threads were stopped: 0.0001688 seconds, Stopping threads took: 0.0000500 seconds
2019-04-11T20:17:42.973-0600: 7.214: Total time for which application threads were stopped: 0.0006111 seconds, Stopping threads took: 0.0000218 seconds
2019-04-11T20:17:43.002-0600: 7.243: Total time for which application threads were stopped: 0.0001390 seconds, Stopping threads took: 0.0000221 seconds
2019-04-11T20:17:43.005-0600: 7.247: Total time for which application threads were stopped: 0.0004501 seconds, Stopping threads took: 0.0000115 seconds
2019-04-11T20:17:43.219-0600: 7.461: Total time for which application threads were stopped: 0.0002702 seconds, Stopping threads took: 0.0001572 seconds
2019-04-11T20:17:43.286-0600: 7.527: Total time for which application threads were stopped: 0.0001889 seconds, Stopping threads took: 0.0000906 seconds
2019-04-11T20:17:43.286-0600: 7.528: Total time for which application threads were stopped: 0.0000495 seconds, Stopping threads took: 0.0000142 seconds
2019-04-11T20:17:43.529-0600: 7.770: Total time for which application threads were stopped: 0.0001379 seconds, Stopping threads took: 0.0000345 seconds
2019-04-11T20:17:43.529-0600: 7.771: Total time for which application threads were stopped: 0.0001716 seconds, Stopping threads took: 0.0000645 seconds
2019-04-11T20:17:43.529-0600: 7.771: Total time for which application threads were stopped: 0.0001323 seconds, Stopping threads took: 0.0000698 seconds
2019-04-11T20:17:43.530-0600: 7.771: Total time for which application threads were stopped: 0.0001269 seconds, Stopping threads took: 0.0000585 seconds
2019-04-11T20:17:43.530-0600: 7.771: Total time for which application threads were stopped: 0.0000791 seconds, Stopping threads took: 0.0000289 seconds
2019-04-11T20:17:43.530-0600: 7.772: Total time for which application threads were stopped: 0.0000575 seconds, Stopping threads took: 0.0000203 seconds
2019-04-11T20:17:43.937-0600: 8.178: Total time for which application threads were stopped: 0.0001145 seconds, Stopping threads took: 0.0000239 seconds
2019-04-11T20:17:43.937-0600: 8.179: Total time for which application threads were stopped: 0.0001228 seconds, Stopping threads took: 0.0000360 seconds
2019-04-11T20:17:43.941-0600: 8.183: Total time for which application threads were stopped: 0.0002030 seconds, Stopping threads took: 0.0000172 seconds
2019-04-11T20:17:43.943-0600: 8.185: Total time for which application threads were stopped: 0.0001191 seconds, Stopping threads took: 0.0000518 seconds
2019-04-11T20:17:43.944-0600: 8.185: Total time for which application threads were stopped: 0.0000876 seconds, Stopping threads took: 0.0000254 seconds
2019-04-11T20:17:43.955-0600: 8.196: Total time for which application threads were stopped: 0.0005535 seconds, Stopping threads took: 0.0000217 seconds
2019-04-11T20:17:43.974-0600: 8.215: Total time for which application threads were stopped: 0.0001521 seconds, Stopping threads took: 0.0000377 seconds
2019-04-11T20:17:44.397-0600: 8.638: Total time for which application threads were stopped: 0.0002313 seconds, Stopping threads took: 0.0000994 seconds
2019-04-11T20:17:44.397-0600: 8.639: Total time for which application threads were stopped: 0.0001423 seconds, Stopping threads took: 0.0000455 seconds
2019-04-11T20:17:44.449-0600: 8.691: Total time for which application threads were stopped: 0.0001491 seconds, Stopping threads took: 0.0000534 seconds
2019-04-11T20:17:44.449-0600: 8.691: Total time for which application threads were stopped: 0.0000670 seconds, Stopping threads took: 0.0000277 seconds
2019-04-11T20:17:44.450-0600: 8.691: Total time for which application threads were stopped: 0.0001567 seconds, Stopping threads took: 0.0000923 seconds
2019-04-11T20:17:44.450-0600: 8.691: Total time for which application threads were stopped: 0.0001505 seconds, Stopping threads took: 0.0000974 seconds
2019-04-11T20:17:44.450-0600: 8.692: Total time for which application threads were stopped: 0.0000996 seconds, Stopping threads took: 0.0000629 seconds
2019-04-11T20:17:44.453-0600: 8.695: Total time for which application threads were stopped: 0.0000889 seconds, Stopping threads took: 0.0000221 seconds
2019-04-11T20:17:44.461-0600: 8.703: Total time for which application threads were stopped: 0.0001650 seconds, Stopping threads took: 0.0000436 seconds
2019-04-11T20:17:44.462-0600: 8.704: Total time for which application threads were stopped: 0.0001389 seconds, Stopping threads took: 0.0000455 seconds
2019-04-11T20:17:44.983-0600: 9.225: Total time for which application threads were stopped: 0.0001423 seconds, Stopping threads took: 0.0000425 seconds
2019-04-11T20:17:44.984-0600: 9.225: Total time for which application threads were stopped: 0.0001637 seconds, Stopping threads took: 0.0000828 seconds
2019-04-11T20:17:44.984-0600: 9.225: Total time for which application threads were stopped: 0.0001056 seconds, Stopping threads took: 0.0000305 seconds
2019-04-11T20:17:44.984-0600: 9.225: Total time for which application threads were stopped: 0.0000916 seconds, Stopping threads took: 0.0000299 seconds
2019-04-11T20:17:44.984-0600: 9.226: Total time for which application threads were stopped: 0.0001704 seconds, Stopping threads took: 0.0000606 seconds
2019-04-11T20:17:44.986-0600: 9.227: Total time for which application threads were stopped: 0.0000927 seconds, Stopping threads took: 0.0000246 seconds
2019-04-11T20:17:44.986-0600: 9.227: Total time for which application threads were stopped: 0.0000714 seconds, Stopping threads took: 0.0000111 seconds
2019-04-11T20:17:44.986-0600: 9.227: Total time for which application threads were stopped: 0.0000627 seconds, Stopping threads took: 0.0000203 seconds
2019-04-11T20:17:44.986-0600: 9.228: Total time for which application threads were stopped: 0.0000906 seconds, Stopping threads took: 0.0000280 seconds
2019-04-11T20:17:44.987-0600: 9.228: Total time for which application threads were stopped: 0.0000588 seconds, Stopping threads took: 0.0000104 seconds
2019-04-11T20:17:44.987-0600: 9.228: Total time for which application threads were stopped: 0.0000711 seconds, Stopping threads took: 0.0000142 seconds
2019-04-11T20:17:44.987-0600: 9.229: Total time for which application threads were stopped: 0.0001043 seconds, Stopping threads took: 0.0000549 seconds
2019-04-11T20:17:44.988-0600: 9.229: Total time for which application threads were stopped: 0.0000867 seconds, Stopping threads took: 0.0000330 seconds
2019-04-11T20:17:44.988-0600: 9.229: Total time for which application threads were stopped: 0.0001284 seconds, Stopping threads took: 0.0000850 seconds
2019-04-11T20:17:44.988-0600: 9.229: Total time for which application threads were stopped: 0.0001290 seconds, Stopping threads took: 0.0000851 seconds
2019-04-11T20:17:44.988-0600: 9.229: Total time for which application threads were stopped: 0.0001286 seconds, Stopping threads took: 0.0000844 seconds
2019-04-11T20:17:44.988-0600: 9.230: Total time for which application threads were stopped: 0.0001398 seconds, Stopping threads took: 0.0000928 seconds
2019-04-11T20:17:44.988-0600: 9.230: Total time for which application threads were stopped: 0.0000640 seconds, Stopping threads took: 0.0000266 seconds
2019-04-11T20:17:45.989-0600: 10.230: Total time for which application threads were stopped: 0.0001587 seconds, Stopping threads took: 0.0000403 seconds
2019-04-11T20:17:47.438-0600: 11.679: Total time for which application threads were stopped: 0.0001906 seconds, Stopping threads took: 0.0000410 seconds
2019-04-11T20:17:47.438-0600: 11.679: Total time for which application threads were stopped: 0.0001162 seconds, Stopping threads took: 0.0000214 seconds
2019-04-11T20:17:47.438-0600: 11.679: Total time for which application threads were stopped: 0.0000657 seconds, Stopping threads took: 0.0000245 seconds
2019-04-11T20:17:47.438-0600: 11.679: Total time for which application threads were stopped: 0.0000605 seconds, Stopping threads took: 0.0000261 seconds
2019-04-11T20:17:47.438-0600: 11.680: Total time for which application threads were stopped: 0.0000616 seconds, Stopping threads took: 0.0000261 seconds
2019-04-11T20:17:47.448-0600: 11.690: Total time for which application threads were stopped: 0.0005010 seconds, Stopping threads took: 0.0000317 seconds
2019-04-11T20:17:47.468-0600: 11.709: Total time for which application threads were stopped: 0.0001620 seconds, Stopping threads took: 0.0000441 seconds
2019-04-11T20:17:47.468-0600: 11.710: Total time for which application threads were stopped: 0.0000904 seconds, Stopping threads took: 0.0000306 seconds
2019-04-11T20:17:47.478-0600: 11.719: Total time for which application threads were stopped: 0.0001204 seconds, Stopping threads took: 0.0000326 seconds
{Heap before GC invocations=21 (full 1):
 par new generation   total 109248K, used 97970K [0x00000000e0000000, 0x00000000e8000000, 0x00000000e8000000)
  eden space 87424K, 100% used [0x00000000e0000000, 0x00000000e5560000, 0x00000000e5560000)
  from space 21824K,  48% used [0x00000000e6ab0000, 0x00000000e74fcb80, 0x00000000e8000000)
  to   space 21824K,   0% used [0x00000000e5560000, 0x00000000e5560000, 0x00000000e6ab0000)
 concurrent mark-sweep generation total 393216K, used 14348K [0x00000000e8000000, 0x0000000100000000, 0x0000000100000000)
 Metaspace       used 43680K, capacity 45737K, committed 46008K, reserved 1089536K
  class space    used 5554K, capacity 5987K, committed 6088K, reserved 1048576K
2019-04-11T20:17:47.478-0600: 11.720: [GC (Allocation Failure) 2019-04-11T20:17:47.478-0600: 11.720: [ParNew
Desired survivor size 20112992 bytes, new threshold 4 (max 8)
- age   1:   17639872 bytes,   17639872 total
- age   2:     961048 bytes,   18600920 total
- age   3:    1238904 bytes,   19839824 total
- age   4:    1058152 bytes,   20897976 total
- age   5:    1289704 bytes,   22187680 total
- age   6:      54936 bytes,   22242616 total
- age   7:      58960 bytes,   22301576 total
- age   8:      45600 bytes,   22347176 total
: 97970K->21824K(109248K), 0.0315892 secs] 112319K->48457K(502464K), 0.0316456 secs] [Times: user=0.14 sys=0.00, real=0.03 secs] 
Heap after GC invocations=22 (full 1):
 par new generation   total 109248K, used 21824K [0x00000000e0000000, 0x00000000e8000000, 0x00000000e8000000)
  eden space 87424K,   0% used [0x00000000e0000000, 0x00000000e0000000, 0x00000000e5560000)
  from space 21824K, 100% used [0x00000000e5560000, 0x00000000e6ab0000, 0x00000000e6ab0000)
  to   space 21824K,   0% used [0x00000000e6ab0000, 0x00000000e6ab0000, 0x00000000e8000000)
 concurrent mark-sweep generation total 393216K, used 26633K [0x00000000e8000000, 0x0000000100000000, 0x0000000100000000)
 Metaspace       used 43680K, capacity 45737K, committed 46008K, reserved 1089536K
  class space    used 5554K, capacity 5987K, committed 6088K, reserved 1048576K
}
2019-04-11T20:17:47.510-0600: 11.752: Total time for which application threads were stopped: 0.0318124 seconds, Stopping threads took: 0.0000179 seconds
2019-04-11T20:17:47.510-0600: 11.752: [GC (CMS Initial Mark) [1 CMS-initial-mark: 26633K(393216K)] 48848K(502464K), 0.0053619 secs] [Times: user=0.00 sys=0.00, real=0.01 secs] 
2019-04-11T20:17:47.516-0600: 11.757: Total time for which application threads were stopped: 0.0055758 seconds, Stopping threads took: 0.0000217 seconds
2019-04-11T20:17:47.516-0600: 11.757: [CMS-concurrent-mark-start]
2019-04-11T20:17:47.522-0600: 11.763: Total time for which application threads were stopped: 0.0001865 seconds, Stopping threads took: 0.0000446 seconds
2019-04-11T20:17:47.523-0600: 11.765: Total time for which application threads were stopped: 0.0000986 seconds, Stopping threads took: 0.0000172 seconds
2019-04-11T20:17:47.531-0600: 11.772: [CMS-concurrent-mark: 0.013/0.015 secs] [Times: user=0.06 sys=0.00, real=0.01 secs] 
2019-04-11T20:17:47.531-0600: 11.773: [CMS-concurrent-preclean-start]
2019-04-11T20:17:47.532-0600: 11.774: [CMS-concurrent-preclean: 0.001/0.001 secs] [Times: user=0.00 sys=0.00, real=0.00 secs] 
2019-04-11T20:17:47.532-0600: 11.774: [GC (CMS Final Remark) [YG occupancy: 23180 K (109248 K)]{Heap before GC invocations=22 (full 2):
 par new generation   total 109248K, used 23180K [0x00000000e0000000, 0x00000000e8000000, 0x00000000e8000000)
  eden space 87424K,   1% used [0x00000000e0000000, 0x00000000e0153290, 0x00000000e5560000)
  from space 21824K, 100% used [0x00000000e5560000, 0x00000000e6ab0000, 0x00000000e6ab0000)
  to   space 21824K,   0% used [0x00000000e6ab0000, 0x00000000e6ab0000, 0x00000000e8000000)
 concurrent mark-sweep generation total 393216K, used 26633K [0x00000000e8000000, 0x0000000100000000, 0x0000000100000000)
 Metaspace       used 43724K, capacity 45747K, committed 46008K, reserved 1089536K
  class space    used 5560K, capacity 5990K, committed 6088K, reserved 1048576K
2019-04-11T20:17:47.532-0600: 11.774: [GC (CMS Final Remark) 2019-04-11T20:17:47.532-0600: 11.774: [ParNew
Desired survivor size 20112992 bytes, new threshold 8 (max 8)
- age   1:      56232 bytes,      56232 total
- age   2:   17385408 bytes,   17441640 total
- age   3:     961048 bytes,   18402688 total
- age   4:    1238896 bytes,   19641584 total
: 23180K->21824K(109248K), 0.0185537 secs] 49813K->51183K(502464K), 0.0186075 secs] [Times: user=0.06 sys=0.00, real=0.02 secs] 
Heap after GC invocations=23 (full 2):
 par new generation   total 109248K, used 21824K [0x00000000e0000000, 0x00000000e8000000, 0x00000000e8000000)
  eden space 87424K,   0% used [0x00000000e0000000, 0x00000000e0000000, 0x00000000e5560000)
  from space 21824K, 100% used [0x00000000e6ab0000, 0x00000000e8000000, 0x00000000e8000000)
  to   space 21824K,   0% used [0x00000000e5560000, 0x00000000e5560000, 0x00000000e6ab0000)
 concurrent mark-sweep generation total 393216K, used 29359K [0x00000000e8000000, 0x0000000100000000, 0x0000000100000000)
 Metaspace       used 43724K, capacity 45747K, committed 46008K, reserved 1089536K
  class space    used 5560K, capacity 5990K, committed 6088K, reserved 1048576K
}
2019-04-11T20:17:47.551-0600: 11.792: [Rescan (parallel) , 0.0063270 secs]2019-04-11T20:17:47.557-0600: 11.799: [weak refs processing, 0.0006270 secs]2019-04-11T20:17:47.558-0600: 11.799: [class unloading, 0.0066315 secs]2019-04-11T20:17:47.565-0600: 11.806: [scrub symbol table, 0.0051511 secs]2019-04-11T20:17:47.570-0600: 11.811: [scrub string table, 0.0005367 secs][1 CMS-remark: 29359K(393216K)] 51183K(502464K), 0.0387830 secs] [Times: user=0.13 sys=0.00, real=0.04 secs] 
2019-04-11T20:17:47.571-0600: 11.813: Total time for which application threads were stopped: 0.0389135 seconds, Stopping threads took: 0.0000205 seconds
2019-04-11T20:17:47.571-0600: 11.813: [CMS-concurrent-sweep-start]
2019-04-11T20:17:47.571-0600: 11.813: Total time for which application threads were stopped: 0.0001079 seconds, Stopping threads took: 0.0000285 seconds
2019-04-11T20:17:47.571-0600: 11.813: Total time for which application threads were stopped: 0.0000583 seconds, Stopping threads took: 0.0000247 seconds
2019-04-11T20:17:47.571-0600: 11.813: Total time for which application threads were stopped: 0.0000414 seconds, Stopping threads took: 0.0000103 seconds
2019-04-11T20:17:47.572-0600: 11.813: Total time for which application threads were stopped: 0.0000704 seconds, Stopping threads took: 0.0000270 seconds
2019-04-11T20:17:47.572-0600: 11.813: Total time for which application threads were stopped: 0.0000611 seconds, Stopping threads took: 0.0000252 seconds
2019-04-11T20:17:47.572-0600: 11.813: Total time for which application threads were stopped: 0.0000429 seconds, Stopping threads took: 0.0000103 seconds
2019-04-11T20:17:47.572-0600: 11.814: Total time for which application threads were stopped: 0.0000514 seconds, Stopping threads took: 0.0000186 seconds
2019-04-11T20:17:47.572-0600: 11.814: Total time for which application threads were stopped: 0.0000576 seconds, Stopping threads took: 0.0000235 seconds
2019-04-11T20:17:47.572-0600: 11.814: Total time for which application threads were stopped: 0.0000449 seconds, Stopping threads took: 0.0000132 seconds
2019-04-11T20:17:47.572-0600: 11.814: Total time for which application threads were stopped: 0.0000524 seconds, Stopping threads took: 0.0000187 seconds
2019-04-11T20:17:47.572-0600: 11.814: Total time for which application threads were stopped: 0.0000508 seconds, Stopping threads took: 0.0000185 seconds
2019-04-11T20:17:47.572-0600: 11.814: Total time for which application threads were stopped: 0.0000505 seconds, Stopping threads took: 0.0000184 seconds
2019-04-11T20:17:47.573-0600: 11.814: Total time for which application threads were stopped: 0.0000734 seconds, Stopping threads took: 0.0000354 seconds
2019-04-11T20:17:47.573-0600: 11.814: Total time for which application threads were stopped: 0.0000584 seconds, Stopping threads took: 0.0000250 seconds
2019-04-11T20:17:47.573-0600: 11.814: Total time for which application threads were stopped: 0.0000596 seconds, Stopping threads took: 0.0000241 seconds
2019-04-11T20:17:47.573-0600: 11.814: Total time for which application threads were stopped: 0.0000651 seconds, Stopping threads took: 0.0000293 seconds
2019-04-11T20:17:47.573-0600: 11.814: Total time for which application threads were stopped: 0.0000641 seconds, Stopping threads took: 0.0000299 seconds
2019-04-11T20:17:47.573-0600: 11.815: Total time for which application threads were stopped: 0.0000730 seconds, Stopping threads took: 0.0000357 seconds
2019-04-11T20:17:47.573-0600: 11.815: Total time for which application threads were stopped: 0.0000650 seconds, Stopping threads took: 0.0000314 seconds
2019-04-11T20:17:47.573-0600: 11.815: Total time for which application threads were stopped: 0.0000654 seconds, Stopping threads took: 0.0000295 seconds
2019-04-11T20:17:47.573-0600: 11.815: Total time for which application threads were stopped: 0.0000686 seconds, Stopping threads took: 0.0000312 seconds
2019-04-11T20:17:47.573-0600: 11.815: Total time for which application threads were stopped: 0.0000577 seconds, Stopping threads took: 0.0000243 seconds
2019-04-11T20:17:47.574-0600: 11.815: Total time for which application threads were stopped: 0.0000642 seconds, Stopping threads took: 0.0000236 seconds
2019-04-11T20:17:47.574-0600: 11.815: Total time for which application threads were stopped: 0.0000677 seconds, Stopping threads took: 0.0000317 seconds
2019-04-11T20:17:47.574-0600: 11.815: Total time for which application threads were stopped: 0.0000628 seconds, Stopping threads took: 0.0000246 seconds
2019-04-11T20:17:47.574-0600: 11.815: Total time for which application threads were stopped: 0.0000560 seconds, Stopping threads took: 0.0000194 seconds
2019-04-11T20:17:47.574-0600: 11.816: Total time for which application threads were stopped: 0.0002630 seconds, Stopping threads took: 0.0000200 seconds
2019-04-11T20:17:47.574-0600: 11.816: Total time for which application threads were stopped: 0.0000608 seconds, Stopping threads took: 0.0000240 seconds
2019-04-11T20:17:47.574-0600: 11.816: Total time for which application threads were stopped: 0.0000680 seconds, Stopping threads took: 0.0000291 seconds
2019-04-11T20:17:47.574-0600: 11.816: Total time for which application threads were stopped: 0.0000565 seconds, Stopping threads took: 0.0000197 seconds
2019-04-11T20:17:47.575-0600: 11.816: Total time for which application threads were stopped: 0.0000715 seconds, Stopping threads took: 0.0000200 seconds
2019-04-11T20:17:47.575-0600: 11.816: Total time for which application threads were stopped: 0.0000728 seconds, Stopping threads took: 0.0000376 seconds
2019-04-11T20:17:47.575-0600: 11.816: Total time for which application threads were stopped: 0.0000828 seconds, Stopping threads took: 0.0000372 seconds
2019-04-11T20:17:47.575-0600: 11.817: Total time for which application threads were stopped: 0.0002248 seconds, Stopping threads took: 0.0000282 seconds
2019-04-11T20:17:47.575-0600: 11.817: Total time for which application threads were stopped: 0.0000596 seconds, Stopping threads took: 0.0000252 seconds
2019-04-11T20:17:47.575-0600: 11.817: Total time for which application threads were stopped: 0.0000608 seconds, Stopping threads took: 0.0000273 seconds
2019-04-11T20:17:47.575-0600: 11.817: Total time for which application threads were stopped: 0.0000626 seconds, Stopping threads took: 0.0000279 seconds
2019-04-11T20:17:47.575-0600: 11.817: Total time for which application threads were stopped: 0.0000610 seconds, Stopping threads took: 0.0000242 seconds
2019-04-11T20:17:47.576-0600: 11.817: Total time for which application threads were stopped: 0.0000654 seconds, Stopping threads took: 0.0000202 seconds
2019-04-11T20:17:47.576-0600: 11.817: Total time for which application threads were stopped: 0.0002030 seconds, Stopping threads took: 0.0000229 seconds
2019-04-11T20:17:47.578-0600: 11.819: Total time for which application threads were stopped: 0.0001410 seconds, Stopping threads took: 0.0000327 seconds
2019-04-11T20:17:47.584-0600: 11.825: [CMS-concurrent-sweep: 0.009/0.013 secs] [Times: user=0.06 sys=0.00, real=0.01 secs] 
2019-04-11T20:17:47.584-0600: 11.825: [CMS-concurrent-reset-start]
2019-04-11T20:17:47.584-0600: 11.826: [CMS-concurrent-reset: 0.000/0.000 secs] [Times: user=0.00 sys=0.00, real=0.00 secs] 
2019-04-11T20:17:47.610-0600: 11.852: Total time for which application threads were stopped: 0.0005594 seconds, Stopping threads took: 0.0000232 seconds
2019-04-11T20:17:47.616-0600: 11.858: Total time for which application threads were stopped: 0.0001320 seconds, Stopping threads took: 0.0000341 seconds
2019-04-11T20:17:47.616-0600: 11.858: Total time for which application threads were stopped: 0.0000595 seconds, Stopping threads took: 0.0000229 seconds
2019-04-11T20:17:47.617-0600: 11.858: Total time for which application threads were stopped: 0.0000854 seconds, Stopping threads took: 0.0000353 seconds
2019-04-11T20:17:47.617-0600: 11.859: Total time for which application threads were stopped: 0.0000666 seconds, Stopping threads took: 0.0000140 seconds
2019-04-11T20:17:47.617-0600: 11.859: Total time for which application threads were stopped: 0.0000447 seconds, Stopping threads took: 0.0000113 seconds
2019-04-11T20:17:47.617-0600: 11.859: Total time for which application threads were stopped: 0.0000544 seconds, Stopping threads took: 0.0000201 seconds
2019-04-11T20:17:47.618-0600: 11.859: Total time for which application threads were stopped: 0.0000601 seconds, Stopping threads took: 0.0000107 seconds
2019-04-11T20:17:47.618-0600: 11.859: Total time for which application threads were stopped: 0.0000473 seconds, Stopping threads took: 0.0000119 seconds
2019-04-11T20:17:47.618-0600: 11.860: Total time for which application threads were stopped: 0.0000444 seconds, Stopping threads took: 0.0000104 seconds
2019-04-11T20:17:47.728-0600: 11.970: Total time for which application threads were stopped: 0.0001649 seconds, Stopping threads took: 0.0000372 seconds
2019-04-11T20:17:47.728-0600: 11.970: Total time for which application threads were stopped: 0.0000793 seconds, Stopping threads took: 0.0000168 seconds
2019-04-11T20:17:47.729-0600: 11.970: Total time for which application threads were stopped: 0.0001023 seconds, Stopping threads took: 0.0000336 seconds
2019-04-11T20:17:47.729-0600: 11.970: Total time for which application threads were stopped: 0.0000785 seconds, Stopping threads took: 0.0000279 seconds
2019-04-11T20:17:47.729-0600: 11.970: Total time for which application threads were stopped: 0.0000906 seconds, Stopping threads took: 0.0000288 seconds
2019-04-11T20:17:47.729-0600: 11.970: Total time for which application threads were stopped: 0.0000864 seconds, Stopping threads took: 0.0000273 seconds
2019-04-11T20:17:47.729-0600: 11.970: Total time for which application threads were stopped: 0.0000795 seconds, Stopping threads took: 0.0000291 seconds
2019-04-11T20:17:47.729-0600: 11.971: Total time for which application threads were stopped: 0.0000773 seconds, Stopping threads took: 0.0000276 seconds
2019-04-11T20:17:47.729-0600: 11.971: Total time for which application threads were stopped: 0.0000468 seconds, Stopping threads took: 0.0000133 seconds
2019-04-11T20:17:47.729-0600: 11.971: Total time for which application threads were stopped: 0.0000483 seconds, Stopping threads took: 0.0000134 seconds
2019-04-11T20:17:47.729-0600: 11.971: Total time for which application threads were stopped: 0.0000624 seconds, Stopping threads took: 0.0000264 seconds
2019-04-11T20:17:47.730-0600: 11.971: Total time for which application threads were stopped: 0.0003126 seconds, Stopping threads took: 0.0000149 seconds
2019-04-11T20:17:48.731-0600: 12.972: Total time for which application threads were stopped: 0.0001500 seconds, Stopping threads took: 0.0000364 seconds
2019-04-11T20:18:12.564-0600: 36.806: Total time for which application threads were stopped: 0.0007613 seconds, Stopping threads took: 0.0000608 seconds
2019-04-11T20:18:12.610-0600: 36.852: Total time for which application threads were stopped: 0.0002240 seconds, Stopping threads took: 0.0000548 seconds
2019-04-11T20:18:13.610-0600: 37.851: Total time for which application threads were stopped: 0.0001581 seconds, Stopping threads took: 0.0000377 seconds
2019-04-11T20:18:18.948-0600: 43.189: Total time for which application threads were stopped: 0.0001404 seconds, Stopping threads took: 0.0000287 seconds
2019-04-11T20:18:18.948-0600: 43.189: Total time for which application threads were stopped: 0.0000846 seconds, Stopping threads took: 0.0000136 seconds
2019-04-11T20:18:18.968-0600: 43.209: Total time for which application threads were stopped: 0.0001245 seconds, Stopping threads took: 0.0000326 seconds
2019-04-11T20:18:18.999-0600: 43.241: Total time for which application threads were stopped: 0.0007569 seconds, Stopping threads took: 0.0000531 seconds
2019-04-11T20:18:19.006-0600: 43.247: Total time for which application threads were stopped: 0.0001649 seconds, Stopping threads took: 0.0000490 seconds
2019-04-11T20:18:23.207-0600: 47.448: Total time for which application threads were stopped: 0.0002009 seconds, Stopping threads took: 0.0000381 seconds
{Heap before GC invocations=23 (full 2):
 par new generation   total 109248K, used 109244K [0x00000000e0000000, 0x00000000e8000000, 0x00000000e8000000)
  eden space 87424K,  99% used [0x00000000e0000000, 0x00000000e555f2a0, 0x00000000e5560000)
  from space 21824K, 100% used [0x00000000e6ab0000, 0x00000000e8000000, 0x00000000e8000000)
  to   space 21824K,   0% used [0x00000000e5560000, 0x00000000e5560000, 0x00000000e6ab0000)
 concurrent mark-sweep generation total 393216K, used 28708K [0x00000000e8000000, 0x0000000100000000, 0x0000000100000000)
 Metaspace       used 44482K, capacity 46549K, committed 46776K, reserved 1089536K
  class space    used 5656K, capacity 6084K, committed 6088K, reserved 1048576K
2019-04-11T20:18:23.330-0600: 47.572: [GC (Allocation Failure) 2019-04-11T20:18:23.330-0600: 47.572: [ParNew
Desired survivor size 20112992 bytes, new threshold 5 (max 8)
- age   1:    5505264 bytes,    5505264 total
- age   2:      45672 bytes,    5550936 total
- age   3:   13141936 bytes,   18692872 total
- age   4:     960952 bytes,   19653824 total
- age   5:    1238408 bytes,   20892232 total
: 109244K->21824K(109248K), 0.0175401 secs] 137952K->51847K(502464K), 0.0176585 secs] [Times: user=0.09 sys=0.00, real=0.02 secs] 
Heap after GC invocations=24 (full 2):
 par new generation   total 109248K, used 21824K [0x00000000e0000000, 0x00000000e8000000, 0x00000000e8000000)
  eden space 87424K,   0% used [0x00000000e0000000, 0x00000000e0000000, 0x00000000e5560000)
  from space 21824K, 100% used [0x00000000e5560000, 0x00000000e6ab0000, 0x00000000e6ab0000)
  to   space 21824K,   0% used [0x00000000e6ab0000, 0x00000000e6ab0000, 0x00000000e8000000)
 concurrent mark-sweep generation total 393216K, used 30023K [0x00000000e8000000, 0x0000000100000000, 0x0000000100000000)
 Metaspace       used 44482K, capacity 46549K, committed 46776K, reserved 1089536K
  class space    used 5656K, capacity 6084K, committed 6088K, reserved 1048576K
}
2019-04-11T20:18:23.348-0600: 47.590: Total time for which application threads were stopped: 0.0180504 seconds, Stopping threads took: 0.0000528 seconds
2019-04-11T20:18:23.352-0600: 47.593: Total time for which application threads were stopped: 0.0002088 seconds, Stopping threads took: 0.0000459 seconds
{Heap before GC invocations=24 (full 2):
 par new generation   total 109248K, used 109248K [0x00000000e0000000, 0x00000000e8000000, 0x00000000e8000000)
  eden space 87424K, 100% used [0x00000000e0000000, 0x00000000e5560000, 0x00000000e5560000)
  from space 21824K, 100% used [0x00000000e5560000, 0x00000000e6ab0000, 0x00000000e6ab0000)
  to   space 21824K,   0% used [0x00000000e6ab0000, 0x00000000e6ab0000, 0x00000000e8000000)
 concurrent mark-sweep generation total 393216K, used 30023K [0x00000000e8000000, 0x0000000100000000, 0x0000000100000000)
 Metaspace       used 44484K, capacity 46549K, committed 46776K, reserved 1089536K
  class space    used 5656K, capacity 6084K, committed 6088K, reserved 1048576K
2019-04-11T20:18:23.475-0600: 47.717: [GC (Allocation Failure) 2019-04-11T20:18:23.475-0600: 47.717: [ParNew
Desired survivor size 20112992 bytes, new threshold 8 (max 8)
- age   1:     398736 bytes,     398736 total
- age   2:    5354400 bytes,    5753136 total
- age   3:      45672 bytes,    5798808 total
- age   4:   13068352 bytes,   18867160 total
- age   5:     960952 bytes,   19828112 total
: 109248K->21824K(109248K), 0.0165469 secs] 139271K->53184K(502464K), 0.0166619 secs] [Times: user=0.11 sys=0.00, real=0.02 secs] 
Heap after GC invocations=25 (full 2):
 par new generation   total 109248K, used 21824K [0x00000000e0000000, 0x00000000e8000000, 0x00000000e8000000)
  eden space 87424K,   0% used [0x00000000e0000000, 0x00000000e0000000, 0x00000000e5560000)
  from space 21824K, 100% used [0x00000000e6ab0000, 0x00000000e8000000, 0x00000000e8000000)
  to   space 21824K,   0% used [0x00000000e5560000, 0x00000000e5560000, 0x00000000e6ab0000)
 concurrent mark-sweep generation total 393216K, used 31360K [0x00000000e8000000, 0x0000000100000000, 0x0000000100000000)
 Metaspace       used 44484K, capacity 46549K, committed 46776K, reserved 1089536K
  class space    used 5656K, capacity 6084K, committed 6088K, reserved 1048576K
}
2019-04-11T20:18:23.492-0600: 47.734: Total time for which application threads were stopped: 0.0170141 seconds, Stopping threads took: 0.0000432 seconds
2019-04-11T20:18:23.553-0600: 47.795: Total time for which application threads were stopped: 0.0029444 seconds, Stopping threads took: 0.0026755 seconds
2019-04-11T20:18:23.591-0600: 47.832: Total time for which application threads were stopped: 0.0069577 seconds, Stopping threads took: 0.0068188 seconds
2019-04-11T20:18:23.591-0600: 47.833: Total time for which application threads were stopped: 0.0001926 seconds, Stopping threads took: 0.0000702 seconds
2019-04-11T20:18:23.714-0600: 47.956: Total time for which application threads were stopped: 0.0002444 seconds, Stopping threads took: 0.0000516 seconds
2019-04-11T20:18:23.716-0600: 47.957: Total time for which application threads were stopped: 0.0002767 seconds, Stopping threads took: 0.0000992 seconds
2019-04-11T20:18:23.716-0600: 47.958: Total time for which application threads were stopped: 0.0001516 seconds, Stopping threads took: 0.0000716 seconds
{Heap before GC invocations=25 (full 2):
 par new generation   total 109248K, used 109237K [0x00000000e0000000, 0x00000000e8000000, 0x00000000e8000000)
  eden space 87424K,  99% used [0x00000000e0000000, 0x00000000e555d6e8, 0x00000000e5560000)
  from space 21824K, 100% used [0x00000000e6ab0000, 0x00000000e8000000, 0x00000000e8000000)
  to   space 21824K,   0% used [0x00000000e5560000, 0x00000000e5560000, 0x00000000e6ab0000)
 concurrent mark-sweep generation total 393216K, used 31360K [0x00000000e8000000, 0x0000000100000000, 0x0000000100000000)
 Metaspace       used 44554K, capacity 46683K, committed 46776K, reserved 1089536K
  class space    used 5657K, capacity 6085K, committed 6088K, reserved 1048576K
2019-04-11T20:18:23.770-0600: 48.012: [GC (Allocation Failure) 2019-04-11T20:18:23.770-0600: 48.012: [ParNew
Desired survivor size 20112992 bytes, new threshold 5 (max 8)
- age   1:    2257080 bytes,    2257080 total
- age   2:      86840 bytes,    2343920 total
- age   3:    5156520 bytes,    7500440 total
- age   4:      45640 bytes,    7546080 total
- age   5:   12667936 bytes,   20214016 total
- age   6:     960952 bytes,   21174968 total
: 109237K->21824K(109248K), 0.0159220 secs] 140597K->53911K(502464K), 0.0160468 secs] [Times: user=0.08 sys=0.00, real=0.02 secs] 
Heap after GC invocations=26 (full 2):
 par new generation   total 109248K, used 21824K [0x00000000e0000000, 0x00000000e8000000, 0x00000000e8000000)
  eden space 87424K,   0% used [0x00000000e0000000, 0x00000000e0000000, 0x00000000e5560000)
  from space 21824K, 100% used [0x00000000e5560000, 0x00000000e6ab0000, 0x00000000e6ab0000)
  to   space 21824K,   0% used [0x00000000e6ab0000, 0x00000000e6ab0000, 0x00000000e8000000)
 concurrent mark-sweep generation total 393216K, used 32087K [0x00000000e8000000, 0x0000000100000000, 0x0000000100000000)
 Metaspace       used 44554K, capacity 46683K, committed 46776K, reserved 1089536K
  class space    used 5657K, capacity 6085K, committed 6088K, reserved 1048576K
}
2019-04-11T20:18:23.786-0600: 48.028: Total time for which application threads were stopped: 0.0164117 seconds, Stopping threads took: 0.0000516 seconds
2019-04-11T20:18:23.789-0600: 48.031: Total time for which application threads were stopped: 0.0010301 seconds, Stopping threads took: 0.0008356 seconds
2019-04-11T20:18:23.834-0600: 48.075: Total time for which application threads were stopped: 0.0002361 seconds, Stopping threads took: 0.0000800 seconds
2019-04-11T20:18:23.837-0600: 48.078: Total time for which application threads were stopped: 0.0002213 seconds, Stopping threads took: 0.0000748 seconds
2019-04-11T20:18:23.883-0600: 48.125: Total time for which application threads were stopped: 0.0011076 seconds, Stopping threads took: 0.0009289 seconds
2019-04-11T20:18:23.885-0600: 48.127: Total time for which application threads were stopped: 0.0013766 seconds, Stopping threads took: 0.0011982 seconds
2019-04-11T20:18:23.896-0600: 48.138: Total time for which application threads were stopped: 0.0006602 seconds, Stopping threads took: 0.0004794 seconds
{Heap before GC invocations=26 (full 2):
 par new generation   total 109248K, used 109248K [0x00000000e0000000, 0x00000000e8000000, 0x00000000e8000000)
  eden space 87424K, 100% used [0x00000000e0000000, 0x00000000e5560000, 0x00000000e5560000)
  from space 21824K, 100% used [0x00000000e5560000, 0x00000000e6ab0000, 0x00000000e6ab0000)
  to   space 21824K,   0% used [0x00000000e6ab0000, 0x00000000e6ab0000, 0x00000000e8000000)
 concurrent mark-sweep generation total 393216K, used 32087K [0x00000000e8000000, 0x0000000100000000, 0x0000000100000000)
 Metaspace       used 44596K, capacity 46753K, committed 46776K, reserved 1089536K
  class space    used 5657K, capacity 6086K, committed 6088K, reserved 1048576K
2019-04-11T20:18:23.900-0600: 48.142: [GC (Allocation Failure) 2019-04-11T20:18:23.900-0600: 48.142: [ParNew
Desired survivor size 20112992 bytes, new threshold 8 (max 8)
- age   1:     965904 bytes,     965904 total
- age   2:    1681888 bytes,    2647792 total
- age   3:      86840 bytes,    2734632 total
- age   4:    4397600 bytes,    7132232 total
- age   5:      45640 bytes,    7177872 total
: 109248K->20391K(109248K), 0.0292206 secs] 141335K->68502K(502464K), 0.0293176 secs] [Times: user=0.05 sys=0.02, real=0.03 secs] 
Heap after GC invocations=27 (full 2):
 par new generation   total 109248K, used 20391K [0x00000000e0000000, 0x00000000e8000000, 0x00000000e8000000)
  eden space 87424K,   0% used [0x00000000e0000000, 0x00000000e0000000, 0x00000000e5560000)
  from space 21824K,  93% used [0x00000000e6ab0000, 0x00000000e7e99fe0, 0x00000000e8000000)
  to   space 21824K,   0% used [0x00000000e5560000, 0x00000000e5560000, 0x00000000e6ab0000)
 concurrent mark-sweep generation total 393216K, used 48110K [0x00000000e8000000, 0x0000000100000000, 0x0000000100000000)
 Metaspace       used 44596K, capacity 46753K, committed 46776K, reserved 1089536K
  class space    used 5657K, capacity 6086K, committed 6088K, reserved 1048576K
}
2019-04-11T20:18:23.930-0600: 48.171: Total time for which application threads were stopped: 0.0303956 seconds, Stopping threads took: 0.0007893 seconds
2019-04-11T20:18:23.957-0600: 48.198: Total time for which application threads were stopped: 0.0002533 seconds, Stopping threads took: 0.0000856 seconds
2019-04-11T20:18:23.959-0600: 48.200: Total time for which application threads were stopped: 0.0008427 seconds, Stopping threads took: 0.0006790 seconds
2019-04-11T20:18:23.983-0600: 48.225: Total time for which application threads were stopped: 0.0003723 seconds, Stopping threads took: 0.0002010 seconds
2019-04-11T20:18:23.990-0600: 48.232: Total time for which application threads were stopped: 0.0002169 seconds, Stopping threads took: 0.0000564 seconds
2019-04-11T20:18:24.050-0600: 48.291: Total time for which application threads were stopped: 0.0002963 seconds, Stopping threads took: 0.0001240 seconds
2019-04-11T20:18:24.093-0600: 48.334: Total time for which application threads were stopped: 0.0054033 seconds, Stopping threads took: 0.0052471 seconds
2019-04-11T20:18:24.093-0600: 48.335: Total time for which application threads were stopped: 0.0001212 seconds, Stopping threads took: 0.0000312 seconds
2019-04-11T20:18:24.093-0600: 48.335: Total time for which application threads were stopped: 0.0000751 seconds, Stopping threads took: 0.0000158 seconds
2019-04-11T20:18:24.095-0600: 48.336: Total time for which application threads were stopped: 0.0001711 seconds, Stopping threads took: 0.0000432 seconds
2019-04-11T20:18:24.095-0600: 48.336: Total time for which application threads were stopped: 0.0000861 seconds, Stopping threads took: 0.0000235 seconds
2019-04-11T20:18:24.099-0600: 48.340: Total time for which application threads were stopped: 0.0035746 seconds, Stopping threads took: 0.0034338 seconds
2019-04-11T20:18:24.100-0600: 48.341: Total time for which application threads were stopped: 0.0001821 seconds, Stopping threads took: 0.0000472 seconds
2019-04-11T20:18:24.100-0600: 48.342: Total time for which application threads were stopped: 0.0000969 seconds, Stopping threads took: 0.0000245 seconds
2019-04-11T20:18:24.100-0600: 48.342: Total time for which application threads were stopped: 0.0000758 seconds, Stopping threads took: 0.0000148 seconds
2019-04-11T20:18:24.100-0600: 48.342: Total time for which application threads were stopped: 0.0000563 seconds, Stopping threads took: 0.0000120 seconds
2019-04-11T20:18:24.101-0600: 48.342: Total time for which application threads were stopped: 0.0000561 seconds, Stopping threads took: 0.0000116 seconds
2019-04-11T20:18:24.101-0600: 48.342: Total time for which application threads were stopped: 0.0000533 seconds, Stopping threads took: 0.0000115 seconds
2019-04-11T20:18:24.101-0600: 48.342: Total time for which application threads were stopped: 0.0000666 seconds, Stopping threads took: 0.0000166 seconds
2019-04-11T20:18:24.102-0600: 48.343: Total time for which application threads were stopped: 0.0001168 seconds, Stopping threads took: 0.0000266 seconds
2019-04-11T20:18:24.103-0600: 48.344: Total time for which application threads were stopped: 0.0002016 seconds, Stopping threads took: 0.0000777 seconds
2019-04-11T20:18:24.103-0600: 48.344: Total time for which application threads were stopped: 0.0001863 seconds, Stopping threads took: 0.0001204 seconds
2019-04-11T20:18:24.103-0600: 48.345: Total time for which application threads were stopped: 0.0001548 seconds, Stopping threads took: 0.0000675 seconds
2019-04-11T20:18:24.103-0600: 48.345: Total time for which application threads were stopped: 0.0000574 seconds, Stopping threads took: 0.0000126 seconds
2019-04-11T20:18:24.103-0600: 48.345: Total time for which application threads were stopped: 0.0000542 seconds, Stopping threads took: 0.0000114 seconds
2019-04-11T20:18:24.103-0600: 48.345: Total time for which application threads were stopped: 0.0000609 seconds, Stopping threads took: 0.0000155 seconds
2019-04-11T20:18:24.104-0600: 48.345: Total time for which application threads were stopped: 0.0003757 seconds, Stopping threads took: 0.0000940 seconds
2019-04-11T20:18:24.108-0600: 48.350: Total time for which application threads were stopped: 0.0005332 seconds, Stopping threads took: 0.0003967 seconds
2019-04-11T20:18:24.144-0600: 48.385: Total time for which application threads were stopped: 0.0005447 seconds, Stopping threads took: 0.0003652 seconds
2019-04-11T20:18:24.144-0600: 48.386: Total time for which application threads were stopped: 0.0001323 seconds, Stopping threads took: 0.0000235 seconds
2019-04-11T20:18:24.196-0600: 48.438: Total time for which application threads were stopped: 0.0001831 seconds, Stopping threads took: 0.0000432 seconds
2019-04-11T20:18:24.198-0600: 48.439: Total time for which application threads were stopped: 0.0001812 seconds, Stopping threads took: 0.0000453 seconds
2019-04-11T20:18:24.199-0600: 48.441: Total time for which application threads were stopped: 0.0001962 seconds, Stopping threads took: 0.0000674 seconds
2019-04-11T20:18:24.254-0600: 48.496: Total time for which application threads were stopped: 0.0002314 seconds, Stopping threads took: 0.0000374 seconds
2019-04-11T20:18:24.320-0600: 48.561: Total time for which application threads were stopped: 0.0001813 seconds, Stopping threads took: 0.0000395 seconds
2019-04-11T20:18:24.321-0600: 48.562: Total time for which application threads were stopped: 0.0001259 seconds, Stopping threads took: 0.0000299 seconds
2019-04-11T20:18:24.325-0600: 48.566: Total time for which application threads were stopped: 0.0001674 seconds, Stopping threads took: 0.0000500 seconds
2019-04-11T20:18:24.339-0600: 48.581: Total time for which application threads were stopped: 0.0002052 seconds, Stopping threads took: 0.0000572 seconds
2019-04-11T20:18:24.352-0600: 48.594: Total time for which application threads were stopped: 0.0001426 seconds, Stopping threads took: 0.0000463 seconds
{Heap before GC invocations=27 (full 2):
 par new generation   total 109248K, used 107815K [0x00000000e0000000, 0x00000000e8000000, 0x00000000e8000000)
  eden space 87424K, 100% used [0x00000000e0000000, 0x00000000e5560000, 0x00000000e5560000)
  from space 21824K,  93% used [0x00000000e6ab0000, 0x00000000e7e99fe0, 0x00000000e8000000)
  to   space 21824K,   0% used [0x00000000e5560000, 0x00000000e5560000, 0x00000000e6ab0000)
 concurrent mark-sweep generation total 393216K, used 48110K [0x00000000e8000000, 0x0000000100000000, 0x0000000100000000)
 Metaspace       used 44783K, capacity 46985K, committed 47160K, reserved 1089536K
  class space    used 5672K, capacity 6102K, committed 6216K, reserved 1048576K
2019-04-11T20:18:24.353-0600: 48.594: [GC (Allocation Failure) 2019-04-11T20:18:24.353-0600: 48.594: [ParNew
Desired survivor size 20112992 bytes, new threshold 8 (max 8)
- age   1:    4776584 bytes,    4776584 total
- age   2:     650856 bytes,    5427440 total
- age   3:     923600 bytes,    6351040 total
- age   4:      86840 bytes,    6437880 total
- age   5:    2814312 bytes,    9252192 total
- age   6:      45640 bytes,    9297832 total
: 107815K->12298K(109248K), 0.0083053 secs] 155926K->60409K(502464K), 0.0083748 secs] [Times: user=0.06 sys=0.00, real=0.01 secs] 
Heap after GC invocations=28 (full 2):
 par new generation   total 109248K, used 12298K [0x00000000e0000000, 0x00000000e8000000, 0x00000000e8000000)
  eden space 87424K,   0% used [0x00000000e0000000, 0x00000000e0000000, 0x00000000e5560000)
  from space 21824K,  56% used [0x00000000e5560000, 0x00000000e6162b80, 0x00000000e6ab0000)
  to   space 21824K,   0% used [0x00000000e6ab0000, 0x00000000e6ab0000, 0x00000000e8000000)
 concurrent mark-sweep generation total 393216K, used 48110K [0x00000000e8000000, 0x0000000100000000, 0x0000000100000000)
 Metaspace       used 44783K, capacity 46985K, committed 47160K, reserved 1089536K
  class space    used 5672K, capacity 6102K, committed 6216K, reserved 1048576K
}
2019-04-11T20:18:24.361-0600: 48.603: Total time for which application threads were stopped: 0.0086121 seconds, Stopping threads took: 0.0000322 seconds
2019-04-11T20:18:24.362-0600: 48.603: Total time for which application threads were stopped: 0.0002038 seconds, Stopping threads took: 0.0000515 seconds
2019-04-11T20:18:24.412-0600: 48.653: Total time for which application threads were stopped: 0.0002088 seconds, Stopping threads took: 0.0000392 seconds
2019-04-11T20:18:24.420-0600: 48.662: Total time for which application threads were stopped: 0.0002167 seconds, Stopping threads took: 0.0000599 seconds
2019-04-11T20:18:24.466-0600: 48.707: Total time for which application threads were stopped: 0.0003677 seconds, Stopping threads took: 0.0000778 seconds
2019-04-11T20:18:24.495-0600: 48.736: Total time for which application threads were stopped: 0.0001952 seconds, Stopping threads took: 0.0000597 seconds
2019-04-11T20:18:24.495-0600: 48.737: Total time for which application threads were stopped: 0.0001259 seconds, Stopping threads took: 0.0000299 seconds
2019-04-11T20:18:24.496-0600: 48.737: Total time for which application threads were stopped: 0.0001096 seconds, Stopping threads took: 0.0000226 seconds
2019-04-11T20:18:24.502-0600: 48.743: Total time for which application threads were stopped: 0.0001702 seconds, Stopping threads took: 0.0000508 seconds
2019-04-11T20:18:25.503-0600: 49.744: Total time for which application threads were stopped: 0.0001345 seconds, Stopping threads took: 0.0000264 seconds
2019-04-11T20:18:31.763-0600: 56.004: Total time for which application threads were stopped: 0.0001388 seconds, Stopping threads took: 0.0000305 seconds
2019-04-11T20:18:31.784-0600: 56.025: Total time for which application threads were stopped: 0.0001140 seconds, Stopping threads took: 0.0000278 seconds
2019-04-11T20:18:40.787-0600: 65.028: Total time for which application threads were stopped: 0.0001611 seconds, Stopping threads took: 0.0000586 seconds
2019-04-11T20:19:32.812-0600: 117.053: Total time for which application threads were stopped: 0.0002224 seconds, Stopping threads took: 0.0000609 seconds
2019-04-11T20:19:47.820-0600: 132.060: Total time for which application threads were stopped: 0.0001332 seconds, Stopping threads took: 0.0000326 seconds
2019-04-11T20:20:32.843-0600: 177.083: Total time for which application threads were stopped: 0.0001334 seconds, Stopping threads took: 0.0000534 seconds
2019-04-11T20:21:32.869-0600: 237.110: Total time for which application threads were stopped: 0.0001373 seconds, Stopping threads took: 0.0000412 seconds
2019-04-11T20:22:32.896-0600: 297.137: Total time for which application threads were stopped: 0.0001682 seconds, Stopping threads took: 0.0000552 seconds
2019-04-11T20:23:32.926-0600: 357.167: Total time for which application threads were stopped: 0.0001945 seconds, Stopping threads took: 0.0000627 seconds
2019-04-11T20:24:32.957-0600: 417.198: Total time for which application threads were stopped: 0.0001403 seconds, Stopping threads took: 0.0000497 seconds
2019-04-11T20:25:32.986-0600: 477.227: Total time for which application threads were stopped: 0.0001603 seconds, Stopping threads took: 0.0000403 seconds
2019-04-11T20:26:33.015-0600: 537.256: Total time for which application threads were stopped: 0.0001618 seconds, Stopping threads took: 0.0000497 seconds
2019-04-11T20:27:33.044-0600: 597.285: Total time for which application threads were stopped: 0.0001692 seconds, Stopping threads took: 0.0000514 seconds
2019-04-11T20:28:33.076-0600: 657.316: Total time for which application threads were stopped: 0.0001876 seconds, Stopping threads took: 0.0000429 seconds
2019-04-11T20:28:34.076-0600: 658.317: Total time for which application threads were stopped: 0.0001288 seconds, Stopping threads took: 0.0000256 seconds
2019-04-11T20:30:34.140-0600: 778.381: Total time for which application threads were stopped: 0.0001418 seconds, Stopping threads took: 0.0000410 seconds
2019-04-11T20:31:34.171-0600: 838.412: Total time for which application threads were stopped: 0.0001576 seconds, Stopping threads took: 0.0000574 seconds
2019-04-11T20:32:34.200-0600: 898.441: Total time for which application threads were stopped: 0.0001496 seconds, Stopping threads took: 0.0000592 seconds
2019-04-11T20:33:34.234-0600: 958.475: Total time for which application threads were stopped: 0.0001674 seconds, Stopping threads took: 0.0000420 seconds
2019-04-11T20:34:34.266-0600: 1018.507: Total time for which application threads were stopped: 0.0001395 seconds, Stopping threads took: 0.0000475 seconds
2019-04-11T20:35:34.295-0600: 1078.536: Total time for which application threads were stopped: 0.0002357 seconds, Stopping threads took: 0.0001448 seconds
2019-04-11T20:36:34.325-0600: 1138.566: Total time for which application threads were stopped: 0.0001905 seconds, Stopping threads took: 0.0000612 seconds
2019-04-11T20:37:34.355-0600: 1198.596: Total time for which application threads were stopped: 0.0001296 seconds, Stopping threads took: 0.0000458 seconds
2019-04-11T20:38:34.388-0600: 1258.629: Total time for which application threads were stopped: 0.0001699 seconds, Stopping threads took: 0.0000613 seconds
2019-04-11T20:39:34.421-0600: 1318.662: Total time for which application threads were stopped: 0.0001076 seconds, Stopping threads took: 0.0000286 seconds
2019-04-11T20:40:10.440-0600: 1354.681: Total time for which application threads were stopped: 0.0001537 seconds, Stopping threads took: 0.0000584 seconds
2019-04-11T20:41:25.480-0600: 1429.721: Total time for which application threads were stopped: 0.0001493 seconds, Stopping threads took: 0.0000379 seconds
2019-04-11T20:41:35.483-0600: 1439.724: Total time for which application threads were stopped: 0.0001389 seconds, Stopping threads took: 0.0000303 seconds
2019-04-11T20:41:40.486-0600: 1444.727: Total time for which application threads were stopped: 0.0001245 seconds, Stopping threads took: 0.0000439 seconds
2019-04-11T20:43:30.547-0600: 1554.788: Total time for which application threads were stopped: 0.0001829 seconds, Stopping threads took: 0.0000430 seconds
2019-04-11T20:43:35.549-0600: 1559.790: Total time for which application threads were stopped: 0.0001201 seconds, Stopping threads took: 0.0000236 seconds
2019-04-11T20:44:19.573-0600: 1603.814: Total time for which application threads were stopped: 0.0001759 seconds, Stopping threads took: 0.0000453 seconds
2019-04-11T20:45:35.610-0600: 1679.851: Total time for which application threads were stopped: 0.0001712 seconds, Stopping threads took: 0.0000473 seconds
2019-04-11T20:46:35.639-0600: 1739.880: Total time for which application threads were stopped: 0.0001566 seconds, Stopping threads took: 0.0000490 seconds
2019-04-11T20:47:35.676-0600: 1799.917: Total time for which application threads were stopped: 0.0001476 seconds, Stopping threads took: 0.0000437 seconds
2019-04-11T20:49:35.755-0600: 1919.996: Total time for which application threads were stopped: 0.0001851 seconds, Stopping threads took: 0.0000473 seconds
2019-04-11T20:49:36.756-0600: 1920.997: Total time for which application threads were stopped: 0.0001326 seconds, Stopping threads took: 0.0000358 seconds
2019-04-11T20:50:36.792-0600: 1981.033: Total time for which application threads were stopped: 0.0001312 seconds, Stopping threads took: 0.0000325 seconds
2019-04-11T20:53:36.893-0600: 2161.134: Total time for which application threads were stopped: 0.0002336 seconds, Stopping threads took: 0.0000405 seconds
2019-04-11T20:54:36.924-0600: 2221.165: Total time for which application threads were stopped: 0.0001352 seconds, Stopping threads took: 0.0000349 seconds
2019-04-11T20:55:36.953-0600: 2281.194: Total time for which application threads were stopped: 0.0001674 seconds, Stopping threads took: 0.0000358 seconds
2019-04-11T20:56:36.981-0600: 2341.222: Total time for which application threads were stopped: 0.0001754 seconds, Stopping threads took: 0.0000380 seconds
2019-04-11T20:57:38.008-0600: 2402.249: Total time for which application threads were stopped: 0.0001703 seconds, Stopping threads took: 0.0000357 seconds
2019-04-11T20:59:40.068-0600: 2524.309: Total time for which application threads were stopped: 0.0002177 seconds, Stopping threads took: 0.0000574 seconds
2019-04-11T21:00:40.099-0600: 2584.340: Total time for which application threads were stopped: 0.0001690 seconds, Stopping threads took: 0.0000376 seconds
2019-04-11T21:01:40.128-0600: 2644.369: Total time for which application threads were stopped: 0.0001815 seconds, Stopping threads took: 0.0000414 seconds
2019-04-11T21:02:40.158-0600: 2704.399: Total time for which application threads were stopped: 0.0001763 seconds, Stopping threads took: 0.0000502 seconds
2019-04-11T21:08:41.374-0600: 3065.615: Total time for which application threads were stopped: 0.0002191 seconds, Stopping threads took: 0.0000726 seconds
2019-04-11T21:10:41.443-0600: 3185.684: Total time for which application threads were stopped: 0.0001469 seconds, Stopping threads took: 0.0000340 seconds
2019-04-11T21:11:41.475-0600: 3245.716: Total time for which application threads were stopped: 0.0001812 seconds, Stopping threads took: 0.0000450 seconds
2019-04-11T21:13:41.542-0600: 3365.782: Total time for which application threads were stopped: 0.0001505 seconds, Stopping threads took: 0.0000402 seconds
2019-04-11T21:14:42.573-0600: 3426.814: Total time for which application threads were stopped: 0.0001334 seconds, Stopping threads took: 0.0000394 seconds
2019-04-11T21:15:35.600-0600: 3479.841: Total time for which application threads were stopped: 0.0001602 seconds, Stopping threads took: 0.0000463 seconds
2019-04-11T21:16:42.638-0600: 3546.879: Total time for which application threads were stopped: 0.0001878 seconds, Stopping threads took: 0.0000544 seconds
2019-04-11T21:17:42.670-0600: 3606.911: Total time for which application threads were stopped: 0.0001270 seconds, Stopping threads took: 0.0000318 seconds
2019-04-11T21:18:42.699-0600: 3666.940: Total time for which application threads were stopped: 0.0001815 seconds, Stopping threads took: 0.0000447 seconds
2019-04-11T21:19:42.731-0600: 3726.972: Total time for which application threads were stopped: 0.0001784 seconds, Stopping threads took: 0.0000485 seconds
2019-04-11T21:20:42.759-0600: 3787.000: Total time for which application threads were stopped: 0.0001813 seconds, Stopping threads took: 0.0000468 seconds
2019-04-11T21:21:42.789-0600: 3847.030: Total time for which application threads were stopped: 0.0001483 seconds, Stopping threads took: 0.0000343 seconds
2019-04-11T21:22:40.819-0600: 3905.060: Total time for which application threads were stopped: 0.0001709 seconds, Stopping threads took: 0.0000393 seconds
2019-04-11T21:23:43.850-0600: 3968.091: Total time for which application threads were stopped: 0.0002116 seconds, Stopping threads took: 0.0000859 seconds
2019-04-11T21:24:43.878-0600: 4028.119: Total time for which application threads were stopped: 0.0001507 seconds, Stopping threads took: 0.0000452 seconds
2019-04-11T21:26:43.934-0600: 4148.174: Total time for which application threads were stopped: 0.0001596 seconds, Stopping threads took: 0.0000408 seconds
2019-04-11T21:28:43.989-0600: 4268.230: Total time for which application threads were stopped: 0.0001733 seconds, Stopping threads took: 0.0000464 seconds
2019-04-11T21:29:44.018-0600: 4328.259: Total time for which application threads were stopped: 0.0002004 seconds, Stopping threads took: 0.0000561 seconds
2019-04-11T21:30:45.046-0600: 4389.287: Total time for which application threads were stopped: 0.0001794 seconds, Stopping threads took: 0.0000331 seconds
2019-04-11T21:31:45.075-0600: 4449.316: Total time for which application threads were stopped: 0.0001539 seconds, Stopping threads took: 0.0000419 seconds
2019-04-11T21:34:45.164-0600: 4629.405: Total time for which application threads were stopped: 0.0001675 seconds, Stopping threads took: 0.0000435 seconds
2019-04-11T21:35:44.790-0600: 4689.031: Total time for which application threads were stopped: 0.0004187 seconds, Stopping threads took: 0.0000408 seconds
2019-04-11T21:36:40.820-0600: 4745.061: Total time for which application threads were stopped: 0.0001911 seconds, Stopping threads took: 0.0000553 seconds
2019-04-11T21:36:45.822-0600: 4750.063: Total time for which application threads were stopped: 0.0001845 seconds, Stopping threads took: 0.0000610 seconds
2019-04-11T21:38:45.886-0600: 4870.127: Total time for which application threads were stopped: 0.0002056 seconds, Stopping threads took: 0.0000356 seconds
2019-04-11T21:39:45.917-0600: 4930.158: Total time for which application threads were stopped: 0.0001934 seconds, Stopping threads took: 0.0000437 seconds
2019-04-11T21:42:46.017-0600: 5110.258: Total time for which application threads were stopped: 0.0002090 seconds, Stopping threads took: 0.0000644 seconds
2019-04-11T21:48:52.227-0600: 5476.468: Total time for which application threads were stopped: 0.0001694 seconds, Stopping threads took: 0.0000603 seconds
2019-04-11T21:50:40.288-0600: 5584.529: Total time for which application threads were stopped: 0.0001453 seconds, Stopping threads took: 0.0000357 seconds
2019-04-11T22:00:53.631-0600: 6197.872: Total time for which application threads were stopped: 0.0001778 seconds, Stopping threads took: 0.0000578 seconds
2019-04-11T22:03:54.735-0600: 6378.976: Total time for which application threads were stopped: 0.0001455 seconds, Stopping threads took: 0.0000352 seconds
2019-04-11T22:04:54.768-0600: 6439.009: Total time for which application threads were stopped: 0.0002874 seconds, Stopping threads took: 0.0000410 seconds
2019-04-11T22:08:04.882-0600: 6629.123: Total time for which application threads were stopped: 0.0001890 seconds, Stopping threads took: 0.0000787 seconds
2019-04-11T22:08:54.912-0600: 6679.153: Total time for which application threads were stopped: 0.0001770 seconds, Stopping threads took: 0.0000723 seconds
2019-04-11T22:10:54.975-0600: 6799.216: Total time for which application threads were stopped: 0.0001525 seconds, Stopping threads took: 0.0000451 seconds
2019-04-11T22:14:46.117-0600: 7030.358: Total time for which application threads were stopped: 0.0001979 seconds, Stopping threads took: 0.0000452 seconds
2019-04-11T22:17:56.231-0600: 7220.472: Total time for which application threads were stopped: 0.0001642 seconds, Stopping threads took: 0.0000537 seconds
2019-04-11T22:20:01.391-0600: 7345.633: Total time for which application threads were stopped: 0.0001455 seconds, Stopping threads took: 0.0000289 seconds
2019-04-11T22:20:01.391-0600: 7345.633: Total time for which application threads were stopped: 0.0000420 seconds, Stopping threads took: 0.0000086 seconds
2019-04-11T22:20:01.393-0600: 7345.635: Total time for which application threads were stopped: 0.0001257 seconds, Stopping threads took: 0.0000184 seconds
2019-04-11T22:20:02.394-0600: 7346.635: Total time for which application threads were stopped: 0.0001647 seconds, Stopping threads took: 0.0000458 seconds
2019-04-11T22:21:56.461-0600: 7460.702: Total time for which application threads were stopped: 0.0002112 seconds, Stopping threads took: 0.0000452 seconds
2019-04-11T22:23:30.518-0600: 7554.759: Total time for which application threads were stopped: 0.0001646 seconds, Stopping threads took: 0.0000487 seconds
2019-04-11T22:23:54.191-0600: 7578.432: Total time for which application threads were stopped: 0.0001411 seconds, Stopping threads took: 0.0000257 seconds
2019-04-11T22:23:54.191-0600: 7578.432: Total time for which application threads were stopped: 0.0001173 seconds, Stopping threads took: 0.0000170 seconds
2019-04-11T22:23:54.193-0600: 7578.434: Total time for which application threads were stopped: 0.0001648 seconds, Stopping threads took: 0.0000384 seconds
2019-04-11T22:23:56.194-0600: 7580.435: Total time for which application threads were stopped: 0.0001388 seconds, Stopping threads took: 0.0000351 seconds
2019-04-11T22:25:54.265-0600: 7698.506: Total time for which application threads were stopped: 0.0002311 seconds, Stopping threads took: 0.0000475 seconds
2019-04-11T22:25:57.267-0600: 7701.508: Total time for which application threads were stopped: 0.0002188 seconds, Stopping threads took: 0.0000404 seconds
2019-04-11T22:26:57.300-0600: 7761.541: Total time for which application threads were stopped: 0.0001890 seconds, Stopping threads took: 0.0000433 seconds
2019-04-11T22:29:17.754-0600: 7901.995: Total time for which application threads were stopped: 0.0001754 seconds, Stopping threads took: 0.0000339 seconds
2019-04-11T22:29:17.754-0600: 7901.995: Total time for which application threads were stopped: 0.0001276 seconds, Stopping threads took: 0.0000184 seconds
2019-04-11T22:29:17.756-0600: 7901.997: Total time for which application threads were stopped: 0.0002231 seconds, Stopping threads took: 0.0000918 seconds
2019-04-11T22:37:41.052-0600: 8405.293: Total time for which application threads were stopped: 0.0001508 seconds, Stopping threads took: 0.0000349 seconds
2019-04-11T22:37:45.055-0600: 8409.296: Total time for which application threads were stopped: 0.0001218 seconds, Stopping threads took: 0.0000347 seconds
2019-04-11T22:37:59.061-0600: 8423.302: Total time for which application threads were stopped: 0.0001557 seconds, Stopping threads took: 0.0000613 seconds
2019-04-11T22:38:58.772-0600: 8483.013: Total time for which application threads were stopped: 0.0004456 seconds, Stopping threads took: 0.0000931 seconds
2019-04-11T22:39:59.806-0600: 8544.047: Total time for which application threads were stopped: 0.0001645 seconds, Stopping threads took: 0.0000446 seconds
2019-04-11T22:40:43.198-0600: 8587.439: Total time for which application threads were stopped: 0.0001573 seconds, Stopping threads took: 0.0000299 seconds
2019-04-11T22:40:43.198-0600: 8587.439: Total time for which application threads were stopped: 0.0001505 seconds, Stopping threads took: 0.0000212 seconds
2019-04-11T22:40:43.200-0600: 8587.442: Total time for which application threads were stopped: 0.0001534 seconds, Stopping threads took: 0.0000251 seconds
2019-04-11T22:41:05.212-0600: 8609.452: Total time for which application threads were stopped: 0.0001686 seconds, Stopping threads took: 0.0000402 seconds
2019-04-11T22:41:59.245-0600: 8663.486: Total time for which application threads were stopped: 0.0002847 seconds, Stopping threads took: 0.0000578 seconds
2019-04-11T22:42:00.245-0600: 8664.486: Total time for which application threads were stopped: 0.0001696 seconds, Stopping threads took: 0.0000326 seconds
{Heap before GC invocations=28 (full 2):
 par new generation   total 109248K, used 99722K [0x00000000e0000000, 0x00000000e8000000, 0x00000000e8000000)
  eden space 87424K, 100% used [0x00000000e0000000, 0x00000000e5560000, 0x00000000e5560000)
  from space 21824K,  56% used [0x00000000e5560000, 0x00000000e6162b80, 0x00000000e6ab0000)
  to   space 21824K,   0% used [0x00000000e6ab0000, 0x00000000e6ab0000, 0x00000000e8000000)
 concurrent mark-sweep generation total 393216K, used 48110K [0x00000000e8000000, 0x0000000100000000, 0x0000000100000000)
 Metaspace       used 45835K, capacity 48063K, committed 48440K, reserved 1091584K
  class space    used 5685K, capacity 6113K, committed 6216K, reserved 1048576K
2019-04-11T22:42:59.347-0600: 8723.588: [GC (Allocation Failure) 2019-04-11T22:42:59.347-0600: 8723.588: [ParNew
Desired survivor size 20112992 bytes, new threshold 8 (max 8)
- age   1:    2580680 bytes,    2580680 total
- age   2:    4396960 bytes,    6977640 total
- age   3:     650224 bytes,    7627864 total
- age   4:     844136 bytes,    8472000 total
- age   5:      86840 bytes,    8558840 total
- age   6:    1280672 bytes,    9839512 total
- age   7:      45304 bytes,    9884816 total
: 99722K->12355K(109248K), 0.0086579 secs] 147833K->60466K(502464K), 0.0088286 secs] [Times: user=0.06 sys=0.00, real=0.01 secs] 
Heap after GC invocations=29 (full 2):
 par new generation   total 109248K, used 12355K [0x00000000e0000000, 0x00000000e8000000, 0x00000000e8000000)
  eden space 87424K,   0% used [0x00000000e0000000, 0x00000000e0000000, 0x00000000e5560000)
  from space 21824K,  56% used [0x00000000e6ab0000, 0x00000000e76c0f20, 0x00000000e8000000)
  to   space 21824K,   0% used [0x00000000e5560000, 0x00000000e5560000, 0x00000000e6ab0000)
 concurrent mark-sweep generation total 393216K, used 48110K [0x00000000e8000000, 0x0000000100000000, 0x0000000100000000)
 Metaspace       used 45835K, capacity 48063K, committed 48440K, reserved 1091584K
  class space    used 5685K, capacity 6113K, committed 6216K, reserved 1048576K
}
2019-04-11T22:42:59.355-0600: 8723.597: Total time for which application threads were stopped: 0.0090912 seconds, Stopping threads took: 0.0000348 seconds
2019-04-11T22:43:00.357-0600: 8724.598: Total time for which application threads were stopped: 0.0001586 seconds, Stopping threads took: 0.0000305 seconds
2019-04-11T22:43:05.916-0600: 8730.158: Total time for which application threads were stopped: 0.0001796 seconds, Stopping threads took: 0.0000381 seconds
2019-04-11T22:43:05.917-0600: 8730.158: Total time for which application threads were stopped: 0.0001843 seconds, Stopping threads took: 0.0000210 seconds
2019-04-11T22:43:05.919-0600: 8730.160: Total time for which application threads were stopped: 0.0001613 seconds, Stopping threads took: 0.0000288 seconds
2019-04-11T22:43:06.920-0600: 8731.161: Total time for which application threads were stopped: 0.0001361 seconds, Stopping threads took: 0.0000436 seconds
2019-04-11T22:43:59.950-0600: 8784.191: Total time for which application threads were stopped: 0.0001582 seconds, Stopping threads took: 0.0000334 seconds
2019-04-11T22:46:36.884-0600: 8941.125: Total time for which application threads were stopped: 0.0001761 seconds, Stopping threads took: 0.0000345 seconds
2019-04-11T22:46:36.884-0600: 8941.125: Total time for which application threads were stopped: 0.0000526 seconds, Stopping threads took: 0.0000087 seconds
2019-04-11T22:46:36.885-0600: 8941.127: Total time for which application threads were stopped: 0.0001020 seconds, Stopping threads took: 0.0000158 seconds
2019-04-11T22:51:02.030-0600: 9206.271: Total time for which application threads were stopped: 0.0001701 seconds, Stopping threads took: 0.0000576 seconds
2019-04-11T22:51:33.538-0600: 9237.779: Total time for which application threads were stopped: 0.0001761 seconds, Stopping threads took: 0.0000321 seconds
2019-04-11T22:51:33.538-0600: 9237.779: Total time for which application threads were stopped: 0.0000854 seconds, Stopping threads took: 0.0000149 seconds
2019-04-11T22:51:33.539-0600: 9237.781: Total time for which application threads were stopped: 0.0001269 seconds, Stopping threads took: 0.0000203 seconds
2019-04-11T22:52:01.560-0600: 9265.801: Total time for which application threads were stopped: 0.0001639 seconds, Stopping threads took: 0.0000643 seconds
2019-04-11T22:56:01.698-0600: 9505.938: Total time for which application threads were stopped: 0.0001763 seconds, Stopping threads took: 0.0000464 seconds
2019-04-11T22:56:28.132-0600: 9532.372: Total time for which application threads were stopped: 0.0001900 seconds, Stopping threads took: 0.0000382 seconds
2019-04-11T22:56:28.132-0600: 9532.373: Total time for which application threads were stopped: 0.0001181 seconds, Stopping threads took: 0.0000187 seconds
2019-04-11T22:56:28.133-0600: 9532.374: Total time for which application threads were stopped: 0.0001225 seconds, Stopping threads took: 0.0000324 seconds
2019-04-11T22:56:29.133-0600: 9533.374: Total time for which application threads were stopped: 0.0001416 seconds, Stopping threads took: 0.0000250 seconds
2019-04-11T22:57:40.172-0600: 9604.412: Total time for which application threads were stopped: 0.0001433 seconds, Stopping threads took: 0.0000371 seconds
2019-04-11T22:58:41.058-0600: 9665.299: Total time for which application threads were stopped: 0.0004005 seconds, Stopping threads took: 0.0000448 seconds
2019-04-11T22:58:41.058-0600: 9665.299: Total time for which application threads were stopped: 0.0000825 seconds, Stopping threads took: 0.0000187 seconds
2019-04-11T22:58:41.059-0600: 9665.300: Total time for which application threads were stopped: 0.0001981 seconds, Stopping threads took: 0.0000130 seconds
2019-04-11T22:58:41.060-0600: 9665.301: Total time for which application threads were stopped: 0.0001415 seconds, Stopping threads took: 0.0000212 seconds
2019-04-11T23:03:20.997-0600: 9945.238: Total time for which application threads were stopped: 0.0002456 seconds, Stopping threads took: 0.0000966 seconds
2019-04-11T23:03:20.997-0600: 9945.238: Total time for which application threads were stopped: 0.0001252 seconds, Stopping threads took: 0.0000210 seconds
2019-04-11T23:03:20.999-0600: 9945.240: Total time for which application threads were stopped: 0.0001296 seconds, Stopping threads took: 0.0000225 seconds
2019-04-11T23:05:03.063-0600: 10047.303: Total time for which application threads were stopped: 0.0001719 seconds, Stopping threads took: 0.0000461 seconds
2019-04-11T23:06:22.715-0600: 10126.957: Total time for which application threads were stopped: 0.0002460 seconds, Stopping threads took: 0.0000454 seconds
2019-04-11T23:06:22.718-0600: 10126.959: Total time for which application threads were stopped: 0.0001748 seconds, Stopping threads took: 0.0000404 seconds
2019-04-11T23:06:22.721-0600: 10126.963: Total time for which application threads were stopped: 0.0003299 seconds, Stopping threads took: 0.0001873 seconds
2019-04-11T23:06:22.722-0600: 10126.963: Total time for which application threads were stopped: 0.0001002 seconds, Stopping threads took: 0.0000200 seconds
2019-04-11T23:06:22.724-0600: 10126.965: Total time for which application threads were stopped: 0.0001693 seconds, Stopping threads took: 0.0000345 seconds
2019-04-11T23:06:22.733-0600: 10126.974: Total time for which application threads were stopped: 0.0002623 seconds, Stopping threads took: 0.0000540 seconds
2019-04-11T23:06:22.743-0600: 10126.984: Total time for which application threads were stopped: 0.0002153 seconds, Stopping threads took: 0.0000578 seconds
2019-04-11T23:06:22.760-0600: 10127.001: Total time for which application threads were stopped: 0.0001916 seconds, Stopping threads took: 0.0000450 seconds
2019-04-11T23:06:22.773-0600: 10127.014: Total time for which application threads were stopped: 0.0003463 seconds, Stopping threads took: 0.0001961 seconds
{Heap before GC invocations=29 (full 2):
 par new generation   total 109248K, used 99769K [0x00000000e0000000, 0x00000000e8000000, 0x00000000e8000000)
  eden space 87424K,  99% used [0x00000000e0000000, 0x00000000e555d700, 0x00000000e5560000)
  from space 21824K,  56% used [0x00000000e6ab0000, 0x00000000e76c0f20, 0x00000000e8000000)
  to   space 21824K,   0% used [0x00000000e5560000, 0x00000000e5560000, 0x00000000e6ab0000)
 concurrent mark-sweep generation total 393216K, used 48110K [0x00000000e8000000, 0x0000000100000000, 0x0000000100000000)
 Metaspace       used 45915K, capacity 48135K, committed 48440K, reserved 1091584K
  class space    used 5692K, capacity 6125K, committed 6216K, reserved 1048576K
2019-04-11T23:06:22.842-0600: 10127.083: [GC (Allocation Failure) 2019-04-11T23:06:22.842-0600: 10127.083: [ParNew
Desired survivor size 20112992 bytes, new threshold 8 (max 8)
- age   1:    1226848 bytes,    1226848 total
- age   2:    2279096 bytes,    3505944 total
- age   3:    2962176 bytes,    6468120 total
- age   4:     650144 bytes,    7118264 total
- age   5:     842056 bytes,    7960320 total
- age   6:      86840 bytes,    8047160 total
- age   7:    1274512 bytes,    9321672 total
- age   8:      44168 bytes,    9365840 total
: 99769K->14832K(109248K), 0.0096975 secs] 147880K->62943K(502464K), 0.0098738 secs] [Times: user=0.00 sys=0.00, real=0.01 secs] 
Heap after GC invocations=30 (full 2):
 par new generation   total 109248K, used 14832K [0x00000000e0000000, 0x00000000e8000000, 0x00000000e8000000)
  eden space 87424K,   0% used [0x00000000e0000000, 0x00000000e0000000, 0x00000000e5560000)
  from space 21824K,  67% used [0x00000000e5560000, 0x00000000e63dc048, 0x00000000e6ab0000)
  to   space 21824K,   0% used [0x00000000e6ab0000, 0x00000000e6ab0000, 0x00000000e8000000)
 concurrent mark-sweep generation total 393216K, used 48110K [0x00000000e8000000, 0x0000000100000000, 0x0000000100000000)
 Metaspace       used 45915K, capacity 48135K, committed 48440K, reserved 1091584K
  class space    used 5692K, capacity 6125K, committed 6216K, reserved 1048576K
}
2019-04-11T23:06:22.852-0600: 10127.093: Total time for which application threads were stopped: 0.0101898 seconds, Stopping threads took: 0.0000371 seconds
2019-04-11T23:06:22.943-0600: 10127.184: Total time for which application threads were stopped: 0.0001937 seconds, Stopping threads took: 0.0000449 seconds
2019-04-11T23:06:22.973-0600: 10127.214: Total time for which application threads were stopped: 0.0001562 seconds, Stopping threads took: 0.0000352 seconds
{Heap before GC invocations=30 (full 2):
 par new generation   total 109248K, used 102256K [0x00000000e0000000, 0x00000000e8000000, 0x00000000e8000000)
  eden space 87424K, 100% used [0x00000000e0000000, 0x00000000e5560000, 0x00000000e5560000)
  from space 21824K,  67% used [0x00000000e5560000, 0x00000000e63dc048, 0x00000000e6ab0000)
  to   space 21824K,   0% used [0x00000000e6ab0000, 0x00000000e6ab0000, 0x00000000e8000000)
 concurrent mark-sweep generation total 393216K, used 48110K [0x00000000e8000000, 0x0000000100000000, 0x0000000100000000)
 Metaspace       used 45930K, capacity 48147K, committed 48440K, reserved 1091584K
  class space    used 5693K, capacity 6127K, committed 6216K, reserved 1048576K
2019-04-11T23:06:23.179-0600: 10127.420: [GC (Allocation Failure) 2019-04-11T23:06:23.180-0600: 10127.421: [ParNew
Desired survivor size 20112992 bytes, new threshold 8 (max 8)
- age   1:    1656320 bytes,    1656320 total
- age   2:     270968 bytes,    1927288 total
- age   3:    2279096 bytes,    4206384 total
- age   4:    2962080 bytes,    7168464 total
- age   5:     650144 bytes,    7818608 total
- age   6:     842056 bytes,    8660664 total
- age   7:      86840 bytes,    8747504 total
- age   8:    1274480 bytes,   10021984 total
: 102256K->12114K(109248K), 0.0119148 secs] 150367K->60269K(502464K), 0.0121435 secs] [Times: user=0.08 sys=0.00, real=0.01 secs] 
Heap after GC invocations=31 (full 2):
 par new generation   total 109248K, used 12114K [0x00000000e0000000, 0x00000000e8000000, 0x00000000e8000000)
  eden space 87424K,   0% used [0x00000000e0000000, 0x00000000e0000000, 0x00000000e5560000)
  from space 21824K,  55% used [0x00000000e6ab0000, 0x00000000e7684b78, 0x00000000e8000000)
  to   space 21824K,   0% used [0x00000000e5560000, 0x00000000e5560000, 0x00000000e6ab0000)
 concurrent mark-sweep generation total 393216K, used 48154K [0x00000000e8000000, 0x0000000100000000, 0x0000000100000000)
 Metaspace       used 45930K, capacity 48147K, committed 48440K, reserved 1091584K
  class space    used 5693K, capacity 6127K, committed 6216K, reserved 1048576K
}
2019-04-11T23:06:23.192-0600: 10127.433: Total time for which application threads were stopped: 0.0125495 seconds, Stopping threads took: 0.0000533 seconds
2019-04-11T23:06:23.270-0600: 10127.510: Total time for which application threads were stopped: 0.0005178 seconds, Stopping threads took: 0.0003645 seconds
2019-04-11T23:06:23.270-0600: 10127.511: Total time for which application threads were stopped: 0.0001980 seconds, Stopping threads took: 0.0000812 seconds
2019-04-11T23:06:23.279-0600: 10127.520: Total time for which application threads were stopped: 0.0020451 seconds, Stopping threads took: 0.0011073 seconds
{Heap before GC invocations=31 (full 2):
 par new generation   total 109248K, used 99538K [0x00000000e0000000, 0x00000000e8000000, 0x00000000e8000000)
  eden space 87424K, 100% used [0x00000000e0000000, 0x00000000e5560000, 0x00000000e5560000)
  from space 21824K,  55% used [0x00000000e6ab0000, 0x00000000e7684b78, 0x00000000e8000000)
  to   space 21824K,   0% used [0x00000000e5560000, 0x00000000e5560000, 0x00000000e6ab0000)
 concurrent mark-sweep generation total 393216K, used 48154K [0x00000000e8000000, 0x0000000100000000, 0x0000000100000000)
 Metaspace       used 46034K, capacity 48245K, committed 48440K, reserved 1091584K
  class space    used 5711K, capacity 6134K, committed 6216K, reserved 1048576K
2019-04-11T23:06:23.302-0600: 10127.543: [GC (Allocation Failure) 2019-04-11T23:06:23.302-0600: 10127.543: [ParNew
Desired survivor size 20112992 bytes, new threshold 8 (max 8)
- age   1:     710736 bytes,     710736 total
- age   2:    1220472 bytes,    1931208 total
- age   3:     261664 bytes,    2192872 total
- age   4:    2278840 bytes,    4471712 total
- age   5:    2962056 bytes,    7433768 total
- age   6:     650144 bytes,    8083912 total
- age   7:     842056 bytes,    8925968 total
- age   8:      86840 bytes,    9012808 total
: 99538K->12662K(109248K), 0.0096454 secs] 147693K->62068K(502464K), 0.0098237 secs] [Times: user=0.06 sys=0.00, real=0.01 secs] 
Heap after GC invocations=32 (full 2):
 par new generation   total 109248K, used 12662K [0x00000000e0000000, 0x00000000e8000000, 0x00000000e8000000)
  eden space 87424K,   0% used [0x00000000e0000000, 0x00000000e0000000, 0x00000000e5560000)
  from space 21824K,  58% used [0x00000000e5560000, 0x00000000e61bda20, 0x00000000e6ab0000)
  to   space 21824K,   0% used [0x00000000e6ab0000, 0x00000000e6ab0000, 0x00000000e8000000)
 concurrent mark-sweep generation total 393216K, used 49405K [0x00000000e8000000, 0x0000000100000000, 0x0000000100000000)
 Metaspace       used 46034K, capacity 48245K, committed 48440K, reserved 1091584K
  class space    used 5711K, capacity 6134K, committed 6216K, reserved 1048576K
}
2019-04-11T23:06:23.311-0600: 10127.552: Total time for which application threads were stopped: 0.0101951 seconds, Stopping threads took: 0.0000612 seconds
2019-04-11T23:06:23.572-0600: 10127.813: Total time for which application threads were stopped: 0.0002276 seconds, Stopping threads took: 0.0000514 seconds
2019-04-11T23:06:23.572-0600: 10127.813: Total time for which application threads were stopped: 0.0001365 seconds, Stopping threads took: 0.0000319 seconds
2019-04-11T23:06:23.585-0600: 10127.826: Total time for which application threads were stopped: 0.0001181 seconds, Stopping threads took: 0.0000245 seconds
2019-04-11T23:06:23.599-0600: 10127.840: Total time for which application threads were stopped: 0.0001519 seconds, Stopping threads took: 0.0000305 seconds
2019-04-11T23:06:23.634-0600: 10127.875: Total time for which application threads were stopped: 0.0002266 seconds, Stopping threads took: 0.0000548 seconds
2019-04-11T23:06:23.638-0600: 10127.879: Total time for which application threads were stopped: 0.0010546 seconds, Stopping threads took: 0.0000515 seconds
2019-04-11T23:06:23.640-0600: 10127.881: Total time for which application threads were stopped: 0.0008954 seconds, Stopping threads took: 0.0000296 seconds
2019-04-11T23:06:23.827-0600: 10128.068: Total time for which application threads were stopped: 0.0013734 seconds, Stopping threads took: 0.0011302 seconds
2019-04-11T23:06:24.099-0600: 10128.340: Total time for which application threads were stopped: 0.0016039 seconds, Stopping threads took: 0.0013309 seconds
{Heap before GC invocations=32 (full 2):
 par new generation   total 109248K, used 100086K [0x00000000e0000000, 0x00000000e8000000, 0x00000000e8000000)
  eden space 87424K, 100% used [0x00000000e0000000, 0x00000000e5560000, 0x00000000e5560000)
  from space 21824K,  58% used [0x00000000e5560000, 0x00000000e61bda20, 0x00000000e6ab0000)
  to   space 21824K,   0% used [0x00000000e6ab0000, 0x00000000e6ab0000, 0x00000000e8000000)
 concurrent mark-sweep generation total 393216K, used 49405K [0x00000000e8000000, 0x0000000100000000, 0x0000000100000000)
 Metaspace       used 47385K, capacity 49731K, committed 49848K, reserved 1093632K
  class space    used 5807K, capacity 6263K, committed 6344K, reserved 1048576K
2019-04-11T23:06:24.369-0600: 10128.610: [GC (Allocation Failure) 2019-04-11T23:06:24.369-0600: 10128.610: [ParNew
Desired survivor size 20112992 bytes, new threshold 8 (max 8)
- age   1:   10819568 bytes,   10819568 total
- age   2:     478472 bytes,   11298040 total
- age   3:     173512 bytes,   11471552 total
- age   4:     261424 bytes,   11732976 total
- age   5:    2278768 bytes,   14011744 total
- age   6:    2962056 bytes,   16973800 total
- age   7:     650144 bytes,   17623944 total
- age   8:     842056 bytes,   18466000 total
: 100086K->21114K(109248K), 0.0106517 secs] 149492K->70607K(502464K), 0.0108341 secs] [Times: user=0.05 sys=0.00, real=0.01 secs] 
Heap after GC invocations=33 (full 2):
 par new generation   total 109248K, used 21114K [0x00000000e0000000, 0x00000000e8000000, 0x00000000e8000000)
  eden space 87424K,   0% used [0x00000000e0000000, 0x00000000e0000000, 0x00000000e5560000)
  from space 21824K,  96% used [0x00000000e6ab0000, 0x00000000e7f4ea80, 0x00000000e8000000)
  to   space 21824K,   0% used [0x00000000e5560000, 0x00000000e5560000, 0x00000000e6ab0000)
 concurrent mark-sweep generation total 393216K, used 49493K [0x00000000e8000000, 0x0000000100000000, 0x0000000100000000)
 Metaspace       used 47385K, capacity 49731K, committed 49848K, reserved 1093632K
  class space    used 5807K, capacity 6263K, committed 6344K, reserved 1048576K
}
2019-04-11T23:06:24.379-0600: 10128.621: Total time for which application threads were stopped: 0.0117620 seconds, Stopping threads took: 0.0005817 seconds
2019-04-11T23:06:25.236-0600: 10129.478: Total time for which application threads were stopped: 0.0002801 seconds, Stopping threads took: 0.0000516 seconds
{Heap before GC invocations=33 (full 2):
 par new generation   total 109248K, used 108538K [0x00000000e0000000, 0x00000000e8000000, 0x00000000e8000000)
  eden space 87424K, 100% used [0x00000000e0000000, 0x00000000e5560000, 0x00000000e5560000)
  from space 21824K,  96% used [0x00000000e6ab0000, 0x00000000e7f4ea80, 0x00000000e8000000)
  to   space 21824K,   0% used [0x00000000e5560000, 0x00000000e5560000, 0x00000000e6ab0000)
 concurrent mark-sweep generation total 393216K, used 49493K [0x00000000e8000000, 0x0000000100000000, 0x0000000100000000)
 Metaspace       used 47454K, capacity 49795K, committed 50104K, reserved 1093632K
  class space    used 5809K, capacity 6263K, committed 6344K, reserved 1048576K
2019-04-11T23:06:25.999-0600: 10130.240: [GC (Allocation Failure) 2019-04-11T23:06:25.999-0600: 10130.240: [ParNew
Desired survivor size 20112992 bytes, new threshold 6 (max 8)
- age   1:    6760112 bytes,    6760112 total
- age   2:   10738320 bytes,   17498432 total
- age   3:     369632 bytes,   17868064 total
- age   4:     158000 bytes,   18026064 total
- age   5:     260904 bytes,   18286968 total
- age   6:    2261080 bytes,   20548048 total
- age   7:    2954544 bytes,   23502592 total
- age   8:     639936 bytes,   24142528 total
: 108538K->21824K(109248K), 0.0156462 secs] 158031K->74610K(502464K), 0.0157505 secs] [Times: user=0.06 sys=0.00, real=0.02 secs] 
Heap after GC invocations=34 (full 2):
 par new generation   total 109248K, used 21824K [0x00000000e0000000, 0x00000000e8000000, 0x00000000e8000000)
  eden space 87424K,   0% used [0x00000000e0000000, 0x00000000e0000000, 0x00000000e5560000)
  from space 21824K, 100% used [0x00000000e5560000, 0x00000000e6ab0000, 0x00000000e6ab0000)
  to   space 21824K,   0% used [0x00000000e6ab0000, 0x00000000e6ab0000, 0x00000000e8000000)
 concurrent mark-sweep generation total 393216K, used 52786K [0x00000000e8000000, 0x0000000100000000, 0x0000000100000000)
 Metaspace       used 47454K, capacity 49795K, committed 50104K, reserved 1093632K
  class space    used 5809K, capacity 6263K, committed 6344K, reserved 1048576K
}
2019-04-11T23:06:26.015-0600: 10130.256: Total time for which application threads were stopped: 0.0161390 seconds, Stopping threads took: 0.0000549 seconds
2019-04-11T23:06:27.016-0600: 10131.257: Total time for which application threads were stopped: 0.0002651 seconds, Stopping threads took: 0.0000576 seconds
{Heap before GC invocations=34 (full 2):
 par new generation   total 109248K, used 109248K [0x00000000e0000000, 0x00000000e8000000, 0x00000000e8000000)
  eden space 87424K, 100% used [0x00000000e0000000, 0x00000000e5560000, 0x00000000e5560000)
  from space 21824K, 100% used [0x00000000e5560000, 0x00000000e6ab0000, 0x00000000e6ab0000)
  to   space 21824K,   0% used [0x00000000e6ab0000, 0x00000000e6ab0000, 0x00000000e8000000)
 concurrent mark-sweep generation total 393216K, used 52786K [0x00000000e8000000, 0x0000000100000000, 0x0000000100000000)
 Metaspace       used 47465K, capacity 49795K, committed 50104K, reserved 1093632K
  class space    used 5809K, capacity 6263K, committed 6344K, reserved 1048576K
2019-04-11T23:06:27.335-0600: 10131.575: [GC (Allocation Failure) 2019-04-11T23:06:27.335-0600: 10131.575: [ParNew
Desired survivor size 20112992 bytes, new threshold 8 (max 8)
- age   1:    6656208 bytes,    6656208 total
- age   2:    3901304 bytes,   10557512 total
- age   3:    7268272 bytes,   17825784 total
- age   4:     274264 bytes,   18100048 total
- age   5:     158000 bytes,   18258048 total
- age   6:     260904 bytes,   18518952 total
: 109248K->21824K(109248K), 0.0187564 secs] 162034K->85268K(502464K), 0.0189123 secs] [Times: user=0.06 sys=0.00, real=0.02 secs] 
Heap after GC invocations=35 (full 2):
 par new generation   total 109248K, used 21824K [0x00000000e0000000, 0x00000000e8000000, 0x00000000e8000000)
  eden space 87424K,   0% used [0x00000000e0000000, 0x00000000e0000000, 0x00000000e5560000)
  from space 21824K, 100% used [0x00000000e6ab0000, 0x00000000e8000000, 0x00000000e8000000)
  to   space 21824K,   0% used [0x00000000e5560000, 0x00000000e5560000, 0x00000000e6ab0000)
 concurrent mark-sweep generation total 393216K, used 63444K [0x00000000e8000000, 0x0000000100000000, 0x0000000100000000)
 Metaspace       used 47465K, capacity 49795K, committed 50104K, reserved 1093632K
  class space    used 5809K, capacity 6263K, committed 6344K, reserved 1048576K
}
2019-04-11T23:06:27.354-0600: 10131.594: Total time for which application threads were stopped: 0.0193124 seconds, Stopping threads took: 0.0000659 seconds
{Heap before GC invocations=35 (full 2):
 par new generation   total 109248K, used 109248K [0x00000000e0000000, 0x00000000e8000000, 0x00000000e8000000)
  eden space 87424K, 100% used [0x00000000e0000000, 0x00000000e5560000, 0x00000000e5560000)
  from space 21824K, 100% used [0x00000000e6ab0000, 0x00000000e8000000, 0x00000000e8000000)
  to   space 21824K,   0% used [0x00000000e5560000, 0x00000000e5560000, 0x00000000e6ab0000)
 concurrent mark-sweep generation total 393216K, used 63444K [0x00000000e8000000, 0x0000000100000000, 0x0000000100000000)
 Metaspace       used 47469K, capacity 49795K, committed 50104K, reserved 1093632K
  class space    used 5809K, capacity 6263K, committed 6344K, reserved 1048576K
2019-04-11T23:06:28.203-0600: 10132.444: [GC (Allocation Failure) 2019-04-11T23:06:28.203-0600: 10132.444: [ParNew
Desired survivor size 20112992 bytes, new threshold 8 (max 8)
- age   1:    7008568 bytes,    7008568 total
- age   2:    3346776 bytes,   10355344 total
- age   3:    3613344 bytes,   13968688 total
- age   4:    3938864 bytes,   17907552 total
- age   5:      69048 bytes,   17976600 total
- age   6:      70192 bytes,   18046792 total
- age   7:     104656 bytes,   18151448 total
: 109248K->21824K(109248K), 0.0127003 secs] 172692K->93026K(502464K), 0.0127906 secs] [Times: user=0.05 sys=0.01, real=0.01 secs] 
Heap after GC invocations=36 (full 2):
 par new generation   total 109248K, used 21824K [0x00000000e0000000, 0x00000000e8000000, 0x00000000e8000000)
  eden space 87424K,   0% used [0x00000000e0000000, 0x00000000e0000000, 0x00000000e5560000)
  from space 21824K, 100% used [0x00000000e5560000, 0x00000000e6ab0000, 0x00000000e6ab0000)
  to   space 21824K,   0% used [0x00000000e6ab0000, 0x00000000e6ab0000, 0x00000000e8000000)
 concurrent mark-sweep generation total 393216K, used 71202K [0x00000000e8000000, 0x0000000100000000, 0x0000000100000000)
 Metaspace       used 47469K, capacity 49795K, committed 50104K, reserved 1093632K
  class space    used 5809K, capacity 6263K, committed 6344K, reserved 1048576K
}
2019-04-11T23:06:28.216-0600: 10132.457: Total time for which application threads were stopped: 0.0131140 seconds, Stopping threads took: 0.0000524 seconds
{Heap before GC invocations=36 (full 2):
 par new generation   total 109248K, used 109248K [0x00000000e0000000, 0x00000000e8000000, 0x00000000e8000000)
  eden space 87424K, 100% used [0x00000000e0000000, 0x00000000e5560000, 0x00000000e5560000)
  from space 21824K, 100% used [0x00000000e5560000, 0x00000000e6ab0000, 0x00000000e6ab0000)
  to   space 21824K,   0% used [0x00000000e6ab0000, 0x00000000e6ab0000, 0x00000000e8000000)
 concurrent mark-sweep generation total 393216K, used 71202K [0x00000000e8000000, 0x0000000100000000, 0x0000000100000000)
 Metaspace       used 47471K, capacity 49795K, committed 50104K, reserved 1093632K
  class space    used 5809K, capacity 6263K, committed 6344K, reserved 1048576K
2019-04-11T23:06:28.985-0600: 10133.226: [GC (Allocation Failure) 2019-04-11T23:06:28.986-0600: 10133.227: [ParNew
Desired survivor size 20112992 bytes, new threshold 8 (max 8)
- age   1:    7491960 bytes,    7491960 total
- age   2:    3694640 bytes,   11186600 total
- age   3:    2853128 bytes,   14039728 total
- age   4:    2257584 bytes,   16297312 total
- age   5:    3437840 bytes,   19735152 total
- age   6:      32392 bytes,   19767544 total
- age   7:      14912 bytes,   19782456 total
- age   8:      43304 bytes,   19825760 total
: 109248K->21824K(109248K), 0.0134147 secs] 180450K->100014K(502464K), 0.0135830 secs] [Times: user=0.06 sys=0.00, real=0.01 secs] 
Heap after GC invocations=37 (full 2):
 par new generation   total 109248K, used 21824K [0x00000000e0000000, 0x00000000e8000000, 0x00000000e8000000)
  eden space 87424K,   0% used [0x00000000e0000000, 0x00000000e0000000, 0x00000000e5560000)
  from space 21824K, 100% used [0x00000000e6ab0000, 0x00000000e8000000, 0x00000000e8000000)
  to   space 21824K,   0% used [0x00000000e5560000, 0x00000000e5560000, 0x00000000e6ab0000)
 concurrent mark-sweep generation total 393216K, used 78190K [0x00000000e8000000, 0x0000000100000000, 0x0000000100000000)
 Metaspace       used 47471K, capacity 49795K, committed 50104K, reserved 1093632K
  class space    used 5809K, capacity 6263K, committed 6344K, reserved 1048576K
}
2019-04-11T23:06:28.999-0600: 10133.240: Total time for which application threads were stopped: 0.0139491 seconds, Stopping threads took: 0.0000615 seconds
{Heap before GC invocations=37 (full 2):
 par new generation   total 109248K, used 109248K [0x00000000e0000000, 0x00000000e8000000, 0x00000000e8000000)
  eden space 87424K, 100% used [0x00000000e0000000, 0x00000000e5560000, 0x00000000e5560000)
  from space 21824K, 100% used [0x00000000e6ab0000, 0x00000000e8000000, 0x00000000e8000000)
  to   space 21824K,   0% used [0x00000000e5560000, 0x00000000e5560000, 0x00000000e6ab0000)
 concurrent mark-sweep generation total 393216K, used 78190K [0x00000000e8000000, 0x0000000100000000, 0x0000000100000000)
 Metaspace       used 47471K, capacity 49795K, committed 50104K, reserved 1093632K
  class space    used 5809K, capacity 6263K, committed 6344K, reserved 1048576K
2019-04-11T23:06:29.732-0600: 10133.973: [GC (Allocation Failure) 2019-04-11T23:06:29.732-0600: 10133.973: [ParNew
Desired survivor size 20112992 bytes, new threshold 8 (max 8)
- age   1:    3484032 bytes,    3484032 total
- age   2:    4206064 bytes,    7690096 total
- age   3:    2943800 bytes,   10633896 total
- age   4:    2314856 bytes,   12948752 total
- age   5:    2243272 bytes,   15192024 total
- age   6:    3220472 bytes,   18412496 total
- age   7:      32392 bytes,   18444888 total
- age   8:      14912 bytes,   18459800 total
: 109248K->21824K(109248K), 0.0122533 secs] 187438K->108377K(502464K), 0.0123292 secs] [Times: user=0.01 sys=0.00, real=0.01 secs] 
Heap after GC invocations=38 (full 2):
 par new generation   total 109248K, used 21824K [0x00000000e0000000, 0x00000000e8000000, 0x00000000e8000000)
  eden space 87424K,   0% used [0x00000000e0000000, 0x00000000e0000000, 0x00000000e5560000)
  from space 21824K, 100% used [0x00000000e5560000, 0x00000000e6ab0000, 0x00000000e6ab0000)
  to   space 21824K,   0% used [0x00000000e6ab0000, 0x00000000e6ab0000, 0x00000000e8000000)
 concurrent mark-sweep generation total 393216K, used 86553K [0x00000000e8000000, 0x0000000100000000, 0x0000000100000000)
 Metaspace       used 47471K, capacity 49795K, committed 50104K, reserved 1093632K
  class space    used 5809K, capacity 6263K, committed 6344K, reserved 1048576K
}
2019-04-11T23:06:29.745-0600: 10133.986: Total time for which application threads were stopped: 0.0125947 seconds, Stopping threads took: 0.0000497 seconds
2019-04-11T23:06:29.793-0600: 10134.034: Total time for which application threads were stopped: 0.0001329 seconds, Stopping threads took: 0.0000333 seconds
2019-04-11T23:06:29.876-0600: 10134.116: Total time for which application threads were stopped: 0.0001514 seconds, Stopping threads took: 0.0000474 seconds
2019-04-11T23:06:30.876-0600: 10135.117: Total time for which application threads were stopped: 0.0001598 seconds, Stopping threads took: 0.0000656 seconds
2019-04-11T23:06:38.649-0600: 10142.890: Total time for which application threads were stopped: 0.0001538 seconds, Stopping threads took: 0.0000360 seconds
2019-04-11T23:06:38.649-0600: 10142.891: Total time for which application threads were stopped: 0.0000905 seconds, Stopping threads took: 0.0000169 seconds
2019-04-11T23:06:38.650-0600: 10142.891: Total time for which application threads were stopped: 0.0001055 seconds, Stopping threads took: 0.0000204 seconds
2019-04-11T23:06:38.650-0600: 10142.892: Total time for which application threads were stopped: 0.0001113 seconds, Stopping threads took: 0.0000210 seconds
2019-04-11T23:06:38.768-0600: 10143.010: Total time for which application threads were stopped: 0.0002130 seconds, Stopping threads took: 0.0000412 seconds
2019-04-11T23:06:38.878-0600: 10143.120: Total time for which application threads were stopped: 0.0011282 seconds, Stopping threads took: 0.0000513 seconds
2019-04-11T23:06:38.931-0600: 10143.172: Total time for which application threads were stopped: 0.0011295 seconds, Stopping threads took: 0.0000389 seconds
2019-04-11T23:06:39.590-0600: 10143.831: Total time for which application threads were stopped: 0.0010014 seconds, Stopping threads took: 0.0000368 seconds
2019-04-11T23:06:39.709-0600: 10143.950: Total time for which application threads were stopped: 0.0002129 seconds, Stopping threads took: 0.0000413 seconds
2019-04-11T23:06:39.822-0600: 10144.063: Total time for which application threads were stopped: 0.0001708 seconds, Stopping threads took: 0.0000378 seconds
2019-04-11T23:06:39.823-0600: 10144.065: Total time for which application threads were stopped: 0.0001365 seconds, Stopping threads took: 0.0000261 seconds
2019-04-11T23:06:40.346-0600: 10144.588: Total time for which application threads were stopped: 0.0002946 seconds, Stopping threads took: 0.0000430 seconds
{Heap before GC invocations=38 (full 2):
 par new generation   total 109248K, used 109248K [0x00000000e0000000, 0x00000000e8000000, 0x00000000e8000000)
  eden space 87424K, 100% used [0x00000000e0000000, 0x00000000e5560000, 0x00000000e5560000)
  from space 21824K, 100% used [0x00000000e5560000, 0x00000000e6ab0000, 0x00000000e6ab0000)
  to   space 21824K,   0% used [0x00000000e6ab0000, 0x00000000e6ab0000, 0x00000000e8000000)
 concurrent mark-sweep generation total 393216K, used 86553K [0x00000000e8000000, 0x0000000100000000, 0x0000000100000000)
 Metaspace       used 48484K, capacity 50809K, committed 51000K, reserved 1093632K
  class space    used 5908K, capacity 6366K, committed 6472K, reserved 1048576K
2019-04-11T23:06:40.719-0600: 10144.961: [GC (Allocation Failure) 2019-04-11T23:06:40.719-0600: 10144.961: [ParNew
Desired survivor size 20112992 bytes, new threshold 8 (max 8)
- age   1:    1003656 bytes,    1003656 total
- age   2:    3245944 bytes,    4249600 total
- age   3:    3721680 bytes,    7971280 total
- age   4:    2718352 bytes,   10689632 total
- age   5:    2100792 bytes,   12790424 total
- age   6:    2042968 bytes,   14833392 total
- age   7:    3126640 bytes,   17960032 total
- age   8:      31816 bytes,   17991848 total
: 109248K->21824K(109248K), 0.0093393 secs] 195801K->108447K(502464K), 0.0096042 secs] [Times: user=0.03 sys=0.02, real=0.01 secs] 
Heap after GC invocations=39 (full 2):
 par new generation   total 109248K, used 21824K [0x00000000e0000000, 0x00000000e8000000, 0x00000000e8000000)
  eden space 87424K,   0% used [0x00000000e0000000, 0x00000000e0000000, 0x00000000e5560000)
  from space 21824K, 100% used [0x00000000e6ab0000, 0x00000000e8000000, 0x00000000e8000000)
  to   space 21824K,   0% used [0x00000000e5560000, 0x00000000e5560000, 0x00000000e6ab0000)
 concurrent mark-sweep generation total 393216K, used 86623K [0x00000000e8000000, 0x0000000100000000, 0x0000000100000000)
 Metaspace       used 48484K, capacity 50809K, committed 51000K, reserved 1093632K
  class space    used 5908K, capacity 6366K, committed 6472K, reserved 1048576K
}
2019-04-11T23:06:40.729-0600: 10144.970: Total time for which application threads were stopped: 0.0100251 seconds, Stopping threads took: 0.0000484 seconds
{Heap before GC invocations=39 (full 2):
 par new generation   total 109248K, used 109248K [0x00000000e0000000, 0x00000000e8000000, 0x00000000e8000000)
  eden space 87424K, 100% used [0x00000000e0000000, 0x00000000e5560000, 0x00000000e5560000)
  from space 21824K, 100% used [0x00000000e6ab0000, 0x00000000e8000000, 0x00000000e8000000)
  to   space 21824K,   0% used [0x00000000e5560000, 0x00000000e5560000, 0x00000000e6ab0000)
 concurrent mark-sweep generation total 393216K, used 86623K [0x00000000e8000000, 0x0000000100000000, 0x0000000100000000)
 Metaspace       used 48484K, capacity 50809K, committed 51000K, reserved 1093632K
  class space    used 5908K, capacity 6366K, committed 6472K, reserved 1048576K
2019-04-11T23:06:41.083-0600: 10145.324: [GC (Allocation Failure) 2019-04-11T23:06:41.083-0600: 10145.325: [ParNew
Desired survivor size 20112992 bytes, new threshold 8 (max 8)
- age   1:      33568 bytes,      33568 total
- age   2:     508240 bytes,     541808 total
- age   3:    2900776 bytes,    3442584 total
- age   4:    3669992 bytes,    7112576 total
- age   5:    2668600 bytes,    9781176 total
- age   6:    2059640 bytes,   11840816 total
- age   7:    2005584 bytes,   13846400 total
- age   8:    3118368 bytes,   16964768 total
: 109248K->21824K(109248K), 0.0083501 secs] 195871K->109010K(502464K), 0.0084340 secs] [Times: user=0.08 sys=0.00, real=0.01 secs] 
Heap after GC invocations=40 (full 2):
 par new generation   total 109248K, used 21824K [0x00000000e0000000, 0x00000000e8000000, 0x00000000e8000000)
  eden space 87424K,   0% used [0x00000000e0000000, 0x00000000e0000000, 0x00000000e5560000)
  from space 21824K, 100% used [0x00000000e5560000, 0x00000000e6ab0000, 0x00000000e6ab0000)
  to   space 21824K,   0% used [0x00000000e6ab0000, 0x00000000e6ab0000, 0x00000000e8000000)
 concurrent mark-sweep generation total 393216K, used 87186K [0x00000000e8000000, 0x0000000100000000, 0x0000000100000000)
 Metaspace       used 48484K, capacity 50809K, committed 51000K, reserved 1093632K
  class space    used 5908K, capacity 6366K, committed 6472K, reserved 1048576K
}
2019-04-11T23:06:41.092-0600: 10145.333: Total time for which application threads were stopped: 0.0088664 seconds, Stopping threads took: 0.0001412 seconds
2019-04-11T23:06:41.295-0600: 10145.537: Total time for which application threads were stopped: 0.0001945 seconds, Stopping threads took: 0.0000439 seconds
2019-04-11T23:06:41.297-0600: 10145.538: Total time for which application threads were stopped: 0.0001577 seconds, Stopping threads took: 0.0000308 seconds
2019-04-11T23:06:42.298-0600: 10146.539: Total time for which application threads were stopped: 0.0001406 seconds, Stopping threads took: 0.0000328 seconds
2019-04-11T23:06:45.053-0600: 10149.294: Total time for which application threads were stopped: 0.0001103 seconds, Stopping threads took: 0.0000225 seconds
2019-04-11T23:06:45.053-0600: 10149.294: Total time for which application threads were stopped: 0.0000757 seconds, Stopping threads took: 0.0000243 seconds
2019-04-11T23:06:45.055-0600: 10149.297: Total time for which application threads were stopped: 0.0000615 seconds, Stopping threads took: 0.0000220 seconds
2019-04-11T23:06:45.061-0600: 10149.302: Total time for which application threads were stopped: 0.0007146 seconds, Stopping threads took: 0.0000355 seconds
2019-04-11T23:06:45.115-0600: 10149.356: Total time for which application threads were stopped: 0.0001552 seconds, Stopping threads took: 0.0000312 seconds
2019-04-11T23:06:45.115-0600: 10149.357: Total time for which application threads were stopped: 0.0001144 seconds, Stopping threads took: 0.0000220 seconds
2019-04-11T23:06:45.116-0600: 10149.357: Total time for which application threads were stopped: 0.0000966 seconds, Stopping threads took: 0.0000226 seconds
2019-04-11T23:06:45.116-0600: 10149.357: Total time for which application threads were stopped: 0.0000882 seconds, Stopping threads took: 0.0000217 seconds
2019-04-11T23:07:03.129-0600: 10167.370: Total time for which application threads were stopped: 0.0001898 seconds, Stopping threads took: 0.0000333 seconds
2019-04-11T23:07:39.149-0600: 10203.390: Total time for which application threads were stopped: 0.0001647 seconds, Stopping threads took: 0.0000356 seconds
2019-04-11T23:07:41.319-0600: 10205.560: Total time for which application threads were stopped: 0.0001794 seconds, Stopping threads took: 0.0000300 seconds
2019-04-11T23:07:41.320-0600: 10205.561: Total time for which application threads were stopped: 0.0001752 seconds, Stopping threads took: 0.0000343 seconds
2019-04-11T23:07:41.321-0600: 10205.562: Total time for which application threads were stopped: 0.0001742 seconds, Stopping threads took: 0.0000285 seconds
{Heap before GC invocations=40 (full 2):
 par new generation   total 109248K, used 109248K [0x00000000e0000000, 0x00000000e8000000, 0x00000000e8000000)
  eden space 87424K, 100% used [0x00000000e0000000, 0x00000000e5560000, 0x00000000e5560000)
  from space 21824K, 100% used [0x00000000e5560000, 0x00000000e6ab0000, 0x00000000e6ab0000)
  to   space 21824K,   0% used [0x00000000e6ab0000, 0x00000000e6ab0000, 0x00000000e8000000)
 concurrent mark-sweep generation total 393216K, used 87186K [0x00000000e8000000, 0x0000000100000000, 0x0000000100000000)
 Metaspace       used 48852K, capacity 51211K, committed 51512K, reserved 1093632K
  class space    used 5957K, capacity 6435K, committed 6472K, reserved 1048576K
2019-04-11T23:07:42.183-0600: 10206.424: [GC (Allocation Failure) 2019-04-11T23:07:42.183-0600: 10206.424: [ParNew
Desired survivor size 20112992 bytes, new threshold 8 (max 8)
- age   1:    4180992 bytes,    4180992 total
- age   2:       1864 bytes,    4182856 total
- age   3:     318872 bytes,    4501728 total
- age   4:    2789208 bytes,    7290936 total
- age   5:    3595608 bytes,   10886544 total
- age   6:    2608776 bytes,   13495320 total
- age   7:    2024136 bytes,   15519456 total
- age   8:    1971728 bytes,   17491184 total
: 109248K->21824K(109248K), 0.0105429 secs] 196434K->112051K(502464K), 0.0106579 secs] [Times: user=0.00 sys=0.00, real=0.01 secs] 
Heap after GC invocations=41 (full 2):
 par new generation   total 109248K, used 21824K [0x00000000e0000000, 0x00000000e8000000, 0x00000000e8000000)
  eden space 87424K,   0% used [0x00000000e0000000, 0x00000000e0000000, 0x00000000e5560000)
  from space 21824K, 100% used [0x00000000e6ab0000, 0x00000000e8000000, 0x00000000e8000000)
  to   space 21824K,   0% used [0x00000000e5560000, 0x00000000e5560000, 0x00000000e6ab0000)
 concurrent mark-sweep generation total 393216K, used 90227K [0x00000000e8000000, 0x0000000100000000, 0x0000000100000000)
 Metaspace       used 48852K, capacity 51211K, committed 51512K, reserved 1093632K
  class space    used 5957K, capacity 6435K, committed 6472K, reserved 1048576K
}
2019-04-11T23:07:42.193-0600: 10206.435: Total time for which application threads were stopped: 0.0110526 seconds, Stopping threads took: 0.0000524 seconds
{Heap before GC invocations=41 (full 2):
 par new generation   total 109248K, used 109248K [0x00000000e0000000, 0x00000000e8000000, 0x00000000e8000000)
  eden space 87424K, 100% used [0x00000000e0000000, 0x00000000e5560000, 0x00000000e5560000)
  from space 21824K, 100% used [0x00000000e6ab0000, 0x00000000e8000000, 0x00000000e8000000)
  to   space 21824K,   0% used [0x00000000e5560000, 0x00000000e5560000, 0x00000000e6ab0000)
 concurrent mark-sweep generation total 393216K, used 90227K [0x00000000e8000000, 0x0000000100000000, 0x0000000100000000)
 Metaspace       used 48852K, capacity 51211K, committed 51512K, reserved 1093632K
  class space    used 5957K, capacity 6435K, committed 6472K, reserved 1048576K
2019-04-11T23:07:43.135-0600: 10207.376: [GC (Allocation Failure) 2019-04-11T23:07:43.135-0600: 10207.376: [ParNew
Desired survivor size 20112992 bytes, new threshold 8 (max 8)
- age   1:    6218616 bytes,    6218616 total
- age   2:    2228952 bytes,    8447568 total
- age   3:       1864 bytes,    8449432 total
- age   4:     317760 bytes,    8767192 total
- age   5:    2789208 bytes,   11556400 total
- age   6:    3595544 bytes,   15151944 total
- age   7:    2600592 bytes,   17752536 total
- age   8:    2021736 bytes,   19774272 total
: 109248K->21824K(109248K), 0.0128081 secs] 199475K->116680K(502464K), 0.0129012 secs] [Times: user=0.00 sys=0.00, real=0.01 secs] 
Heap after GC invocations=42 (full 2):
 par new generation   total 109248K, used 21824K [0x00000000e0000000, 0x00000000e8000000, 0x00000000e8000000)
  eden space 87424K,   0% used [0x00000000e0000000, 0x00000000e0000000, 0x00000000e5560000)
  from space 21824K, 100% used [0x00000000e5560000, 0x00000000e6ab0000, 0x00000000e6ab0000)
  to   space 21824K,   0% used [0x00000000e6ab0000, 0x00000000e6ab0000, 0x00000000e8000000)
 concurrent mark-sweep generation total 393216K, used 94856K [0x00000000e8000000, 0x0000000100000000, 0x0000000100000000)
 Metaspace       used 48852K, capacity 51211K, committed 51512K, reserved 1093632K
  class space    used 5957K, capacity 6435K, committed 6472K, reserved 1048576K
}
2019-04-11T23:07:43.148-0600: 10207.389: Total time for which application threads were stopped: 0.0132380 seconds, Stopping threads took: 0.0000431 seconds
{Heap before GC invocations=42 (full 2):
 par new generation   total 109248K, used 109248K [0x00000000e0000000, 0x00000000e8000000, 0x00000000e8000000)
  eden space 87424K, 100% used [0x00000000e0000000, 0x00000000e5560000, 0x00000000e5560000)
  from space 21824K, 100% used [0x00000000e5560000, 0x00000000e6ab0000, 0x00000000e6ab0000)
  to   space 21824K,   0% used [0x00000000e6ab0000, 0x00000000e6ab0000, 0x00000000e8000000)
 concurrent mark-sweep generation total 393216K, used 94856K [0x00000000e8000000, 0x0000000100000000, 0x0000000100000000)
 Metaspace       used 48852K, capacity 51211K, committed 51512K, reserved 1093632K
  class space    used 5957K, capacity 6435K, committed 6472K, reserved 1048576K
2019-04-11T23:07:43.937-0600: 10208.178: [GC (Allocation Failure) 2019-04-11T23:07:43.937-0600: 10208.178: [ParNew
Desired survivor size 20112992 bytes, new threshold 8 (max 8)
- age   1:    7649472 bytes,    7649472 total
- age   2:    2517192 bytes,   10166664 total
- age   3:    1601864 bytes,   11768528 total
- age   4:       1864 bytes,   11770392 total
- age   5:     228544 bytes,   11998936 total
- age   6:    2437960 bytes,   14436896 total
- age   7:    3384976 bytes,   17821872 total
- age   8:    2568752 bytes,   20390624 total
: 109248K->21824K(109248K), 0.0133472 secs] 204104K->123799K(502464K), 0.0134335 secs] [Times: user=0.03 sys=0.03, real=0.01 secs] 
Heap after GC invocations=43 (full 2):
 par new generation   total 109248K, used 21824K [0x00000000e0000000, 0x00000000e8000000, 0x00000000e8000000)
  eden space 87424K,   0% used [0x00000000e0000000, 0x00000000e0000000, 0x00000000e5560000)
  from space 21824K, 100% used [0x00000000e6ab0000, 0x00000000e8000000, 0x00000000e8000000)
  to   space 21824K,   0% used [0x00000000e5560000, 0x00000000e5560000, 0x00000000e6ab0000)
 concurrent mark-sweep generation total 393216K, used 101975K [0x00000000e8000000, 0x0000000100000000, 0x0000000100000000)
 Metaspace       used 48852K, capacity 51211K, committed 51512K, reserved 1093632K
  class space    used 5957K, capacity 6435K, committed 6472K, reserved 1048576K
}
2019-04-11T23:07:43.951-0600: 10208.191: Total time for which application threads were stopped: 0.0137381 seconds, Stopping threads took: 0.0000512 seconds
{Heap before GC invocations=43 (full 2):
 par new generation   total 109248K, used 109248K [0x00000000e0000000, 0x00000000e8000000, 0x00000000e8000000)
  eden space 87424K, 100% used [0x00000000e0000000, 0x00000000e5560000, 0x00000000e5560000)
  from space 21824K, 100% used [0x00000000e6ab0000, 0x00000000e8000000, 0x00000000e8000000)
  to   space 21824K,   0% used [0x00000000e5560000, 0x00000000e5560000, 0x00000000e6ab0000)
 concurrent mark-sweep generation total 393216K, used 101975K [0x00000000e8000000, 0x0000000100000000, 0x0000000100000000)
 Metaspace       used 48853K, capacity 51211K, committed 51512K, reserved 1093632K
  class space    used 5957K, capacity 6435K, committed 6472K, reserved 1048576K
2019-04-11T23:07:44.655-0600: 10208.897: [GC (Allocation Failure) 2019-04-11T23:07:44.655-0600: 10208.897: [ParNew
Desired survivor size 20112992 bytes, new threshold 8 (max 8)
- age   1:    6056336 bytes,    6056336 total
- age   2:    4338112 bytes,   10394448 total
- age   3:    2475432 bytes,   12869880 total
- age   4:    1381504 bytes,   14251384 total
- age   5:       1864 bytes,   14253248 total
- age   6:     135448 bytes,   14388696 total
- age   7:    2467312 bytes,   16856008 total
- age   8:    3586712 bytes,   20442720 total
: 109248K->21824K(109248K), 0.0123326 secs] 211223K->130938K(502464K), 0.0124094 secs] [Times: user=0.06 sys=0.00, real=0.01 secs] 
Heap after GC invocations=44 (full 2):
 par new generation   total 109248K, used 21824K [0x00000000e0000000, 0x00000000e8000000, 0x00000000e8000000)
  eden space 87424K,   0% used [0x00000000e0000000, 0x00000000e0000000, 0x00000000e5560000)
  from space 21824K, 100% used [0x00000000e5560000, 0x00000000e6ab0000, 0x00000000e6ab0000)
  to   space 21824K,   0% used [0x00000000e6ab0000, 0x00000000e6ab0000, 0x00000000e8000000)
 concurrent mark-sweep generation total 393216K, used 109114K [0x00000000e8000000, 0x0000000100000000, 0x0000000100000000)
 Metaspace       used 48853K, capacity 51211K, committed 51512K, reserved 1093632K
  class space    used 5957K, capacity 6435K, committed 6472K, reserved 1048576K
}
2019-04-11T23:07:44.668-0600: 10208.909: Total time for which application threads were stopped: 0.0126556 seconds, Stopping threads took: 0.0000471 seconds
{Heap before GC invocations=44 (full 2):
 par new generation   total 109248K, used 109248K [0x00000000e0000000, 0x00000000e8000000, 0x00000000e8000000)
  eden space 87424K, 100% used [0x00000000e0000000, 0x00000000e5560000, 0x00000000e5560000)
  from space 21824K, 100% used [0x00000000e5560000, 0x00000000e6ab0000, 0x00000000e6ab0000)
  to   space 21824K,   0% used [0x00000000e6ab0000, 0x00000000e6ab0000, 0x00000000e8000000)
 concurrent mark-sweep generation total 393216K, used 109114K [0x00000000e8000000, 0x0000000100000000, 0x0000000100000000)
 Metaspace       used 48858K, capacity 51211K, committed 51512K, reserved 1093632K
  class space    used 5957K, capacity 6435K, committed 6472K, reserved 1048576K
2019-04-11T23:07:45.415-0600: 10209.656: [GC (Allocation Failure) 2019-04-11T23:07:45.415-0600: 10209.656: [ParNew
Desired survivor size 20112992 bytes, new threshold 8 (max 8)
- age   1:    7013128 bytes,    7013128 total
- age   2:    3587704 bytes,   10600832 total
- age   3:    3712816 bytes,   14313648 total
- age   4:    2276440 bytes,   16590088 total
- age   5:    1180112 bytes,   17770200 total
- age   6:       1864 bytes,   17772064 total
- age   7:     115360 bytes,   17887424 total
- age   8:    1954552 bytes,   19841976 total
: 109248K->21824K(109248K), 0.0129204 secs] 218362K->140661K(502464K), 0.0129953 secs] [Times: user=0.06 sys=0.00, real=0.01 secs] 
Heap after GC invocations=45 (full 2):
 par new generation   total 109248K, used 21824K [0x00000000e0000000, 0x00000000e8000000, 0x00000000e8000000)
  eden space 87424K,   0% used [0x00000000e0000000, 0x00000000e0000000, 0x00000000e5560000)
  from space 21824K, 100% used [0x00000000e6ab0000, 0x00000000e8000000, 0x00000000e8000000)
  to   space 21824K,   0% used [0x00000000e5560000, 0x00000000e5560000, 0x00000000e6ab0000)
 concurrent mark-sweep generation total 393216K, used 118837K [0x00000000e8000000, 0x0000000100000000, 0x0000000100000000)
 Metaspace       used 48858K, capacity 51211K, committed 51512K, reserved 1093632K
  class space    used 5957K, capacity 6435K, committed 6472K, reserved 1048576K
}
2019-04-11T23:07:45.428-0600: 10209.669: Total time for which application threads were stopped: 0.0132677 seconds, Stopping threads took: 0.0000557 seconds
2019-04-11T23:07:46.090-0600: 10210.331: Total time for which application threads were stopped: 0.0001925 seconds, Stopping threads took: 0.0000475 seconds
2019-04-11T23:07:46.330-0600: 10210.571: Total time for which application threads were stopped: 0.0003697 seconds, Stopping threads took: 0.0000622 seconds
2019-04-11T23:07:46.330-0600: 10210.571: Total time for which application threads were stopped: 0.0001226 seconds, Stopping threads took: 0.0000767 seconds
{Heap before GC invocations=45 (full 2):
 par new generation   total 109248K, used 109248K [0x00000000e0000000, 0x00000000e8000000, 0x00000000e8000000)
  eden space 87424K, 100% used [0x00000000e0000000, 0x00000000e5560000, 0x00000000e5560000)
  from space 21824K, 100% used [0x00000000e6ab0000, 0x00000000e8000000, 0x00000000e8000000)
  to   space 21824K,   0% used [0x00000000e5560000, 0x00000000e5560000, 0x00000000e6ab0000)
 concurrent mark-sweep generation total 393216K, used 118837K [0x00000000e8000000, 0x0000000100000000, 0x0000000100000000)
 Metaspace       used 48901K, capacity 51231K, committed 51512K, reserved 1093632K
  class space    used 5960K, capacity 6439K, committed 6472K, reserved 1048576K
2019-04-11T23:07:46.441-0600: 10210.681: [GC (Allocation Failure) 2019-04-11T23:07:46.441-0600: 10210.681: [ParNew
Desired survivor size 20112992 bytes, new threshold 8 (max 8)
- age   1:    4373776 bytes,    4373776 total
- age   2:    5044104 bytes,    9417880 total
- age   3:    2781512 bytes,   12199392 total
- age   4:    3565792 bytes,   15765184 total
- age   5:    2032184 bytes,   17797368 total
- age   6:    1045248 bytes,   18842616 total
- age   7:       1864 bytes,   18844480 total
- age   8:      97384 bytes,   18941864 total
: 109248K->21824K(109248K), 0.0112055 secs] 228085K->147115K(502464K), 0.0112767 secs] [Times: user=0.08 sys=0.00, real=0.01 secs] 
Heap after GC invocations=46 (full 2):
 par new generation   total 109248K, used 21824K [0x00000000e0000000, 0x00000000e8000000, 0x00000000e8000000)
  eden space 87424K,   0% used [0x00000000e0000000, 0x00000000e0000000, 0x00000000e5560000)
  from space 21824K, 100% used [0x00000000e5560000, 0x00000000e6ab0000, 0x00000000e6ab0000)
  to   space 21824K,   0% used [0x00000000e6ab0000, 0x00000000e6ab0000, 0x00000000e8000000)
 concurrent mark-sweep generation total 393216K, used 125291K [0x00000000e8000000, 0x0000000100000000, 0x0000000100000000)
 Metaspace       used 48901K, capacity 51231K, committed 51512K, reserved 1093632K
  class space    used 5960K, capacity 6439K, committed 6472K, reserved 1048576K
}
2019-04-11T23:07:46.452-0600: 10210.693: Total time for which application threads were stopped: 0.0115642 seconds, Stopping threads took: 0.0000489 seconds
{Heap before GC invocations=46 (full 2):
 par new generation   total 109248K, used 109248K [0x00000000e0000000, 0x00000000e8000000, 0x00000000e8000000)
  eden space 87424K, 100% used [0x00000000e0000000, 0x00000000e5560000, 0x00000000e5560000)
  from space 21824K, 100% used [0x00000000e5560000, 0x00000000e6ab0000, 0x00000000e6ab0000)
  to   space 21824K,   0% used [0x00000000e6ab0000, 0x00000000e6ab0000, 0x00000000e8000000)
 concurrent mark-sweep generation total 393216K, used 125291K [0x00000000e8000000, 0x0000000100000000, 0x0000000100000000)
 Metaspace       used 48901K, capacity 51231K, committed 51512K, reserved 1093632K
  class space    used 5960K, capacity 6439K, committed 6472K, reserved 1048576K
2019-04-11T23:07:46.599-0600: 10210.839: [GC (Allocation Failure) 2019-04-11T23:07:46.599-0600: 10210.839: [ParNew
Desired survivor size 20112992 bytes, new threshold 8 (max 8)
- age   1:      47912 bytes,      47912 total
- age   2:    4061824 bytes,    4109736 total
- age   3:    4923904 bytes,    9033640 total
- age   4:    2634104 bytes,   11667744 total
- age   5:    3314440 bytes,   14982184 total
- age   6:    1917240 bytes,   16899424 total
- age   7:     999992 bytes,   17899416 total
- age   8:       1792 bytes,   17901208 total
: 109248K->21824K(109248K), 0.0081359 secs] 234539K->148230K(502464K), 0.0082022 secs] [Times: user=0.06 sys=0.02, real=0.01 secs] 
Heap after GC invocations=47 (full 2):
 par new generation   total 109248K, used 21824K [0x00000000e0000000, 0x00000000e8000000, 0x00000000e8000000)
  eden space 87424K,   0% used [0x00000000e0000000, 0x00000000e0000000, 0x00000000e5560000)
  from space 21824K, 100% used [0x00000000e6ab0000, 0x00000000e8000000, 0x00000000e8000000)
  to   space 21824K,   0% used [0x00000000e5560000, 0x00000000e5560000, 0x00000000e6ab0000)
 concurrent mark-sweep generation total 393216K, used 126406K [0x00000000e8000000, 0x0000000100000000, 0x0000000100000000)
 Metaspace       used 48901K, capacity 51231K, committed 51512K, reserved 1093632K
  class space    used 5960K, capacity 6439K, committed 6472K, reserved 1048576K
}
2019-04-11T23:07:46.607-0600: 10210.848: Total time for which application threads were stopped: 0.0084474 seconds, Stopping threads took: 0.0000395 seconds
{Heap before GC invocations=47 (full 2):
 par new generation   total 109248K, used 109248K [0x00000000e0000000, 0x00000000e8000000, 0x00000000e8000000)
  eden space 87424K, 100% used [0x00000000e0000000, 0x00000000e5560000, 0x00000000e5560000)
  from space 21824K, 100% used [0x00000000e6ab0000, 0x00000000e8000000, 0x00000000e8000000)
  to   space 21824K,   0% used [0x00000000e5560000, 0x00000000e5560000, 0x00000000e6ab0000)
 concurrent mark-sweep generation total 393216K, used 126406K [0x00000000e8000000, 0x0000000100000000, 0x0000000100000000)
 Metaspace       used 48901K, capacity 51231K, committed 51512K, reserved 1093632K
  class space    used 5960K, capacity 6439K, committed 6472K, reserved 1048576K
2019-04-11T23:07:46.755-0600: 10210.997: [GC (Allocation Failure) 2019-04-11T23:07:46.755-0600: 10210.997: [ParNew
Desired survivor size 20112992 bytes, new threshold 8 (max 8)
- age   1:     128784 bytes,     128784 total
- age   2:      46256 bytes,     175040 total
- age   3:    4061824 bytes,    4236864 total
- age   4:    4923904 bytes,    9160768 total
- age   5:    2634104 bytes,   11794872 total
- age   6:    3314440 bytes,   15109312 total
- age   7:    1917240 bytes,   17026552 total
- age   8:     999992 bytes,   18026544 total
: 109248K->21824K(109248K), 0.0070679 secs] 235654K->148232K(502464K), 0.0071243 secs] [Times: user=0.08 sys=0.00, real=0.01 secs] 
Heap after GC invocations=48 (full 2):
 par new generation   total 109248K, used 21824K [0x00000000e0000000, 0x00000000e8000000, 0x00000000e8000000)
  eden space 87424K,   0% used [0x00000000e0000000, 0x00000000e0000000, 0x00000000e5560000)
  from space 21824K, 100% used [0x00000000e5560000, 0x00000000e6ab0000, 0x00000000e6ab0000)
  to   space 21824K,   0% used [0x00000000e6ab0000, 0x00000000e6ab0000, 0x00000000e8000000)
 concurrent mark-sweep generation total 393216K, used 126408K [0x00000000e8000000, 0x0000000100000000, 0x0000000100000000)
 Metaspace       used 48901K, capacity 51231K, committed 51512K, reserved 1093632K
  class space    used 5960K, capacity 6439K, committed 6472K, reserved 1048576K
}
2019-04-11T23:07:46.762-0600: 10211.004: Total time for which application threads were stopped: 0.0073570 seconds, Stopping threads took: 0.0000414 seconds
2019-04-11T23:07:46.793-0600: 10211.035: Total time for which application threads were stopped: 0.0001530 seconds, Stopping threads took: 0.0000486 seconds
2019-04-11T23:07:46.794-0600: 10211.036: Total time for which application threads were stopped: 0.0001142 seconds, Stopping threads took: 0.0000358 seconds
2019-04-11T23:07:46.835-0600: 10211.076: Total time for which application threads were stopped: 0.0001751 seconds, Stopping threads took: 0.0000540 seconds
2019-04-11T23:07:47.836-0600: 10212.077: Total time for which application threads were stopped: 0.0002132 seconds, Stopping threads took: 0.0000698 seconds
2019-04-11T23:07:48.555-0600: 10212.797: Total time for which application threads were stopped: 0.0001934 seconds, Stopping threads took: 0.0000650 seconds
2019-04-11T23:07:48.562-0600: 10212.804: Total time for which application threads were stopped: 0.0001363 seconds, Stopping threads took: 0.0000407 seconds
2019-04-11T23:07:48.563-0600: 10212.804: Total time for which application threads were stopped: 0.0000915 seconds, Stopping threads took: 0.0000318 seconds
2019-04-11T23:07:48.563-0600: 10212.804: Total time for which application threads were stopped: 0.0000731 seconds, Stopping threads took: 0.0000223 seconds
2019-04-11T23:07:48.563-0600: 10212.804: Total time for which application threads were stopped: 0.0000701 seconds, Stopping threads took: 0.0000219 seconds
2019-04-11T23:07:48.569-0600: 10212.811: Total time for which application threads were stopped: 0.0001931 seconds, Stopping threads took: 0.0000498 seconds
2019-04-11T23:07:48.569-0600: 10212.811: Total time for which application threads were stopped: 0.0000797 seconds, Stopping threads took: 0.0000370 seconds
2019-04-11T23:07:48.569-0600: 10212.811: Total time for which application threads were stopped: 0.0000783 seconds, Stopping threads took: 0.0000367 seconds
2019-04-11T23:07:49.570-0600: 10213.811: Total time for which application threads were stopped: 0.0002039 seconds, Stopping threads took: 0.0000736 seconds
2019-04-11T23:07:56.325-0600: 10220.566: Total time for which application threads were stopped: 0.0001582 seconds, Stopping threads took: 0.0000359 seconds
2019-04-11T23:07:59.622-0600: 10223.864: Total time for which application threads were stopped: 0.0001645 seconds, Stopping threads took: 0.0000357 seconds
2019-04-11T23:07:59.623-0600: 10223.864: Total time for which application threads were stopped: 0.0001183 seconds, Stopping threads took: 0.0000274 seconds
2019-04-11T23:07:59.668-0600: 10223.909: Total time for which application threads were stopped: 0.0001471 seconds, Stopping threads took: 0.0000317 seconds
2019-04-11T23:08:00.669-0600: 10224.910: Total time for which application threads were stopped: 0.0001905 seconds, Stopping threads took: 0.0000368 seconds
2019-04-11T23:08:03.671-0600: 10227.912: Total time for which application threads were stopped: 0.0001396 seconds, Stopping threads took: 0.0000355 seconds
2019-04-11T23:08:23.461-0600: 10247.702: Total time for which application threads were stopped: 0.0001557 seconds, Stopping threads took: 0.0000228 seconds
2019-04-11T23:08:24.462-0600: 10248.702: Total time for which application threads were stopped: 0.0001223 s